  姝ｅ湪纭畾瑕佽繕鍘熺殑椤圭洰鈥?
C:\Users\鏉庨暱鎭抃Desktop\姣曚笟璁捐涓湡妫€鏌SIAS2025\2025姣曚笟璁捐\2025姣曚笟璁捐.csproj : warning NU1701: 宸蹭娇鐢ㄢ€?NETFramework,Version=v4.6.1, .NETFramework,Version=v4.6.2, .NETFramework,Version=v4.7, .NETFramework,Version=v4.7.1, .NETFramework,Version=v4.7.2, .NETFramework,Version=v4.8, .NETFramework,Version=v4.8.1鈥濊€屼笉鏄」鐩洰鏍囨鏋垛€渘et8.0-windows7.0鈥濊繕鍘熷寘鈥淥penTK 3.3.1鈥濄€傛鍖呭彲鑳戒笌椤圭洰涓嶅畬鍏ㄥ吋瀹广€?
C:\Users\鏉庨暱鎭抃Desktop\姣曚笟璁捐涓湡妫€鏌SIAS2025\2025姣曚笟璁捐\2025姣曚笟璁捐.csproj : warning NU1701: 宸蹭娇鐢ㄢ€?NETFramework,Version=v4.6.1, .NETFramework,Version=v4.6.2, .NETFramework,Version=v4.7, .NETFramework,Version=v4.7.1, .NETFramework,Version=v4.7.2, .NETFramework,Version=v4.8, .NETFramework,Version=v4.8.1鈥濊€屼笉鏄」鐩洰鏍囨鏋垛€渘et8.0-windows7.0鈥濊繕鍘熷寘鈥淥penTK.GLWpfControl 3.3.0鈥濄€傛鍖呭彲鑳戒笌椤圭洰涓嶅畬鍏ㄥ吋瀹广€?
C:\Users\鏉庨暱鎭抃Desktop\姣曚笟璁捐涓湡妫€鏌SIAS2025\2025姣曚笟璁捐\2025姣曚笟璁捐.csproj : warning NU1701: 宸蹭娇鐢ㄢ€?NETFramework,Version=v4.6.1, .NETFramework,Version=v4.6.2, .NETFramework,Version=v4.7, .NETFramework,Version=v4.7.1, .NETFramework,Version=v4.7.2, .NETFramework,Version=v4.8, .NETFramework,Version=v4.8.1鈥濊€屼笉鏄」鐩洰鏍囨鏋垛€渘et8.0-windows7.0鈥濊繕鍘熷寘鈥淪kiaSharp.Views.WPF 3.116.1鈥濄€傛鍖呭彲鑳戒笌椤圭洰涓嶅畬鍏ㄥ吋瀹广€?
  鎵€鏈夐」鐩潎鏄渶鏂扮殑锛屾棤娉曡繕鍘熴€?
C:\Users\鏉庨暱鎭抃Desktop\姣曚笟璁捐涓湡妫€鏌SIAS2025\2025姣曚笟璁捐\2025姣曚笟璁捐.csproj : warning NU1701: 宸蹭娇鐢ㄢ€?NETFramework,Version=v4.6.1, .NETFramework,Version=v4.6.2, .NETFramework,Version=v4.7, .NETFramework,Version=v4.7.1, .NETFramework,Version=v4.7.2, .NETFramework,Version=v4.8, .NETFramework,Version=v4.8.1鈥濊€屼笉鏄」鐩洰鏍囨鏋垛€渘et8.0-windows7.0鈥濊繕鍘熷寘鈥淥penTK 3.3.1鈥濄€傛鍖呭彲鑳戒笌椤圭洰涓嶅畬鍏ㄥ吋瀹广€?
C:\Users\鏉庨暱鎭抃Desktop\姣曚笟璁捐涓湡妫€鏌SIAS2025\2025姣曚笟璁捐\2025姣曚笟璁捐.csproj : warning NU1701: 宸蹭娇鐢ㄢ€?NETFramework,Version=v4.6.1, .NETFramework,Version=v4.6.2, .NETFramework,Version=v4.7, .NETFramework,Version=v4.7.1, .NETFramework,Version=v4.7.2, .NETFramework,Version=v4.8, .NETFramework,Version=v4.8.1鈥濊€屼笉鏄」鐩洰鏍囨鏋垛€渘et8.0-windows7.0鈥濊繕鍘熷寘鈥淥penTK.GLWpfControl 3.3.0鈥濄€傛鍖呭彲鑳戒笌椤圭洰涓嶅畬鍏ㄥ吋瀹广€?
C:\Users\鏉庨暱鎭抃Desktop\姣曚笟璁捐涓湡妫€鏌SIAS2025\2025姣曚笟璁捐\2025姣曚笟璁捐.csproj : warning NU1701: 宸蹭娇鐢ㄢ€?NETFramework,Version=v4.6.1, .NETFramework,Version=v4.6.2, .NETFramework,Version=v4.7, .NETFramework,Version=v4.7.1, .NETFramework,Version=v4.7.2, .NETFramework,Version=v4.8, .NETFramework,Version=v4.8.1鈥濊€屼笉鏄」鐩洰鏍囨鏋垛€渘et8.0-windows7.0鈥濊繕鍘熷寘鈥淪kiaSharp.Views.WPF 3.116.1鈥濄€傛鍖呭彲鑳戒笌椤圭洰涓嶅畬鍏ㄥ吋瀹广€?
C:\Users\鏉庨暱鎭抃Desktop\姣曚笟璁捐涓湡妫€鏌SIAS2025\2025姣曚笟璁捐\2025姣曚笟璁捐_bau1v4gn_wpftmp.csproj : warning NU1701: 宸蹭娇鐢ㄢ€?NETFramework,Version=v4.6.1, .NETFramework,Version=v4.6.2, .NETFramework,Version=v4.7, .NETFramework,Version=v4.7.1, .NETFramework,Version=v4.7.2, .NETFramework,Version=v4.8, .NETFramework,Version=v4.8.1鈥濊€屼笉鏄」鐩洰鏍囨鏋垛€渘et8.0-windows7.0鈥濊繕鍘熷寘鈥淥penTK 3.3.1鈥濄€傛鍖呭彲鑳戒笌椤圭洰涓嶅畬鍏ㄥ吋瀹广€?
C:\Users\鏉庨暱鎭抃Desktop\姣曚笟璁捐涓湡妫€鏌SIAS2025\2025姣曚笟璁捐\2025姣曚笟璁捐_bau1v4gn_wpftmp.csproj : warning NU1701: 宸蹭娇鐢ㄢ€?NETFramework,Version=v4.6.1, .NETFramework,Version=v4.6.2, .NETFramework,Version=v4.7, .NETFramework,Version=v4.7.1, .NETFramework,Version=v4.7.2, .NETFramework,Version=v4.8, .NETFramework,Version=v4.8.1鈥濊€屼笉鏄」鐩洰鏍囨鏋垛€渘et8.0-windows7.0鈥濊繕鍘熷寘鈥淥penTK.GLWpfControl 3.3.0鈥濄€傛鍖呭彲鑳戒笌椤圭洰涓嶅畬鍏ㄥ吋瀹广€?
C:\Users\鏉庨暱鎭抃Desktop\姣曚笟璁捐涓湡妫€鏌SIAS2025\2025姣曚笟璁捐\2025姣曚笟璁捐_bau1v4gn_wpftmp.csproj : warning NU1701: 宸蹭娇鐢ㄢ€?NETFramework,Version=v4.6.1, .NETFramework,Version=v4.6.2, .NETFramework,Version=v4.7, .NETFramework,Version=v4.7.1, .NETFramework,Version=v4.7.2, .NETFramework,Version=v4.8, .NETFramework,Version=v4.8.1鈥濊€屼笉鏄」鐩洰鏍囨鏋垛€渘et8.0-windows7.0鈥濊繕鍘熷寘鈥淪kiaSharp.Views.WPF 3.116.1鈥濄€傛鍖呭彲鑳戒笌椤圭洰涓嶅畬鍏ㄥ吋瀹广€?
C:\Users\鏉庨暱鎭抃Desktop\姣曚笟璁捐涓湡妫€鏌SIAS2025\2025姣曚笟璁捐\Common\CurrentUser.cs(5,30): warning CS8618: 鍦ㄩ€€鍑烘瀯閫犲嚱鏁版椂锛屼笉鍙负 null 鐨?灞炴€?"UserName" 蹇呴』鍖呭惈闈?null 鍊笺€傝鑰冭檻娣诲姞 "required" 淇グ绗︽垨灏嗚 灞炴€?澹版槑涓哄彲涓?null銆?[C:\Users\鏉庨暱鎭抃Desktop\姣曚笟璁捐涓湡妫€鏌SIAS2025\2025姣曚笟璁捐\2025姣曚笟璁捐_bau1v4gn_wpftmp.csproj]
C:\Users\鏉庨暱鎭抃Desktop\姣曚笟璁捐涓湡妫€鏌SIAS2025\2025姣曚笟璁捐\Common\CurrentUser.cs(6,30): warning CS8618: 鍦ㄩ€€鍑烘瀯閫犲嚱鏁版椂锛屼笉鍙负 null 鐨?灞炴€?"Password" 蹇呴』鍖呭惈闈?null 鍊笺€傝鑰冭檻娣诲姞 "required" 淇グ绗︽垨灏嗚 灞炴€?澹版槑涓哄彲涓?null銆?[C:\Users\鏉庨暱鎭抃Desktop\姣曚笟璁捐涓湡妫€鏌SIAS2025\2025姣曚笟璁捐\2025姣曚笟璁捐_bau1v4gn_wpftmp.csproj]
C:\Users\鏉庨暱鎭抃Desktop\姣曚笟璁捐涓湡妫€鏌SIAS2025\2025姣曚笟璁捐\ViewModels\EditMessage\AwardSettingManager\EditAwardSettingViewModel.cs(21,16): warning CS8618: 鍦ㄩ€€鍑烘瀯閫犲嚱鏁版椂锛屼笉鍙负 null 鐨?瀛楁 "updateAward" 蹇呴』鍖呭惈闈?null 鍊笺€傝鑰冭檻娣诲姞 "required" 淇グ绗︽垨灏嗚 瀛楁 澹版槑涓哄彲涓?null銆?[C:\Users\鏉庨暱鎭抃Desktop\姣曚笟璁捐涓湡妫€鏌SIAS2025\2025姣曚笟璁捐\2025姣曚笟璁捐_bau1v4gn_wpftmp.csproj]
C:\Users\鏉庨暱鎭抃Desktop\姣曚笟璁捐涓湡妫€鏌SIAS2025\2025姣曚笟璁捐\ViewModels\EditMessage\AwardSettingManager\EditAwardSettingViewModel.cs(21,16): warning CS8618: 鍦ㄩ€€鍑烘瀯閫犲嚱鏁版椂锛屼笉鍙负 null 鐨?瀛楁 "awardName" 蹇呴』鍖呭惈闈?null 鍊笺€傝鑰冭檻娣诲姞 "required" 淇グ绗︽垨灏嗚 瀛楁 澹版槑涓哄彲涓?null銆?[C:\Users\鏉庨暱鎭抃Desktop\姣曚笟璁捐涓湡妫€鏌SIAS2025\2025姣曚笟璁捐\2025姣曚笟璁捐_bau1v4gn_wpftmp.csproj]
C:\Users\鏉庨暱鎭抃Desktop\姣曚笟璁捐涓湡妫€鏌SIAS2025\2025姣曚笟璁捐\ViewModels\EditMessage\AwardSettingManager\EditAwardSettingViewModel.cs(21,16): warning CS8618: 鍦ㄩ€€鍑烘瀯閫犲嚱鏁版椂锛屼笉鍙负 null 鐨?瀛楁 "awardDescription" 蹇呴』鍖呭惈闈?null 鍊笺€傝鑰冭檻娣诲姞 "required" 淇グ绗︽垨灏嗚 瀛楁 澹版槑涓哄彲涓?null銆?[C:\Users\鏉庨暱鎭抃Desktop\姣曚笟璁捐涓湡妫€鏌SIAS2025\2025姣曚笟璁捐\2025姣曚笟璁捐_bau1v4gn_wpftmp.csproj]
C:\Users\鏉庨暱鎭抃Desktop\姣曚笟璁捐涓湡妫€鏌SIAS2025\2025姣曚笟璁捐\ViewModels\EditMessage\AwardSettingManager\EditAwardSettingViewModel.cs(21,16): warning CS8618: 鍦ㄩ€€鍑烘瀯閫犲嚱鏁版椂锛屼笉鍙负 null 鐨?瀛楁 "saveCommand" 蹇呴』鍖呭惈闈?null 鍊笺€傝鑰冭檻娣诲姞 "required" 淇グ绗︽垨灏嗚 瀛楁 澹版槑涓哄彲涓?null銆?[C:\Users\鏉庨暱鎭抃Desktop\姣曚笟璁捐涓湡妫€鏌SIAS2025\2025姣曚笟璁捐\2025姣曚笟璁捐_bau1v4gn_wpftmp.csproj]
C:\Users\鏉庨暱鎭抃Desktop\姣曚笟璁捐涓湡妫€鏌SIAS2025\2025姣曚笟璁捐\ViewModels\EditMessage\AwardSettingManager\EditAwardSettingViewModel.cs(21,16): warning CS8618: 鍦ㄩ€€鍑烘瀯閫犲嚱鏁版椂锛屼笉鍙负 null 鐨?瀛楁 "cancelCommand" 蹇呴』鍖呭惈闈?null 鍊笺€傝鑰冭檻娣诲姞 "required" 淇グ绗︽垨灏嗚 瀛楁 澹版槑涓哄彲涓?null銆?[C:\Users\鏉庨暱鎭抃Desktop\姣曚笟璁捐涓湡妫€鏌SIAS2025\2025姣曚笟璁捐\2025姣曚笟璁捐_bau1v4gn_wpftmp.csproj]
C:\Users\鏉庨暱鎭抃Desktop\姣曚笟璁捐涓湡妫€鏌SIAS2025\2025姣曚笟璁捐\Common\ConVerterImage.cs(22,20): warning CS8603: 鍙兘杩斿洖 null 寮曠敤銆?[C:\Users\鏉庨暱鎭抃Desktop\姣曚笟璁捐涓湡妫€鏌SIAS2025\2025姣曚笟璁捐\2025姣曚笟璁捐_bau1v4gn_wpftmp.csproj]
C:\Users\鏉庨暱鎭抃Desktop\姣曚笟璁捐涓湡妫€鏌SIAS2025\2025姣曚笟璁捐\ViewModels\EditMessage\AwardNominateManager\EditAwardNominateViewModel.cs(27,16): warning CS8618: 鍦ㄩ€€鍑烘瀯閫犲嚱鏁版椂锛屼笉鍙负 null 鐨?瀛楁 "awards" 蹇呴』鍖呭惈闈?null 鍊笺€傝鑰冭檻娣诲姞 "required" 淇グ绗︽垨灏嗚 瀛楁 澹版槑涓哄彲涓?null銆?[C:\Users\鏉庨暱鎭抃Desktop\姣曚笟璁捐涓湡妫€鏌SIAS2025\2025姣曚笟璁捐\2025姣曚笟璁捐_bau1v4gn_wpftmp.csproj]
C:\Users\鏉庨暱鎭抃Desktop\姣曚笟璁捐涓湡妫€鏌SIAS2025\2025姣曚笟璁捐\ViewModels\EditMessage\AwardNominateManager\EditAwardNominateViewModel.cs(27,16): warning CS8618: 鍦ㄩ€€鍑烘瀯閫犲嚱鏁版椂锛屼笉鍙负 null 鐨?瀛楁 "selectedAward" 蹇呴』鍖呭惈闈?null 鍊笺€傝鑰冭檻娣诲姞 "required" 淇グ绗︽垨灏嗚 瀛楁 澹版槑涓哄彲涓?null銆?[C:\Users\鏉庨暱鎭抃Desktop\姣曚笟璁捐涓湡妫€鏌SIAS2025\2025姣曚笟璁捐\2025姣曚笟璁捐_bau1v4gn_wpftmp.csproj]
C:\Users\鏉庨暱鎭抃Desktop\姣曚笟璁捐涓湡妫€鏌SIAS2025\2025姣曚笟璁捐\ViewModels\EditMessage\AwardNominateManager\EditAwardNominateViewModel.cs(27,16): warning CS8618: 鍦ㄩ€€鍑烘瀯閫犲嚱鏁版椂锛屼笉鍙负 null 鐨?瀛楁 "employees" 蹇呴』鍖呭惈闈?null 鍊笺€傝鑰冭檻娣诲姞 "required" 淇グ绗︽垨灏嗚 瀛楁 澹版槑涓哄彲涓?null銆?[C:\Users\鏉庨暱鎭抃Desktop\姣曚笟璁捐涓湡妫€鏌SIAS2025\2025姣曚笟璁捐\2025姣曚笟璁捐_bau1v4gn_wpftmp.csproj]
C:\Users\鏉庨暱鎭抃Desktop\姣曚笟璁捐涓湡妫€鏌SIAS2025\2025姣曚笟璁捐\ViewModels\EditMessage\AwardNominateManager\EditAwardNominateViewModel.cs(27,16): warning CS8618: 鍦ㄩ€€鍑烘瀯閫犲嚱鏁版椂锛屼笉鍙负 null 鐨?瀛楁 "admins" 蹇呴』鍖呭惈闈?null 鍊笺€傝鑰冭檻娣诲姞 "required" 淇グ绗︽垨灏嗚 瀛楁 澹版槑涓哄彲涓?null銆?[C:\Users\鏉庨暱鎭抃Desktop\姣曚笟璁捐涓湡妫€鏌SIAS2025\2025姣曚笟璁捐\2025姣曚笟璁捐_bau1v4gn_wpftmp.csproj]
C:\Users\鏉庨暱鎭抃Desktop\姣曚笟璁捐涓湡妫€鏌SIAS2025\2025姣曚笟璁捐\ViewModels\EditMessage\AwardNominateManager\EditAwardNominateViewModel.cs(27,16): warning CS8618: 鍦ㄩ€€鍑烘瀯閫犲嚱鏁版椂锛屼笉鍙负 null 鐨?瀛楁 "selectedNominee" 蹇呴』鍖呭惈闈?null 鍊笺€傝鑰冭檻娣诲姞 "required" 淇グ绗︽垨灏嗚 瀛楁 澹版槑涓哄彲涓?null銆?[C:\Users\鏉庨暱鎭抃Desktop\姣曚笟璁捐涓湡妫€鏌SIAS2025\2025姣曚笟璁捐\2025姣曚笟璁捐_bau1v4gn_wpftmp.csproj]
C:\Users\鏉庨暱鎭抃Desktop\姣曚笟璁捐涓湡妫€鏌SIAS2025\2025姣曚笟璁捐\ViewModels\EditMessage\AwardNominateManager\EditAwardNominateViewModel.cs(27,16): warning CS8618: 鍦ㄩ€€鍑烘瀯閫犲嚱鏁版椂锛屼笉鍙负 null 鐨?瀛楁 "departmentName" 蹇呴』鍖呭惈闈?null 鍊笺€傝鑰冭檻娣诲姞 "required" 淇グ绗︽垨灏嗚 瀛楁 澹版槑涓哄彲涓?null銆?[C:\Users\鏉庨暱鎭抃Desktop\姣曚笟璁捐涓湡妫€鏌SIAS2025\2025姣曚笟璁捐\2025姣曚笟璁捐_bau1v4gn_wpftmp.csproj]
C:\Users\鏉庨暱鎭抃Desktop\姣曚笟璁捐涓湡妫€鏌SIAS2025\2025姣曚笟璁捐\ViewModels\EditMessage\AwardNominateManager\EditAwardNominateViewModel.cs(27,16): warning CS8618: 鍦ㄩ€€鍑烘瀯閫犲嚱鏁版椂锛屼笉鍙负 null 鐨?瀛楁 "introduction" 蹇呴』鍖呭惈闈?null 鍊笺€傝鑰冭檻娣诲姞 "required" 淇グ绗︽垨灏嗚 瀛楁 澹版槑涓哄彲涓?null銆?[C:\Users\鏉庨暱鎭抃Desktop\姣曚笟璁捐涓湡妫€鏌SIAS2025\2025姣曚笟璁捐\2025姣曚笟璁捐_bau1v4gn_wpftmp.csproj]
C:\Users\鏉庨暱鎭抃Desktop\姣曚笟璁捐涓湡妫€鏌SIAS2025\2025姣曚笟璁捐\ViewModels\EditMessage\AwardNominateManager\EditAwardNominateViewModel.cs(27,16): warning CS8618: 鍦ㄩ€€鍑烘瀯閫犲嚱鏁版椂锛屼笉鍙负 null 鐨?瀛楁 "nominateReason" 蹇呴』鍖呭惈闈?null 鍊笺€傝鑰冭檻娣诲姞 "required" 淇グ绗︽垨灏嗚 瀛楁 澹版槑涓哄彲涓?null銆?[C:\Users\鏉庨暱鎭抃Desktop\姣曚笟璁捐涓湡妫€鏌SIAS2025\2025姣曚笟璁捐\2025姣曚笟璁捐_bau1v4gn_wpftmp.csproj]
C:\Users\鏉庨暱鎭抃Desktop\姣曚笟璁捐涓湡妫€鏌SIAS2025\2025姣曚笟璁捐\ViewModels\EditMessage\AwardNominateManager\EditAwardNominateViewModel.cs(27,16): warning CS8618: 鍦ㄩ€€鍑烘瀯閫犲嚱鏁版椂锛屼笉鍙负 null 鐨?瀛楁 "coverImage" 蹇呴』鍖呭惈闈?null 鍊笺€傝鑰冭檻娣诲姞 "required" 淇グ绗︽垨灏嗚 瀛楁 澹版槑涓哄彲涓?null銆?[C:\Users\鏉庨暱鎭抃Desktop\姣曚笟璁捐涓湡妫€鏌SIAS2025\2025姣曚笟璁捐\2025姣曚笟璁捐_bau1v4gn_wpftmp.csproj]
C:\Users\鏉庨暱鎭抃Desktop\姣曚笟璁捐涓湡妫€鏌SIAS2025\2025姣曚笟璁捐\ViewModels\EditMessage\AwardNominateManager\EditAwardNominateViewModel.cs(27,16): warning CS8618: 鍦ㄩ€€鍑烘瀯閫犲嚱鏁版椂锛屼笉鍙负 null 鐨?瀛楁 "coverImagePreview" 蹇呴』鍖呭惈闈?null 鍊笺€傝鑰冭檻娣诲姞 "required" 淇グ绗︽垨灏嗚 瀛楁 澹版槑涓哄彲涓?null銆?[C:\Users\鏉庨暱鎭抃Desktop\姣曚笟璁捐涓湡妫€鏌SIAS2025\2025姣曚笟璁捐\2025姣曚笟璁捐_bau1v4gn_wpftmp.csproj]
C:\Users\鏉庨暱鎭抃Desktop\姣曚笟璁捐涓湡妫€鏌SIAS2025\2025姣曚笟璁捐\ViewModels\EditMessage\AwardNominateManager\EditAwardNominateViewModel.cs(27,16): warning CS8618: 鍦ㄩ€€鍑烘瀯閫犲嚱鏁版椂锛屼笉鍙负 null 鐨?瀛楁 "currentNomination" 蹇呴』鍖呭惈闈?null 鍊笺€傝鑰冭檻娣诲姞 "required" 淇グ绗︽垨灏嗚 瀛楁 澹版槑涓哄彲涓?null銆?[C:\Users\鏉庨暱鎭抃Desktop\姣曚笟璁捐涓湡妫€鏌SIAS2025\2025姣曚笟璁捐\2025姣曚笟璁捐_bau1v4gn_wpftmp.csproj]
C:\Users\鏉庨暱鎭抃Desktop\姣曚笟璁捐涓湡妫€鏌SIAS2025\2025姣曚笟璁捐\ViewModels\EditMessage\AwardNominateManager\EditAwardNominateViewModel.cs(27,16): warning CS8618: 鍦ㄩ€€鍑烘瀯閫犲嚱鏁版椂锛屼笉鍙负 null 鐨?瀛楁 "saveCommand" 蹇呴』鍖呭惈闈?null 鍊笺€傝鑰冭檻娣诲姞 "required" 淇グ绗︽垨灏嗚 瀛楁 澹版槑涓哄彲涓?null銆?[C:\Users\鏉庨暱鎭抃Desktop\姣曚笟璁捐涓湡妫€鏌SIAS2025\2025姣曚笟璁捐\2025姣曚笟璁捐_bau1v4gn_wpftmp.csproj]
C:\Users\鏉庨暱鎭抃Desktop\姣曚笟璁捐涓湡妫€鏌SIAS2025\2025姣曚笟璁捐\ViewModels\EditMessage\AwardNominateManager\EditAwardNominateViewModel.cs(27,16): warning CS8618: 鍦ㄩ€€鍑烘瀯閫犲嚱鏁版椂锛屼笉鍙负 null 鐨?瀛楁 "cancelCommand" 蹇呴』鍖呭惈闈?null 鍊笺€傝鑰冭檻娣诲姞 "required" 淇グ绗︽垨灏嗚 瀛楁 澹版槑涓哄彲涓?null銆?[C:\Users\鏉庨暱鎭抃Desktop\姣曚笟璁捐涓湡妫€鏌SIAS2025\2025姣曚笟璁捐\2025姣曚笟璁捐_bau1v4gn_wpftmp.csproj]
C:\Users\鏉庨暱鎭抃Desktop\姣曚笟璁捐涓湡妫€鏌SIAS2025\2025姣曚笟璁捐\ViewModels\EditMessage\AwardNominateManager\EditAwardNominateViewModel.cs(27,16): warning CS8618: 鍦ㄩ€€鍑烘瀯閫犲嚱鏁版椂锛屼笉鍙负 null 鐨?瀛楁 "uploadImageCommand" 蹇呴』鍖呭惈闈?null 鍊笺€傝鑰冭檻娣诲姞 "required" 淇グ绗︽垨灏嗚 瀛楁 澹版槑涓哄彲涓?null銆?[C:\Users\鏉庨暱鎭抃Desktop\姣曚笟璁捐涓湡妫€鏌SIAS2025\2025姣曚笟璁捐\2025姣曚笟璁捐_bau1v4gn_wpftmp.csproj]
C:\Users\鏉庨暱鎭抃Desktop\姣曚笟璁捐涓湡妫€鏌SIAS2025\2025姣曚笟璁捐\ViewModels\LoginViewModel.cs(13,16): warning CS8618: 鍦ㄩ€€鍑烘瀯閫犲嚱鏁版椂锛屼笉鍙负 null 鐨?瀛楁 "userName" 蹇呴』鍖呭惈闈?null 鍊笺€傝鑰冭檻娣诲姞 "required" 淇グ绗︽垨灏嗚 瀛楁 澹版槑涓哄彲涓?null銆?[C:\Users\鏉庨暱鎭抃Desktop\姣曚笟璁捐涓湡妫€鏌SIAS2025\2025姣曚笟璁捐\2025姣曚笟璁捐_bau1v4gn_wpftmp.csproj]
C:\Users\鏉庨暱鎭抃Desktop\姣曚笟璁捐涓湡妫€鏌SIAS2025\2025姣曚笟璁捐\ViewModels\LoginViewModel.cs(13,16): warning CS8618: 鍦ㄩ€€鍑烘瀯閫犲嚱鏁版椂锛屼笉鍙负 null 鐨?瀛楁 "password" 蹇呴』鍖呭惈闈?null 鍊笺€傝鑰冭檻娣诲姞 "required" 淇グ绗︽垨灏嗚 瀛楁 澹版槑涓哄彲涓?null銆?[C:\Users\鏉庨暱鎭抃Desktop\姣曚笟璁捐涓湡妫€鏌SIAS2025\2025姣曚笟璁捐\2025姣曚笟璁捐_bau1v4gn_wpftmp.csproj]
C:\Users\鏉庨暱鎭抃Desktop\姣曚笟璁捐涓湡妫€鏌SIAS2025\2025姣曚笟璁捐\ViewModels\LoginViewModel.cs(13,16): warning CS8618: 鍦ㄩ€€鍑烘瀯閫犲嚱鏁版椂锛屼笉鍙负 null 鐨?瀛楁 "image" 蹇呴』鍖呭惈闈?null 鍊笺€傝鑰冭檻娣诲姞 "required" 淇グ绗︽垨灏嗚 瀛楁 澹版槑涓哄彲涓?null銆?[C:\Users\鏉庨暱鎭抃Desktop\姣曚笟璁捐涓湡妫€鏌SIAS2025\2025姣曚笟璁捐\2025姣曚笟璁捐_bau1v4gn_wpftmp.csproj]
C:\Users\鏉庨暱鎭抃Desktop\姣曚笟璁捐涓湡妫€鏌SIAS2025\2025姣曚笟璁捐\ViewModels\LoginViewModel.cs(13,16): warning CS8618: 鍦ㄩ€€鍑烘瀯閫犲嚱鏁版椂锛屼笉鍙负 null 鐨?瀛楁 "_supAdmins" 蹇呴』鍖呭惈闈?null 鍊笺€傝鑰冭檻娣诲姞 "required" 淇グ绗︽垨灏嗚 瀛楁 澹版槑涓哄彲涓?null銆?[C:\Users\鏉庨暱鎭抃Desktop\姣曚笟璁捐涓湡妫€鏌SIAS2025\2025姣曚笟璁捐\2025姣曚笟璁捐_bau1v4gn_wpftmp.csproj]
C:\Users\鏉庨暱鎭抃Desktop\姣曚笟璁捐涓湡妫€鏌SIAS2025\2025姣曚笟璁捐\ViewModels\LoginViewModel.cs(13,16): warning CS8618: 鍦ㄩ€€鍑烘瀯閫犲嚱鏁版椂锛屼笉鍙负 null 鐨?瀛楁 "_admins" 蹇呴』鍖呭惈闈?null 鍊笺€傝鑰冭檻娣诲姞 "required" 淇グ绗︽垨灏嗚 瀛楁 澹版槑涓哄彲涓?null銆?[C:\Users\鏉庨暱鎭抃Desktop\姣曚笟璁捐涓湡妫€鏌SIAS2025\2025姣曚笟璁捐\2025姣曚笟璁捐_bau1v4gn_wpftmp.csproj]
C:\Users\鏉庨暱鎭抃Desktop\姣曚笟璁捐涓湡妫€鏌SIAS2025\2025姣曚笟璁捐\ViewModels\LoginViewModel.cs(13,16): warning CS8618: 鍦ㄩ€€鍑烘瀯閫犲嚱鏁版椂锛屼笉鍙负 null 鐨?瀛楁 "_employees" 蹇呴』鍖呭惈闈?null 鍊笺€傝鑰冭檻娣诲姞 "required" 淇グ绗︽垨灏嗚 瀛楁 澹版槑涓哄彲涓?null銆?[C:\Users\鏉庨暱鎭抃Desktop\姣曚笟璁捐涓湡妫€鏌SIAS2025\2025姣曚笟璁捐\2025姣曚笟璁捐_bau1v4gn_wpftmp.csproj]
C:\Users\鏉庨暱鎭抃Desktop\姣曚笟璁捐涓湡妫€鏌SIAS2025\2025姣曚笟璁捐\ViewModels\LoginViewModel.cs(13,16): warning CS8618: 鍦ㄩ€€鍑烘瀯閫犲嚱鏁版椂锛屼笉鍙负 null 鐨?瀛楁 "exitCommand" 蹇呴』鍖呭惈闈?null 鍊笺€傝鑰冭檻娣诲姞 "required" 淇グ绗︽垨灏嗚 瀛楁 澹版槑涓哄彲涓?null銆?[C:\Users\鏉庨暱鎭抃Desktop\姣曚笟璁捐涓湡妫€鏌SIAS2025\2025姣曚笟璁捐\2025姣曚笟璁捐_bau1v4gn_wpftmp.csproj]
C:\Users\鏉庨暱鎭抃Desktop\姣曚笟璁捐涓湡妫€鏌SIAS2025\2025姣曚笟璁捐\ViewModels\LoginViewModel.cs(13,16): warning CS8618: 鍦ㄩ€€鍑烘瀯閫犲嚱鏁版椂锛屼笉鍙负 null 鐨?瀛楁 "previewMouseDownLoginCommand" 蹇呴』鍖呭惈闈?null 鍊笺€傝鑰冭檻娣诲姞 "required" 淇グ绗︽垨灏嗚 瀛楁 澹版槑涓哄彲涓?null銆?[C:\Users\鏉庨暱鎭抃Desktop\姣曚笟璁捐涓湡妫€鏌SIAS2025\2025姣曚笟璁捐\2025姣曚笟璁捐_bau1v4gn_wpftmp.csproj]
C:\Users\鏉庨暱鎭抃Desktop\姣曚笟璁捐涓湡妫€鏌SIAS2025\2025姣曚笟璁捐\Models\VoteRecord.cs(31,22): warning CS8618: 鍦ㄩ€€鍑烘瀯閫犲嚱鏁版椂锛屼笉鍙负 null 鐨?灞炴€?"Award" 蹇呴』鍖呭惈闈?null 鍊笺€傝鑰冭檻娣诲姞 "required" 淇グ绗︽垨灏嗚 灞炴€?澹版槑涓哄彲涓?null銆?[C:\Users\鏉庨暱鎭抃Desktop\姣曚笟璁捐涓湡妫€鏌SIAS2025\2025姣曚笟璁捐\2025姣曚笟璁捐_bau1v4gn_wpftmp.csproj]
C:\Users\鏉庨暱鎭抃Desktop\姣曚笟璁捐涓湡妫€鏌SIAS2025\2025姣曚笟璁捐\Models\VoteRecord.cs(42,27): warning CS8618: 鍦ㄩ€€鍑烘瀯閫犲嚱鏁版椂锛屼笉鍙负 null 鐨?灞炴€?"Nomination" 蹇呴』鍖呭惈闈?null 鍊笺€傝鑰冭檻娣诲姞 "required" 淇グ绗︽垨灏嗚 灞炴€?澹版槑涓哄彲涓?null銆?[C:\Users\鏉庨暱鎭抃Desktop\姣曚笟璁捐涓湡妫€鏌SIAS2025\2025姣曚笟璁捐\2025姣曚笟璁捐_bau1v4gn_wpftmp.csproj]
C:\Users\鏉庨暱鎭抃Desktop\姣曚笟璁捐涓湡妫€鏌SIAS2025\2025姣曚笟璁捐\Models\VoteRecord.cs(53,25): warning CS8618: 鍦ㄩ€€鍑烘瀯閫犲嚱鏁版椂锛屼笉鍙负 null 鐨?灞炴€?"VoterEmployee" 蹇呴』鍖呭惈闈?null 鍊笺€傝鑰冭檻娣诲姞 "required" 淇グ绗︽垨灏嗚 灞炴€?澹版槑涓哄彲涓?null銆?[C:\Users\鏉庨暱鎭抃Desktop\姣曚笟璁捐涓湡妫€鏌SIAS2025\2025姣曚笟璁捐\2025姣曚笟璁捐_bau1v4gn_wpftmp.csproj]
C:\Users\鏉庨暱鎭抃Desktop\姣曚笟璁捐涓湡妫€鏌SIAS2025\2025姣曚笟璁捐\Models\VoteRecord.cs(64,22): warning CS8618: 鍦ㄩ€€鍑烘瀯閫犲嚱鏁版椂锛屼笉鍙负 null 鐨?灞炴€?"VoterAdmin" 蹇呴』鍖呭惈闈?null 鍊笺€傝鑰冭檻娣诲姞 "required" 淇グ绗︽垨灏嗚 灞炴€?澹版槑涓哄彲涓?null銆?[C:\Users\鏉庨暱鎭抃Desktop\姣曚笟璁捐涓湡妫€鏌SIAS2025\2025姣曚笟璁捐\2025姣曚笟璁捐_bau1v4gn_wpftmp.csproj]
C:\Users\鏉庨暱鎭抃Desktop\姣曚笟璁捐涓湡妫€鏌SIAS2025\2025姣曚笟璁捐\Models\VoteRecord.cs(85,23): warning CS8618: 鍦ㄩ€€鍑烘瀯閫犲嚱鏁版椂锛屼笉鍙负 null 鐨?灞炴€?"VoteDescription" 蹇呴』鍖呭惈闈?null 鍊笺€傝鑰冭檻娣诲姞 "required" 淇グ绗︽垨灏嗚 灞炴€?澹版槑涓哄彲涓?null銆?[C:\Users\鏉庨暱鎭抃Desktop\姣曚笟璁捐涓湡妫€鏌SIAS2025\2025姣曚笟璁捐\2025姣曚笟璁捐_bau1v4gn_wpftmp.csproj]
C:\Users\鏉庨暱鎭抃Desktop\姣曚笟璁捐涓湡妫€鏌SIAS2025\2025姣曚笟璁捐\ViewModels\EditMessage\DepartmentManager\EditDepartmentViewModel.cs(46,16): warning CS8618: 鍦ㄩ€€鍑烘瀯閫犲嚱鏁版椂锛屼笉鍙负 null 鐨?瀛楁 "baseDepartment" 蹇呴』鍖呭惈闈?null 鍊笺€傝鑰冭檻娣诲姞 "required" 淇グ绗︽垨灏嗚 瀛楁 澹版槑涓哄彲涓?null銆?[C:\Users\鏉庨暱鎭抃Desktop\姣曚笟璁捐涓湡妫€鏌SIAS2025\2025姣曚笟璁捐\2025姣曚笟璁捐_bau1v4gn_wpftmp.csproj]
C:\Users\鏉庨暱鎭抃Desktop\姣曚笟璁捐涓湡妫€鏌SIAS2025\2025姣曚笟璁捐\Behaviors\OpenWindowBehavior.cs(24,33): warning CS8600: 灏?null 鏂囨湰鎴栧彲鑳界殑 null 鍊艰浆鎹负涓嶅彲涓?null 绫诲瀷銆?[C:\Users\鏉庨暱鎭抃Desktop\姣曚笟璁捐涓湡妫€鏌SIAS2025\2025姣曚笟璁捐\2025姣曚笟璁捐_bau1v4gn_wpftmp.csproj]
C:\Users\鏉庨暱鎭抃Desktop\姣曚笟璁捐涓湡妫€鏌SIAS2025\2025姣曚笟璁捐\Behaviors\OpenWindowBehavior.cs(25,17): warning CS8602: 瑙ｅ紩鐢ㄥ彲鑳藉嚭鐜扮┖寮曠敤銆?[C:\Users\鏉庨暱鎭抃Desktop\姣曚笟璁捐涓湡妫€鏌SIAS2025\2025姣曚笟璁捐\2025姣曚笟璁捐_bau1v4gn_wpftmp.csproj]
C:\Users\鏉庨暱鎭抃Desktop\姣曚笟璁捐涓湡妫€鏌SIAS2025\2025姣曚笟璁捐\Behaviors\OpenWindowBehavior.cs(9,21): warning CS8618: 鍦ㄩ€€鍑烘瀯閫犲嚱鏁版椂锛屼笉鍙负 null 鐨?灞炴€?"TargetType" 蹇呴』鍖呭惈闈?null 鍊笺€傝鑰冭檻娣诲姞 "required" 淇グ绗︽垨灏嗚 灞炴€?澹版槑涓哄彲涓?null銆?[C:\Users\鏉庨暱鎭抃Desktop\姣曚笟璁捐涓湡妫€鏌SIAS2025\2025姣曚笟璁捐\2025姣曚笟璁捐_bau1v4gn_wpftmp.csproj]
C:\Users\鏉庨暱鎭抃Desktop\姣曚笟璁捐涓湡妫€鏌SIAS2025\2025姣曚笟璁捐\ViewModels\EditMessage\DepartmentManager\AddDepartmentViewModel.cs(47,16): warning CS8618: 鍦ㄩ€€鍑烘瀯閫犲嚱鏁版椂锛屼笉鍙负 null 鐨?瀛楁 "addDepartment" 蹇呴』鍖呭惈闈?null 鍊笺€傝鑰冭檻娣诲姞 "required" 淇グ绗︽垨灏嗚 瀛楁 澹版槑涓哄彲涓?null銆?[C:\Users\鏉庨暱鎭抃Desktop\姣曚笟璁捐涓湡妫€鏌SIAS2025\2025姣曚笟璁捐\2025姣曚笟璁捐_bau1v4gn_wpftmp.csproj]
C:\Users\鏉庨暱鎭抃Desktop\姣曚笟璁捐涓湡妫€鏌SIAS2025\2025姣曚笟璁捐\ViewModels\EditMessage\DepartmentManager\AddDepartmentViewModel.cs(47,16): warning CS8618: 鍦ㄩ€€鍑烘瀯閫犲嚱鏁版椂锛屼笉鍙负 null 鐨?瀛楁 "departmentName" 蹇呴』鍖呭惈闈?null 鍊笺€傝鑰冭檻娣诲姞 "required" 淇グ绗︽垨灏嗚 瀛楁 澹版槑涓哄彲涓?null銆?[C:\Users\鏉庨暱鎭抃Desktop\姣曚笟璁捐涓湡妫€鏌SIAS2025\2025姣曚笟璁捐\2025姣曚笟璁捐_bau1v4gn_wpftmp.csproj]
C:\Users\鏉庨暱鎭抃Desktop\姣曚笟璁捐涓湡妫€鏌SIAS2025\2025姣曚笟璁捐\ViewModels\EditMessage\DepartmentManager\EditDepartmentViewModel.cs(78,38): warning CS8601: 鍙兘鐨?null 寮曠敤璧嬪€笺€?[C:\Users\鏉庨暱鎭抃Desktop\姣曚笟璁捐涓湡妫€鏌SIAS2025\2025姣曚笟璁捐\2025姣曚笟璁捐_bau1v4gn_wpftmp.csproj]
C:\Users\鏉庨暱鎭抃Desktop\姣曚笟璁捐涓湡妫€鏌SIAS2025\2025姣曚笟璁捐\ViewModels\EditMessage\DepartmentManager\EditDepartmentViewModel.cs(79,38): warning CS8602: 瑙ｅ紩鐢ㄥ彲鑳藉嚭鐜扮┖寮曠敤銆?[C:\Users\鏉庨暱鎭抃Desktop\姣曚笟璁捐涓湡妫€鏌SIAS2025\2025姣曚笟璁捐\2025姣曚笟璁捐_bau1v4gn_wpftmp.csproj]
C:\Users\鏉庨暱鎭抃Desktop\姣曚笟璁捐涓湡妫€鏌SIAS2025\2025姣曚笟璁捐\ViewModels\HomeViewModel.cs(124,28): warning CS8622: 鈥渧oid HomeViewModel.UpdateTime(object sender, EventArgs e)鈥濈殑鍙傛暟鈥渟ender鈥濈被鍨嬩腑寮曠敤绫诲瀷鐨勪负 Null 鎬т笌鐩爣濮旀墭鈥淓ventHandler鈥濅笉鍖归厤(鍙兘鏄敱浜庝负 Null 鎬х壒鎬?銆?[C:\Users\鏉庨暱鎭抃Desktop\姣曚笟璁捐涓湡妫€鏌SIAS2025\2025姣曚笟璁捐\2025姣曚笟璁捐_bau1v4gn_wpftmp.csproj]
C:\Users\鏉庨暱鎭抃Desktop\姣曚笟璁捐涓湡妫€鏌SIAS2025\2025姣曚笟璁捐\ViewModels\HomeViewModel.cs(125,28): warning CS8622: 鈥渧oid HomeViewModel.UpdateUserName(object sender, EventArgs e)鈥濈殑鍙傛暟鈥渟ender鈥濈被鍨嬩腑寮曠敤绫诲瀷鐨勪负 Null 鎬т笌鐩爣濮旀墭鈥淓ventHandler鈥濅笉鍖归厤(鍙兘鏄敱浜庝负 Null 鎬х壒鎬?銆?[C:\Users\鏉庨暱鎭抃Desktop\姣曚笟璁捐涓湡妫€鏌SIAS2025\2025姣曚笟璁捐\2025姣曚笟璁捐_bau1v4gn_wpftmp.csproj]
C:\Users\鏉庨暱鎭抃Desktop\姣曚笟璁捐涓湡妫€鏌SIAS2025\2025姣曚笟璁捐\ViewModels\HomeViewModel.cs(114,16): warning CS8618: 鍦ㄩ€€鍑烘瀯閫犲嚱鏁版椂锛屼笉鍙负 null 鐨?瀛楁 "currentTime" 蹇呴』鍖呭惈闈?null 鍊笺€傝鑰冭檻娣诲姞 "required" 淇グ绗︽垨灏嗚 瀛楁 澹版槑涓哄彲涓?null銆?[C:\Users\鏉庨暱鎭抃Desktop\姣曚笟璁捐涓湡妫€鏌SIAS2025\2025姣曚笟璁捐\2025姣曚笟璁捐_bau1v4gn_wpftmp.csproj]
C:\Users\鏉庨暱鎭抃Desktop\姣曚笟璁捐涓湡妫€鏌SIAS2025\2025姣曚笟璁捐\ViewModels\HomeViewModel.cs(114,16): warning CS8618: 鍦ㄩ€€鍑烘瀯閫犲嚱鏁版椂锛屼笉鍙负 null 鐨?瀛楁 "userName" 蹇呴』鍖呭惈闈?null 鍊笺€傝鑰冭檻娣诲姞 "required" 淇グ绗︽垨灏嗚 瀛楁 澹版槑涓哄彲涓?null銆?[C:\Users\鏉庨暱鎭抃Desktop\姣曚笟璁捐涓湡妫€鏌SIAS2025\2025姣曚笟璁捐\2025姣曚笟璁捐_bau1v4gn_wpftmp.csproj]
C:\Users\鏉庨暱鎭抃Desktop\姣曚笟璁捐涓湡妫€鏌SIAS2025\2025姣曚笟璁捐\ViewModels\HomeViewModel.cs(114,16): warning CS8618: 鍦ㄩ€€鍑烘瀯閫犲嚱鏁版椂锛屼笉鍙负 null 鐨?瀛楁 "password" 蹇呴』鍖呭惈闈?null 鍊笺€傝鑰冭檻娣诲姞 "required" 淇グ绗︽垨灏嗚 瀛楁 澹版槑涓哄彲涓?null銆?[C:\Users\鏉庨暱鎭抃Desktop\姣曚笟璁捐涓湡妫€鏌SIAS2025\2025姣曚笟璁捐\2025姣曚笟璁捐_bau1v4gn_wpftmp.csproj]
C:\Users\鏉庨暱鎭抃Desktop\姣曚笟璁捐涓湡妫€鏌SIAS2025\2025姣曚笟璁捐\ViewModels\HomeViewModel.cs(114,16): warning CS8618: 鍦ㄩ€€鍑烘瀯閫犲嚱鏁版椂锛屼笉鍙负 null 鐨?瀛楁 "loadedCommand" 蹇呴』鍖呭惈闈?null 鍊笺€傝鑰冭檻娣诲姞 "required" 淇グ绗︽垨灏嗚 瀛楁 澹版槑涓哄彲涓?null銆?[C:\Users\鏉庨暱鎭抃Desktop\姣曚笟璁捐涓湡妫€鏌SIAS2025\2025姣曚笟璁捐\2025姣曚笟璁捐_bau1v4gn_wpftmp.csproj]
C:\Users\鏉庨暱鎭抃Desktop\姣曚笟璁捐涓湡妫€鏌SIAS2025\2025姣曚笟璁捐\ViewModels\HomeViewModel.cs(114,16): warning CS8618: 鍦ㄩ€€鍑烘瀯閫犲嚱鏁版椂锛屼笉鍙负 null 鐨?瀛楁 "rankingXAxes" 蹇呴』鍖呭惈闈?null 鍊笺€傝鑰冭檻娣诲姞 "required" 淇グ绗︽垨灏嗚 瀛楁 澹版槑涓哄彲涓?null銆?[C:\Users\鏉庨暱鎭抃Desktop\姣曚笟璁捐涓湡妫€鏌SIAS2025\2025姣曚笟璁捐\2025姣曚笟璁捐_bau1v4gn_wpftmp.csproj]
C:\Users\鏉庨暱鎭抃Desktop\姣曚笟璁捐涓湡妫€鏌SIAS2025\2025姣曚笟璁捐\ViewModels\HomeViewModel.cs(114,16): warning CS8618: 鍦ㄩ€€鍑烘瀯閫犲嚱鏁版椂锛屼笉鍙负 null 鐨?瀛楁 "rankingYAxes" 蹇呴』鍖呭惈闈?null 鍊笺€傝鑰冭檻娣诲姞 "required" 淇グ绗︽垨灏嗚 瀛楁 澹版槑涓哄彲涓?null銆?[C:\Users\鏉庨暱鎭抃Desktop\姣曚笟璁捐涓湡妫€鏌SIAS2025\2025姣曚笟璁捐\2025姣曚笟璁捐_bau1v4gn_wpftmp.csproj]
C:\Users\鏉庨暱鎭抃Desktop\姣曚笟璁捐涓湡妫€鏌SIAS2025\2025姣曚笟璁捐\ViewModels\HomeViewModel.cs(114,16): warning CS8618: 鍦ㄩ€€鍑烘瀯閫犲嚱鏁版椂锛屼笉鍙负 null 鐨?瀛楁 "nomineeRankingXAxes" 蹇呴』鍖呭惈闈?null 鍊笺€傝鑰冭檻娣诲姞 "required" 淇グ绗︽垨灏嗚 瀛楁 澹版槑涓哄彲涓?null銆?[C:\Users\鏉庨暱鎭抃Desktop\姣曚笟璁捐涓湡妫€鏌SIAS2025\2025姣曚笟璁捐\2025姣曚笟璁捐_bau1v4gn_wpftmp.csproj]
C:\Users\鏉庨暱鎭抃Desktop\姣曚笟璁捐涓湡妫€鏌SIAS2025\2025姣曚笟璁捐\ViewModels\HomeViewModel.cs(114,16): warning CS8618: 鍦ㄩ€€鍑烘瀯閫犲嚱鏁版椂锛屼笉鍙负 null 鐨?瀛楁 "nomineeRankingYAxes" 蹇呴』鍖呭惈闈?null 鍊笺€傝鑰冭檻娣诲姞 "required" 淇グ绗︽垨灏嗚 瀛楁 澹版槑涓哄彲涓?null銆?[C:\Users\鏉庨暱鎭抃Desktop\姣曚笟璁捐涓湡妫€鏌SIAS2025\2025姣曚笟璁捐\2025姣曚笟璁捐_bau1v4gn_wpftmp.csproj]
C:\Users\鏉庨暱鎭抃Desktop\姣曚笟璁捐涓湡妫€鏌SIAS2025\2025姣曚笟璁捐\ViewModels\HomeViewModel.cs(114,16): warning CS8618: 鍦ㄩ€€鍑烘瀯閫犲嚱鏁版椂锛屼笉鍙负 null 鐨?瀛楁 "windowDragCommand" 蹇呴』鍖呭惈闈?null 鍊笺€傝鑰冭檻娣诲姞 "required" 淇グ绗︽垨灏嗚 瀛楁 澹版槑涓哄彲涓?null銆?[C:\Users\鏉庨暱鎭抃Desktop\姣曚笟璁捐涓湡妫€鏌SIAS2025\2025姣曚笟璁捐\2025姣曚笟璁捐_bau1v4gn_wpftmp.csproj]
C:\Users\鏉庨暱鎭抃Desktop\姣曚笟璁捐涓湡妫€鏌SIAS2025\2025姣曚笟璁捐\ViewModels\EditMessage\PersonnallyManager\SupAdminPersonallyManagerViewModel.cs(50,16): warning CS8618: 鍦ㄩ€€鍑烘瀯閫犲嚱鏁版椂锛屼笉鍙负 null 鐨?瀛楁 "byteImage" 蹇呴』鍖呭惈闈?null 鍊笺€傝鑰冭檻娣诲姞 "required" 淇グ绗︽垨灏嗚 瀛楁 澹版槑涓哄彲涓?null銆?[C:\Users\鏉庨暱鎭抃Desktop\姣曚笟璁捐涓湡妫€鏌SIAS2025\2025姣曚笟璁捐\2025姣曚笟璁捐_bau1v4gn_wpftmp.csproj]
C:\Users\鏉庨暱鎭抃Desktop\姣曚笟璁捐涓湡妫€鏌SIAS2025\2025姣曚笟璁捐\ViewModels\EditMessage\PersonnallyManager\SupAdminPersonallyManagerViewModel.cs(50,16): warning CS8618: 鍦ㄩ€€鍑烘瀯閫犲嚱鏁版椂锛屼笉鍙负 null 鐨?瀛楁 "image" 蹇呴』鍖呭惈闈?null 鍊笺€傝鑰冭檻娣诲姞 "required" 淇グ绗︽垨灏嗚 瀛楁 澹版槑涓哄彲涓?null銆?[C:\Users\鏉庨暱鎭抃Desktop\姣曚笟璁捐涓湡妫€鏌SIAS2025\2025姣曚笟璁捐\2025姣曚笟璁捐_bau1v4gn_wpftmp.csproj]
C:\Users\鏉庨暱鎭抃Desktop\姣曚笟璁捐涓湡妫€鏌SIAS2025\2025姣曚笟璁捐\ViewModels\EditMessage\PersonnallyManager\SupAdminPersonallyManagerViewModel.cs(50,16): warning CS8618: 鍦ㄩ€€鍑烘瀯閫犲嚱鏁版椂锛屼笉鍙负 null 鐨?瀛楁 "currentSupAdmin" 蹇呴』鍖呭惈闈?null 鍊笺€傝鑰冭檻娣诲姞 "required" 淇グ绗︽垨灏嗚 瀛楁 澹版槑涓哄彲涓?null銆?[C:\Users\鏉庨暱鎭抃Desktop\姣曚笟璁捐涓湡妫€鏌SIAS2025\2025姣曚笟璁捐\2025姣曚笟璁捐_bau1v4gn_wpftmp.csproj]
C:\Users\鏉庨暱鎭抃Desktop\姣曚笟璁捐涓湡妫€鏌SIAS2025\2025姣曚笟璁捐\ViewModels\EditMessage\PersonnallyManager\SupAdminPersonallyManagerViewModel.cs(50,16): warning CS8618: 鍦ㄩ€€鍑烘瀯閫犲嚱鏁版椂锛屼笉鍙负 null 鐨?瀛楁 "saveCommand" 蹇呴』鍖呭惈闈?null 鍊笺€傝鑰冭檻娣诲姞 "required" 淇グ绗︽垨灏嗚 瀛楁 澹版槑涓哄彲涓?null銆?[C:\Users\鏉庨暱鎭抃Desktop\姣曚笟璁捐涓湡妫€鏌SIAS2025\2025姣曚笟璁捐\2025姣曚笟璁捐_bau1v4gn_wpftmp.csproj]
C:\Users\鏉庨暱鎭抃Desktop\姣曚笟璁捐涓湡妫€鏌SIAS2025\2025姣曚笟璁捐\ViewModels\EditMessage\PersonnallyManager\SupAdminPersonallyManagerViewModel.cs(50,16): warning CS8618: 鍦ㄩ€€鍑烘瀯閫犲嚱鏁版椂锛屼笉鍙负 null 鐨?瀛楁 "changeImageCommand" 蹇呴』鍖呭惈闈?null 鍊笺€傝鑰冭檻娣诲姞 "required" 淇グ绗︽垨灏嗚 瀛楁 澹版槑涓哄彲涓?null銆?[C:\Users\鏉庨暱鎭抃Desktop\姣曚笟璁捐涓湡妫€鏌SIAS2025\2025姣曚笟璁捐\2025姣曚笟璁捐_bau1v4gn_wpftmp.csproj]
C:\Users\鏉庨暱鎭抃Desktop\姣曚笟璁捐涓湡妫€鏌SIAS2025\2025姣曚笟璁捐\Services\SupAdminService.cs(23,24): warning CS8603: 鍙兘杩斿洖 null 寮曠敤銆?[C:\Users\鏉庨暱鎭抃Desktop\姣曚笟璁捐涓湡妫€鏌SIAS2025\2025姣曚笟璁捐\2025姣曚笟璁捐_bau1v4gn_wpftmp.csproj]
C:\Users\鏉庨暱鎭抃Desktop\姣曚笟璁捐涓湡妫€鏌SIAS2025\2025姣曚笟璁捐\ViewModels\EditMessage\AdminManager\AddAdminViewModel.cs(121,16): warning CS8618: 鍦ㄩ€€鍑烘瀯閫犲嚱鏁版椂锛屼笉鍙负 null 鐨?瀛楁 "departmentNames" 蹇呴』鍖呭惈闈?null 鍊笺€傝鑰冭檻娣诲姞 "required" 淇グ绗︽垨灏嗚 瀛楁 澹版槑涓哄彲涓?null銆?[C:\Users\鏉庨暱鎭抃Desktop\姣曚笟璁捐涓湡妫€鏌SIAS2025\2025姣曚笟璁捐\2025姣曚笟璁捐_bau1v4gn_wpftmp.csproj]
C:\Users\鏉庨暱鎭抃Desktop\姣曚笟璁捐涓湡妫€鏌SIAS2025\2025姣曚笟璁捐\ViewModels\EditMessage\AdminManager\AddAdminViewModel.cs(121,16): warning CS8618: 鍦ㄩ€€鍑烘瀯閫犲嚱鏁版椂锛屼笉鍙负 null 鐨?瀛楁 "departmentName" 蹇呴』鍖呭惈闈?null 鍊笺€傝鑰冭檻娣诲姞 "required" 淇グ绗︽垨灏嗚 瀛楁 澹版槑涓哄彲涓?null銆?[C:\Users\鏉庨暱鎭抃Desktop\姣曚笟璁捐涓湡妫€鏌SIAS2025\2025姣曚笟璁捐\2025姣曚笟璁捐_bau1v4gn_wpftmp.csproj]
C:\Users\鏉庨暱鎭抃Desktop\姣曚笟璁捐涓湡妫€鏌SIAS2025\2025姣曚笟璁捐\ViewModels\EditMessage\AdminManager\AddAdminViewModel.cs(121,16): warning CS8618: 鍦ㄩ€€鍑烘瀯閫犲嚱鏁版椂锛屼笉鍙负 null 鐨?瀛楁 "addAdmin" 蹇呴』鍖呭惈闈?null 鍊笺€傝鑰冭檻娣诲姞 "required" 淇グ绗︽垨灏嗚 瀛楁 澹版槑涓哄彲涓?null銆?[C:\Users\鏉庨暱鎭抃Desktop\姣曚笟璁捐涓湡妫€鏌SIAS2025\2025姣曚笟璁捐\2025姣曚笟璁捐_bau1v4gn_wpftmp.csproj]
C:\Users\鏉庨暱鎭抃Desktop\姣曚笟璁捐涓湡妫€鏌SIAS2025\2025姣曚笟璁捐\ViewModels\EditMessage\AdminManager\AddAdminViewModel.cs(121,16): warning CS8618: 鍦ㄩ€€鍑烘瀯閫犲嚱鏁版椂锛屼笉鍙负 null 鐨?瀛楁 "adminName" 蹇呴』鍖呭惈闈?null 鍊笺€傝鑰冭檻娣诲姞 "required" 淇グ绗︽垨灏嗚 瀛楁 澹版槑涓哄彲涓?null銆?[C:\Users\鏉庨暱鎭抃Desktop\姣曚笟璁捐涓湡妫€鏌SIAS2025\2025姣曚笟璁捐\2025姣曚笟璁捐_bau1v4gn_wpftmp.csproj]
C:\Users\鏉庨暱鎭抃Desktop\姣曚笟璁捐涓湡妫€鏌SIAS2025\2025姣曚笟璁捐\Common\ConVerterImage.cs(32,24): warning CS8603: 鍙兘杩斿洖 null 寮曠敤銆?[C:\Users\鏉庨暱鎭抃Desktop\姣曚笟璁捐涓湡妫€鏌SIAS2025\2025姣曚笟璁捐\2025姣曚笟璁捐_bau1v4gn_wpftmp.csproj]
C:\Users\鏉庨暱鎭抃Desktop\姣曚笟璁捐涓湡妫€鏌SIAS2025\2025姣曚笟璁捐\ViewModels\EditMessage\PersonnallyManager\EmployeePersonallyManagerViewModel.cs(50,16): warning CS8618: 鍦ㄩ€€鍑烘瀯閫犲嚱鏁版椂锛屼笉鍙负 null 鐨?瀛楁 "byteImage" 蹇呴』鍖呭惈闈?null 鍊笺€傝鑰冭檻娣诲姞 "required" 淇グ绗︽垨灏嗚 瀛楁 澹版槑涓哄彲涓?null銆?[C:\Users\鏉庨暱鎭抃Desktop\姣曚笟璁捐涓湡妫€鏌SIAS2025\2025姣曚笟璁捐\2025姣曚笟璁捐_bau1v4gn_wpftmp.csproj]
C:\Users\鏉庨暱鎭抃Desktop\姣曚笟璁捐涓湡妫€鏌SIAS2025\2025姣曚笟璁捐\ViewModels\EditMessage\PersonnallyManager\EmployeePersonallyManagerViewModel.cs(50,16): warning CS8618: 鍦ㄩ€€鍑烘瀯閫犲嚱鏁版椂锛屼笉鍙负 null 鐨?瀛楁 "image" 蹇呴』鍖呭惈闈?null 鍊笺€傝鑰冭檻娣诲姞 "required" 淇グ绗︽垨灏嗚 瀛楁 澹版槑涓哄彲涓?null銆?[C:\Users\鏉庨暱鎭抃Desktop\姣曚笟璁捐涓湡妫€鏌SIAS2025\2025姣曚笟璁捐\2025姣曚笟璁捐_bau1v4gn_wpftmp.csproj]
C:\Users\鏉庨暱鎭抃Desktop\姣曚笟璁捐涓湡妫€鏌SIAS2025\2025姣曚笟璁捐\ViewModels\EditMessage\PersonnallyManager\EmployeePersonallyManagerViewModel.cs(50,16): warning CS8618: 鍦ㄩ€€鍑烘瀯閫犲嚱鏁版椂锛屼笉鍙负 null 鐨?瀛楁 "currentEmployee" 蹇呴』鍖呭惈闈?null 鍊笺€傝鑰冭檻娣诲姞 "required" 淇グ绗︽垨灏嗚 瀛楁 澹版槑涓哄彲涓?null銆?[C:\Users\鏉庨暱鎭抃Desktop\姣曚笟璁捐涓湡妫€鏌SIAS2025\2025姣曚笟璁捐\2025姣曚笟璁捐_bau1v4gn_wpftmp.csproj]
C:\Users\鏉庨暱鎭抃Desktop\姣曚笟璁捐涓湡妫€鏌SIAS2025\2025姣曚笟璁捐\ViewModels\EditMessage\PersonnallyManager\EmployeePersonallyManagerViewModel.cs(50,16): warning CS8618: 鍦ㄩ€€鍑烘瀯閫犲嚱鏁版椂锛屼笉鍙负 null 鐨?瀛楁 "saveCommand" 蹇呴』鍖呭惈闈?null 鍊笺€傝鑰冭檻娣诲姞 "required" 淇グ绗︽垨灏嗚 瀛楁 澹版槑涓哄彲涓?null銆?[C:\Users\鏉庨暱鎭抃Desktop\姣曚笟璁捐涓湡妫€鏌SIAS2025\2025姣曚笟璁捐\2025姣曚笟璁捐_bau1v4gn_wpftmp.csproj]
C:\Users\鏉庨暱鎭抃Desktop\姣曚笟璁捐涓湡妫€鏌SIAS2025\2025姣曚笟璁捐\ViewModels\EditMessage\PersonnallyManager\EmployeePersonallyManagerViewModel.cs(50,16): warning CS8618: 鍦ㄩ€€鍑烘瀯閫犲嚱鏁版椂锛屼笉鍙负 null 鐨?瀛楁 "changeImageCommand" 蹇呴』鍖呭惈闈?null 鍊笺€傝鑰冭檻娣诲姞 "required" 淇グ绗︽垨灏嗚 瀛楁 澹版槑涓哄彲涓?null銆?[C:\Users\鏉庨暱鎭抃Desktop\姣曚笟璁捐涓湡妫€鏌SIAS2025\2025姣曚笟璁捐\2025姣曚笟璁捐_bau1v4gn_wpftmp.csproj]
C:\Users\鏉庨暱鎭抃Desktop\姣曚笟璁捐涓湡妫€鏌SIAS2025\2025姣曚笟璁捐\ViewModels\EditMessage\PersonnallyManager\AdminPersonallyManagerViewModel.cs(50,16): warning CS8618: 鍦ㄩ€€鍑烘瀯閫犲嚱鏁版椂锛屼笉鍙负 null 鐨?瀛楁 "byteImage" 蹇呴』鍖呭惈闈?null 鍊笺€傝鑰冭檻娣诲姞 "required" 淇グ绗︽垨灏嗚 瀛楁 澹版槑涓哄彲涓?null銆?[C:\Users\鏉庨暱鎭抃Desktop\姣曚笟璁捐涓湡妫€鏌SIAS2025\2025姣曚笟璁捐\2025姣曚笟璁捐_bau1v4gn_wpftmp.csproj]
C:\Users\鏉庨暱鎭抃Desktop\姣曚笟璁捐涓湡妫€鏌SIAS2025\2025姣曚笟璁捐\ViewModels\EditMessage\PersonnallyManager\AdminPersonallyManagerViewModel.cs(50,16): warning CS8618: 鍦ㄩ€€鍑烘瀯閫犲嚱鏁版椂锛屼笉鍙负 null 鐨?瀛楁 "image" 蹇呴』鍖呭惈闈?null 鍊笺€傝鑰冭檻娣诲姞 "required" 淇グ绗︽垨灏嗚 瀛楁 澹版槑涓哄彲涓?null銆?[C:\Users\鏉庨暱鎭抃Desktop\姣曚笟璁捐涓湡妫€鏌SIAS2025\2025姣曚笟璁捐\2025姣曚笟璁捐_bau1v4gn_wpftmp.csproj]
C:\Users\鏉庨暱鎭抃Desktop\姣曚笟璁捐涓湡妫€鏌SIAS2025\2025姣曚笟璁捐\ViewModels\EditMessage\PersonnallyManager\AdminPersonallyManagerViewModel.cs(50,16): warning CS8618: 鍦ㄩ€€鍑烘瀯閫犲嚱鏁版椂锛屼笉鍙负 null 鐨?瀛楁 "currentAdmin" 蹇呴』鍖呭惈闈?null 鍊笺€傝鑰冭檻娣诲姞 "required" 淇グ绗︽垨灏嗚 瀛楁 澹版槑涓哄彲涓?null銆?[C:\Users\鏉庨暱鎭抃Desktop\姣曚笟璁捐涓湡妫€鏌SIAS2025\2025姣曚笟璁捐\2025姣曚笟璁捐_bau1v4gn_wpftmp.csproj]
C:\Users\鏉庨暱鎭抃Desktop\姣曚笟璁捐涓湡妫€鏌SIAS2025\2025姣曚笟璁捐\ViewModels\EditMessage\PersonnallyManager\AdminPersonallyManagerViewModel.cs(50,16): warning CS8618: 鍦ㄩ€€鍑烘瀯閫犲嚱鏁版椂锛屼笉鍙负 null 鐨?瀛楁 "saveCommand" 蹇呴』鍖呭惈闈?null 鍊笺€傝鑰冭檻娣诲姞 "required" 淇グ绗︽垨灏嗚 瀛楁 澹版槑涓哄彲涓?null銆?[C:\Users\鏉庨暱鎭抃Desktop\姣曚笟璁捐涓湡妫€鏌SIAS2025\2025姣曚笟璁捐\2025姣曚笟璁捐_bau1v4gn_wpftmp.csproj]
C:\Users\鏉庨暱鎭抃Desktop\姣曚笟璁捐涓湡妫€鏌SIAS2025\2025姣曚笟璁捐\ViewModels\EditMessage\PersonnallyManager\AdminPersonallyManagerViewModel.cs(50,16): warning CS8618: 鍦ㄩ€€鍑烘瀯閫犲嚱鏁版椂锛屼笉鍙负 null 鐨?瀛楁 "changeImageCommand" 蹇呴』鍖呭惈闈?null 鍊笺€傝鑰冭檻娣诲姞 "required" 淇グ绗︽垨灏嗚 瀛楁 澹版槑涓哄彲涓?null銆?[C:\Users\鏉庨暱鎭抃Desktop\姣曚笟璁捐涓湡妫€鏌SIAS2025\2025姣曚笟璁捐\2025姣曚笟璁捐_bau1v4gn_wpftmp.csproj]
C:\Users\鏉庨暱鎭抃Desktop\姣曚笟璁捐涓湡妫€鏌SIAS2025\2025姣曚笟璁捐\Common\ConVerterImage.cs(56,24): warning CS8603: 鍙兘杩斿洖 null 寮曠敤銆?[C:\Users\鏉庨暱鎭抃Desktop\姣曚笟璁捐涓湡妫€鏌SIAS2025\2025姣曚笟璁捐\2025姣曚笟璁捐_bau1v4gn_wpftmp.csproj]
C:\Users\鏉庨暱鎭抃Desktop\姣曚笟璁捐涓湡妫€鏌SIAS2025\2025姣曚笟璁捐\Common\SecurityKeys.cs(135,30): warning CS8625: 鏃犳硶灏?null 瀛楅潰閲忚浆鎹负闈?null 鐨勫紩鐢ㄧ被鍨嬨€?[C:\Users\鏉庨暱鎭抃Desktop\姣曚笟璁捐涓湡妫€鏌SIAS2025\2025姣曚笟璁捐\2025姣曚笟璁捐_bau1v4gn_wpftmp.csproj]
C:\Users\鏉庨暱鎭抃Desktop\姣曚笟璁捐涓湡妫€鏌SIAS2025\2025姣曚笟璁捐\Common\SecurityKeys.cs(136,29): warning CS8625: 鏃犳硶灏?null 瀛楅潰閲忚浆鎹负闈?null 鐨勫紩鐢ㄧ被鍨嬨€?[C:\Users\鏉庨暱鎭抃Desktop\姣曚笟璁捐涓湡妫€鏌SIAS2025\2025姣曚笟璁捐\2025姣曚笟璁捐_bau1v4gn_wpftmp.csproj]
C:\Users\鏉庨暱鎭抃Desktop\姣曚笟璁捐涓湡妫€鏌SIAS2025\2025姣曚笟璁捐\Common\SecurityKeys.cs(19,31): warning CS8618: 鍦ㄩ€€鍑烘瀯閫犲嚱鏁版椂锛屼笉鍙负 null 鐨?瀛楁 "_cachedKey" 蹇呴』鍖呭惈闈?null 鍊笺€傝鑰冭檻娣诲姞 "required" 淇グ绗︽垨灏嗚 瀛楁 澹版槑涓哄彲涓?null銆?[C:\Users\鏉庨暱鎭抃Desktop\姣曚笟璁捐涓湡妫€鏌SIAS2025\2025姣曚笟璁捐\2025姣曚笟璁捐_bau1v4gn_wpftmp.csproj]
C:\Users\鏉庨暱鎭抃Desktop\姣曚笟璁捐涓湡妫€鏌SIAS2025\2025姣曚笟璁捐\Common\SecurityKeys.cs(20,31): warning CS8618: 鍦ㄩ€€鍑烘瀯閫犲嚱鏁版椂锛屼笉鍙负 null 鐨?瀛楁 "_cachedIV" 蹇呴』鍖呭惈闈?null 鍊笺€傝鑰冭檻娣诲姞 "required" 淇グ绗︽垨灏嗚 瀛楁 澹版槑涓哄彲涓?null銆?[C:\Users\鏉庨暱鎭抃Desktop\姣曚笟璁捐涓湡妫€鏌SIAS2025\2025姣曚笟璁捐\2025姣曚笟璁捐_bau1v4gn_wpftmp.csproj]
C:\Users\鏉庨暱鎭抃Desktop\姣曚笟璁捐涓湡妫€鏌SIAS2025\2025姣曚笟璁捐\Common\ConVerterImage.cs(72,20): warning CS8603: 鍙兘杩斿洖 null 寮曠敤銆?[C:\Users\鏉庨暱鎭抃Desktop\姣曚笟璁捐涓湡妫€鏌SIAS2025\2025姣曚笟璁捐\2025姣曚笟璁捐_bau1v4gn_wpftmp.csproj]
C:\Users\鏉庨暱鎭抃Desktop\姣曚笟璁捐涓湡妫€鏌SIAS2025\2025姣曚笟璁捐\ViewModels\EditMessage\AwardNominateManager\AddAwardNominateViewModel.cs(26,16): warning CS8618: 鍦ㄩ€€鍑烘瀯閫犲嚱鏁版椂锛屼笉鍙负 null 鐨?瀛楁 "awards" 蹇呴』鍖呭惈闈?null 鍊笺€傝鑰冭檻娣诲姞 "required" 淇グ绗︽垨灏嗚 瀛楁 澹版槑涓哄彲涓?null銆?[C:\Users\鏉庨暱鎭抃Desktop\姣曚笟璁捐涓湡妫€鏌SIAS2025\2025姣曚笟璁捐\2025姣曚笟璁捐_bau1v4gn_wpftmp.csproj]
C:\Users\鏉庨暱鎭抃Desktop\姣曚笟璁捐涓湡妫€鏌SIAS2025\2025姣曚笟璁捐\ViewModels\EditMessage\AwardNominateManager\AddAwardNominateViewModel.cs(26,16): warning CS8618: 鍦ㄩ€€鍑烘瀯閫犲嚱鏁版椂锛屼笉鍙负 null 鐨?瀛楁 "selectedAward" 蹇呴』鍖呭惈闈?null 鍊笺€傝鑰冭檻娣诲姞 "required" 淇グ绗︽垨灏嗚 瀛楁 澹版槑涓哄彲涓?null銆?[C:\Users\鏉庨暱鎭抃Desktop\姣曚笟璁捐涓湡妫€鏌SIAS2025\2025姣曚笟璁捐\2025姣曚笟璁捐_bau1v4gn_wpftmp.csproj]
C:\Users\鏉庨暱鎭抃Desktop\姣曚笟璁捐涓湡妫€鏌SIAS2025\2025姣曚笟璁捐\ViewModels\EditMessage\AwardNominateManager\AddAwardNominateViewModel.cs(26,16): warning CS8618: 鍦ㄩ€€鍑烘瀯閫犲嚱鏁版椂锛屼笉鍙负 null 鐨?瀛楁 "employees" 蹇呴』鍖呭惈闈?null 鍊笺€傝鑰冭檻娣诲姞 "required" 淇グ绗︽垨灏嗚 瀛楁 澹版槑涓哄彲涓?null銆?[C:\Users\鏉庨暱鎭抃Desktop\姣曚笟璁捐涓湡妫€鏌SIAS2025\2025姣曚笟璁捐\2025姣曚笟璁捐_bau1v4gn_wpftmp.csproj]
C:\Users\鏉庨暱鎭抃Desktop\姣曚笟璁捐涓湡妫€鏌SIAS2025\2025姣曚笟璁捐\ViewModels\EditMessage\AwardNominateManager\AddAwardNominateViewModel.cs(26,16): warning CS8618: 鍦ㄩ€€鍑烘瀯閫犲嚱鏁版椂锛屼笉鍙负 null 鐨?瀛楁 "admins" 蹇呴』鍖呭惈闈?null 鍊笺€傝鑰冭檻娣诲姞 "required" 淇グ绗︽垨灏嗚 瀛楁 澹版槑涓哄彲涓?null銆?[C:\Users\鏉庨暱鎭抃Desktop\姣曚笟璁捐涓湡妫€鏌SIAS2025\2025姣曚笟璁捐\2025姣曚笟璁捐_bau1v4gn_wpftmp.csproj]
C:\Users\鏉庨暱鎭抃Desktop\姣曚笟璁捐涓湡妫€鏌SIAS2025\2025姣曚笟璁捐\ViewModels\EditMessage\AwardNominateManager\AddAwardNominateViewModel.cs(26,16): warning CS8618: 鍦ㄩ€€鍑烘瀯閫犲嚱鏁版椂锛屼笉鍙负 null 鐨?瀛楁 "selectedNominee" 蹇呴』鍖呭惈闈?null 鍊笺€傝鑰冭檻娣诲姞 "required" 淇グ绗︽垨灏嗚 瀛楁 澹版槑涓哄彲涓?null銆?[C:\Users\鏉庨暱鎭抃Desktop\姣曚笟璁捐涓湡妫€鏌SIAS2025\2025姣曚笟璁捐\2025姣曚笟璁捐_bau1v4gn_wpftmp.csproj]
C:\Users\鏉庨暱鎭抃Desktop\姣曚笟璁捐涓湡妫€鏌SIAS2025\2025姣曚笟璁捐\ViewModels\EditMessage\AwardNominateManager\AddAwardNominateViewModel.cs(26,16): warning CS8618: 鍦ㄩ€€鍑烘瀯閫犲嚱鏁版椂锛屼笉鍙负 null 鐨?瀛楁 "departmentName" 蹇呴』鍖呭惈闈?null 鍊笺€傝鑰冭檻娣诲姞 "required" 淇グ绗︽垨灏嗚 瀛楁 澹版槑涓哄彲涓?null銆?[C:\Users\鏉庨暱鎭抃Desktop\姣曚笟璁捐涓湡妫€鏌SIAS2025\2025姣曚笟璁捐\2025姣曚笟璁捐_bau1v4gn_wpftmp.csproj]
C:\Users\鏉庨暱鎭抃Desktop\姣曚笟璁捐涓湡妫€鏌SIAS2025\2025姣曚笟璁捐\ViewModels\EditMessage\AwardNominateManager\AddAwardNominateViewModel.cs(26,16): warning CS8618: 鍦ㄩ€€鍑烘瀯閫犲嚱鏁版椂锛屼笉鍙负 null 鐨?瀛楁 "introduction" 蹇呴』鍖呭惈闈?null 鍊笺€傝鑰冭檻娣诲姞 "required" 淇グ绗︽垨灏嗚 瀛楁 澹版槑涓哄彲涓?null銆?[C:\Users\鏉庨暱鎭抃Desktop\姣曚笟璁捐涓湡妫€鏌SIAS2025\2025姣曚笟璁捐\2025姣曚笟璁捐_bau1v4gn_wpftmp.csproj]
C:\Users\鏉庨暱鎭抃Desktop\姣曚笟璁捐涓湡妫€鏌SIAS2025\2025姣曚笟璁捐\ViewModels\EditMessage\AwardNominateManager\AddAwardNominateViewModel.cs(26,16): warning CS8618: 鍦ㄩ€€鍑烘瀯閫犲嚱鏁版椂锛屼笉鍙负 null 鐨?瀛楁 "nominateReason" 蹇呴』鍖呭惈闈?null 鍊笺€傝鑰冭檻娣诲姞 "required" 淇グ绗︽垨灏嗚 瀛楁 澹版槑涓哄彲涓?null銆?[C:\Users\鏉庨暱鎭抃Desktop\姣曚笟璁捐涓湡妫€鏌SIAS2025\2025姣曚笟璁捐\2025姣曚笟璁捐_bau1v4gn_wpftmp.csproj]
C:\Users\鏉庨暱鎭抃Desktop\姣曚笟璁捐涓湡妫€鏌SIAS2025\2025姣曚笟璁捐\ViewModels\EditMessage\AwardNominateManager\AddAwardNominateViewModel.cs(26,16): warning CS8618: 鍦ㄩ€€鍑烘瀯閫犲嚱鏁版椂锛屼笉鍙负 null 鐨?瀛楁 "coverImage" 蹇呴』鍖呭惈闈?null 鍊笺€傝鑰冭檻娣诲姞 "required" 淇グ绗︽垨灏嗚 瀛楁 澹版槑涓哄彲涓?null銆?[C:\Users\鏉庨暱鎭抃Desktop\姣曚笟璁捐涓湡妫€鏌SIAS2025\2025姣曚笟璁捐\2025姣曚笟璁捐_bau1v4gn_wpftmp.csproj]
C:\Users\鏉庨暱鎭抃Desktop\姣曚笟璁捐涓湡妫€鏌SIAS2025\2025姣曚笟璁捐\ViewModels\EditMessage\AwardNominateManager\AddAwardNominateViewModel.cs(26,16): warning CS8618: 鍦ㄩ€€鍑烘瀯閫犲嚱鏁版椂锛屼笉鍙负 null 鐨?瀛楁 "coverImagePreview" 蹇呴』鍖呭惈闈?null 鍊笺€傝鑰冭檻娣诲姞 "required" 淇グ绗︽垨灏嗚 瀛楁 澹版槑涓哄彲涓?null銆?[C:\Users\鏉庨暱鎭抃Desktop\姣曚笟璁捐涓湡妫€鏌SIAS2025\2025姣曚笟璁捐\2025姣曚笟璁捐_bau1v4gn_wpftmp.csproj]
C:\Users\鏉庨暱鎭抃Desktop\姣曚笟璁捐涓湡妫€鏌SIAS2025\2025姣曚笟璁捐\ViewModels\EditMessage\AwardNominateManager\AddAwardNominateViewModel.cs(26,16): warning CS8618: 鍦ㄩ€€鍑烘瀯閫犲嚱鏁版椂锛屼笉鍙负 null 鐨?瀛楁 "saveCommand" 蹇呴』鍖呭惈闈?null 鍊笺€傝鑰冭檻娣诲姞 "required" 淇グ绗︽垨灏嗚 瀛楁 澹版槑涓哄彲涓?null銆?[C:\Users\鏉庨暱鎭抃Desktop\姣曚笟璁捐涓湡妫€鏌SIAS2025\2025姣曚笟璁捐\2025姣曚笟璁捐_bau1v4gn_wpftmp.csproj]
C:\Users\鏉庨暱鎭抃Desktop\姣曚笟璁捐涓湡妫€鏌SIAS2025\2025姣曚笟璁捐\ViewModels\EditMessage\AwardNominateManager\AddAwardNominateViewModel.cs(26,16): warning CS8618: 鍦ㄩ€€鍑烘瀯閫犲嚱鏁版椂锛屼笉鍙负 null 鐨?瀛楁 "cancelCommand" 蹇呴』鍖呭惈闈?null 鍊笺€傝鑰冭檻娣诲姞 "required" 淇グ绗︽垨灏嗚 瀛楁 澹版槑涓哄彲涓?null銆?[C:\Users\鏉庨暱鎭抃Desktop\姣曚笟璁捐涓湡妫€鏌SIAS2025\2025姣曚笟璁捐\2025姣曚笟璁捐_bau1v4gn_wpftmp.csproj]
C:\Users\鏉庨暱鎭抃Desktop\姣曚笟璁捐涓湡妫€鏌SIAS2025\2025姣曚笟璁捐\ViewModels\EditMessage\AwardNominateManager\AddAwardNominateViewModel.cs(26,16): warning CS8618: 鍦ㄩ€€鍑烘瀯閫犲嚱鏁版椂锛屼笉鍙负 null 鐨?瀛楁 "uploadImageCommand" 蹇呴』鍖呭惈闈?null 鍊笺€傝鑰冭檻娣诲姞 "required" 淇グ绗︽垨灏嗚 瀛楁 澹版槑涓哄彲涓?null銆?[C:\Users\鏉庨暱鎭抃Desktop\姣曚笟璁捐涓湡妫€鏌SIAS2025\2025姣曚笟璁捐\2025姣曚笟璁捐_bau1v4gn_wpftmp.csproj]
C:\Users\鏉庨暱鎭抃Desktop\姣曚笟璁捐涓湡妫€鏌SIAS2025\2025姣曚笟璁捐\ViewModels\EditMessage\EmployeeManager\AddEmployeeViewModel.cs(121,16): warning CS8618: 鍦ㄩ€€鍑烘瀯閫犲嚱鏁版椂锛屼笉鍙负 null 鐨?瀛楁 "addEmployee" 蹇呴』鍖呭惈闈?null 鍊笺€傝鑰冭檻娣诲姞 "required" 淇グ绗︽垨灏嗚 瀛楁 澹版槑涓哄彲涓?null銆?[C:\Users\鏉庨暱鎭抃Desktop\姣曚笟璁捐涓湡妫€鏌SIAS2025\2025姣曚笟璁捐\2025姣曚笟璁捐_bau1v4gn_wpftmp.csproj]
C:\Users\鏉庨暱鎭抃Desktop\姣曚笟璁捐涓湡妫€鏌SIAS2025\2025姣曚笟璁捐\ViewModels\EditMessage\EmployeeManager\AddEmployeeViewModel.cs(121,16): warning CS8618: 鍦ㄩ€€鍑烘瀯閫犲嚱鏁版椂锛屼笉鍙负 null 鐨?瀛楁 "employeeName" 蹇呴』鍖呭惈闈?null 鍊笺€傝鑰冭檻娣诲姞 "required" 淇グ绗︽垨灏嗚 瀛楁 澹版槑涓哄彲涓?null銆?[C:\Users\鏉庨暱鎭抃Desktop\姣曚笟璁捐涓湡妫€鏌SIAS2025\2025姣曚笟璁捐\2025姣曚笟璁捐_bau1v4gn_wpftmp.csproj]
C:\Users\鏉庨暱鎭抃Desktop\姣曚笟璁捐涓湡妫€鏌SIAS2025\2025姣曚笟璁捐\ViewModels\EditMessage\EmployeeManager\AddEmployeeViewModel.cs(121,16): warning CS8618: 鍦ㄩ€€鍑烘瀯閫犲嚱鏁版椂锛屼笉鍙负 null 鐨?瀛楁 "departmentNames" 蹇呴』鍖呭惈闈?null 鍊笺€傝鑰冭檻娣诲姞 "required" 淇グ绗︽垨灏嗚 瀛楁 澹版槑涓哄彲涓?null銆?[C:\Users\鏉庨暱鎭抃Desktop\姣曚笟璁捐涓湡妫€鏌SIAS2025\2025姣曚笟璁捐\2025姣曚笟璁捐_bau1v4gn_wpftmp.csproj]
C:\Users\鏉庨暱鎭抃Desktop\姣曚笟璁捐涓湡妫€鏌SIAS2025\2025姣曚笟璁捐\ViewModels\EditMessage\EmployeeManager\AddEmployeeViewModel.cs(121,16): warning CS8618: 鍦ㄩ€€鍑烘瀯閫犲嚱鏁版椂锛屼笉鍙负 null 鐨?瀛楁 "departmentName" 蹇呴』鍖呭惈闈?null 鍊笺€傝鑰冭檻娣诲姞 "required" 淇グ绗︽垨灏嗚 瀛楁 澹版槑涓哄彲涓?null銆?[C:\Users\鏉庨暱鎭抃Desktop\姣曚笟璁捐涓湡妫€鏌SIAS2025\2025姣曚笟璁捐\2025姣曚笟璁捐_bau1v4gn_wpftmp.csproj]
C:\Users\鏉庨暱鎭抃Desktop\姣曚笟璁捐涓湡妫€鏌SIAS2025\2025姣曚笟璁捐\ViewModels\Pages\VoteResultViewModel.cs(80,16): warning CS8618: 鍦ㄩ€€鍑烘瀯閫犲嚱鏁版椂锛屼笉鍙负 null 鐨?瀛楁 "_nominations" 蹇呴』鍖呭惈闈?null 鍊笺€傝鑰冭檻娣诲姞 "required" 淇グ绗︽垨灏嗚 瀛楁 澹版槑涓哄彲涓?null銆?[C:\Users\鏉庨暱鎭抃Desktop\姣曚笟璁捐涓湡妫€鏌SIAS2025\2025姣曚笟璁捐\2025姣曚笟璁捐_bau1v4gn_wpftmp.csproj]
C:\Users\鏉庨暱鎭抃Desktop\姣曚笟璁捐涓湡妫€鏌SIAS2025\2025姣曚笟璁捐\ViewModels\Pages\VoteResultViewModel.cs(80,16): warning CS8618: 鍦ㄩ€€鍑烘瀯閫犲嚱鏁版椂锛屼笉鍙负 null 鐨?瀛楁 "_searchText" 蹇呴』鍖呭惈闈?null 鍊笺€傝鑰冭檻娣诲姞 "required" 淇グ绗︽垨灏嗚 瀛楁 澹版槑涓哄彲涓?null銆?[C:\Users\鏉庨暱鎭抃Desktop\姣曚笟璁捐涓湡妫€鏌SIAS2025\2025姣曚笟璁捐\2025姣曚笟璁捐_bau1v4gn_wpftmp.csproj]
C:\Users\鏉庨暱鎭抃Desktop\姣曚笟璁捐涓湡妫€鏌SIAS2025\2025姣曚笟璁捐\ViewModels\Pages\VoteResultViewModel.cs(80,16): warning CS8618: 鍦ㄩ€€鍑烘瀯閫犲嚱鏁版椂锛屼笉鍙负 null 鐨?瀛楁 "_searchCommand" 蹇呴』鍖呭惈闈?null 鍊笺€傝鑰冭檻娣诲姞 "required" 淇グ绗︽垨灏嗚 瀛楁 澹版槑涓哄彲涓?null銆?[C:\Users\鏉庨暱鎭抃Desktop\姣曚笟璁捐涓湡妫€鏌SIAS2025\2025姣曚笟璁捐\2025姣曚笟璁捐_bau1v4gn_wpftmp.csproj]
C:\Users\鏉庨暱鎭抃Desktop\姣曚笟璁捐涓湡妫€鏌SIAS2025\2025姣曚笟璁捐\ViewModels\Pages\VoteResultViewModel.cs(80,16): warning CS8618: 鍦ㄩ€€鍑烘瀯閫犲嚱鏁版椂锛屼笉鍙负 null 鐨?瀛楁 "_exportResultCommand" 蹇呴』鍖呭惈闈?null 鍊笺€傝鑰冭檻娣诲姞 "required" 淇グ绗︽垨灏嗚 瀛楁 澹版槑涓哄彲涓?null銆?[C:\Users\鏉庨暱鎭抃Desktop\姣曚笟璁捐涓湡妫€鏌SIAS2025\2025姣曚笟璁捐\2025姣曚笟璁捐_bau1v4gn_wpftmp.csproj]
C:\Users\鏉庨暱鎭抃Desktop\姣曚笟璁捐涓湡妫€鏌SIAS2025\2025姣曚笟璁捐\ViewModels\EditMessage\AwardSettingManager\AddAwardSettingViewModel.cs(22,16): warning CS8618: 鍦ㄩ€€鍑烘瀯閫犲嚱鏁版椂锛屼笉鍙负 null 鐨?瀛楁 "addAward" 蹇呴』鍖呭惈闈?null 鍊笺€傝鑰冭檻娣诲姞 "required" 淇グ绗︽垨灏嗚 瀛楁 澹版槑涓哄彲涓?null銆?[C:\Users\鏉庨暱鎭抃Desktop\姣曚笟璁捐涓湡妫€鏌SIAS2025\2025姣曚笟璁捐\2025姣曚笟璁捐_bau1v4gn_wpftmp.csproj]
C:\Users\鏉庨暱鎭抃Desktop\姣曚笟璁捐涓湡妫€鏌SIAS2025\2025姣曚笟璁捐\ViewModels\EditMessage\AwardSettingManager\AddAwardSettingViewModel.cs(22,16): warning CS8618: 鍦ㄩ€€鍑烘瀯閫犲嚱鏁版椂锛屼笉鍙负 null 鐨?瀛楁 "awardName" 蹇呴』鍖呭惈闈?null 鍊笺€傝鑰冭檻娣诲姞 "required" 淇グ绗︽垨灏嗚 瀛楁 澹版槑涓哄彲涓?null銆?[C:\Users\鏉庨暱鎭抃Desktop\姣曚笟璁捐涓湡妫€鏌SIAS2025\2025姣曚笟璁捐\2025姣曚笟璁捐_bau1v4gn_wpftmp.csproj]
C:\Users\鏉庨暱鎭抃Desktop\姣曚笟璁捐涓湡妫€鏌SIAS2025\2025姣曚笟璁捐\ViewModels\EditMessage\AwardSettingManager\AddAwardSettingViewModel.cs(22,16): warning CS8618: 鍦ㄩ€€鍑烘瀯閫犲嚱鏁版椂锛屼笉鍙负 null 鐨?瀛楁 "saveCommand" 蹇呴』鍖呭惈闈?null 鍊笺€傝鑰冭檻娣诲姞 "required" 淇グ绗︽垨灏嗚 瀛楁 澹版槑涓哄彲涓?null銆?[C:\Users\鏉庨暱鎭抃Desktop\姣曚笟璁捐涓湡妫€鏌SIAS2025\2025姣曚笟璁捐\2025姣曚笟璁捐_bau1v4gn_wpftmp.csproj]
C:\Users\鏉庨暱鎭抃Desktop\姣曚笟璁捐涓湡妫€鏌SIAS2025\2025姣曚笟璁捐\ViewModels\EditMessage\AwardSettingManager\AddAwardSettingViewModel.cs(22,16): warning CS8618: 鍦ㄩ€€鍑烘瀯閫犲嚱鏁版椂锛屼笉鍙负 null 鐨?瀛楁 "cancelCommand" 蹇呴』鍖呭惈闈?null 鍊笺€傝鑰冭檻娣诲姞 "required" 淇グ绗︽垨灏嗚 瀛楁 澹版槑涓哄彲涓?null銆?[C:\Users\鏉庨暱鎭抃Desktop\姣曚笟璁捐涓湡妫€鏌SIAS2025\2025姣曚笟璁捐\2025姣曚笟璁捐_bau1v4gn_wpftmp.csproj]
C:\Users\鏉庨暱鎭抃Desktop\姣曚笟璁捐涓湡妫€鏌SIAS2025\2025姣曚笟璁捐\ViewModels\Pages\DepartmentManagerViewModel.cs(35,16): warning CS8618: 鍦ㄩ€€鍑烘瀯閫犲嚱鏁版椂锛屼笉鍙负 null 鐨?瀛楁 "searchBackground" 蹇呴』鍖呭惈闈?null 鍊笺€傝鑰冭檻娣诲姞 "required" 淇グ绗︽垨灏嗚 瀛楁 澹版槑涓哄彲涓?null銆?[C:\Users\鏉庨暱鎭抃Desktop\姣曚笟璁捐涓湡妫€鏌SIAS2025\2025姣曚笟璁捐\2025姣曚笟璁捐_bau1v4gn_wpftmp.csproj]
C:\Users\鏉庨暱鎭抃Desktop\姣曚笟璁捐涓湡妫€鏌SIAS2025\2025姣曚笟璁捐\ViewModels\Pages\DepartmentManagerViewModel.cs(35,16): warning CS8618: 鍦ㄩ€€鍑烘瀯閫犲嚱鏁版椂锛屼笉鍙负 null 鐨?瀛楁 "departments" 蹇呴』鍖呭惈闈?null 鍊笺€傝鑰冭檻娣诲姞 "required" 淇グ绗︽垨灏嗚 瀛楁 澹版槑涓哄彲涓?null銆?[C:\Users\鏉庨暱鎭抃Desktop\姣曚笟璁捐涓湡妫€鏌SIAS2025\2025姣曚笟璁捐\2025姣曚笟璁捐_bau1v4gn_wpftmp.csproj]
C:\Users\鏉庨暱鎭抃Desktop\姣曚笟璁捐涓湡妫€鏌SIAS2025\2025姣曚笟璁捐\ViewModels\Pages\DepartmentManagerViewModel.cs(35,16): warning CS8618: 鍦ㄩ€€鍑烘瀯閫犲嚱鏁版椂锛屼笉鍙负 null 鐨?瀛楁 "tempDepartments" 蹇呴』鍖呭惈闈?null 鍊笺€傝鑰冭檻娣诲姞 "required" 淇グ绗︽垨灏嗚 瀛楁 澹版槑涓哄彲涓?null銆?[C:\Users\鏉庨暱鎭抃Desktop\姣曚笟璁捐涓湡妫€鏌SIAS2025\2025姣曚笟璁捐\2025姣曚笟璁捐_bau1v4gn_wpftmp.csproj]
C:\Users\鏉庨暱鎭抃Desktop\姣曚笟璁捐涓湡妫€鏌SIAS2025\2025姣曚笟璁捐\ViewModels\Pages\DepartmentManagerViewModel.cs(35,16): warning CS8618: 鍦ㄩ€€鍑烘瀯閫犲嚱鏁版椂锛屼笉鍙负 null 鐨?瀛楁 "listViewDepartments" 蹇呴』鍖呭惈闈?null 鍊笺€傝鑰冭檻娣诲姞 "required" 淇グ绗︽垨灏嗚 瀛楁 澹版槑涓哄彲涓?null銆?[C:\Users\鏉庨暱鎭抃Desktop\姣曚笟璁捐涓湡妫€鏌SIAS2025\2025姣曚笟璁捐\2025姣曚笟璁捐_bau1v4gn_wpftmp.csproj]
C:\Users\鏉庨暱鎭抃Desktop\姣曚笟璁捐涓湡妫€鏌SIAS2025\2025姣曚笟璁捐\ViewModels\Pages\DepartmentManagerViewModel.cs(35,16): warning CS8618: 鍦ㄩ€€鍑烘瀯閫犲嚱鏁版椂锛屼笉鍙负 null 鐨?瀛楁 "selectedDepartment" 蹇呴』鍖呭惈闈?null 鍊笺€傝鑰冭檻娣诲姞 "required" 淇グ绗︽垨灏嗚 瀛楁 澹版槑涓哄彲涓?null銆?[C:\Users\鏉庨暱鎭抃Desktop\姣曚笟璁捐涓湡妫€鏌SIAS2025\2025姣曚笟璁捐\2025姣曚笟璁捐_bau1v4gn_wpftmp.csproj]
C:\Users\鏉庨暱鎭抃Desktop\姣曚笟璁捐涓湡妫€鏌SIAS2025\2025姣曚笟璁捐\ViewModels\Pages\DepartmentManagerViewModel.cs(35,16): warning CS8618: 鍦ㄩ€€鍑烘瀯閫犲嚱鏁版椂锛屼笉鍙负 null 鐨?瀛楁 "searchKeyword" 蹇呴』鍖呭惈闈?null 鍊笺€傝鑰冭檻娣诲姞 "required" 淇グ绗︽垨灏嗚 瀛楁 澹版槑涓哄彲涓?null銆?[C:\Users\鏉庨暱鎭抃Desktop\姣曚笟璁捐涓湡妫€鏌SIAS2025\2025姣曚笟璁捐\2025姣曚笟璁捐_bau1v4gn_wpftmp.csproj]
C:\Users\鏉庨暱鎭抃Desktop\姣曚笟璁捐涓湡妫€鏌SIAS2025\2025姣曚笟璁捐\ViewModels\Pages\DepartmentManagerViewModel.cs(35,16): warning CS8618: 鍦ㄩ€€鍑烘瀯閫犲嚱鏁版椂锛屼笉鍙负 null 鐨?瀛楁 "pageSizeOptions" 蹇呴』鍖呭惈闈?null 鍊笺€傝鑰冭檻娣诲姞 "required" 淇グ绗︽垨灏嗚 瀛楁 澹版槑涓哄彲涓?null銆?[C:\Users\鏉庨暱鎭抃Desktop\姣曚笟璁捐涓湡妫€鏌SIAS2025\2025姣曚笟璁捐\2025姣曚笟璁捐_bau1v4gn_wpftmp.csproj]
C:\Users\鏉庨暱鎭抃Desktop\姣曚笟璁捐涓湡妫€鏌SIAS2025\2025姣曚笟璁捐\ViewModels\Pages\DepartmentManagerViewModel.cs(35,16): warning CS8618: 鍦ㄩ€€鍑烘瀯閫犲嚱鏁版椂锛屼笉鍙负 null 鐨?瀛楁 "searchText" 蹇呴』鍖呭惈闈?null 鍊笺€傝鑰冭檻娣诲姞 "required" 淇グ绗︽垨灏嗚 瀛楁 澹版槑涓哄彲涓?null銆?[C:\Users\鏉庨暱鎭抃Desktop\姣曚笟璁捐涓湡妫€鏌SIAS2025\2025姣曚笟璁捐\2025姣曚笟璁捐_bau1v4gn_wpftmp.csproj]
C:\Users\鏉庨暱鎭抃Desktop\姣曚笟璁捐涓湡妫€鏌SIAS2025\2025姣曚笟璁捐\ViewModels\Pages\DepartmentManagerViewModel.cs(35,16): warning CS8618: 鍦ㄩ€€鍑烘瀯閫犲嚱鏁版椂锛屼笉鍙负 null 鐨?瀛楁 "pageSizeChangedCommand" 蹇呴』鍖呭惈闈?null 鍊笺€傝鑰冭檻娣诲姞 "required" 淇グ绗︽垨灏嗚 瀛楁 澹版槑涓哄彲涓?null銆?[C:\Users\鏉庨暱鎭抃Desktop\姣曚笟璁捐涓湡妫€鏌SIAS2025\2025姣曚笟璁捐\2025姣曚笟璁捐_bau1v4gn_wpftmp.csproj]
C:\Users\鏉庨暱鎭抃Desktop\姣曚笟璁捐涓湡妫€鏌SIAS2025\2025姣曚笟璁捐\ViewModels\Pages\DepartmentManagerViewModel.cs(35,16): warning CS8618: 鍦ㄩ€€鍑烘瀯閫犲嚱鏁版椂锛屼笉鍙负 null 鐨?瀛楁 "previousPageCommand" 蹇呴』鍖呭惈闈?null 鍊笺€傝鑰冭檻娣诲姞 "required" 淇グ绗︽垨灏嗚 瀛楁 澹版槑涓哄彲涓?null銆?[C:\Users\鏉庨暱鎭抃Desktop\姣曚笟璁捐涓湡妫€鏌SIAS2025\2025姣曚笟璁捐\2025姣曚笟璁捐_bau1v4gn_wpftmp.csproj]
C:\Users\鏉庨暱鎭抃Desktop\姣曚笟璁捐涓湡妫€鏌SIAS2025\2025姣曚笟璁捐\ViewModels\Pages\DepartmentManagerViewModel.cs(35,16): warning CS8618: 鍦ㄩ€€鍑烘瀯閫犲嚱鏁版椂锛屼笉鍙负 null 鐨?瀛楁 "nextPageCommand" 蹇呴』鍖呭惈闈?null 鍊笺€傝鑰冭檻娣诲姞 "required" 淇グ绗︽垨灏嗚 瀛楁 澹版槑涓哄彲涓?null銆?[C:\Users\鏉庨暱鎭抃Desktop\姣曚笟璁捐涓湡妫€鏌SIAS2025\2025姣曚笟璁捐\2025姣曚笟璁捐_bau1v4gn_wpftmp.csproj]
C:\Users\鏉庨暱鎭抃Desktop\姣曚笟璁捐涓湡妫€鏌SIAS2025\2025姣曚笟璁捐\ViewModels\Pages\DepartmentManagerViewModel.cs(35,16): warning CS8618: 鍦ㄩ€€鍑烘瀯閫犲嚱鏁版椂锛屼笉鍙负 null 鐨?瀛楁 "jumpPageCommand" 蹇呴』鍖呭惈闈?null 鍊笺€傝鑰冭檻娣诲姞 "required" 淇グ绗︽垨灏嗚 瀛楁 澹版槑涓哄彲涓?null銆?[C:\Users\鏉庨暱鎭抃Desktop\姣曚笟璁捐涓湡妫€鏌SIAS2025\2025姣曚笟璁捐\2025姣曚笟璁捐_bau1v4gn_wpftmp.csproj]
C:\Users\鏉庨暱鎭抃Desktop\姣曚笟璁捐涓湡妫€鏌SIAS2025\2025姣曚笟璁捐\ViewModels\Pages\AwardSettingViewModel.cs(36,16): warning CS8618: 鍦ㄩ€€鍑烘瀯閫犲嚱鏁版椂锛屼笉鍙负 null 鐨?瀛楁 "searchKeyword" 蹇呴』鍖呭惈闈?null 鍊笺€傝鑰冭檻娣诲姞 "required" 淇グ绗︽垨灏嗚 瀛楁 澹版槑涓哄彲涓?null銆?[C:\Users\鏉庨暱鎭抃Desktop\姣曚笟璁捐涓湡妫€鏌SIAS2025\2025姣曚笟璁捐\2025姣曚笟璁捐_bau1v4gn_wpftmp.csproj]
C:\Users\鏉庨暱鎭抃Desktop\姣曚笟璁捐涓湡妫€鏌SIAS2025\2025姣曚笟璁捐\ViewModels\Pages\AwardSettingViewModel.cs(36,16): warning CS8618: 鍦ㄩ€€鍑烘瀯閫犲嚱鏁版椂锛屼笉鍙负 null 鐨?瀛楁 "selectedAwardSetting" 蹇呴』鍖呭惈闈?null 鍊笺€傝鑰冭檻娣诲姞 "required" 淇グ绗︽垨灏嗚 瀛楁 澹版槑涓哄彲涓?null銆?[C:\Users\鏉庨暱鎭抃Desktop\姣曚笟璁捐涓湡妫€鏌SIAS2025\2025姣曚笟璁捐\2025姣曚笟璁捐_bau1v4gn_wpftmp.csproj]
C:\Users\鏉庨暱鎭抃Desktop\姣曚笟璁捐涓湡妫€鏌SIAS2025\2025姣曚笟璁捐\ViewModels\Pages\AwardSettingViewModel.cs(36,16): warning CS8618: 鍦ㄩ€€鍑烘瀯閫犲嚱鏁版椂锛屼笉鍙负 null 鐨?瀛楁 "awardSettings" 蹇呴』鍖呭惈闈?null 鍊笺€傝鑰冭檻娣诲姞 "required" 淇グ绗︽垨灏嗚 瀛楁 澹版槑涓哄彲涓?null銆?[C:\Users\鏉庨暱鎭抃Desktop\姣曚笟璁捐涓湡妫€鏌SIAS2025\2025姣曚笟璁捐\2025姣曚笟璁捐_bau1v4gn_wpftmp.csproj]
C:\Users\鏉庨暱鎭抃Desktop\姣曚笟璁捐涓湡妫€鏌SIAS2025\2025姣曚笟璁捐\ViewModels\Pages\AwardSettingViewModel.cs(36,16): warning CS8618: 鍦ㄩ€€鍑烘瀯閫犲嚱鏁版椂锛屼笉鍙负 null 鐨?瀛楁 "tempAwardSettings" 蹇呴』鍖呭惈闈?null 鍊笺€傝鑰冭檻娣诲姞 "required" 淇グ绗︽垨灏嗚 瀛楁 澹版槑涓哄彲涓?null銆?[C:\Users\鏉庨暱鎭抃Desktop\姣曚笟璁捐涓湡妫€鏌SIAS2025\2025姣曚笟璁捐\2025姣曚笟璁捐_bau1v4gn_wpftmp.csproj]
C:\Users\鏉庨暱鎭抃Desktop\姣曚笟璁捐涓湡妫€鏌SIAS2025\2025姣曚笟璁捐\ViewModels\Pages\AwardSettingViewModel.cs(36,16): warning CS8618: 鍦ㄩ€€鍑烘瀯閫犲嚱鏁版椂锛屼笉鍙负 null 鐨?瀛楁 "listViewAwardSettings" 蹇呴』鍖呭惈闈?null 鍊笺€傝鑰冭檻娣诲姞 "required" 淇グ绗︽垨灏嗚 瀛楁 澹版槑涓哄彲涓?null銆?[C:\Users\鏉庨暱鎭抃Desktop\姣曚笟璁捐涓湡妫€鏌SIAS2025\2025姣曚笟璁捐\2025姣曚笟璁捐_bau1v4gn_wpftmp.csproj]
C:\Users\鏉庨暱鎭抃Desktop\姣曚笟璁捐涓湡妫€鏌SIAS2025\2025姣曚笟璁捐\ViewModels\Pages\AwardSettingViewModel.cs(36,16): warning CS8618: 鍦ㄩ€€鍑烘瀯閫犲嚱鏁版椂锛屼笉鍙负 null 鐨?瀛楁 "searchBackground" 蹇呴』鍖呭惈闈?null 鍊笺€傝鑰冭檻娣诲姞 "required" 淇グ绗︽垨灏嗚 瀛楁 澹版槑涓哄彲涓?null銆?[C:\Users\鏉庨暱鎭抃Desktop\姣曚笟璁捐涓湡妫€鏌SIAS2025\2025姣曚笟璁捐\2025姣曚笟璁捐_bau1v4gn_wpftmp.csproj]
C:\Users\鏉庨暱鎭抃Desktop\姣曚笟璁捐涓湡妫€鏌SIAS2025\2025姣曚笟璁捐\ViewModels\Pages\AwardSettingViewModel.cs(36,16): warning CS8618: 鍦ㄩ€€鍑烘瀯閫犲嚱鏁版椂锛屼笉鍙负 null 鐨?瀛楁 "exportDataCommand" 蹇呴』鍖呭惈闈?null 鍊笺€傝鑰冭檻娣诲姞 "required" 淇グ绗︽垨灏嗚 瀛楁 澹版槑涓哄彲涓?null銆?[C:\Users\鏉庨暱鎭抃Desktop\姣曚笟璁捐涓湡妫€鏌SIAS2025\2025姣曚笟璁捐\2025姣曚笟璁捐_bau1v4gn_wpftmp.csproj]
C:\Users\鏉庨暱鎭抃Desktop\姣曚笟璁捐涓湡妫€鏌SIAS2025\2025姣曚笟璁捐\ViewModels\Pages\AwardSettingViewModel.cs(36,16): warning CS8618: 鍦ㄩ€€鍑烘瀯閫犲嚱鏁版椂锛屼笉鍙负 null 鐨?瀛楁 "pageSizeOptions" 蹇呴』鍖呭惈闈?null 鍊笺€傝鑰冭檻娣诲姞 "required" 淇グ绗︽垨灏嗚 瀛楁 澹版槑涓哄彲涓?null銆?[C:\Users\鏉庨暱鎭抃Desktop\姣曚笟璁捐涓湡妫€鏌SIAS2025\2025姣曚笟璁捐\2025姣曚笟璁捐_bau1v4gn_wpftmp.csproj]
C:\Users\鏉庨暱鎭抃Desktop\姣曚笟璁捐涓湡妫€鏌SIAS2025\2025姣曚笟璁捐\ViewModels\Pages\AwardSettingViewModel.cs(36,16): warning CS8618: 鍦ㄩ€€鍑烘瀯閫犲嚱鏁版椂锛屼笉鍙负 null 鐨?瀛楁 "searchText" 蹇呴』鍖呭惈闈?null 鍊笺€傝鑰冭檻娣诲姞 "required" 淇グ绗︽垨灏嗚 瀛楁 澹版槑涓哄彲涓?null銆?[C:\Users\鏉庨暱鎭抃Desktop\姣曚笟璁捐涓湡妫€鏌SIAS2025\2025姣曚笟璁捐\2025姣曚笟璁捐_bau1v4gn_wpftmp.csproj]
C:\Users\鏉庨暱鎭抃Desktop\姣曚笟璁捐涓湡妫€鏌SIAS2025\2025姣曚笟璁捐\ViewModels\Pages\AwardSettingViewModel.cs(36,16): warning CS8618: 鍦ㄩ€€鍑烘瀯閫犲嚱鏁版椂锛屼笉鍙负 null 鐨?瀛楁 "previousPageCommand" 蹇呴』鍖呭惈闈?null 鍊笺€傝鑰冭檻娣诲姞 "required" 淇グ绗︽垨灏嗚 瀛楁 澹版槑涓哄彲涓?null銆?[C:\Users\鏉庨暱鎭抃Desktop\姣曚笟璁捐涓湡妫€鏌SIAS2025\2025姣曚笟璁捐\2025姣曚笟璁捐_bau1v4gn_wpftmp.csproj]
C:\Users\鏉庨暱鎭抃Desktop\姣曚笟璁捐涓湡妫€鏌SIAS2025\2025姣曚笟璁捐\ViewModels\Pages\AwardSettingViewModel.cs(36,16): warning CS8618: 鍦ㄩ€€鍑烘瀯閫犲嚱鏁版椂锛屼笉鍙负 null 鐨?瀛楁 "nextPageCommand" 蹇呴』鍖呭惈闈?null 鍊笺€傝鑰冭檻娣诲姞 "required" 淇グ绗︽垨灏嗚 瀛楁 澹版槑涓哄彲涓?null銆?[C:\Users\鏉庨暱鎭抃Desktop\姣曚笟璁捐涓湡妫€鏌SIAS2025\2025姣曚笟璁捐\2025姣曚笟璁捐_bau1v4gn_wpftmp.csproj]
C:\Users\鏉庨暱鎭抃Desktop\姣曚笟璁捐涓湡妫€鏌SIAS2025\2025姣曚笟璁捐\ViewModels\Pages\AwardSettingViewModel.cs(36,16): warning CS8618: 鍦ㄩ€€鍑烘瀯閫犲嚱鏁版椂锛屼笉鍙负 null 鐨?瀛楁 "jumpPageCommand" 蹇呴』鍖呭惈闈?null 鍊笺€傝鑰冭檻娣诲姞 "required" 淇グ绗︽垨灏嗚 瀛楁 澹版槑涓哄彲涓?null銆?[C:\Users\鏉庨暱鎭抃Desktop\姣曚笟璁捐涓湡妫€鏌SIAS2025\2025姣曚笟璁捐\2025姣曚笟璁捐_bau1v4gn_wpftmp.csproj]
C:\Users\鏉庨暱鎭抃Desktop\姣曚笟璁捐涓湡妫€鏌SIAS2025\2025姣曚笟璁捐\ViewModels\Pages\AwardSettingViewModel.cs(36,16): warning CS8618: 鍦ㄩ€€鍑烘瀯閫犲嚱鏁版椂锛屼笉鍙负 null 鐨?瀛楁 "pageSizeChangedCommand" 蹇呴』鍖呭惈闈?null 鍊笺€傝鑰冭檻娣诲姞 "required" 淇グ绗︽垨灏嗚 瀛楁 澹版槑涓哄彲涓?null銆?[C:\Users\鏉庨暱鎭抃Desktop\姣曚笟璁捐涓湡妫€鏌SIAS2025\2025姣曚笟璁捐\2025姣曚笟璁捐_bau1v4gn_wpftmp.csproj]
C:\Users\鏉庨暱鎭抃Desktop\姣曚笟璁捐涓湡妫€鏌SIAS2025\2025姣曚笟璁捐\ViewModels\EditMessage\AwardSettingManager\EditAwardSettingViewModel.cs(124,35): warning CS8601: 鍙兘鐨?null 寮曠敤璧嬪€笺€?[C:\Users\鏉庨暱鎭抃Desktop\姣曚笟璁捐涓湡妫€鏌SIAS2025\2025姣曚笟璁捐\2025姣曚笟璁捐_bau1v4gn_wpftmp.csproj]
C:\Users\鏉庨暱鎭抃Desktop\姣曚笟璁捐涓湡妫€鏌SIAS2025\2025姣曚笟璁捐\ViewModels\Pages\VoteEntranceViewModel.cs(55,21): warning CS4014: 鐢变簬姝よ皟鐢ㄤ笉浼氱瓑寰咃紝鍥犳鍦ㄦ璋冪敤瀹屾垚涔嬪墠灏嗕細缁х画鎵ц褰撳墠鏂规硶銆傝鑰冭檻灏?"await" 杩愮畻绗﹀簲鐢ㄤ簬璋冪敤缁撴灉銆?[C:\Users\鏉庨暱鎭抃Desktop\姣曚笟璁捐涓湡妫€鏌SIAS2025\2025姣曚笟璁捐\2025姣曚笟璁捐_bau1v4gn_wpftmp.csproj]
C:\Users\鏉庨暱鎭抃Desktop\姣曚笟璁捐涓湡妫€鏌SIAS2025\2025姣曚笟璁捐\ViewModels\Pages\VoteEntranceViewModel.cs(58,21): warning CS4014: 鐢变簬姝よ皟鐢ㄤ笉浼氱瓑寰咃紝鍥犳鍦ㄦ璋冪敤瀹屾垚涔嬪墠灏嗕細缁х画鎵ц褰撳墠鏂规硶銆傝鑰冭檻灏?"await" 杩愮畻绗﹀簲鐢ㄤ簬璋冪敤缁撴灉銆?[C:\Users\鏉庨暱鎭抃Desktop\姣曚笟璁捐涓湡妫€鏌SIAS2025\2025姣曚笟璁捐\2025姣曚笟璁捐_bau1v4gn_wpftmp.csproj]
C:\Users\鏉庨暱鎭抃Desktop\姣曚笟璁捐涓湡妫€鏌SIAS2025\2025姣曚笟璁捐\ViewModels\Pages\AwardNominateViewModel.cs(37,16): warning CS8618: 鍦ㄩ€€鍑烘瀯閫犲嚱鏁版椂锛屼笉鍙负 null 鐨?瀛楁 "searchKeyword" 蹇呴』鍖呭惈闈?null 鍊笺€傝鑰冭檻娣诲姞 "required" 淇グ绗︽垨灏嗚 瀛楁 澹版槑涓哄彲涓?null銆?[C:\Users\鏉庨暱鎭抃Desktop\姣曚笟璁捐涓湡妫€鏌SIAS2025\2025姣曚笟璁捐\2025姣曚笟璁捐_bau1v4gn_wpftmp.csproj]
C:\Users\鏉庨暱鎭抃Desktop\姣曚笟璁捐涓湡妫€鏌SIAS2025\2025姣曚笟璁捐\ViewModels\Pages\AwardNominateViewModel.cs(37,16): warning CS8618: 鍦ㄩ€€鍑烘瀯閫犲嚱鏁版椂锛屼笉鍙负 null 鐨?瀛楁 "nominates" 蹇呴』鍖呭惈闈?null 鍊笺€傝鑰冭檻娣诲姞 "required" 淇グ绗︽垨灏嗚 瀛楁 澹版槑涓哄彲涓?null銆?[C:\Users\鏉庨暱鎭抃Desktop\姣曚笟璁捐涓湡妫€鏌SIAS2025\2025姣曚笟璁捐\2025姣曚笟璁捐_bau1v4gn_wpftmp.csproj]
C:\Users\鏉庨暱鎭抃Desktop\姣曚笟璁捐涓湡妫€鏌SIAS2025\2025姣曚笟璁捐\ViewModels\Pages\AwardNominateViewModel.cs(37,16): warning CS8618: 鍦ㄩ€€鍑烘瀯閫犲嚱鏁版椂锛屼笉鍙负 null 鐨?瀛楁 "tempViewNominates" 蹇呴』鍖呭惈闈?null 鍊笺€傝鑰冭檻娣诲姞 "required" 淇グ绗︽垨灏嗚 瀛楁 澹版槑涓哄彲涓?null銆?[C:\Users\鏉庨暱鎭抃Desktop\姣曚笟璁捐涓湡妫€鏌SIAS2025\2025姣曚笟璁捐\2025姣曚笟璁捐_bau1v4gn_wpftmp.csproj]
C:\Users\鏉庨暱鎭抃Desktop\姣曚笟璁捐涓湡妫€鏌SIAS2025\2025姣曚笟璁捐\ViewModels\Pages\AwardNominateViewModel.cs(37,16): warning CS8618: 鍦ㄩ€€鍑烘瀯閫犲嚱鏁版椂锛屼笉鍙负 null 鐨?瀛楁 "listViewNominates" 蹇呴』鍖呭惈闈?null 鍊笺€傝鑰冭檻娣诲姞 "required" 淇グ绗︽垨灏嗚 瀛楁 澹版槑涓哄彲涓?null銆?[C:\Users\鏉庨暱鎭抃Desktop\姣曚笟璁捐涓湡妫€鏌SIAS2025\2025姣曚笟璁捐\2025姣曚笟璁捐_bau1v4gn_wpftmp.csproj]
C:\Users\鏉庨暱鎭抃Desktop\姣曚笟璁捐涓湡妫€鏌SIAS2025\2025姣曚笟璁捐\ViewModels\Pages\AwardNominateViewModel.cs(37,16): warning CS8618: 鍦ㄩ€€鍑烘瀯閫犲嚱鏁版椂锛屼笉鍙负 null 鐨?瀛楁 "selectedNominate" 蹇呴』鍖呭惈闈?null 鍊笺€傝鑰冭檻娣诲姞 "required" 淇グ绗︽垨灏嗚 瀛楁 澹版槑涓哄彲涓?null銆?[C:\Users\鏉庨暱鎭抃Desktop\姣曚笟璁捐涓湡妫€鏌SIAS2025\2025姣曚笟璁捐\2025姣曚笟璁捐_bau1v4gn_wpftmp.csproj]
C:\Users\鏉庨暱鎭抃Desktop\姣曚笟璁捐涓湡妫€鏌SIAS2025\2025姣曚笟璁捐\ViewModels\Pages\AwardNominateViewModel.cs(37,16): warning CS8618: 鍦ㄩ€€鍑烘瀯閫犲嚱鏁版椂锛屼笉鍙负 null 鐨?瀛楁 "searchBackground" 蹇呴』鍖呭惈闈?null 鍊笺€傝鑰冭檻娣诲姞 "required" 淇グ绗︽垨灏嗚 瀛楁 澹版槑涓哄彲涓?null銆?[C:\Users\鏉庨暱鎭抃Desktop\姣曚笟璁捐涓湡妫€鏌SIAS2025\2025姣曚笟璁捐\2025姣曚笟璁捐_bau1v4gn_wpftmp.csproj]
C:\Users\鏉庨暱鎭抃Desktop\姣曚笟璁捐涓湡妫€鏌SIAS2025\2025姣曚笟璁捐\ViewModels\Pages\AwardNominateViewModel.cs(37,16): warning CS8618: 鍦ㄩ€€鍑烘瀯閫犲嚱鏁版椂锛屼笉鍙负 null 鐨?瀛楁 "exportDataCommand" 蹇呴』鍖呭惈闈?null 鍊笺€傝鑰冭檻娣诲姞 "required" 淇グ绗︽垨灏嗚 瀛楁 澹版槑涓哄彲涓?null銆?[C:\Users\鏉庨暱鎭抃Desktop\姣曚笟璁捐涓湡妫€鏌SIAS2025\2025姣曚笟璁捐\2025姣曚笟璁捐_bau1v4gn_wpftmp.csproj]
C:\Users\鏉庨暱鎭抃Desktop\姣曚笟璁捐涓湡妫€鏌SIAS2025\2025姣曚笟璁捐\ViewModels\Pages\AwardNominateViewModel.cs(37,16): warning CS8618: 鍦ㄩ€€鍑烘瀯閫犲嚱鏁版椂锛屼笉鍙负 null 鐨?瀛楁 "pageSizeOptions" 蹇呴』鍖呭惈闈?null 鍊笺€傝鑰冭檻娣诲姞 "required" 淇グ绗︽垨灏嗚 瀛楁 澹版槑涓哄彲涓?null銆?[C:\Users\鏉庨暱鎭抃Desktop\姣曚笟璁捐涓湡妫€鏌SIAS2025\2025姣曚笟璁捐\2025姣曚笟璁捐_bau1v4gn_wpftmp.csproj]
C:\Users\鏉庨暱鎭抃Desktop\姣曚笟璁捐涓湡妫€鏌SIAS2025\2025姣曚笟璁捐\ViewModels\Pages\AwardNominateViewModel.cs(37,16): warning CS8618: 鍦ㄩ€€鍑烘瀯閫犲嚱鏁版椂锛屼笉鍙负 null 鐨?瀛楁 "searchText" 蹇呴』鍖呭惈闈?null 鍊笺€傝鑰冭檻娣诲姞 "required" 淇グ绗︽垨灏嗚 瀛楁 澹版槑涓哄彲涓?null銆?[C:\Users\鏉庨暱鎭抃Desktop\姣曚笟璁捐涓湡妫€鏌SIAS2025\2025姣曚笟璁捐\2025姣曚笟璁捐_bau1v4gn_wpftmp.csproj]
C:\Users\鏉庨暱鎭抃Desktop\姣曚笟璁捐涓湡妫€鏌SIAS2025\2025姣曚笟璁捐\ViewModels\Pages\AwardNominateViewModel.cs(37,16): warning CS8618: 鍦ㄩ€€鍑烘瀯閫犲嚱鏁版椂锛屼笉鍙负 null 鐨?瀛楁 "previousPageCommand" 蹇呴』鍖呭惈闈?null 鍊笺€傝鑰冭檻娣诲姞 "required" 淇グ绗︽垨灏嗚 瀛楁 澹版槑涓哄彲涓?null銆?[C:\Users\鏉庨暱鎭抃Desktop\姣曚笟璁捐涓湡妫€鏌SIAS2025\2025姣曚笟璁捐\2025姣曚笟璁捐_bau1v4gn_wpftmp.csproj]
C:\Users\鏉庨暱鎭抃Desktop\姣曚笟璁捐涓湡妫€鏌SIAS2025\2025姣曚笟璁捐\ViewModels\Pages\AwardNominateViewModel.cs(37,16): warning CS8618: 鍦ㄩ€€鍑烘瀯閫犲嚱鏁版椂锛屼笉鍙负 null 鐨?瀛楁 "nextPageCommand" 蹇呴』鍖呭惈闈?null 鍊笺€傝鑰冭檻娣诲姞 "required" 淇グ绗︽垨灏嗚 瀛楁 澹版槑涓哄彲涓?null銆?[C:\Users\鏉庨暱鎭抃Desktop\姣曚笟璁捐涓湡妫€鏌SIAS2025\2025姣曚笟璁捐\2025姣曚笟璁捐_bau1v4gn_wpftmp.csproj]
C:\Users\鏉庨暱鎭抃Desktop\姣曚笟璁捐涓湡妫€鏌SIAS2025\2025姣曚笟璁捐\ViewModels\Pages\AwardNominateViewModel.cs(37,16): warning CS8618: 鍦ㄩ€€鍑烘瀯閫犲嚱鏁版椂锛屼笉鍙负 null 鐨?瀛楁 "jumpPageCommand" 蹇呴』鍖呭惈闈?null 鍊笺€傝鑰冭檻娣诲姞 "required" 淇グ绗︽垨灏嗚 瀛楁 澹版槑涓哄彲涓?null銆?[C:\Users\鏉庨暱鎭抃Desktop\姣曚笟璁捐涓湡妫€鏌SIAS2025\2025姣曚笟璁捐\2025姣曚笟璁捐_bau1v4gn_wpftmp.csproj]
C:\Users\鏉庨暱鎭抃Desktop\姣曚笟璁捐涓湡妫€鏌SIAS2025\2025姣曚笟璁捐\ViewModels\Pages\AwardNominateViewModel.cs(37,16): warning CS8618: 鍦ㄩ€€鍑烘瀯閫犲嚱鏁版椂锛屼笉鍙负 null 鐨?瀛楁 "pageSizeChangedCommand" 蹇呴』鍖呭惈闈?null 鍊笺€傝鑰冭檻娣诲姞 "required" 淇グ绗︽垨灏嗚 瀛楁 澹版槑涓哄彲涓?null銆?[C:\Users\鏉庨暱鎭抃Desktop\姣曚笟璁捐涓湡妫€鏌SIAS2025\2025姣曚笟璁捐\2025姣曚笟璁捐_bau1v4gn_wpftmp.csproj]
C:\Users\鏉庨暱鎭抃Desktop\姣曚笟璁捐涓湡妫€鏌SIAS2025\2025姣曚笟璁捐\Converter\DateFormatConverter.cs(32,20): warning CS8603: 鍙兘杩斿洖 null 寮曠敤銆?[C:\Users\鏉庨暱鎭抃Desktop\姣曚笟璁捐涓湡妫€鏌SIAS2025\2025姣曚笟璁捐\2025姣曚笟璁捐_bau1v4gn_wpftmp.csproj]
C:\Users\鏉庨暱鎭抃Desktop\姣曚笟璁捐涓湡妫€鏌SIAS2025\2025姣曚笟璁捐\Converter\VoteEntranceConverter.cs(35,24): warning CS8603: 鍙兘杩斿洖 null 寮曠敤銆?[C:\Users\鏉庨暱鎭抃Desktop\姣曚笟璁捐涓湡妫€鏌SIAS2025\2025姣曚笟璁捐\2025姣曚笟璁捐_bau1v4gn_wpftmp.csproj]
C:\Users\鏉庨暱鎭抃Desktop\姣曚笟璁捐涓湡妫€鏌SIAS2025\2025姣曚笟璁捐\Converter\VoteEntranceConverter.cs(60,24): warning CS8603: 鍙兘杩斿洖 null 寮曠敤銆?[C:\Users\鏉庨暱鎭抃Desktop\姣曚笟璁捐涓湡妫€鏌SIAS2025\2025姣曚笟璁捐\2025姣曚笟璁捐_bau1v4gn_wpftmp.csproj]
C:\Users\鏉庨暱鎭抃Desktop\姣曚笟璁捐涓湡妫€鏌SIAS2025\2025姣曚笟璁捐\Services\AdminService.cs(35,20): warning CS8619: 绫诲瀷鈥淭ask<Admin?>鈥濈殑鍊间腑寮曠敤绫诲瀷鐨勪负 Null 鎬т笌鐩爣绫诲瀷鈥淭ask<Admin>鈥濅笉鍖归厤銆?[C:\Users\鏉庨暱鎭抃Desktop\姣曚笟璁捐涓湡妫€鏌SIAS2025\2025姣曚笟璁捐\2025姣曚笟璁捐_bau1v4gn_wpftmp.csproj]
C:\Users\鏉庨暱鎭抃Desktop\姣曚笟璁捐涓湡妫€鏌SIAS2025\2025姣曚笟璁捐\ViewModels\Pages\EmployeeManagerViewModel.cs(38,16): warning CS8618: 鍦ㄩ€€鍑烘瀯閫犲嚱鏁版椂锛屼笉鍙负 null 鐨?瀛楁 "status" 蹇呴』鍖呭惈闈?null 鍊笺€傝鑰冭檻娣诲姞 "required" 淇グ绗︽垨灏嗚 瀛楁 澹版槑涓哄彲涓?null銆?[C:\Users\鏉庨暱鎭抃Desktop\姣曚笟璁捐涓湡妫€鏌SIAS2025\2025姣曚笟璁捐\2025姣曚笟璁捐_bau1v4gn_wpftmp.csproj]
C:\Users\鏉庨暱鎭抃Desktop\姣曚笟璁捐涓湡妫€鏌SIAS2025\2025姣曚笟璁捐\ViewModels\Pages\EmployeeManagerViewModel.cs(38,16): warning CS8618: 鍦ㄩ€€鍑烘瀯閫犲嚱鏁版椂锛屼笉鍙负 null 鐨?瀛楁 "searchBackground" 蹇呴』鍖呭惈闈?null 鍊笺€傝鑰冭檻娣诲姞 "required" 淇グ绗︽垨灏嗚 瀛楁 澹版槑涓哄彲涓?null銆?[C:\Users\鏉庨暱鎭抃Desktop\姣曚笟璁捐涓湡妫€鏌SIAS2025\2025姣曚笟璁捐\2025姣曚笟璁捐_bau1v4gn_wpftmp.csproj]
C:\Users\鏉庨暱鎭抃Desktop\姣曚笟璁捐涓湡妫€鏌SIAS2025\2025姣曚笟璁捐\ViewModels\Pages\EmployeeManagerViewModel.cs(38,16): warning CS8618: 鍦ㄩ€€鍑烘瀯閫犲嚱鏁版椂锛屼笉鍙负 null 鐨?瀛楁 "employees" 蹇呴』鍖呭惈闈?null 鍊笺€傝鑰冭檻娣诲姞 "required" 淇グ绗︽垨灏嗚 瀛楁 澹版槑涓哄彲涓?null銆?[C:\Users\鏉庨暱鎭抃Desktop\姣曚笟璁捐涓湡妫€鏌SIAS2025\2025姣曚笟璁捐\2025姣曚笟璁捐_bau1v4gn_wpftmp.csproj]
C:\Users\鏉庨暱鎭抃Desktop\姣曚笟璁捐涓湡妫€鏌SIAS2025\2025姣曚笟璁捐\ViewModels\Pages\EmployeeManagerViewModel.cs(38,16): warning CS8618: 鍦ㄩ€€鍑烘瀯閫犲嚱鏁版椂锛屼笉鍙负 null 鐨?瀛楁 "tempEmployees" 蹇呴』鍖呭惈闈?null 鍊笺€傝鑰冭檻娣诲姞 "required" 淇グ绗︽垨灏嗚 瀛楁 澹版槑涓哄彲涓?null銆?[C:\Users\鏉庨暱鎭抃Desktop\姣曚笟璁捐涓湡妫€鏌SIAS2025\2025姣曚笟璁捐\2025姣曚笟璁捐_bau1v4gn_wpftmp.csproj]
C:\Users\鏉庨暱鎭抃Desktop\姣曚笟璁捐涓湡妫€鏌SIAS2025\2025姣曚笟璁捐\ViewModels\Pages\EmployeeManagerViewModel.cs(38,16): warning CS8618: 鍦ㄩ€€鍑烘瀯閫犲嚱鏁版椂锛屼笉鍙负 null 鐨?瀛楁 "listViewEmployees" 蹇呴』鍖呭惈闈?null 鍊笺€傝鑰冭檻娣诲姞 "required" 淇グ绗︽垨灏嗚 瀛楁 澹版槑涓哄彲涓?null銆?[C:\Users\鏉庨暱鎭抃Desktop\姣曚笟璁捐涓湡妫€鏌SIAS2025\2025姣曚笟璁捐\2025姣曚笟璁捐_bau1v4gn_wpftmp.csproj]
C:\Users\鏉庨暱鎭抃Desktop\姣曚笟璁捐涓湡妫€鏌SIAS2025\2025姣曚笟璁捐\ViewModels\Pages\EmployeeManagerViewModel.cs(38,16): warning CS8618: 鍦ㄩ€€鍑烘瀯閫犲嚱鏁版椂锛屼笉鍙负 null 鐨?瀛楁 "selectedEmployee" 蹇呴』鍖呭惈闈?null 鍊笺€傝鑰冭檻娣诲姞 "required" 淇グ绗︽垨灏嗚 瀛楁 澹版槑涓哄彲涓?null銆?[C:\Users\鏉庨暱鎭抃Desktop\姣曚笟璁捐涓湡妫€鏌SIAS2025\2025姣曚笟璁捐\2025姣曚笟璁捐_bau1v4gn_wpftmp.csproj]
C:\Users\鏉庨暱鎭抃Desktop\姣曚笟璁捐涓湡妫€鏌SIAS2025\2025姣曚笟璁捐\ViewModels\Pages\EmployeeManagerViewModel.cs(38,16): warning CS8618: 鍦ㄩ€€鍑烘瀯閫犲嚱鏁版椂锛屼笉鍙负 null 鐨?瀛楁 "searchKeyword" 蹇呴』鍖呭惈闈?null 鍊笺€傝鑰冭檻娣诲姞 "required" 淇グ绗︽垨灏嗚 瀛楁 澹版槑涓哄彲涓?null銆?[C:\Users\鏉庨暱鎭抃Desktop\姣曚笟璁捐涓湡妫€鏌SIAS2025\2025姣曚笟璁捐\2025姣曚笟璁捐_bau1v4gn_wpftmp.csproj]
C:\Users\鏉庨暱鎭抃Desktop\姣曚笟璁捐涓湡妫€鏌SIAS2025\2025姣曚笟璁捐\ViewModels\Pages\EmployeeManagerViewModel.cs(38,16): warning CS8618: 鍦ㄩ€€鍑烘瀯閫犲嚱鏁版椂锛屼笉鍙负 null 鐨?瀛楁 "departments" 蹇呴』鍖呭惈闈?null 鍊笺€傝鑰冭檻娣诲姞 "required" 淇グ绗︽垨灏嗚 瀛楁 澹版槑涓哄彲涓?null銆?[C:\Users\鏉庨暱鎭抃Desktop\姣曚笟璁捐涓湡妫€鏌SIAS2025\2025姣曚笟璁捐\2025姣曚笟璁捐_bau1v4gn_wpftmp.csproj]
C:\Users\鏉庨暱鎭抃Desktop\姣曚笟璁捐涓湡妫€鏌SIAS2025\2025姣曚笟璁捐\ViewModels\Pages\EmployeeManagerViewModel.cs(38,16): warning CS8618: 鍦ㄩ€€鍑烘瀯閫犲嚱鏁版椂锛屼笉鍙负 null 鐨?瀛楁 "pageSizeOptions" 蹇呴』鍖呭惈闈?null 鍊笺€傝鑰冭檻娣诲姞 "required" 淇グ绗︽垨灏嗚 瀛楁 澹版槑涓哄彲涓?null銆?[C:\Users\鏉庨暱鎭抃Desktop\姣曚笟璁捐涓湡妫€鏌SIAS2025\2025姣曚笟璁捐\2025姣曚笟璁捐_bau1v4gn_wpftmp.csproj]
C:\Users\鏉庨暱鎭抃Desktop\姣曚笟璁捐涓湡妫€鏌SIAS2025\2025姣曚笟璁捐\ViewModels\Pages\EmployeeManagerViewModel.cs(38,16): warning CS8618: 鍦ㄩ€€鍑烘瀯閫犲嚱鏁版椂锛屼笉鍙负 null 鐨?瀛楁 "searchText" 蹇呴』鍖呭惈闈?null 鍊笺€傝鑰冭檻娣诲姞 "required" 淇グ绗︽垨灏嗚 瀛楁 澹版槑涓哄彲涓?null銆?[C:\Users\鏉庨暱鎭抃Desktop\姣曚笟璁捐涓湡妫€鏌SIAS2025\2025姣曚笟璁捐\2025姣曚笟璁捐_bau1v4gn_wpftmp.csproj]
C:\Users\鏉庨暱鎭抃Desktop\姣曚笟璁捐涓湡妫€鏌SIAS2025\2025姣曚笟璁捐\ViewModels\Pages\EmployeeManagerViewModel.cs(38,16): warning CS8618: 鍦ㄩ€€鍑烘瀯閫犲嚱鏁版椂锛屼笉鍙负 null 鐨?瀛楁 "pageSizeChangedCommand" 蹇呴』鍖呭惈闈?null 鍊笺€傝鑰冭檻娣诲姞 "required" 淇グ绗︽垨灏嗚 瀛楁 澹版槑涓哄彲涓?null銆?[C:\Users\鏉庨暱鎭抃Desktop\姣曚笟璁捐涓湡妫€鏌SIAS2025\2025姣曚笟璁捐\2025姣曚笟璁捐_bau1v4gn_wpftmp.csproj]
C:\Users\鏉庨暱鎭抃Desktop\姣曚笟璁捐涓湡妫€鏌SIAS2025\2025姣曚笟璁捐\ViewModels\Pages\EmployeeManagerViewModel.cs(38,16): warning CS8618: 鍦ㄩ€€鍑烘瀯閫犲嚱鏁版椂锛屼笉鍙负 null 鐨?瀛楁 "previousPageCommand" 蹇呴』鍖呭惈闈?null 鍊笺€傝鑰冭檻娣诲姞 "required" 淇グ绗︽垨灏嗚 瀛楁 澹版槑涓哄彲涓?null銆?[C:\Users\鏉庨暱鎭抃Desktop\姣曚笟璁捐涓湡妫€鏌SIAS2025\2025姣曚笟璁捐\2025姣曚笟璁捐_bau1v4gn_wpftmp.csproj]
C:\Users\鏉庨暱鎭抃Desktop\姣曚笟璁捐涓湡妫€鏌SIAS2025\2025姣曚笟璁捐\ViewModels\Pages\EmployeeManagerViewModel.cs(38,16): warning CS8618: 鍦ㄩ€€鍑烘瀯閫犲嚱鏁版椂锛屼笉鍙负 null 鐨?瀛楁 "nextPageCommand" 蹇呴』鍖呭惈闈?null 鍊笺€傝鑰冭檻娣诲姞 "required" 淇グ绗︽垨灏嗚 瀛楁 澹版槑涓哄彲涓?null銆?[C:\Users\鏉庨暱鎭抃Desktop\姣曚笟璁捐涓湡妫€鏌SIAS2025\2025姣曚笟璁捐\2025姣曚笟璁捐_bau1v4gn_wpftmp.csproj]
C:\Users\鏉庨暱鎭抃Desktop\姣曚笟璁捐涓湡妫€鏌SIAS2025\2025姣曚笟璁捐\ViewModels\Pages\EmployeeManagerViewModel.cs(38,16): warning CS8618: 鍦ㄩ€€鍑烘瀯閫犲嚱鏁版椂锛屼笉鍙负 null 鐨?瀛楁 "jumpPageCommand" 蹇呴』鍖呭惈闈?null 鍊笺€傝鑰冭檻娣诲姞 "required" 淇グ绗︽垨灏嗚 瀛楁 澹版槑涓哄彲涓?null銆?[C:\Users\鏉庨暱鎭抃Desktop\姣曚笟璁捐涓湡妫€鏌SIAS2025\2025姣曚笟璁捐\2025姣曚笟璁捐_bau1v4gn_wpftmp.csproj]
C:\Users\鏉庨暱鎭抃Desktop\姣曚笟璁捐涓湡妫€鏌SIAS2025\2025姣曚笟璁捐\ViewModels\Windows\NominationDetailViewModel.cs(56,16): warning CS8618: 鍦ㄩ€€鍑烘瀯閫犲嚱鏁版椂锛屼笉鍙负 null 鐨?瀛楁 "_nomination" 蹇呴』鍖呭惈闈?null 鍊笺€傝鑰冭檻娣诲姞 "required" 淇グ绗︽垨灏嗚 瀛楁 澹版槑涓哄彲涓?null銆?[C:\Users\鏉庨暱鎭抃Desktop\姣曚笟璁捐涓湡妫€鏌SIAS2025\2025姣曚笟璁捐\2025姣曚笟璁捐_bau1v4gn_wpftmp.csproj]
C:\Users\鏉庨暱鎭抃Desktop\姣曚笟璁捐涓湡妫€鏌SIAS2025\2025姣曚笟璁捐\ViewModels\Pages\AdminManagerViewModel.cs(35,16): warning CS8618: 鍦ㄩ€€鍑烘瀯閫犲嚱鏁版椂锛屼笉鍙负 null 鐨?瀛楁 "searchBackground" 蹇呴』鍖呭惈闈?null 鍊笺€傝鑰冭檻娣诲姞 "required" 淇グ绗︽垨灏嗚 瀛楁 澹版槑涓哄彲涓?null銆?[C:\Users\鏉庨暱鎭抃Desktop\姣曚笟璁捐涓湡妫€鏌SIAS2025\2025姣曚笟璁捐\2025姣曚笟璁捐_bau1v4gn_wpftmp.csproj]
C:\Users\鏉庨暱鎭抃Desktop\姣曚笟璁捐涓湡妫€鏌SIAS2025\2025姣曚笟璁捐\ViewModels\Pages\AdminManagerViewModel.cs(35,16): warning CS8618: 鍦ㄩ€€鍑烘瀯閫犲嚱鏁版椂锛屼笉鍙负 null 鐨?瀛楁 "status" 蹇呴』鍖呭惈闈?null 鍊笺€傝鑰冭檻娣诲姞 "required" 淇グ绗︽垨灏嗚 瀛楁 澹版槑涓哄彲涓?null銆?[C:\Users\鏉庨暱鎭抃Desktop\姣曚笟璁捐涓湡妫€鏌SIAS2025\2025姣曚笟璁捐\2025姣曚笟璁捐_bau1v4gn_wpftmp.csproj]
C:\Users\鏉庨暱鎭抃Desktop\姣曚笟璁捐涓湡妫€鏌SIAS2025\2025姣曚笟璁捐\ViewModels\Pages\AdminManagerViewModel.cs(35,16): warning CS8618: 鍦ㄩ€€鍑烘瀯閫犲嚱鏁版椂锛屼笉鍙负 null 鐨?瀛楁 "searchKeyword" 蹇呴』鍖呭惈闈?null 鍊笺€傝鑰冭檻娣诲姞 "required" 淇グ绗︽垨灏嗚 瀛楁 澹版槑涓哄彲涓?null銆?[C:\Users\鏉庨暱鎭抃Desktop\姣曚笟璁捐涓湡妫€鏌SIAS2025\2025姣曚笟璁捐\2025姣曚笟璁捐_bau1v4gn_wpftmp.csproj]
C:\Users\鏉庨暱鎭抃Desktop\姣曚笟璁捐涓湡妫€鏌SIAS2025\2025姣曚笟璁捐\ViewModels\Pages\AdminManagerViewModel.cs(35,16): warning CS8618: 鍦ㄩ€€鍑烘瀯閫犲嚱鏁版椂锛屼笉鍙负 null 鐨?瀛楁 "admins" 蹇呴』鍖呭惈闈?null 鍊笺€傝鑰冭檻娣诲姞 "required" 淇グ绗︽垨灏嗚 瀛楁 澹版槑涓哄彲涓?null銆?[C:\Users\鏉庨暱鎭抃Desktop\姣曚笟璁捐涓湡妫€鏌SIAS2025\2025姣曚笟璁捐\2025姣曚笟璁捐_bau1v4gn_wpftmp.csproj]
C:\Users\鏉庨暱鎭抃Desktop\姣曚笟璁捐涓湡妫€鏌SIAS2025\2025姣曚笟璁捐\ViewModels\Pages\AdminManagerViewModel.cs(35,16): warning CS8618: 鍦ㄩ€€鍑烘瀯閫犲嚱鏁版椂锛屼笉鍙负 null 鐨?瀛楁 "tempAdmins" 蹇呴』鍖呭惈闈?null 鍊笺€傝鑰冭檻娣诲姞 "required" 淇グ绗︽垨灏嗚 瀛楁 澹版槑涓哄彲涓?null銆?[C:\Users\鏉庨暱鎭抃Desktop\姣曚笟璁捐涓湡妫€鏌SIAS2025\2025姣曚笟璁捐\2025姣曚笟璁捐_bau1v4gn_wpftmp.csproj]
C:\Users\鏉庨暱鎭抃Desktop\姣曚笟璁捐涓湡妫€鏌SIAS2025\2025姣曚笟璁捐\ViewModels\Pages\AdminManagerViewModel.cs(35,16): warning CS8618: 鍦ㄩ€€鍑烘瀯閫犲嚱鏁版椂锛屼笉鍙负 null 鐨?瀛楁 "listViewAdmins" 蹇呴』鍖呭惈闈?null 鍊笺€傝鑰冭檻娣诲姞 "required" 淇グ绗︽垨灏嗚 瀛楁 澹版槑涓哄彲涓?null銆?[C:\Users\鏉庨暱鎭抃Desktop\姣曚笟璁捐涓湡妫€鏌SIAS2025\2025姣曚笟璁捐\2025姣曚笟璁捐_bau1v4gn_wpftmp.csproj]
C:\Users\鏉庨暱鎭抃Desktop\姣曚笟璁捐涓湡妫€鏌SIAS2025\2025姣曚笟璁捐\ViewModels\Pages\AdminManagerViewModel.cs(35,16): warning CS8618: 鍦ㄩ€€鍑烘瀯閫犲嚱鏁版椂锛屼笉鍙负 null 鐨?瀛楁 "selectedAdmin" 蹇呴』鍖呭惈闈?null 鍊笺€傝鑰冭檻娣诲姞 "required" 淇グ绗︽垨灏嗚 瀛楁 澹版槑涓哄彲涓?null銆?[C:\Users\鏉庨暱鎭抃Desktop\姣曚笟璁捐涓湡妫€鏌SIAS2025\2025姣曚笟璁捐\2025姣曚笟璁捐_bau1v4gn_wpftmp.csproj]
C:\Users\鏉庨暱鎭抃Desktop\姣曚笟璁捐涓湡妫€鏌SIAS2025\2025姣曚笟璁捐\ViewModels\Pages\AdminManagerViewModel.cs(35,16): warning CS8618: 鍦ㄩ€€鍑烘瀯閫犲嚱鏁版椂锛屼笉鍙负 null 鐨?瀛楁 "departments" 蹇呴』鍖呭惈闈?null 鍊笺€傝鑰冭檻娣诲姞 "required" 淇グ绗︽垨灏嗚 瀛楁 澹版槑涓哄彲涓?null銆?[C:\Users\鏉庨暱鎭抃Desktop\姣曚笟璁捐涓湡妫€鏌SIAS2025\2025姣曚笟璁捐\2025姣曚笟璁捐_bau1v4gn_wpftmp.csproj]
C:\Users\鏉庨暱鎭抃Desktop\姣曚笟璁捐涓湡妫€鏌SIAS2025\2025姣曚笟璁捐\ViewModels\Pages\AdminManagerViewModel.cs(35,16): warning CS8618: 鍦ㄩ€€鍑烘瀯閫犲嚱鏁版椂锛屼笉鍙负 null 鐨?瀛楁 "pageSizeOptions" 蹇呴』鍖呭惈闈?null 鍊笺€傝鑰冭檻娣诲姞 "required" 淇グ绗︽垨灏嗚 瀛楁 澹版槑涓哄彲涓?null銆?[C:\Users\鏉庨暱鎭抃Desktop\姣曚笟璁捐涓湡妫€鏌SIAS2025\2025姣曚笟璁捐\2025姣曚笟璁捐_bau1v4gn_wpftmp.csproj]
C:\Users\鏉庨暱鎭抃Desktop\姣曚笟璁捐涓湡妫€鏌SIAS2025\2025姣曚笟璁捐\ViewModels\Pages\AdminManagerViewModel.cs(35,16): warning CS8618: 鍦ㄩ€€鍑烘瀯閫犲嚱鏁版椂锛屼笉鍙负 null 鐨?瀛楁 "searchText" 蹇呴』鍖呭惈闈?null 鍊笺€傝鑰冭檻娣诲姞 "required" 淇グ绗︽垨灏嗚 瀛楁 澹版槑涓哄彲涓?null銆?[C:\Users\鏉庨暱鎭抃Desktop\姣曚笟璁捐涓湡妫€鏌SIAS2025\2025姣曚笟璁捐\2025姣曚笟璁捐_bau1v4gn_wpftmp.csproj]
C:\Users\鏉庨暱鎭抃Desktop\姣曚笟璁捐涓湡妫€鏌SIAS2025\2025姣曚笟璁捐\ViewModels\Pages\AdminManagerViewModel.cs(35,16): warning CS8618: 鍦ㄩ€€鍑烘瀯閫犲嚱鏁版椂锛屼笉鍙负 null 鐨?瀛楁 "pageSizeChangedCommand" 蹇呴』鍖呭惈闈?null 鍊笺€傝鑰冭檻娣诲姞 "required" 淇グ绗︽垨灏嗚 瀛楁 澹版槑涓哄彲涓?null銆?[C:\Users\鏉庨暱鎭抃Desktop\姣曚笟璁捐涓湡妫€鏌SIAS2025\2025姣曚笟璁捐\2025姣曚笟璁捐_bau1v4gn_wpftmp.csproj]
C:\Users\鏉庨暱鎭抃Desktop\姣曚笟璁捐涓湡妫€鏌SIAS2025\2025姣曚笟璁捐\ViewModels\Pages\AdminManagerViewModel.cs(35,16): warning CS8618: 鍦ㄩ€€鍑烘瀯閫犲嚱鏁版椂锛屼笉鍙负 null 鐨?瀛楁 "previousPageCommand" 蹇呴』鍖呭惈闈?null 鍊笺€傝鑰冭檻娣诲姞 "required" 淇グ绗︽垨灏嗚 瀛楁 澹版槑涓哄彲涓?null銆?[C:\Users\鏉庨暱鎭抃Desktop\姣曚笟璁捐涓湡妫€鏌SIAS2025\2025姣曚笟璁捐\2025姣曚笟璁捐_bau1v4gn_wpftmp.csproj]
C:\Users\鏉庨暱鎭抃Desktop\姣曚笟璁捐涓湡妫€鏌SIAS2025\2025姣曚笟璁捐\ViewModels\Pages\AdminManagerViewModel.cs(35,16): warning CS8618: 鍦ㄩ€€鍑烘瀯閫犲嚱鏁版椂锛屼笉鍙负 null 鐨?瀛楁 "nextPageCommand" 蹇呴』鍖呭惈闈?null 鍊笺€傝鑰冭檻娣诲姞 "required" 淇グ绗︽垨灏嗚 瀛楁 澹版槑涓哄彲涓?null銆?[C:\Users\鏉庨暱鎭抃Desktop\姣曚笟璁捐涓湡妫€鏌SIAS2025\2025姣曚笟璁捐\2025姣曚笟璁捐_bau1v4gn_wpftmp.csproj]
C:\Users\鏉庨暱鎭抃Desktop\姣曚笟璁捐涓湡妫€鏌SIAS2025\2025姣曚笟璁捐\ViewModels\Pages\AdminManagerViewModel.cs(35,16): warning CS8618: 鍦ㄩ€€鍑烘瀯閫犲嚱鏁版椂锛屼笉鍙负 null 鐨?瀛楁 "jumpPageCommand" 蹇呴』鍖呭惈闈?null 鍊笺€傝鑰冭檻娣诲姞 "required" 淇グ绗︽垨灏嗚 瀛楁 澹版槑涓哄彲涓?null銆?[C:\Users\鏉庨暱鎭抃Desktop\姣曚笟璁捐涓湡妫€鏌SIAS2025\2025姣曚笟璁捐\2025姣曚笟璁捐_bau1v4gn_wpftmp.csproj]
C:\Users\鏉庨暱鎭抃Desktop\姣曚笟璁捐涓湡妫€鏌SIAS2025\2025姣曚笟璁捐\Converter\ByteArrayToImageConverter.cs(15,32): warning CS8600: 灏?null 鏂囨湰鎴栧彲鑳界殑 null 鍊艰浆鎹负涓嶅彲涓?null 绫诲瀷銆?[C:\Users\鏉庨暱鎭抃Desktop\姣曚笟璁捐涓湡妫€鏌SIAS2025\2025姣曚笟璁捐\2025姣曚笟璁捐_bau1v4gn_wpftmp.csproj]
C:\Users\鏉庨暱鎭抃Desktop\姣曚笟璁捐涓湡妫€鏌SIAS2025\2025姣曚笟璁捐\Converter\ByteArrayToImageConverter.cs(28,24): warning CS8603: 鍙兘杩斿洖 null 寮曠敤銆?[C:\Users\鏉庨暱鎭抃Desktop\姣曚笟璁捐涓湡妫€鏌SIAS2025\2025姣曚笟璁捐\2025姣曚笟璁捐_bau1v4gn_wpftmp.csproj]
C:\Users\鏉庨暱鎭抃Desktop\姣曚笟璁捐涓湡妫€鏌SIAS2025\2025姣曚笟璁捐\Converter\ByteArrayToImageConverter.cs(34,24): warning CS8603: 鍙兘杩斿洖 null 寮曠敤銆?[C:\Users\鏉庨暱鎭抃Desktop\姣曚笟璁捐涓湡妫€鏌SIAS2025\2025姣曚笟璁捐\2025姣曚笟璁捐_bau1v4gn_wpftmp.csproj]
C:\Users\鏉庨暱鎭抃Desktop\姣曚笟璁捐涓湡妫€鏌SIAS2025\2025姣曚笟璁捐\Converter\ByteArrayToImageConverter.cs(42,24): warning CS8603: 鍙兘杩斿洖 null 寮曠敤銆?[C:\Users\鏉庨暱鎭抃Desktop\姣曚笟璁捐涓湡妫€鏌SIAS2025\2025姣曚笟璁捐\2025姣曚笟璁捐_bau1v4gn_wpftmp.csproj]
C:\Users\鏉庨暱鎭抃Desktop\姣曚笟璁捐涓湡妫€鏌SIAS2025\2025姣曚笟璁捐\Converter\ByteArrayToImageConverter.cs(53,25): warning CS8602: 瑙ｅ紩鐢ㄥ彲鑳藉嚭鐜扮┖寮曠敤銆?[C:\Users\鏉庨暱鎭抃Desktop\姣曚笟璁捐涓湡妫€鏌SIAS2025\2025姣曚笟璁捐\2025姣曚笟璁捐_bau1v4gn_wpftmp.csproj]
C:\Users\鏉庨暱鎭抃Desktop\姣曚笟璁捐涓湡妫€鏌SIAS2025\2025姣曚笟璁捐\Converter\ByteArrayToImageConverter.cs(58,28): warning CS8603: 鍙兘杩斿洖 null 寮曠敤銆?[C:\Users\鏉庨暱鎭抃Desktop\姣曚笟璁捐涓湡妫€鏌SIAS2025\2025姣曚笟璁捐\2025姣曚笟璁捐_bau1v4gn_wpftmp.csproj]
C:\Users\鏉庨暱鎭抃Desktop\姣曚笟璁捐涓湡妫€鏌SIAS2025\2025姣曚笟璁捐\Converter\ByteArrayToImageConverter.cs(77,32): warning CS8603: 鍙兘杩斿洖 null 寮曠敤銆?[C:\Users\鏉庨暱鎭抃Desktop\姣曚笟璁捐涓湡妫€鏌SIAS2025\2025姣曚笟璁捐\2025姣曚笟璁捐_bau1v4gn_wpftmp.csproj]
C:\Users\鏉庨暱鎭抃Desktop\姣曚笟璁捐涓湡妫€鏌SIAS2025\2025姣曚笟璁捐\Converter\ByteArrayToImageConverter.cs(90,28): warning CS8603: 鍙兘杩斿洖 null 寮曠敤銆?[C:\Users\鏉庨暱鎭抃Desktop\姣曚笟璁捐涓湡妫€鏌SIAS2025\2025姣曚笟璁捐\2025姣曚笟璁捐_bau1v4gn_wpftmp.csproj]
C:\Users\鏉庨暱鎭抃Desktop\姣曚笟璁捐涓湡妫€鏌SIAS2025\2025姣曚笟璁捐\Converter\ByteArrayToImageConverter.cs(95,21): warning CS8602: 瑙ｅ紩鐢ㄥ彲鑳藉嚭鐜扮┖寮曠敤銆?[C:\Users\鏉庨暱鎭抃Desktop\姣曚笟璁捐涓湡妫€鏌SIAS2025\2025姣曚笟璁捐\2025姣曚笟璁捐_bau1v4gn_wpftmp.csproj]
C:\Users\鏉庨暱鎭抃Desktop\姣曚笟璁捐涓湡妫€鏌SIAS2025\2025姣曚笟璁捐\Converter\ByteArrayToImageConverter.cs(110,24): warning CS8603: 鍙兘杩斿洖 null 寮曠敤銆?[C:\Users\鏉庨暱鎭抃Desktop\姣曚笟璁捐涓湡妫€鏌SIAS2025\2025姣曚笟璁捐\2025姣曚笟璁捐_bau1v4gn_wpftmp.csproj]
C:\Users\鏉庨暱鎭抃Desktop\姣曚笟璁捐涓湡妫€鏌SIAS2025\2025姣曚笟璁捐\ViewModels\EditMessage\AdminManager\EditAdminViewModel.cs(169,16): warning CS8618: 鍦ㄩ€€鍑烘瀯閫犲嚱鏁版椂锛屼笉鍙负 null 鐨?瀛楁 "departmentNames" 蹇呴』鍖呭惈闈?null 鍊笺€傝鑰冭檻娣诲姞 "required" 淇グ绗︽垨灏嗚 瀛楁 澹版槑涓哄彲涓?null銆?[C:\Users\鏉庨暱鎭抃Desktop\姣曚笟璁捐涓湡妫€鏌SIAS2025\2025姣曚笟璁捐\2025姣曚笟璁捐_bau1v4gn_wpftmp.csproj]
C:\Users\鏉庨暱鎭抃Desktop\姣曚笟璁捐涓湡妫€鏌SIAS2025\2025姣曚笟璁捐\ViewModels\EditMessage\AdminManager\EditAdminViewModel.cs(169,16): warning CS8618: 鍦ㄩ€€鍑烘瀯閫犲嚱鏁版椂锛屼笉鍙负 null 鐨?瀛楁 "departmentName" 蹇呴』鍖呭惈闈?null 鍊笺€傝鑰冭檻娣诲姞 "required" 淇グ绗︽垨灏嗚 瀛楁 澹版槑涓哄彲涓?null銆?[C:\Users\鏉庨暱鎭抃Desktop\姣曚笟璁捐涓湡妫€鏌SIAS2025\2025姣曚笟璁捐\2025姣曚笟璁捐_bau1v4gn_wpftmp.csproj]
C:\Users\鏉庨暱鎭抃Desktop\姣曚笟璁捐涓湡妫€鏌SIAS2025\2025姣曚笟璁捐\ViewModels\EditMessage\AdminManager\EditAdminViewModel.cs(169,16): warning CS8618: 鍦ㄩ€€鍑烘瀯閫犲嚱鏁版椂锛屼笉鍙负 null 鐨?瀛楁 "baseName" 蹇呴』鍖呭惈闈?null 鍊笺€傝鑰冭檻娣诲姞 "required" 淇グ绗︽垨灏嗚 瀛楁 澹版槑涓哄彲涓?null銆?[C:\Users\鏉庨暱鎭抃Desktop\姣曚笟璁捐涓湡妫€鏌SIAS2025\2025姣曚笟璁捐\2025姣曚笟璁捐_bau1v4gn_wpftmp.csproj]
C:\Users\鏉庨暱鎭抃Desktop\姣曚笟璁捐涓湡妫€鏌SIAS2025\2025姣曚笟璁捐\ViewModels\EditMessage\AdminManager\EditAdminViewModel.cs(169,16): warning CS8618: 鍦ㄩ€€鍑烘瀯閫犲嚱鏁版椂锛屼笉鍙负 null 鐨?瀛楁 "updateAdmin" 蹇呴』鍖呭惈闈?null 鍊笺€傝鑰冭檻娣诲姞 "required" 淇グ绗︽垨灏嗚 瀛楁 澹版槑涓哄彲涓?null銆?[C:\Users\鏉庨暱鎭抃Desktop\姣曚笟璁捐涓湡妫€鏌SIAS2025\2025姣曚笟璁捐\2025姣曚笟璁捐_bau1v4gn_wpftmp.csproj]
C:\Users\鏉庨暱鎭抃Desktop\姣曚笟璁捐涓湡妫€鏌SIAS2025\2025姣曚笟璁捐\ViewModels\EditMessage\AdminManager\EditAdminViewModel.cs(169,16): warning CS8618: 鍦ㄩ€€鍑烘瀯閫犲嚱鏁版椂锛屼笉鍙负 null 鐨?瀛楁 "adminName" 蹇呴』鍖呭惈闈?null 鍊笺€傝鑰冭檻娣诲姞 "required" 淇グ绗︽垨灏嗚 瀛楁 澹版槑涓哄彲涓?null銆?[C:\Users\鏉庨暱鎭抃Desktop\姣曚笟璁捐涓湡妫€鏌SIAS2025\2025姣曚笟璁捐\2025姣曚笟璁捐_bau1v4gn_wpftmp.csproj]
C:\Users\鏉庨暱鎭抃Desktop\姣曚笟璁捐涓湡妫€鏌SIAS2025\2025姣曚笟璁捐\ViewModels\EditMessage\AdminManager\EditAdminViewModel.cs(169,16): warning CS8618: 鍦ㄩ€€鍑烘瀯閫犲嚱鏁版椂锛屼笉鍙负 null 鐨?瀛楁 "adminPassword" 蹇呴』鍖呭惈闈?null 鍊笺€傝鑰冭檻娣诲姞 "required" 淇グ绗︽垨灏嗚 瀛楁 澹版槑涓哄彲涓?null銆?[C:\Users\鏉庨暱鎭抃Desktop\姣曚笟璁捐涓湡妫€鏌SIAS2025\2025姣曚笟璁捐\2025姣曚笟璁捐_bau1v4gn_wpftmp.csproj]
C:\Users\鏉庨暱鎭抃Desktop\姣曚笟璁捐涓湡妫€鏌SIAS2025\2025姣曚笟璁捐\ViewModels\EditMessage\EmployeeManager\EditEmployeeViewModel.cs(170,16): warning CS8618: 鍦ㄩ€€鍑烘瀯閫犲嚱鏁版椂锛屼笉鍙负 null 鐨?瀛楁 "baseName" 蹇呴』鍖呭惈闈?null 鍊笺€傝鑰冭檻娣诲姞 "required" 淇グ绗︽垨灏嗚 瀛楁 澹版槑涓哄彲涓?null銆?[C:\Users\鏉庨暱鎭抃Desktop\姣曚笟璁捐涓湡妫€鏌SIAS2025\2025姣曚笟璁捐\2025姣曚笟璁捐_bau1v4gn_wpftmp.csproj]
C:\Users\鏉庨暱鎭抃Desktop\姣曚笟璁捐涓湡妫€鏌SIAS2025\2025姣曚笟璁捐\ViewModels\EditMessage\EmployeeManager\EditEmployeeViewModel.cs(170,16): warning CS8618: 鍦ㄩ€€鍑烘瀯閫犲嚱鏁版椂锛屼笉鍙负 null 鐨?瀛楁 "departmentNames" 蹇呴』鍖呭惈闈?null 鍊笺€傝鑰冭檻娣诲姞 "required" 淇グ绗︽垨灏嗚 瀛楁 澹版槑涓哄彲涓?null銆?[C:\Users\鏉庨暱鎭抃Desktop\姣曚笟璁捐涓湡妫€鏌SIAS2025\2025姣曚笟璁捐\2025姣曚笟璁捐_bau1v4gn_wpftmp.csproj]
C:\Users\鏉庨暱鎭抃Desktop\姣曚笟璁捐涓湡妫€鏌SIAS2025\2025姣曚笟璁捐\ViewModels\EditMessage\EmployeeManager\EditEmployeeViewModel.cs(170,16): warning CS8618: 鍦ㄩ€€鍑烘瀯閫犲嚱鏁版椂锛屼笉鍙负 null 鐨?瀛楁 "departmentName" 蹇呴』鍖呭惈闈?null 鍊笺€傝鑰冭檻娣诲姞 "required" 淇グ绗︽垨灏嗚 瀛楁 澹版槑涓哄彲涓?null銆?[C:\Users\鏉庨暱鎭抃Desktop\姣曚笟璁捐涓湡妫€鏌SIAS2025\2025姣曚笟璁捐\2025姣曚笟璁捐_bau1v4gn_wpftmp.csproj]
C:\Users\鏉庨暱鎭抃Desktop\姣曚笟璁捐涓湡妫€鏌SIAS2025\2025姣曚笟璁捐\ViewModels\EditMessage\EmployeeManager\EditEmployeeViewModel.cs(170,16): warning CS8618: 鍦ㄩ€€鍑烘瀯閫犲嚱鏁版椂锛屼笉鍙负 null 鐨?瀛楁 "updateEmployee" 蹇呴』鍖呭惈闈?null 鍊笺€傝鑰冭檻娣诲姞 "required" 淇グ绗︽垨灏嗚 瀛楁 澹版槑涓哄彲涓?null銆?[C:\Users\鏉庨暱鎭抃Desktop\姣曚笟璁捐涓湡妫€鏌SIAS2025\2025姣曚笟璁捐\2025姣曚笟璁捐_bau1v4gn_wpftmp.csproj]
C:\Users\鏉庨暱鎭抃Desktop\姣曚笟璁捐涓湡妫€鏌SIAS2025\2025姣曚笟璁捐\ViewModels\EditMessage\EmployeeManager\EditEmployeeViewModel.cs(170,16): warning CS8618: 鍦ㄩ€€鍑烘瀯閫犲嚱鏁版椂锛屼笉鍙负 null 鐨?瀛楁 "employeeName" 蹇呴』鍖呭惈闈?null 鍊笺€傝鑰冭檻娣诲姞 "required" 淇グ绗︽垨灏嗚 瀛楁 澹版槑涓哄彲涓?null銆?[C:\Users\鏉庨暱鎭抃Desktop\姣曚笟璁捐涓湡妫€鏌SIAS2025\2025姣曚笟璁捐\2025姣曚笟璁捐_bau1v4gn_wpftmp.csproj]
C:\Users\鏉庨暱鎭抃Desktop\姣曚笟璁捐涓湡妫€鏌SIAS2025\2025姣曚笟璁捐\ViewModels\EditMessage\EmployeeManager\EditEmployeeViewModel.cs(170,16): warning CS8618: 鍦ㄩ€€鍑烘瀯閫犲嚱鏁版椂锛屼笉鍙负 null 鐨?瀛楁 "employeePassword" 蹇呴』鍖呭惈闈?null 鍊笺€傝鑰冭檻娣诲姞 "required" 淇グ绗︽垨灏嗚 瀛楁 澹版槑涓哄彲涓?null銆?[C:\Users\鏉庨暱鎭抃Desktop\姣曚笟璁捐涓湡妫€鏌SIAS2025\2025姣曚笟璁捐\2025姣曚笟璁捐_bau1v4gn_wpftmp.csproj]
C:\Users\鏉庨暱鎭抃Desktop\姣曚笟璁捐涓湡妫€鏌SIAS2025\2025姣曚笟璁捐\ViewModels\LoginViewModel.cs(148,53): warning CS8604: 鈥渧oid ParametersBase.Add(string key, object value)鈥濅腑鐨勫舰鍙傗€渧alue鈥濆彲鑳戒紶鍏?null 寮曠敤瀹炲弬銆?[C:\Users\鏉庨暱鎭抃Desktop\姣曚笟璁捐涓湡妫€鏌SIAS2025\2025姣曚笟璁捐\2025姣曚笟璁捐_bau1v4gn_wpftmp.csproj]
C:\Users\鏉庨暱鎭抃Desktop\姣曚笟璁捐涓湡妫€鏌SIAS2025\2025姣曚笟璁捐\ViewModels\LoginViewModel.cs(154,53): warning CS8604: 鈥渧oid ParametersBase.Add(string key, object value)鈥濅腑鐨勫舰鍙傗€渧alue鈥濆彲鑳戒紶鍏?null 寮曠敤瀹炲弬銆?[C:\Users\鏉庨暱鎭抃Desktop\姣曚笟璁捐涓湡妫€鏌SIAS2025\2025姣曚笟璁捐\2025姣曚笟璁捐_bau1v4gn_wpftmp.csproj]
C:\Users\鏉庨暱鎭抃Desktop\姣曚笟璁捐涓湡妫€鏌SIAS2025\2025姣曚笟璁捐\ViewModels\LoginViewModel.cs(160,53): warning CS8604: 鈥渧oid ParametersBase.Add(string key, object value)鈥濅腑鐨勫舰鍙傗€渧alue鈥濆彲鑳戒紶鍏?null 寮曠敤瀹炲弬銆?[C:\Users\鏉庨暱鎭抃Desktop\姣曚笟璁捐涓湡妫€鏌SIAS2025\2025姣曚笟璁捐\2025姣曚笟璁捐_bau1v4gn_wpftmp.csproj]
C:\Users\鏉庨暱鎭抃Desktop\姣曚笟璁捐涓湡妫€鏌SIAS2025\2025姣曚笟璁捐\ViewModels\EditMessage\AdminManager\EditAdminViewModel.cs(227,38): warning CS8601: 鍙兘鐨?null 寮曠敤璧嬪€笺€?[C:\Users\鏉庨暱鎭抃Desktop\姣曚笟璁捐涓湡妫€鏌SIAS2025\2025姣曚笟璁捐\2025姣曚笟璁捐_bau1v4gn_wpftmp.csproj]
C:\Users\鏉庨暱鎭抃Desktop\姣曚笟璁捐涓湡妫€鏌SIAS2025\2025姣曚笟璁捐\Common\DbConnectionManager.cs(19,31): warning CS8618: 鍦ㄩ€€鍑烘瀯閫犲嚱鏁版椂锛屼笉鍙负 null 鐨?瀛楁 "_cachedOriginalPassword" 蹇呴』鍖呭惈闈?null 鍊笺€傝鑰冭檻娣诲姞 "required" 淇グ绗︽垨灏嗚 瀛楁 澹版槑涓哄彲涓?null銆?[C:\Users\鏉庨暱鎭抃Desktop\姣曚笟璁捐涓湡妫€鏌SIAS2025\2025姣曚笟璁捐\2025姣曚笟璁捐_bau1v4gn_wpftmp.csproj]
C:\Users\鏉庨暱鎭抃Desktop\姣曚笟璁捐涓湡妫€鏌SIAS2025\2025姣曚笟璁捐\Common\DbConnectionManager.cs(20,31): warning CS8618: 鍦ㄩ€€鍑烘瀯閫犲嚱鏁版椂锛屼笉鍙负 null 鐨?瀛楁 "_cachedConnectionString" 蹇呴』鍖呭惈闈?null 鍊笺€傝鑰冭檻娣诲姞 "required" 淇グ绗︽垨灏嗚 瀛楁 澹版槑涓哄彲涓?null銆?[C:\Users\鏉庨暱鎭抃Desktop\姣曚笟璁捐涓湡妫€鏌SIAS2025\2025姣曚笟璁捐\2025姣曚笟璁捐_bau1v4gn_wpftmp.csproj]
C:\Users\鏉庨暱鎭抃Desktop\姣曚笟璁捐涓湡妫€鏌SIAS2025\2025姣曚笟璁捐\Common\DbConnectionManager.cs(21,31): warning CS8618: 鍦ㄩ€€鍑烘瀯閫犲嚱鏁版椂锛屼笉鍙负 null 鐨?瀛楁 "_cachedEncryptedPassword" 蹇呴』鍖呭惈闈?null 鍊笺€傝鑰冭檻娣诲姞 "required" 淇グ绗︽垨灏嗚 瀛楁 澹版槑涓哄彲涓?null銆?[C:\Users\鏉庨暱鎭抃Desktop\姣曚笟璁捐涓湡妫€鏌SIAS2025\2025姣曚笟璁捐\2025姣曚笟璁捐_bau1v4gn_wpftmp.csproj]
C:\Users\鏉庨暱鎭抃Desktop\姣曚笟璁捐涓湡妫€鏌SIAS2025\2025姣曚笟璁捐\Services\EmployeeService.cs(79,24): warning CS8603: 鍙兘杩斿洖 null 寮曠敤銆?[C:\Users\鏉庨暱鎭抃Desktop\姣曚笟璁捐涓湡妫€鏌SIAS2025\2025姣曚笟璁捐\2025姣曚笟璁捐_bau1v4gn_wpftmp.csproj]
C:\Users\鏉庨暱鎭抃Desktop\姣曚笟璁捐涓湡妫€鏌SIAS2025\2025姣曚笟璁捐\Services\EmployeeService.cs(89,24): warning CS8603: 鍙兘杩斿洖 null 寮曠敤銆?[C:\Users\鏉庨暱鎭抃Desktop\姣曚笟璁捐涓湡妫€鏌SIAS2025\2025姣曚笟璁捐\2025姣曚笟璁捐_bau1v4gn_wpftmp.csproj]
C:\Users\鏉庨暱鎭抃Desktop\姣曚笟璁捐涓湡妫€鏌SIAS2025\2025姣曚笟璁捐\ViewModels\Pages\VoteEntranceViewModel.cs(395,16): warning CS8618: 鍦ㄩ€€鍑烘瀯閫犲嚱鏁版椂锛屼笉鍙负 null 鐨?瀛楁 "_allAwards" 蹇呴』鍖呭惈闈?null 鍊笺€傝鑰冭檻娣诲姞 "required" 淇グ绗︽垨灏嗚 瀛楁 澹版槑涓哄彲涓?null銆?[C:\Users\鏉庨暱鎭抃Desktop\姣曚笟璁捐涓湡妫€鏌SIAS2025\2025姣曚笟璁捐\2025姣曚笟璁捐_bau1v4gn_wpftmp.csproj]
C:\Users\鏉庨暱鎭抃Desktop\姣曚笟璁捐涓湡妫€鏌SIAS2025\2025姣曚笟璁捐\ViewModels\Pages\VoteEntranceViewModel.cs(395,16): warning CS8618: 鍦ㄩ€€鍑烘瀯閫犲嚱鏁版椂锛屼笉鍙负 null 鐨?瀛楁 "_awards" 蹇呴』鍖呭惈闈?null 鍊笺€傝鑰冭檻娣诲姞 "required" 淇グ绗︽垨灏嗚 瀛楁 澹版槑涓哄彲涓?null銆?[C:\Users\鏉庨暱鎭抃Desktop\姣曚笟璁捐涓湡妫€鏌SIAS2025\2025姣曚笟璁捐\2025姣曚笟璁捐_bau1v4gn_wpftmp.csproj]
C:\Users\鏉庨暱鎭抃Desktop\姣曚笟璁捐涓湡妫€鏌SIAS2025\2025姣曚笟璁捐\ViewModels\Pages\VoteEntranceViewModel.cs(395,16): warning CS8618: 鍦ㄩ€€鍑烘瀯閫犲嚱鏁版椂锛屼笉鍙负 null 鐨?瀛楁 "_selectedAward" 蹇呴』鍖呭惈闈?null 鍊笺€傝鑰冭檻娣诲姞 "required" 淇グ绗︽垨灏嗚 瀛楁 澹版槑涓哄彲涓?null銆?[C:\Users\鏉庨暱鎭抃Desktop\姣曚笟璁捐涓湡妫€鏌SIAS2025\2025姣曚笟璁捐\2025姣曚笟璁捐_bau1v4gn_wpftmp.csproj]
C:\Users\鏉庨暱鎭抃Desktop\姣曚笟璁捐涓湡妫€鏌SIAS2025\2025姣曚笟璁捐\ViewModels\Pages\VoteEntranceViewModel.cs(395,16): warning CS8618: 鍦ㄩ€€鍑烘瀯閫犲嚱鏁版椂锛屼笉鍙负 null 鐨?瀛楁 "_nominations" 蹇呴』鍖呭惈闈?null 鍊笺€傝鑰冭檻娣诲姞 "required" 淇グ绗︽垨灏嗚 瀛楁 澹版槑涓哄彲涓?null銆?[C:\Users\鏉庨暱鎭抃Desktop\姣曚笟璁捐涓湡妫€鏌SIAS2025\2025姣曚笟璁捐\2025姣曚笟璁捐_bau1v4gn_wpftmp.csproj]
C:\Users\鏉庨暱鎭抃Desktop\姣曚笟璁捐涓湡妫€鏌SIAS2025\2025姣曚笟璁捐\ViewModels\Pages\VoteEntranceViewModel.cs(395,16): warning CS8618: 鍦ㄩ€€鍑烘瀯閫犲嚱鏁版椂锛屼笉鍙负 null 鐨?瀛楁 "_pagedNominations" 蹇呴』鍖呭惈闈?null 鍊笺€傝鑰冭檻娣诲姞 "required" 淇グ绗︽垨灏嗚 瀛楁 澹版槑涓哄彲涓?null銆?[C:\Users\鏉庨暱鎭抃Desktop\姣曚笟璁捐涓湡妫€鏌SIAS2025\2025姣曚笟璁捐\2025姣曚笟璁捐_bau1v4gn_wpftmp.csproj]
C:\Users\鏉庨暱鎭抃Desktop\姣曚笟璁捐涓湡妫€鏌SIAS2025\2025姣曚笟璁捐\ViewModels\Pages\VoteEntranceViewModel.cs(395,16): warning CS8618: 鍦ㄩ€€鍑烘瀯閫犲嚱鏁版椂锛屼笉鍙负 null 鐨?瀛楁 "_selectedNomination" 蹇呴』鍖呭惈闈?null 鍊笺€傝鑰冭檻娣诲姞 "required" 淇グ绗︽垨灏嗚 瀛楁 澹版槑涓哄彲涓?null銆?[C:\Users\鏉庨暱鎭抃Desktop\姣曚笟璁捐涓湡妫€鏌SIAS2025\2025姣曚笟璁捐\2025姣曚笟璁捐_bau1v4gn_wpftmp.csproj]
C:\Users\鏉庨暱鎭抃Desktop\姣曚笟璁捐涓湡妫€鏌SIAS2025\2025姣曚笟璁捐\ViewModels\Pages\VoteEntranceViewModel.cs(395,16): warning CS8618: 鍦ㄩ€€鍑烘瀯閫犲嚱鏁版椂锛屼笉鍙负 null 鐨?瀛楁 "_statusMessage" 蹇呴』鍖呭惈闈?null 鍊笺€傝鑰冭檻娣诲姞 "required" 淇グ绗︽垨灏嗚 瀛楁 澹版槑涓哄彲涓?null銆?[C:\Users\鏉庨暱鎭抃Desktop\姣曚笟璁捐涓湡妫€鏌SIAS2025\2025姣曚笟璁捐\2025姣曚笟璁捐_bau1v4gn_wpftmp.csproj]
C:\Users\鏉庨暱鎭抃Desktop\姣曚笟璁捐涓湡妫€鏌SIAS2025\2025姣曚笟璁捐\ViewModels\Pages\VoteEntranceViewModel.cs(395,16): warning CS8618: 鍦ㄩ€€鍑烘瀯閫犲嚱鏁版椂锛屼笉鍙负 null 鐨?瀛楁 "_votedAwardIds" 蹇呴』鍖呭惈闈?null 鍊笺€傝鑰冭檻娣诲姞 "required" 淇グ绗︽垨灏嗚 瀛楁 澹版槑涓哄彲涓?null銆?[C:\Users\鏉庨暱鎭抃Desktop\姣曚笟璁捐涓湡妫€鏌SIAS2025\2025姣曚笟璁捐\2025姣曚笟璁捐_bau1v4gn_wpftmp.csproj]
C:\Users\鏉庨暱鎭抃Desktop\姣曚笟璁捐涓湡妫€鏌SIAS2025\2025姣曚笟璁捐\ViewModels\Pages\VoteEntranceViewModel.cs(395,16): warning CS8618: 鍦ㄩ€€鍑烘瀯閫犲嚱鏁版椂锛屼笉鍙负 null 鐨?瀛楁 "_searchKeyword" 蹇呴』鍖呭惈闈?null 鍊笺€傝鑰冭檻娣诲姞 "required" 淇グ绗︽垨灏嗚 瀛楁 澹版槑涓哄彲涓?null銆?[C:\Users\鏉庨暱鎭抃Desktop\姣曚笟璁捐涓湡妫€鏌SIAS2025\2025姣曚笟璁捐\2025姣曚笟璁捐_bau1v4gn_wpftmp.csproj]
C:\Users\鏉庨暱鎭抃Desktop\姣曚笟璁捐涓湡妫€鏌SIAS2025\2025姣曚笟璁捐\ViewModels\Pages\VoteEntranceViewModel.cs(395,16): warning CS8618: 鍦ㄩ€€鍑烘瀯閫犲嚱鏁版椂锛屼笉鍙负 null 鐨?瀛楁 "_searchedAwardName" 蹇呴』鍖呭惈闈?null 鍊笺€傝鑰冭檻娣诲姞 "required" 淇グ绗︽垨灏嗚 瀛楁 澹版槑涓哄彲涓?null銆?[C:\Users\鏉庨暱鎭抃Desktop\姣曚笟璁捐涓湡妫€鏌SIAS2025\2025姣曚笟璁捐\2025姣曚笟璁捐_bau1v4gn_wpftmp.csproj]
C:\Users\鏉庨暱鎭抃Desktop\姣曚笟璁捐涓湡妫€鏌SIAS2025\2025姣曚笟璁捐\ViewModels\Pages\VoteEntranceViewModel.cs(395,16): warning CS8618: 鍦ㄩ€€鍑烘瀯閫犲嚱鏁版椂锛屼笉鍙负 null 鐨?瀛楁 "_pageSizeOptions" 蹇呴』鍖呭惈闈?null 鍊笺€傝鑰冭檻娣诲姞 "required" 淇グ绗︽垨灏嗚 瀛楁 澹版槑涓哄彲涓?null銆?[C:\Users\鏉庨暱鎭抃Desktop\姣曚笟璁捐涓湡妫€鏌SIAS2025\2025姣曚笟璁捐\2025姣曚笟璁捐_bau1v4gn_wpftmp.csproj]
C:\Users\鏉庨暱鎭抃Desktop\姣曚笟璁捐涓湡妫€鏌SIAS2025\2025姣曚笟璁捐\ViewModels\Pages\VoteEntranceViewModel.cs(395,16): warning CS8618: 鍦ㄩ€€鍑烘瀯閫犲嚱鏁版椂锛屼笉鍙负 null 鐨?瀛楁 "_searchText" 蹇呴』鍖呭惈闈?null 鍊笺€傝鑰冭檻娣诲姞 "required" 淇グ绗︽垨灏嗚 瀛楁 澹版槑涓哄彲涓?null銆?[C:\Users\鏉庨暱鎭抃Desktop\姣曚笟璁捐涓湡妫€鏌SIAS2025\2025姣曚笟璁捐\2025姣曚笟璁捐_bau1v4gn_wpftmp.csproj]
C:\Users\鏉庨暱鎭抃Desktop\姣曚笟璁捐涓湡妫€鏌SIAS2025\2025姣曚笟璁捐\ViewModels\Pages\VoteEntranceViewModel.cs(395,16): warning CS8618: 鍦ㄩ€€鍑烘瀯閫犲嚱鏁版椂锛屼笉鍙负 null 鐨?灞炴€?"HandlePreviewKeyDownCommand" 蹇呴』鍖呭惈闈?null 鍊笺€傝鑰冭檻娣诲姞 "required" 淇グ绗︽垨灏嗚 灞炴€?澹版槑涓哄彲涓?null銆?[C:\Users\鏉庨暱鎭抃Desktop\姣曚笟璁捐涓湡妫€鏌SIAS2025\2025姣曚笟璁捐\2025姣曚笟璁捐_bau1v4gn_wpftmp.csproj]
C:\Users\鏉庨暱鎭抃Desktop\姣曚笟璁捐涓湡妫€鏌SIAS2025\2025姣曚笟璁捐\ViewModels\Pages\EmployeeManagerViewModel.cs(376,25): warning CS8602: 瑙ｅ紩鐢ㄥ彲鑳藉嚭鐜扮┖寮曠敤銆?[C:\Users\鏉庨暱鎭抃Desktop\姣曚笟璁捐涓湡妫€鏌SIAS2025\2025姣曚笟璁捐\2025姣曚笟璁捐_bau1v4gn_wpftmp.csproj]
C:\Users\鏉庨暱鎭抃Desktop\姣曚笟璁捐涓湡妫€鏌SIAS2025\2025姣曚笟璁捐\ViewModels\Pages\AdminManagerViewModel.cs(343,25): warning CS8602: 瑙ｅ紩鐢ㄥ彲鑳藉嚭鐜扮┖寮曠敤銆?[C:\Users\鏉庨暱鎭抃Desktop\姣曚笟璁捐涓湡妫€鏌SIAS2025\2025姣曚笟璁捐\2025姣曚笟璁捐_bau1v4gn_wpftmp.csproj]
C:\Users\鏉庨暱鎭抃Desktop\姣曚笟璁捐涓湡妫€鏌SIAS2025\2025姣曚笟璁捐\ViewModels\Pages\AdminManagerViewModel.cs(284,27): warning CS1998: 姝ゅ紓姝ユ柟娉曠己灏?"await" 杩愮畻绗︼紝灏嗕互鍚屾鏂瑰紡杩愯銆傝鑰冭檻浣跨敤 "await" 杩愮畻绗︾瓑寰呴潪闃绘鐨?API 璋冪敤锛屾垨鑰呬娇鐢?"await Task.Run(...)" 鍦ㄥ悗鍙扮嚎绋嬩笂鎵ц鍗犵敤澶ч噺 CPU 鐨勫伐浣溿€?[C:\Users\鏉庨暱鎭抃Desktop\姣曚笟璁捐涓湡妫€鏌SIAS2025\2025姣曚笟璁捐\2025姣曚笟璁捐_bau1v4gn_wpftmp.csproj]
C:\Users\鏉庨暱鎭抃Desktop\姣曚笟璁捐涓湡妫€鏌SIAS2025\2025姣曚笟璁捐\ViewModels\Pages\AdminManagerViewModel.cs(432,22): warning CS8625: 鏃犳硶灏?null 瀛楅潰閲忚浆鎹负闈?null 鐨勫紩鐢ㄧ被鍨嬨€?[C:\Users\鏉庨暱鎭抃Desktop\姣曚笟璁捐涓湡妫€鏌SIAS2025\2025姣曚笟璁捐\2025姣曚笟璁捐_bau1v4gn_wpftmp.csproj]
C:\Users\鏉庨暱鎭抃Desktop\姣曚笟璁捐涓湡妫€鏌SIAS2025\2025姣曚笟璁捐\ViewModels\EditMessage\AwardNominateManager\EditAwardNominateViewModel.cs(422,37): warning CS8601: 鍙兘鐨?null 寮曠敤璧嬪€笺€?[C:\Users\鏉庨暱鎭抃Desktop\姣曚笟璁捐涓湡妫€鏌SIAS2025\2025姣曚笟璁捐\2025姣曚笟璁捐_bau1v4gn_wpftmp.csproj]
C:\Users\鏉庨暱鎭抃Desktop\姣曚笟璁捐涓湡妫€鏌SIAS2025\2025姣曚笟璁捐\ViewModels\EditMessage\AwardNominateManager\EditAwardNominateViewModel.cs(423,36): warning CS8601: 鍙兘鐨?null 寮曠敤璧嬪€笺€?[C:\Users\鏉庨暱鎭抃Desktop\姣曚笟璁捐涓湡妫€鏌SIAS2025\2025姣曚笟璁捐\2025姣曚笟璁捐_bau1v4gn_wpftmp.csproj]
C:\Users\鏉庨暱鎭抃Desktop\姣曚笟璁捐涓湡妫€鏌SIAS2025\2025姣曚笟璁捐\ViewModels\EditMessage\AwardNominateManager\EditAwardNominateViewModel.cs(424,38): warning CS8601: 鍙兘鐨?null 寮曠敤璧嬪€笺€?[C:\Users\鏉庨暱鎭抃Desktop\姣曚笟璁捐涓湡妫€鏌SIAS2025\2025姣曚笟璁捐\2025姣曚笟璁捐_bau1v4gn_wpftmp.csproj]
C:\Users\鏉庨暱鎭抃Desktop\姣曚笟璁捐涓湡妫€鏌SIAS2025\2025姣曚笟璁捐\ViewModels\EditMessage\AwardNominateManager\EditAwardNominateViewModel.cs(425,34): warning CS8601: 鍙兘鐨?null 寮曠敤璧嬪€笺€?[C:\Users\鏉庨暱鎭抃Desktop\姣曚笟璁捐涓湡妫€鏌SIAS2025\2025姣曚笟璁捐\2025姣曚笟璁捐_bau1v4gn_wpftmp.csproj]
C:\Users\鏉庨暱鎭抃Desktop\姣曚笟璁捐涓湡妫€鏌SIAS2025\2025姣曚笟璁捐\ViewModels\EditMessage\AwardNominateManager\EditAwardNominateViewModel.cs(455,51): warning CS8601: 鍙兘鐨?null 寮曠敤璧嬪€笺€?[C:\Users\鏉庨暱鎭抃Desktop\姣曚笟璁捐涓湡妫€鏌SIAS2025\2025姣曚笟璁捐\2025姣曚笟璁捐_bau1v4gn_wpftmp.csproj]
C:\Users\鏉庨暱鎭抃Desktop\姣曚笟璁捐涓湡妫€鏌SIAS2025\2025姣曚笟璁捐\ViewModels\EditMessage\AwardNominateManager\EditAwardNominateViewModel.cs(479,51): warning CS8601: 鍙兘鐨?null 寮曠敤璧嬪€笺€?[C:\Users\鏉庨暱鎭抃Desktop\姣曚笟璁捐涓湡妫€鏌SIAS2025\2025姣曚笟璁捐\2025姣曚笟璁捐_bau1v4gn_wpftmp.csproj]
C:\Users\鏉庨暱鎭抃Desktop\姣曚笟璁捐涓湡妫€鏌SIAS2025\2025姣曚笟璁捐\ViewModels\HomeViewModel.cs(560,39): warning CS8602: 瑙ｅ紩鐢ㄥ彲鑳藉嚭鐜扮┖寮曠敤銆?[C:\Users\鏉庨暱鎭抃Desktop\姣曚笟璁捐涓湡妫€鏌SIAS2025\2025姣曚笟璁捐\2025姣曚笟璁捐_bau1v4gn_wpftmp.csproj]
C:\Users\鏉庨暱鎭抃Desktop\姣曚笟璁捐涓湡妫€鏌SIAS2025\2025姣曚笟璁捐\ViewModels\HomeViewModel.cs(819,76): warning CS8625: 鏃犳硶灏?null 瀛楅潰閲忚浆鎹负闈?null 鐨勫紩鐢ㄧ被鍨嬨€?[C:\Users\鏉庨暱鎭抃Desktop\姣曚笟璁捐涓湡妫€鏌SIAS2025\2025姣曚笟璁捐\2025姣曚笟璁捐_bau1v4gn_wpftmp.csproj]
C:\Users\鏉庨暱鎭抃Desktop\姣曚笟璁捐涓湡妫€鏌SIAS2025\2025姣曚笟璁捐\ViewModels\Pages\VoteEntranceViewModel.cs(695,45): warning CS8602: 瑙ｅ紩鐢ㄥ彲鑳藉嚭鐜扮┖寮曠敤銆?[C:\Users\鏉庨暱鎭抃Desktop\姣曚笟璁捐涓湡妫€鏌SIAS2025\2025姣曚笟璁捐\2025姣曚笟璁捐_bau1v4gn_wpftmp.csproj]
C:\Users\鏉庨暱鎭抃Desktop\姣曚笟璁捐涓湡妫€鏌SIAS2025\2025姣曚笟璁捐\ViewModels\Pages\VoteEntranceViewModel.cs(747,52): warning CS8601: 鍙兘鐨?null 寮曠敤璧嬪€笺€?[C:\Users\鏉庨暱鎭抃Desktop\姣曚笟璁捐涓湡妫€鏌SIAS2025\2025姣曚笟璁捐\2025姣曚笟璁捐_bau1v4gn_wpftmp.csproj]
C:\Users\鏉庨暱鎭抃Desktop\姣曚笟璁捐涓湡妫€鏌SIAS2025\2025姣曚笟璁捐\ViewModels\Pages\VoteEntranceViewModel.cs(754,49): warning CS8601: 鍙兘鐨?null 寮曠敤璧嬪€笺€?[C:\Users\鏉庨暱鎭抃Desktop\姣曚笟璁捐涓湡妫€鏌SIAS2025\2025姣曚笟璁捐\2025姣曚笟璁捐_bau1v4gn_wpftmp.csproj]
C:\Users\鏉庨暱鎭抃Desktop\姣曚笟璁捐涓湡妫€鏌SIAS2025\2025姣曚笟璁捐\ViewModels\Pages\VoteEntranceViewModel.cs(966,29): warning CS4014: 鐢变簬姝よ皟鐢ㄤ笉浼氱瓑寰咃紝鍥犳鍦ㄦ璋冪敤瀹屾垚涔嬪墠灏嗕細缁х画鎵ц褰撳墠鏂规硶銆傝鑰冭檻灏?"await" 杩愮畻绗﹀簲鐢ㄤ簬璋冪敤缁撴灉銆?[C:\Users\鏉庨暱鎭抃Desktop\姣曚笟璁捐涓湡妫€鏌SIAS2025\2025姣曚笟璁捐\2025姣曚笟璁捐_bau1v4gn_wpftmp.csproj]
C:\Users\鏉庨暱鎭抃Desktop\姣曚笟璁捐涓湡妫€鏌SIAS2025\2025姣曚笟璁捐\ViewModels\Pages\VoteEntranceViewModel.cs(1162,13): warning CS4014: 鐢变簬姝よ皟鐢ㄤ笉浼氱瓑寰咃紝鍥犳鍦ㄦ璋冪敤瀹屾垚涔嬪墠灏嗕細缁х画鎵ц褰撳墠鏂规硶銆傝鑰冭檻灏?"await" 杩愮畻绗﹀簲鐢ㄤ簬璋冪敤缁撴灉銆?[C:\Users\鏉庨暱鎭抃Desktop\姣曚笟璁捐涓湡妫€鏌SIAS2025\2025姣曚笟璁捐\2025姣曚笟璁捐_bau1v4gn_wpftmp.csproj]
C:\Users\鏉庨暱鎭抃Desktop\姣曚笟璁捐涓湡妫€鏌SIAS2025\2025姣曚笟璁捐\ViewModels\Pages\VoteEntranceViewModel.cs(1163,13): warning CS4014: 鐢变簬姝よ皟鐢ㄤ笉浼氱瓑寰咃紝鍥犳鍦ㄦ璋冪敤瀹屾垚涔嬪墠灏嗕細缁х画鎵ц褰撳墠鏂规硶銆傝鑰冭檻灏?"await" 杩愮畻绗﹀簲鐢ㄤ簬璋冪敤缁撴灉銆?[C:\Users\鏉庨暱鎭抃Desktop\姣曚笟璁捐涓湡妫€鏌SIAS2025\2025姣曚笟璁捐\2025姣曚笟璁捐_bau1v4gn_wpftmp.csproj]
C:\Users\鏉庨暱鎭抃Desktop\姣曚笟璁捐涓湡妫€鏌SIAS2025\2025姣曚笟璁捐\ViewModels\Pages\VoteEntranceViewModel.cs(1164,13): warning CS4014: 鐢变簬姝よ皟鐢ㄤ笉浼氱瓑寰咃紝鍥犳鍦ㄦ璋冪敤瀹屾垚涔嬪墠灏嗕細缁х画鎵ц褰撳墠鏂规硶銆傝鑰冭檻灏?"await" 杩愮畻绗﹀簲鐢ㄤ簬璋冪敤缁撴灉銆?[C:\Users\鏉庨暱鎭抃Desktop\姣曚笟璁捐涓湡妫€鏌SIAS2025\2025姣曚笟璁捐\2025姣曚笟璁捐_bau1v4gn_wpftmp.csproj]
C:\Users\鏉庨暱鎭抃Desktop\姣曚笟璁捐涓湡妫€鏌SIAS2025\2025姣曚笟璁捐\ViewModels\Pages\VoteEntranceViewModel.cs(1235,21): warning CS4014: 鐢变簬姝よ皟鐢ㄤ笉浼氱瓑寰咃紝鍥犳鍦ㄦ璋冪敤瀹屾垚涔嬪墠灏嗕細缁х画鎵ц褰撳墠鏂规硶銆傝鑰冭檻灏?"await" 杩愮畻绗﹀簲鐢ㄤ簬璋冪敤缁撴灉銆?[C:\Users\鏉庨暱鎭抃Desktop\姣曚笟璁捐涓湡妫€鏌SIAS2025\2025姣曚笟璁捐\2025姣曚笟璁捐_bau1v4gn_wpftmp.csproj]
C:\Users\鏉庨暱鎭抃Desktop\姣曚笟璁捐涓湡妫€鏌SIAS2025\2025姣曚笟璁捐\ViewModels\Pages\VoteEntranceViewModel.cs(1780,41): warning CS4014: 鐢变簬姝よ皟鐢ㄤ笉浼氱瓑寰咃紝鍥犳鍦ㄦ璋冪敤瀹屾垚涔嬪墠灏嗕細缁х画鎵ц褰撳墠鏂规硶銆傝鑰冭檻灏?"await" 杩愮畻绗﹀簲鐢ㄤ簬璋冪敤缁撴灉銆?[C:\Users\鏉庨暱鎭抃Desktop\姣曚笟璁捐涓湡妫€鏌SIAS2025\2025姣曚笟璁捐\2025姣曚笟璁捐_bau1v4gn_wpftmp.csproj]
C:\Users\鏉庨暱鎭抃Desktop\姣曚笟璁捐涓湡妫€鏌SIAS2025\2025姣曚笟璁捐\ViewModels\Pages\VoteEntranceViewModel.cs(1652,41): warning CS8600: 灏?null 鏂囨湰鎴栧彲鑳界殑 null 鍊艰浆鎹负涓嶅彲涓?null 绫诲瀷銆?[C:\Users\鏉庨暱鎭抃Desktop\姣曚笟璁捐涓湡妫€鏌SIAS2025\2025姣曚笟璁捐\2025姣曚笟璁捐_bau1v4gn_wpftmp.csproj]
C:\Users\鏉庨暱鎭抃Desktop\姣曚笟璁捐涓湡妫€鏌SIAS2025\2025姣曚笟璁捐\ViewModels\Pages\VoteEntranceViewModel.cs(1654,34): warning CS8600: 灏?null 鏂囨湰鎴栧彲鑳界殑 null 鍊艰浆鎹负涓嶅彲涓?null 绫诲瀷銆?[C:\Users\鏉庨暱鎭抃Desktop\姣曚笟璁捐涓湡妫€鏌SIAS2025\2025姣曚笟璁捐\2025姣曚笟璁捐_bau1v4gn_wpftmp.csproj]
C:\Users\鏉庨暱鎭抃Desktop\姣曚笟璁捐涓湡妫€鏌SIAS2025\2025姣曚笟璁捐\Common\ConVerterImage.cs(22,20): warning CS8603: 鍙兘杩斿洖 null 寮曠敤銆?[C:\Users\鏉庨暱鎭抃Desktop\姣曚笟璁捐涓湡妫€鏌SIAS2025\2025姣曚笟璁捐\2025姣曚笟璁捐.csproj]
C:\Users\鏉庨暱鎭抃Desktop\姣曚笟璁捐涓湡妫€鏌SIAS2025\2025姣曚笟璁捐\ViewModels\LoginViewModel.cs(13,16): warning CS8618: 鍦ㄩ€€鍑烘瀯閫犲嚱鏁版椂锛屼笉鍙负 null 鐨?瀛楁 "userName" 蹇呴』鍖呭惈闈?null 鍊笺€傝鑰冭檻娣诲姞 "required" 淇グ绗︽垨灏嗚 瀛楁 澹版槑涓哄彲涓?null銆?[C:\Users\鏉庨暱鎭抃Desktop\姣曚笟璁捐涓湡妫€鏌SIAS2025\2025姣曚笟璁捐\2025姣曚笟璁捐.csproj]
C:\Users\鏉庨暱鎭抃Desktop\姣曚笟璁捐涓湡妫€鏌SIAS2025\2025姣曚笟璁捐\ViewModels\LoginViewModel.cs(13,16): warning CS8618: 鍦ㄩ€€鍑烘瀯閫犲嚱鏁版椂锛屼笉鍙负 null 鐨?瀛楁 "password" 蹇呴』鍖呭惈闈?null 鍊笺€傝鑰冭檻娣诲姞 "required" 淇グ绗︽垨灏嗚 瀛楁 澹版槑涓哄彲涓?null銆?[C:\Users\鏉庨暱鎭抃Desktop\姣曚笟璁捐涓湡妫€鏌SIAS2025\2025姣曚笟璁捐\2025姣曚笟璁捐.csproj]
C:\Users\鏉庨暱鎭抃Desktop\姣曚笟璁捐涓湡妫€鏌SIAS2025\2025姣曚笟璁捐\ViewModels\LoginViewModel.cs(13,16): warning CS8618: 鍦ㄩ€€鍑烘瀯閫犲嚱鏁版椂锛屼笉鍙负 null 鐨?瀛楁 "image" 蹇呴』鍖呭惈闈?null 鍊笺€傝鑰冭檻娣诲姞 "required" 淇グ绗︽垨灏嗚 瀛楁 澹版槑涓哄彲涓?null銆?[C:\Users\鏉庨暱鎭抃Desktop\姣曚笟璁捐涓湡妫€鏌SIAS2025\2025姣曚笟璁捐\2025姣曚笟璁捐.csproj]
C:\Users\鏉庨暱鎭抃Desktop\姣曚笟璁捐涓湡妫€鏌SIAS2025\2025姣曚笟璁捐\ViewModels\LoginViewModel.cs(13,16): warning CS8618: 鍦ㄩ€€鍑烘瀯閫犲嚱鏁版椂锛屼笉鍙负 null 鐨?瀛楁 "_supAdmins" 蹇呴』鍖呭惈闈?null 鍊笺€傝鑰冭檻娣诲姞 "required" 淇グ绗︽垨灏嗚 瀛楁 澹版槑涓哄彲涓?null銆?[C:\Users\鏉庨暱鎭抃Desktop\姣曚笟璁捐涓湡妫€鏌SIAS2025\2025姣曚笟璁捐\2025姣曚笟璁捐.csproj]
C:\Users\鏉庨暱鎭抃Desktop\姣曚笟璁捐涓湡妫€鏌SIAS2025\2025姣曚笟璁捐\ViewModels\LoginViewModel.cs(13,16): warning CS8618: 鍦ㄩ€€鍑烘瀯閫犲嚱鏁版椂锛屼笉鍙负 null 鐨?瀛楁 "_admins" 蹇呴』鍖呭惈闈?null 鍊笺€傝鑰冭檻娣诲姞 "required" 淇グ绗︽垨灏嗚 瀛楁 澹版槑涓哄彲涓?null銆?[C:\Users\鏉庨暱鎭抃Desktop\姣曚笟璁捐涓湡妫€鏌SIAS2025\2025姣曚笟璁捐\2025姣曚笟璁捐.csproj]
C:\Users\鏉庨暱鎭抃Desktop\姣曚笟璁捐涓湡妫€鏌SIAS2025\2025姣曚笟璁捐\ViewModels\LoginViewModel.cs(13,16): warning CS8618: 鍦ㄩ€€鍑烘瀯閫犲嚱鏁版椂锛屼笉鍙负 null 鐨?瀛楁 "_employees" 蹇呴』鍖呭惈闈?null 鍊笺€傝鑰冭檻娣诲姞 "required" 淇グ绗︽垨灏嗚 瀛楁 澹版槑涓哄彲涓?null銆?[C:\Users\鏉庨暱鎭抃Desktop\姣曚笟璁捐涓湡妫€鏌SIAS2025\2025姣曚笟璁捐\2025姣曚笟璁捐.csproj]
C:\Users\鏉庨暱鎭抃Desktop\姣曚笟璁捐涓湡妫€鏌SIAS2025\2025姣曚笟璁捐\ViewModels\LoginViewModel.cs(13,16): warning CS8618: 鍦ㄩ€€鍑烘瀯閫犲嚱鏁版椂锛屼笉鍙负 null 鐨?瀛楁 "exitCommand" 蹇呴』鍖呭惈闈?null 鍊笺€傝鑰冭檻娣诲姞 "required" 淇グ绗︽垨灏嗚 瀛楁 澹版槑涓哄彲涓?null銆?[C:\Users\鏉庨暱鎭抃Desktop\姣曚笟璁捐涓湡妫€鏌SIAS2025\2025姣曚笟璁捐\2025姣曚笟璁捐.csproj]
C:\Users\鏉庨暱鎭抃Desktop\姣曚笟璁捐涓湡妫€鏌SIAS2025\2025姣曚笟璁捐\ViewModels\LoginViewModel.cs(13,16): warning CS8618: 鍦ㄩ€€鍑烘瀯閫犲嚱鏁版椂锛屼笉鍙负 null 鐨?瀛楁 "previewMouseDownLoginCommand" 蹇呴』鍖呭惈闈?null 鍊笺€傝鑰冭檻娣诲姞 "required" 淇グ绗︽垨灏嗚 瀛楁 澹版槑涓哄彲涓?null銆?[C:\Users\鏉庨暱鎭抃Desktop\姣曚笟璁捐涓湡妫€鏌SIAS2025\2025姣曚笟璁捐\2025姣曚笟璁捐.csproj]
C:\Users\鏉庨暱鎭抃Desktop\姣曚笟璁捐涓湡妫€鏌SIAS2025\2025姣曚笟璁捐\Common\CurrentUser.cs(5,30): warning CS8618: 鍦ㄩ€€鍑烘瀯閫犲嚱鏁版椂锛屼笉鍙负 null 鐨?灞炴€?"UserName" 蹇呴』鍖呭惈闈?null 鍊笺€傝鑰冭檻娣诲姞 "required" 淇グ绗︽垨灏嗚 灞炴€?澹版槑涓哄彲涓?null銆?[C:\Users\鏉庨暱鎭抃Desktop\姣曚笟璁捐涓湡妫€鏌SIAS2025\2025姣曚笟璁捐\2025姣曚笟璁捐.csproj]
C:\Users\鏉庨暱鎭抃Desktop\姣曚笟璁捐涓湡妫€鏌SIAS2025\2025姣曚笟璁捐\Common\CurrentUser.cs(6,30): warning CS8618: 鍦ㄩ€€鍑烘瀯閫犲嚱鏁版椂锛屼笉鍙负 null 鐨?灞炴€?"Password" 蹇呴』鍖呭惈闈?null 鍊笺€傝鑰冭檻娣诲姞 "required" 淇グ绗︽垨灏嗚 灞炴€?澹版槑涓哄彲涓?null銆?[C:\Users\鏉庨暱鎭抃Desktop\姣曚笟璁捐涓湡妫€鏌SIAS2025\2025姣曚笟璁捐\2025姣曚笟璁捐.csproj]
C:\Users\鏉庨暱鎭抃Desktop\姣曚笟璁捐涓湡妫€鏌SIAS2025\2025姣曚笟璁捐\Models\VoteRecord.cs(31,22): warning CS8618: 鍦ㄩ€€鍑烘瀯閫犲嚱鏁版椂锛屼笉鍙负 null 鐨?灞炴€?"Award" 蹇呴』鍖呭惈闈?null 鍊笺€傝鑰冭檻娣诲姞 "required" 淇グ绗︽垨灏嗚 灞炴€?澹版槑涓哄彲涓?null銆?[C:\Users\鏉庨暱鎭抃Desktop\姣曚笟璁捐涓湡妫€鏌SIAS2025\2025姣曚笟璁捐\2025姣曚笟璁捐.csproj]
C:\Users\鏉庨暱鎭抃Desktop\姣曚笟璁捐涓湡妫€鏌SIAS2025\2025姣曚笟璁捐\Models\VoteRecord.cs(42,27): warning CS8618: 鍦ㄩ€€鍑烘瀯閫犲嚱鏁版椂锛屼笉鍙负 null 鐨?灞炴€?"Nomination" 蹇呴』鍖呭惈闈?null 鍊笺€傝鑰冭檻娣诲姞 "required" 淇グ绗︽垨灏嗚 灞炴€?澹版槑涓哄彲涓?null銆?[C:\Users\鏉庨暱鎭抃Desktop\姣曚笟璁捐涓湡妫€鏌SIAS2025\2025姣曚笟璁捐\2025姣曚笟璁捐.csproj]
C:\Users\鏉庨暱鎭抃Desktop\姣曚笟璁捐涓湡妫€鏌SIAS2025\2025姣曚笟璁捐\Models\VoteRecord.cs(53,25): warning CS8618: 鍦ㄩ€€鍑烘瀯閫犲嚱鏁版椂锛屼笉鍙负 null 鐨?灞炴€?"VoterEmployee" 蹇呴』鍖呭惈闈?null 鍊笺€傝鑰冭檻娣诲姞 "required" 淇グ绗︽垨灏嗚 灞炴€?澹版槑涓哄彲涓?null銆?[C:\Users\鏉庨暱鎭抃Desktop\姣曚笟璁捐涓湡妫€鏌SIAS2025\2025姣曚笟璁捐\2025姣曚笟璁捐.csproj]
C:\Users\鏉庨暱鎭抃Desktop\姣曚笟璁捐涓湡妫€鏌SIAS2025\2025姣曚笟璁捐\Models\VoteRecord.cs(64,22): warning CS8618: 鍦ㄩ€€鍑烘瀯閫犲嚱鏁版椂锛屼笉鍙负 null 鐨?灞炴€?"VoterAdmin" 蹇呴』鍖呭惈闈?null 鍊笺€傝鑰冭檻娣诲姞 "required" 淇グ绗︽垨灏嗚 灞炴€?澹版槑涓哄彲涓?null銆?[C:\Users\鏉庨暱鎭抃Desktop\姣曚笟璁捐涓湡妫€鏌SIAS2025\2025姣曚笟璁捐\2025姣曚笟璁捐.csproj]
C:\Users\鏉庨暱鎭抃Desktop\姣曚笟璁捐涓湡妫€鏌SIAS2025\2025姣曚笟璁捐\Models\VoteRecord.cs(85,23): warning CS8618: 鍦ㄩ€€鍑烘瀯閫犲嚱鏁版椂锛屼笉鍙负 null 鐨?灞炴€?"VoteDescription" 蹇呴』鍖呭惈闈?null 鍊笺€傝鑰冭檻娣诲姞 "required" 淇グ绗︽垨灏嗚 灞炴€?澹版槑涓哄彲涓?null銆?[C:\Users\鏉庨暱鎭抃Desktop\姣曚笟璁捐涓湡妫€鏌SIAS2025\2025姣曚笟璁捐\2025姣曚笟璁捐.csproj]
C:\Users\鏉庨暱鎭抃Desktop\姣曚笟璁捐涓湡妫€鏌SIAS2025\2025姣曚笟璁捐\Behaviors\OpenWindowBehavior.cs(24,33): warning CS8600: 灏?null 鏂囨湰鎴栧彲鑳界殑 null 鍊艰浆鎹负涓嶅彲涓?null 绫诲瀷銆?[C:\Users\鏉庨暱鎭抃Desktop\姣曚笟璁捐涓湡妫€鏌SIAS2025\2025姣曚笟璁捐\2025姣曚笟璁捐.csproj]
C:\Users\鏉庨暱鎭抃Desktop\姣曚笟璁捐涓湡妫€鏌SIAS2025\2025姣曚笟璁捐\Behaviors\OpenWindowBehavior.cs(25,17): warning CS8602: 瑙ｅ紩鐢ㄥ彲鑳藉嚭鐜扮┖寮曠敤銆?[C:\Users\鏉庨暱鎭抃Desktop\姣曚笟璁捐涓湡妫€鏌SIAS2025\2025姣曚笟璁捐\2025姣曚笟璁捐.csproj]
C:\Users\鏉庨暱鎭抃Desktop\姣曚笟璁捐涓湡妫€鏌SIAS2025\2025姣曚笟璁捐\ViewModels\EditMessage\AwardNominateManager\EditAwardNominateViewModel.cs(27,16): warning CS8618: 鍦ㄩ€€鍑烘瀯閫犲嚱鏁版椂锛屼笉鍙负 null 鐨?瀛楁 "awards" 蹇呴』鍖呭惈闈?null 鍊笺€傝鑰冭檻娣诲姞 "required" 淇グ绗︽垨灏嗚 瀛楁 澹版槑涓哄彲涓?null銆?[C:\Users\鏉庨暱鎭抃Desktop\姣曚笟璁捐涓湡妫€鏌SIAS2025\2025姣曚笟璁捐\2025姣曚笟璁捐.csproj]
C:\Users\鏉庨暱鎭抃Desktop\姣曚笟璁捐涓湡妫€鏌SIAS2025\2025姣曚笟璁捐\ViewModels\EditMessage\AwardNominateManager\EditAwardNominateViewModel.cs(27,16): warning CS8618: 鍦ㄩ€€鍑烘瀯閫犲嚱鏁版椂锛屼笉鍙负 null 鐨?瀛楁 "selectedAward" 蹇呴』鍖呭惈闈?null 鍊笺€傝鑰冭檻娣诲姞 "required" 淇グ绗︽垨灏嗚 瀛楁 澹版槑涓哄彲涓?null銆?[C:\Users\鏉庨暱鎭抃Desktop\姣曚笟璁捐涓湡妫€鏌SIAS2025\2025姣曚笟璁捐\2025姣曚笟璁捐.csproj]
C:\Users\鏉庨暱鎭抃Desktop\姣曚笟璁捐涓湡妫€鏌SIAS2025\2025姣曚笟璁捐\ViewModels\EditMessage\AwardNominateManager\EditAwardNominateViewModel.cs(27,16): warning CS8618: 鍦ㄩ€€鍑烘瀯閫犲嚱鏁版椂锛屼笉鍙负 null 鐨?瀛楁 "employees" 蹇呴』鍖呭惈闈?null 鍊笺€傝鑰冭檻娣诲姞 "required" 淇グ绗︽垨灏嗚 瀛楁 澹版槑涓哄彲涓?null銆?[C:\Users\鏉庨暱鎭抃Desktop\姣曚笟璁捐涓湡妫€鏌SIAS2025\2025姣曚笟璁捐\2025姣曚笟璁捐.csproj]
C:\Users\鏉庨暱鎭抃Desktop\姣曚笟璁捐涓湡妫€鏌SIAS2025\2025姣曚笟璁捐\ViewModels\EditMessage\AwardNominateManager\EditAwardNominateViewModel.cs(27,16): warning CS8618: 鍦ㄩ€€鍑烘瀯閫犲嚱鏁版椂锛屼笉鍙负 null 鐨?瀛楁 "admins" 蹇呴』鍖呭惈闈?null 鍊笺€傝鑰冭檻娣诲姞 "required" 淇グ绗︽垨灏嗚 瀛楁 澹版槑涓哄彲涓?null銆?[C:\Users\鏉庨暱鎭抃Desktop\姣曚笟璁捐涓湡妫€鏌SIAS2025\2025姣曚笟璁捐\2025姣曚笟璁捐.csproj]
C:\Users\鏉庨暱鎭抃Desktop\姣曚笟璁捐涓湡妫€鏌SIAS2025\2025姣曚笟璁捐\ViewModels\EditMessage\AwardNominateManager\EditAwardNominateViewModel.cs(27,16): warning CS8618: 鍦ㄩ€€鍑烘瀯閫犲嚱鏁版椂锛屼笉鍙负 null 鐨?瀛楁 "selectedNominee" 蹇呴』鍖呭惈闈?null 鍊笺€傝鑰冭檻娣诲姞 "required" 淇グ绗︽垨灏嗚 瀛楁 澹版槑涓哄彲涓?null銆?[C:\Users\鏉庨暱鎭抃Desktop\姣曚笟璁捐涓湡妫€鏌SIAS2025\2025姣曚笟璁捐\2025姣曚笟璁捐.csproj]
C:\Users\鏉庨暱鎭抃Desktop\姣曚笟璁捐涓湡妫€鏌SIAS2025\2025姣曚笟璁捐\ViewModels\EditMessage\AwardNominateManager\EditAwardNominateViewModel.cs(27,16): warning CS8618: 鍦ㄩ€€鍑烘瀯閫犲嚱鏁版椂锛屼笉鍙负 null 鐨?瀛楁 "departmentName" 蹇呴』鍖呭惈闈?null 鍊笺€傝鑰冭檻娣诲姞 "required" 淇グ绗︽垨灏嗚 瀛楁 澹版槑涓哄彲涓?null銆?[C:\Users\鏉庨暱鎭抃Desktop\姣曚笟璁捐涓湡妫€鏌SIAS2025\2025姣曚笟璁捐\2025姣曚笟璁捐.csproj]
C:\Users\鏉庨暱鎭抃Desktop\姣曚笟璁捐涓湡妫€鏌SIAS2025\2025姣曚笟璁捐\ViewModels\EditMessage\AwardNominateManager\EditAwardNominateViewModel.cs(27,16): warning CS8618: 鍦ㄩ€€鍑烘瀯閫犲嚱鏁版椂锛屼笉鍙负 null 鐨?瀛楁 "introduction" 蹇呴』鍖呭惈闈?null 鍊笺€傝鑰冭檻娣诲姞 "required" 淇グ绗︽垨灏嗚 瀛楁 澹版槑涓哄彲涓?null銆?[C:\Users\鏉庨暱鎭抃Desktop\姣曚笟璁捐涓湡妫€鏌SIAS2025\2025姣曚笟璁捐\2025姣曚笟璁捐.csproj]
C:\Users\鏉庨暱鎭抃Desktop\姣曚笟璁捐涓湡妫€鏌SIAS2025\2025姣曚笟璁捐\ViewModels\EditMessage\AwardNominateManager\EditAwardNominateViewModel.cs(27,16): warning CS8618: 鍦ㄩ€€鍑烘瀯閫犲嚱鏁版椂锛屼笉鍙负 null 鐨?瀛楁 "nominateReason" 蹇呴』鍖呭惈闈?null 鍊笺€傝鑰冭檻娣诲姞 "required" 淇グ绗︽垨灏嗚 瀛楁 澹版槑涓哄彲涓?null銆?[C:\Users\鏉庨暱鎭抃Desktop\姣曚笟璁捐涓湡妫€鏌SIAS2025\2025姣曚笟璁捐\2025姣曚笟璁捐.csproj]
C:\Users\鏉庨暱鎭抃Desktop\姣曚笟璁捐涓湡妫€鏌SIAS2025\2025姣曚笟璁捐\ViewModels\EditMessage\AwardNominateManager\EditAwardNominateViewModel.cs(27,16): warning CS8618: 鍦ㄩ€€鍑烘瀯閫犲嚱鏁版椂锛屼笉鍙负 null 鐨?瀛楁 "coverImage" 蹇呴』鍖呭惈闈?null 鍊笺€傝鑰冭檻娣诲姞 "required" 淇グ绗︽垨灏嗚 瀛楁 澹版槑涓哄彲涓?null銆?[C:\Users\鏉庨暱鎭抃Desktop\姣曚笟璁捐涓湡妫€鏌SIAS2025\2025姣曚笟璁捐\2025姣曚笟璁捐.csproj]
C:\Users\鏉庨暱鎭抃Desktop\姣曚笟璁捐涓湡妫€鏌SIAS2025\2025姣曚笟璁捐\ViewModels\EditMessage\AwardNominateManager\EditAwardNominateViewModel.cs(27,16): warning CS8618: 鍦ㄩ€€鍑烘瀯閫犲嚱鏁版椂锛屼笉鍙负 null 鐨?瀛楁 "coverImagePreview" 蹇呴』鍖呭惈闈?null 鍊笺€傝鑰冭檻娣诲姞 "required" 淇グ绗︽垨灏嗚 瀛楁 澹版槑涓哄彲涓?null銆?[C:\Users\鏉庨暱鎭抃Desktop\姣曚笟璁捐涓湡妫€鏌SIAS2025\2025姣曚笟璁捐\2025姣曚笟璁捐.csproj]
C:\Users\鏉庨暱鎭抃Desktop\姣曚笟璁捐涓湡妫€鏌SIAS2025\2025姣曚笟璁捐\ViewModels\EditMessage\AwardNominateManager\EditAwardNominateViewModel.cs(27,16): warning CS8618: 鍦ㄩ€€鍑烘瀯閫犲嚱鏁版椂锛屼笉鍙负 null 鐨?瀛楁 "currentNomination" 蹇呴』鍖呭惈闈?null 鍊笺€傝鑰冭檻娣诲姞 "required" 淇グ绗︽垨灏嗚 瀛楁 澹版槑涓哄彲涓?null銆?[C:\Users\鏉庨暱鎭抃Desktop\姣曚笟璁捐涓湡妫€鏌SIAS2025\2025姣曚笟璁捐\2025姣曚笟璁捐.csproj]
C:\Users\鏉庨暱鎭抃Desktop\姣曚笟璁捐涓湡妫€鏌SIAS2025\2025姣曚笟璁捐\ViewModels\EditMessage\AwardNominateManager\EditAwardNominateViewModel.cs(27,16): warning CS8618: 鍦ㄩ€€鍑烘瀯閫犲嚱鏁版椂锛屼笉鍙负 null 鐨?瀛楁 "saveCommand" 蹇呴』鍖呭惈闈?null 鍊笺€傝鑰冭檻娣诲姞 "required" 淇グ绗︽垨灏嗚 瀛楁 澹版槑涓哄彲涓?null銆?[C:\Users\鏉庨暱鎭抃Desktop\姣曚笟璁捐涓湡妫€鏌SIAS2025\2025姣曚笟璁捐\2025姣曚笟璁捐.csproj]
C:\Users\鏉庨暱鎭抃Desktop\姣曚笟璁捐涓湡妫€鏌SIAS2025\2025姣曚笟璁捐\ViewModels\EditMessage\AwardNominateManager\EditAwardNominateViewModel.cs(27,16): warning CS8618: 鍦ㄩ€€鍑烘瀯閫犲嚱鏁版椂锛屼笉鍙负 null 鐨?瀛楁 "cancelCommand" 蹇呴』鍖呭惈闈?null 鍊笺€傝鑰冭檻娣诲姞 "required" 淇グ绗︽垨灏嗚 瀛楁 澹版槑涓哄彲涓?null銆?[C:\Users\鏉庨暱鎭抃Desktop\姣曚笟璁捐涓湡妫€鏌SIAS2025\2025姣曚笟璁捐\2025姣曚笟璁捐.csproj]
C:\Users\鏉庨暱鎭抃Desktop\姣曚笟璁捐涓湡妫€鏌SIAS2025\2025姣曚笟璁捐\ViewModels\EditMessage\AwardNominateManager\EditAwardNominateViewModel.cs(27,16): warning CS8618: 鍦ㄩ€€鍑烘瀯閫犲嚱鏁版椂锛屼笉鍙负 null 鐨?瀛楁 "uploadImageCommand" 蹇呴』鍖呭惈闈?null 鍊笺€傝鑰冭檻娣诲姞 "required" 淇グ绗︽垨灏嗚 瀛楁 澹版槑涓哄彲涓?null銆?[C:\Users\鏉庨暱鎭抃Desktop\姣曚笟璁捐涓湡妫€鏌SIAS2025\2025姣曚笟璁捐\2025姣曚笟璁捐.csproj]
C:\Users\鏉庨暱鎭抃Desktop\姣曚笟璁捐涓湡妫€鏌SIAS2025\2025姣曚笟璁捐\Behaviors\OpenWindowBehavior.cs(9,21): warning CS8618: 鍦ㄩ€€鍑烘瀯閫犲嚱鏁版椂锛屼笉鍙负 null 鐨?灞炴€?"TargetType" 蹇呴』鍖呭惈闈?null 鍊笺€傝鑰冭檻娣诲姞 "required" 淇グ绗︽垨灏嗚 灞炴€?澹版槑涓哄彲涓?null銆?[C:\Users\鏉庨暱鎭抃Desktop\姣曚笟璁捐涓湡妫€鏌SIAS2025\2025姣曚笟璁捐\2025姣曚笟璁捐.csproj]
C:\Users\鏉庨暱鎭抃Desktop\姣曚笟璁捐涓湡妫€鏌SIAS2025\2025姣曚笟璁捐\Common\ConVerterImage.cs(32,24): warning CS8603: 鍙兘杩斿洖 null 寮曠敤銆?[C:\Users\鏉庨暱鎭抃Desktop\姣曚笟璁捐涓湡妫€鏌SIAS2025\2025姣曚笟璁捐\2025姣曚笟璁捐.csproj]
C:\Users\鏉庨暱鎭抃Desktop\姣曚笟璁捐涓湡妫€鏌SIAS2025\2025姣曚笟璁捐\ViewModels\EditMessage\AwardSettingManager\EditAwardSettingViewModel.cs(21,16): warning CS8618: 鍦ㄩ€€鍑烘瀯閫犲嚱鏁版椂锛屼笉鍙负 null 鐨?瀛楁 "updateAward" 蹇呴』鍖呭惈闈?null 鍊笺€傝鑰冭檻娣诲姞 "required" 淇グ绗︽垨灏嗚 瀛楁 澹版槑涓哄彲涓?null銆?[C:\Users\鏉庨暱鎭抃Desktop\姣曚笟璁捐涓湡妫€鏌SIAS2025\2025姣曚笟璁捐\2025姣曚笟璁捐.csproj]
C:\Users\鏉庨暱鎭抃Desktop\姣曚笟璁捐涓湡妫€鏌SIAS2025\2025姣曚笟璁捐\ViewModels\EditMessage\AwardSettingManager\EditAwardSettingViewModel.cs(21,16): warning CS8618: 鍦ㄩ€€鍑烘瀯閫犲嚱鏁版椂锛屼笉鍙负 null 鐨?瀛楁 "awardName" 蹇呴』鍖呭惈闈?null 鍊笺€傝鑰冭檻娣诲姞 "required" 淇グ绗︽垨灏嗚 瀛楁 澹版槑涓哄彲涓?null銆?[C:\Users\鏉庨暱鎭抃Desktop\姣曚笟璁捐涓湡妫€鏌SIAS2025\2025姣曚笟璁捐\2025姣曚笟璁捐.csproj]
C:\Users\鏉庨暱鎭抃Desktop\姣曚笟璁捐涓湡妫€鏌SIAS2025\2025姣曚笟璁捐\ViewModels\EditMessage\AwardSettingManager\EditAwardSettingViewModel.cs(21,16): warning CS8618: 鍦ㄩ€€鍑烘瀯閫犲嚱鏁版椂锛屼笉鍙负 null 鐨?瀛楁 "awardDescription" 蹇呴』鍖呭惈闈?null 鍊笺€傝鑰冭檻娣诲姞 "required" 淇グ绗︽垨灏嗚 瀛楁 澹版槑涓哄彲涓?null銆?[C:\Users\鏉庨暱鎭抃Desktop\姣曚笟璁捐涓湡妫€鏌SIAS2025\2025姣曚笟璁捐\2025姣曚笟璁捐.csproj]
C:\Users\鏉庨暱鎭抃Desktop\姣曚笟璁捐涓湡妫€鏌SIAS2025\2025姣曚笟璁捐\ViewModels\EditMessage\AwardSettingManager\EditAwardSettingViewModel.cs(21,16): warning CS8618: 鍦ㄩ€€鍑烘瀯閫犲嚱鏁版椂锛屼笉鍙负 null 鐨?瀛楁 "saveCommand" 蹇呴』鍖呭惈闈?null 鍊笺€傝鑰冭檻娣诲姞 "required" 淇グ绗︽垨灏嗚 瀛楁 澹版槑涓哄彲涓?null銆?[C:\Users\鏉庨暱鎭抃Desktop\姣曚笟璁捐涓湡妫€鏌SIAS2025\2025姣曚笟璁捐\2025姣曚笟璁捐.csproj]
C:\Users\鏉庨暱鎭抃Desktop\姣曚笟璁捐涓湡妫€鏌SIAS2025\2025姣曚笟璁捐\ViewModels\EditMessage\AwardSettingManager\EditAwardSettingViewModel.cs(21,16): warning CS8618: 鍦ㄩ€€鍑烘瀯閫犲嚱鏁版椂锛屼笉鍙负 null 鐨?瀛楁 "cancelCommand" 蹇呴』鍖呭惈闈?null 鍊笺€傝鑰冭檻娣诲姞 "required" 淇グ绗︽垨灏嗚 瀛楁 澹版槑涓哄彲涓?null銆?[C:\Users\鏉庨暱鎭抃Desktop\姣曚笟璁捐涓湡妫€鏌SIAS2025\2025姣曚笟璁捐\2025姣曚笟璁捐.csproj]
C:\Users\鏉庨暱鎭抃Desktop\姣曚笟璁捐涓湡妫€鏌SIAS2025\2025姣曚笟璁捐\Common\ConVerterImage.cs(56,24): warning CS8603: 鍙兘杩斿洖 null 寮曠敤銆?[C:\Users\鏉庨暱鎭抃Desktop\姣曚笟璁捐涓湡妫€鏌SIAS2025\2025姣曚笟璁捐\2025姣曚笟璁捐.csproj]
C:\Users\鏉庨暱鎭抃Desktop\姣曚笟璁捐涓湡妫€鏌SIAS2025\2025姣曚笟璁捐\Services\SupAdminService.cs(23,24): warning CS8603: 鍙兘杩斿洖 null 寮曠敤銆?[C:\Users\鏉庨暱鎭抃Desktop\姣曚笟璁捐涓湡妫€鏌SIAS2025\2025姣曚笟璁捐\2025姣曚笟璁捐.csproj]
C:\Users\鏉庨暱鎭抃Desktop\姣曚笟璁捐涓湡妫€鏌SIAS2025\2025姣曚笟璁捐\ViewModels\EditMessage\AwardSettingManager\AddAwardSettingViewModel.cs(22,16): warning CS8618: 鍦ㄩ€€鍑烘瀯閫犲嚱鏁版椂锛屼笉鍙负 null 鐨?瀛楁 "addAward" 蹇呴』鍖呭惈闈?null 鍊笺€傝鑰冭檻娣诲姞 "required" 淇グ绗︽垨灏嗚 瀛楁 澹版槑涓哄彲涓?null銆?[C:\Users\鏉庨暱鎭抃Desktop\姣曚笟璁捐涓湡妫€鏌SIAS2025\2025姣曚笟璁捐\2025姣曚笟璁捐.csproj]
C:\Users\鏉庨暱鎭抃Desktop\姣曚笟璁捐涓湡妫€鏌SIAS2025\2025姣曚笟璁捐\ViewModels\EditMessage\AwardSettingManager\AddAwardSettingViewModel.cs(22,16): warning CS8618: 鍦ㄩ€€鍑烘瀯閫犲嚱鏁版椂锛屼笉鍙负 null 鐨?瀛楁 "awardName" 蹇呴』鍖呭惈闈?null 鍊笺€傝鑰冭檻娣诲姞 "required" 淇グ绗︽垨灏嗚 瀛楁 澹版槑涓哄彲涓?null銆?[C:\Users\鏉庨暱鎭抃Desktop\姣曚笟璁捐涓湡妫€鏌SIAS2025\2025姣曚笟璁捐\2025姣曚笟璁捐.csproj]
C:\Users\鏉庨暱鎭抃Desktop\姣曚笟璁捐涓湡妫€鏌SIAS2025\2025姣曚笟璁捐\ViewModels\EditMessage\AwardSettingManager\AddAwardSettingViewModel.cs(22,16): warning CS8618: 鍦ㄩ€€鍑烘瀯閫犲嚱鏁版椂锛屼笉鍙负 null 鐨?瀛楁 "saveCommand" 蹇呴』鍖呭惈闈?null 鍊笺€傝鑰冭檻娣诲姞 "required" 淇グ绗︽垨灏嗚 瀛楁 澹版槑涓哄彲涓?null銆?[C:\Users\鏉庨暱鎭抃Desktop\姣曚笟璁捐涓湡妫€鏌SIAS2025\2025姣曚笟璁捐\2025姣曚笟璁捐.csproj]
C:\Users\鏉庨暱鎭抃Desktop\姣曚笟璁捐涓湡妫€鏌SIAS2025\2025姣曚笟璁捐\ViewModels\EditMessage\AwardSettingManager\AddAwardSettingViewModel.cs(22,16): warning CS8618: 鍦ㄩ€€鍑烘瀯閫犲嚱鏁版椂锛屼笉鍙负 null 鐨?瀛楁 "cancelCommand" 蹇呴』鍖呭惈闈?null 鍊笺€傝鑰冭檻娣诲姞 "required" 淇グ绗︽垨灏嗚 瀛楁 澹版槑涓哄彲涓?null銆?[C:\Users\鏉庨暱鎭抃Desktop\姣曚笟璁捐涓湡妫€鏌SIAS2025\2025姣曚笟璁捐\2025姣曚笟璁捐.csproj]
C:\Users\鏉庨暱鎭抃Desktop\姣曚笟璁捐涓湡妫€鏌SIAS2025\2025姣曚笟璁捐\Converter\VoteEntranceConverter.cs(35,24): warning CS8603: 鍙兘杩斿洖 null 寮曠敤銆?[C:\Users\鏉庨暱鎭抃Desktop\姣曚笟璁捐涓湡妫€鏌SIAS2025\2025姣曚笟璁捐\2025姣曚笟璁捐.csproj]
C:\Users\鏉庨暱鎭抃Desktop\姣曚笟璁捐涓湡妫€鏌SIAS2025\2025姣曚笟璁捐\Converter\VoteEntranceConverter.cs(60,24): warning CS8603: 鍙兘杩斿洖 null 寮曠敤銆?[C:\Users\鏉庨暱鎭抃Desktop\姣曚笟璁捐涓湡妫€鏌SIAS2025\2025姣曚笟璁捐\2025姣曚笟璁捐.csproj]
C:\Users\鏉庨暱鎭抃Desktop\姣曚笟璁捐涓湡妫€鏌SIAS2025\2025姣曚笟璁捐\Common\ConVerterImage.cs(72,20): warning CS8603: 鍙兘杩斿洖 null 寮曠敤銆?[C:\Users\鏉庨暱鎭抃Desktop\姣曚笟璁捐涓湡妫€鏌SIAS2025\2025姣曚笟璁捐\2025姣曚笟璁捐.csproj]
C:\Users\鏉庨暱鎭抃Desktop\姣曚笟璁捐涓湡妫€鏌SIAS2025\2025姣曚笟璁捐\ViewModels\EditMessage\DepartmentManager\EditDepartmentViewModel.cs(46,16): warning CS8618: 鍦ㄩ€€鍑烘瀯閫犲嚱鏁版椂锛屼笉鍙负 null 鐨?瀛楁 "baseDepartment" 蹇呴』鍖呭惈闈?null 鍊笺€傝鑰冭檻娣诲姞 "required" 淇グ绗︽垨灏嗚 瀛楁 澹版槑涓哄彲涓?null銆?[C:\Users\鏉庨暱鎭抃Desktop\姣曚笟璁捐涓湡妫€鏌SIAS2025\2025姣曚笟璁捐\2025姣曚笟璁捐.csproj]
C:\Users\鏉庨暱鎭抃Desktop\姣曚笟璁捐涓湡妫€鏌SIAS2025\2025姣曚笟璁捐\ViewModels\Windows\NominationDetailViewModel.cs(56,16): warning CS8618: 鍦ㄩ€€鍑烘瀯閫犲嚱鏁版椂锛屼笉鍙负 null 鐨?瀛楁 "_nomination" 蹇呴』鍖呭惈闈?null 鍊笺€傝鑰冭檻娣诲姞 "required" 淇グ绗︽垨灏嗚 瀛楁 澹版槑涓哄彲涓?null銆?[C:\Users\鏉庨暱鎭抃Desktop\姣曚笟璁捐涓湡妫€鏌SIAS2025\2025姣曚笟璁捐\2025姣曚笟璁捐.csproj]
C:\Users\鏉庨暱鎭抃Desktop\姣曚笟璁捐涓湡妫€鏌SIAS2025\2025姣曚笟璁捐\ViewModels\EditMessage\PersonnallyManager\SupAdminPersonallyManagerViewModel.cs(50,16): warning CS8618: 鍦ㄩ€€鍑烘瀯閫犲嚱鏁版椂锛屼笉鍙负 null 鐨?瀛楁 "byteImage" 蹇呴』鍖呭惈闈?null 鍊笺€傝鑰冭檻娣诲姞 "required" 淇グ绗︽垨灏嗚 瀛楁 澹版槑涓哄彲涓?null銆?[C:\Users\鏉庨暱鎭抃Desktop\姣曚笟璁捐涓湡妫€鏌SIAS2025\2025姣曚笟璁捐\2025姣曚笟璁捐.csproj]
C:\Users\鏉庨暱鎭抃Desktop\姣曚笟璁捐涓湡妫€鏌SIAS2025\2025姣曚笟璁捐\ViewModels\EditMessage\PersonnallyManager\SupAdminPersonallyManagerViewModel.cs(50,16): warning CS8618: 鍦ㄩ€€鍑烘瀯閫犲嚱鏁版椂锛屼笉鍙负 null 鐨?瀛楁 "image" 蹇呴』鍖呭惈闈?null 鍊笺€傝鑰冭檻娣诲姞 "required" 淇グ绗︽垨灏嗚 瀛楁 澹版槑涓哄彲涓?null銆?[C:\Users\鏉庨暱鎭抃Desktop\姣曚笟璁捐涓湡妫€鏌SIAS2025\2025姣曚笟璁捐\2025姣曚笟璁捐.csproj]
C:\Users\鏉庨暱鎭抃Desktop\姣曚笟璁捐涓湡妫€鏌SIAS2025\2025姣曚笟璁捐\ViewModels\EditMessage\PersonnallyManager\SupAdminPersonallyManagerViewModel.cs(50,16): warning CS8618: 鍦ㄩ€€鍑烘瀯閫犲嚱鏁版椂锛屼笉鍙负 null 鐨?瀛楁 "currentSupAdmin" 蹇呴』鍖呭惈闈?null 鍊笺€傝鑰冭檻娣诲姞 "required" 淇グ绗︽垨灏嗚 瀛楁 澹版槑涓哄彲涓?null銆?[C:\Users\鏉庨暱鎭抃Desktop\姣曚笟璁捐涓湡妫€鏌SIAS2025\2025姣曚笟璁捐\2025姣曚笟璁捐.csproj]
C:\Users\鏉庨暱鎭抃Desktop\姣曚笟璁捐涓湡妫€鏌SIAS2025\2025姣曚笟璁捐\ViewModels\EditMessage\PersonnallyManager\SupAdminPersonallyManagerViewModel.cs(50,16): warning CS8618: 鍦ㄩ€€鍑烘瀯閫犲嚱鏁版椂锛屼笉鍙负 null 鐨?瀛楁 "saveCommand" 蹇呴』鍖呭惈闈?null 鍊笺€傝鑰冭檻娣诲姞 "required" 淇グ绗︽垨灏嗚 瀛楁 澹版槑涓哄彲涓?null銆?[C:\Users\鏉庨暱鎭抃Desktop\姣曚笟璁捐涓湡妫€鏌SIAS2025\2025姣曚笟璁捐\2025姣曚笟璁捐.csproj]
C:\Users\鏉庨暱鎭抃Desktop\姣曚笟璁捐涓湡妫€鏌SIAS2025\2025姣曚笟璁捐\ViewModels\EditMessage\PersonnallyManager\SupAdminPersonallyManagerViewModel.cs(50,16): warning CS8618: 鍦ㄩ€€鍑烘瀯閫犲嚱鏁版椂锛屼笉鍙负 null 鐨?瀛楁 "changeImageCommand" 蹇呴』鍖呭惈闈?null 鍊笺€傝鑰冭檻娣诲姞 "required" 淇グ绗︽垨灏嗚 瀛楁 澹版槑涓哄彲涓?null銆?[C:\Users\鏉庨暱鎭抃Desktop\姣曚笟璁捐涓湡妫€鏌SIAS2025\2025姣曚笟璁捐\2025姣曚笟璁捐.csproj]
C:\Users\鏉庨暱鎭抃Desktop\姣曚笟璁捐涓湡妫€鏌SIAS2025\2025姣曚笟璁捐\ViewModels\EditMessage\DepartmentManager\EditDepartmentViewModel.cs(78,38): warning CS8601: 鍙兘鐨?null 寮曠敤璧嬪€笺€?[C:\Users\鏉庨暱鎭抃Desktop\姣曚笟璁捐涓湡妫€鏌SIAS2025\2025姣曚笟璁捐\2025姣曚笟璁捐.csproj]
C:\Users\鏉庨暱鎭抃Desktop\姣曚笟璁捐涓湡妫€鏌SIAS2025\2025姣曚笟璁捐\ViewModels\EditMessage\DepartmentManager\EditDepartmentViewModel.cs(79,38): warning CS8602: 瑙ｅ紩鐢ㄥ彲鑳藉嚭鐜扮┖寮曠敤銆?[C:\Users\鏉庨暱鎭抃Desktop\姣曚笟璁捐涓湡妫€鏌SIAS2025\2025姣曚笟璁捐\2025姣曚笟璁捐.csproj]
C:\Users\鏉庨暱鎭抃Desktop\姣曚笟璁捐涓湡妫€鏌SIAS2025\2025姣曚笟璁捐\ViewModels\EditMessage\AwardNominateManager\AddAwardNominateViewModel.cs(26,16): warning CS8618: 鍦ㄩ€€鍑烘瀯閫犲嚱鏁版椂锛屼笉鍙负 null 鐨?瀛楁 "awards" 蹇呴』鍖呭惈闈?null 鍊笺€傝鑰冭檻娣诲姞 "required" 淇グ绗︽垨灏嗚 瀛楁 澹版槑涓哄彲涓?null銆?[C:\Users\鏉庨暱鎭抃Desktop\姣曚笟璁捐涓湡妫€鏌SIAS2025\2025姣曚笟璁捐\2025姣曚笟璁捐.csproj]
C:\Users\鏉庨暱鎭抃Desktop\姣曚笟璁捐涓湡妫€鏌SIAS2025\2025姣曚笟璁捐\ViewModels\EditMessage\AwardNominateManager\AddAwardNominateViewModel.cs(26,16): warning CS8618: 鍦ㄩ€€鍑烘瀯閫犲嚱鏁版椂锛屼笉鍙负 null 鐨?瀛楁 "selectedAward" 蹇呴』鍖呭惈闈?null 鍊笺€傝鑰冭檻娣诲姞 "required" 淇グ绗︽垨灏嗚 瀛楁 澹版槑涓哄彲涓?null銆?[C:\Users\鏉庨暱鎭抃Desktop\姣曚笟璁捐涓湡妫€鏌SIAS2025\2025姣曚笟璁捐\2025姣曚笟璁捐.csproj]
C:\Users\鏉庨暱鎭抃Desktop\姣曚笟璁捐涓湡妫€鏌SIAS2025\2025姣曚笟璁捐\ViewModels\EditMessage\AwardNominateManager\AddAwardNominateViewModel.cs(26,16): warning CS8618: 鍦ㄩ€€鍑烘瀯閫犲嚱鏁版椂锛屼笉鍙负 null 鐨?瀛楁 "employees" 蹇呴』鍖呭惈闈?null 鍊笺€傝鑰冭檻娣诲姞 "required" 淇グ绗︽垨灏嗚 瀛楁 澹版槑涓哄彲涓?null銆?[C:\Users\鏉庨暱鎭抃Desktop\姣曚笟璁捐涓湡妫€鏌SIAS2025\2025姣曚笟璁捐\2025姣曚笟璁捐.csproj]
C:\Users\鏉庨暱鎭抃Desktop\姣曚笟璁捐涓湡妫€鏌SIAS2025\2025姣曚笟璁捐\ViewModels\EditMessage\AwardNominateManager\AddAwardNominateViewModel.cs(26,16): warning CS8618: 鍦ㄩ€€鍑烘瀯閫犲嚱鏁版椂锛屼笉鍙负 null 鐨?瀛楁 "admins" 蹇呴』鍖呭惈闈?null 鍊笺€傝鑰冭檻娣诲姞 "required" 淇グ绗︽垨灏嗚 瀛楁 澹版槑涓哄彲涓?null銆?[C:\Users\鏉庨暱鎭抃Desktop\姣曚笟璁捐涓湡妫€鏌SIAS2025\2025姣曚笟璁捐\2025姣曚笟璁捐.csproj]
C:\Users\鏉庨暱鎭抃Desktop\姣曚笟璁捐涓湡妫€鏌SIAS2025\2025姣曚笟璁捐\ViewModels\EditMessage\AwardNominateManager\AddAwardNominateViewModel.cs(26,16): warning CS8618: 鍦ㄩ€€鍑烘瀯閫犲嚱鏁版椂锛屼笉鍙负 null 鐨?瀛楁 "selectedNominee" 蹇呴』鍖呭惈闈?null 鍊笺€傝鑰冭檻娣诲姞 "required" 淇グ绗︽垨灏嗚 瀛楁 澹版槑涓哄彲涓?null銆?[C:\Users\鏉庨暱鎭抃Desktop\姣曚笟璁捐涓湡妫€鏌SIAS2025\2025姣曚笟璁捐\2025姣曚笟璁捐.csproj]
C:\Users\鏉庨暱鎭抃Desktop\姣曚笟璁捐涓湡妫€鏌SIAS2025\2025姣曚笟璁捐\ViewModels\EditMessage\AwardNominateManager\AddAwardNominateViewModel.cs(26,16): warning CS8618: 鍦ㄩ€€鍑烘瀯閫犲嚱鏁版椂锛屼笉鍙负 null 鐨?瀛楁 "departmentName" 蹇呴』鍖呭惈闈?null 鍊笺€傝鑰冭檻娣诲姞 "required" 淇グ绗︽垨灏嗚 瀛楁 澹版槑涓哄彲涓?null銆?[C:\Users\鏉庨暱鎭抃Desktop\姣曚笟璁捐涓湡妫€鏌SIAS2025\2025姣曚笟璁捐\2025姣曚笟璁捐.csproj]
C:\Users\鏉庨暱鎭抃Desktop\姣曚笟璁捐涓湡妫€鏌SIAS2025\2025姣曚笟璁捐\ViewModels\EditMessage\AwardNominateManager\AddAwardNominateViewModel.cs(26,16): warning CS8618: 鍦ㄩ€€鍑烘瀯閫犲嚱鏁版椂锛屼笉鍙负 null 鐨?瀛楁 "introduction" 蹇呴』鍖呭惈闈?null 鍊笺€傝鑰冭檻娣诲姞 "required" 淇グ绗︽垨灏嗚 瀛楁 澹版槑涓哄彲涓?null銆?[C:\Users\鏉庨暱鎭抃Desktop\姣曚笟璁捐涓湡妫€鏌SIAS2025\2025姣曚笟璁捐\2025姣曚笟璁捐.csproj]
C:\Users\鏉庨暱鎭抃Desktop\姣曚笟璁捐涓湡妫€鏌SIAS2025\2025姣曚笟璁捐\ViewModels\EditMessage\AwardNominateManager\AddAwardNominateViewModel.cs(26,16): warning CS8618: 鍦ㄩ€€鍑烘瀯閫犲嚱鏁版椂锛屼笉鍙负 null 鐨?瀛楁 "nominateReason" 蹇呴』鍖呭惈闈?null 鍊笺€傝鑰冭檻娣诲姞 "required" 淇グ绗︽垨灏嗚 瀛楁 澹版槑涓哄彲涓?null銆?[C:\Users\鏉庨暱鎭抃Desktop\姣曚笟璁捐涓湡妫€鏌SIAS2025\2025姣曚笟璁捐\2025姣曚笟璁捐.csproj]
C:\Users\鏉庨暱鎭抃Desktop\姣曚笟璁捐涓湡妫€鏌SIAS2025\2025姣曚笟璁捐\ViewModels\EditMessage\AwardNominateManager\AddAwardNominateViewModel.cs(26,16): warning CS8618: 鍦ㄩ€€鍑烘瀯閫犲嚱鏁版椂锛屼笉鍙负 null 鐨?瀛楁 "coverImage" 蹇呴』鍖呭惈闈?null 鍊笺€傝鑰冭檻娣诲姞 "required" 淇グ绗︽垨灏嗚 瀛楁 澹版槑涓哄彲涓?null銆?[C:\Users\鏉庨暱鎭抃Desktop\姣曚笟璁捐涓湡妫€鏌SIAS2025\2025姣曚笟璁捐\2025姣曚笟璁捐.csproj]
C:\Users\鏉庨暱鎭抃Desktop\姣曚笟璁捐涓湡妫€鏌SIAS2025\2025姣曚笟璁捐\ViewModels\EditMessage\AwardNominateManager\AddAwardNominateViewModel.cs(26,16): warning CS8618: 鍦ㄩ€€鍑烘瀯閫犲嚱鏁版椂锛屼笉鍙负 null 鐨?瀛楁 "coverImagePreview" 蹇呴』鍖呭惈闈?null 鍊笺€傝鑰冭檻娣诲姞 "required" 淇グ绗︽垨灏嗚 瀛楁 澹版槑涓哄彲涓?null銆?[C:\Users\鏉庨暱鎭抃Desktop\姣曚笟璁捐涓湡妫€鏌SIAS2025\2025姣曚笟璁捐\2025姣曚笟璁捐.csproj]
C:\Users\鏉庨暱鎭抃Desktop\姣曚笟璁捐涓湡妫€鏌SIAS2025\2025姣曚笟璁捐\ViewModels\EditMessage\AwardNominateManager\AddAwardNominateViewModel.cs(26,16): warning CS8618: 鍦ㄩ€€鍑烘瀯閫犲嚱鏁版椂锛屼笉鍙负 null 鐨?瀛楁 "saveCommand" 蹇呴』鍖呭惈闈?null 鍊笺€傝鑰冭檻娣诲姞 "required" 淇グ绗︽垨灏嗚 瀛楁 澹版槑涓哄彲涓?null銆?[C:\Users\鏉庨暱鎭抃Desktop\姣曚笟璁捐涓湡妫€鏌SIAS2025\2025姣曚笟璁捐\2025姣曚笟璁捐.csproj]
C:\Users\鏉庨暱鎭抃Desktop\姣曚笟璁捐涓湡妫€鏌SIAS2025\2025姣曚笟璁捐\ViewModels\EditMessage\AwardNominateManager\AddAwardNominateViewModel.cs(26,16): warning CS8618: 鍦ㄩ€€鍑烘瀯閫犲嚱鏁版椂锛屼笉鍙负 null 鐨?瀛楁 "cancelCommand" 蹇呴』鍖呭惈闈?null 鍊笺€傝鑰冭檻娣诲姞 "required" 淇グ绗︽垨灏嗚 瀛楁 澹版槑涓哄彲涓?null銆?[C:\Users\鏉庨暱鎭抃Desktop\姣曚笟璁捐涓湡妫€鏌SIAS2025\2025姣曚笟璁捐\2025姣曚笟璁捐.csproj]
C:\Users\鏉庨暱鎭抃Desktop\姣曚笟璁捐涓湡妫€鏌SIAS2025\2025姣曚笟璁捐\ViewModels\EditMessage\AwardNominateManager\AddAwardNominateViewModel.cs(26,16): warning CS8618: 鍦ㄩ€€鍑烘瀯閫犲嚱鏁版椂锛屼笉鍙负 null 鐨?瀛楁 "uploadImageCommand" 蹇呴』鍖呭惈闈?null 鍊笺€傝鑰冭檻娣诲姞 "required" 淇グ绗︽垨灏嗚 瀛楁 澹版槑涓哄彲涓?null銆?[C:\Users\鏉庨暱鎭抃Desktop\姣曚笟璁捐涓湡妫€鏌SIAS2025\2025姣曚笟璁捐\2025姣曚笟璁捐.csproj]
C:\Users\鏉庨暱鎭抃Desktop\姣曚笟璁捐涓湡妫€鏌SIAS2025\2025姣曚笟璁捐\ViewModels\EditMessage\PersonnallyManager\AdminPersonallyManagerViewModel.cs(50,16): warning CS8618: 鍦ㄩ€€鍑烘瀯閫犲嚱鏁版椂锛屼笉鍙负 null 鐨?瀛楁 "byteImage" 蹇呴』鍖呭惈闈?null 鍊笺€傝鑰冭檻娣诲姞 "required" 淇グ绗︽垨灏嗚 瀛楁 澹版槑涓哄彲涓?null銆?[C:\Users\鏉庨暱鎭抃Desktop\姣曚笟璁捐涓湡妫€鏌SIAS2025\2025姣曚笟璁捐\2025姣曚笟璁捐.csproj]
C:\Users\鏉庨暱鎭抃Desktop\姣曚笟璁捐涓湡妫€鏌SIAS2025\2025姣曚笟璁捐\ViewModels\EditMessage\PersonnallyManager\AdminPersonallyManagerViewModel.cs(50,16): warning CS8618: 鍦ㄩ€€鍑烘瀯閫犲嚱鏁版椂锛屼笉鍙负 null 鐨?瀛楁 "image" 蹇呴』鍖呭惈闈?null 鍊笺€傝鑰冭檻娣诲姞 "required" 淇グ绗︽垨灏嗚 瀛楁 澹版槑涓哄彲涓?null銆?[C:\Users\鏉庨暱鎭抃Desktop\姣曚笟璁捐涓湡妫€鏌SIAS2025\2025姣曚笟璁捐\2025姣曚笟璁捐.csproj]
C:\Users\鏉庨暱鎭抃Desktop\姣曚笟璁捐涓湡妫€鏌SIAS2025\2025姣曚笟璁捐\ViewModels\EditMessage\PersonnallyManager\AdminPersonallyManagerViewModel.cs(50,16): warning CS8618: 鍦ㄩ€€鍑烘瀯閫犲嚱鏁版椂锛屼笉鍙负 null 鐨?瀛楁 "currentAdmin" 蹇呴』鍖呭惈闈?null 鍊笺€傝鑰冭檻娣诲姞 "required" 淇グ绗︽垨灏嗚 瀛楁 澹版槑涓哄彲涓?null銆?[C:\Users\鏉庨暱鎭抃Desktop\姣曚笟璁捐涓湡妫€鏌SIAS2025\2025姣曚笟璁捐\2025姣曚笟璁捐.csproj]
C:\Users\鏉庨暱鎭抃Desktop\姣曚笟璁捐涓湡妫€鏌SIAS2025\2025姣曚笟璁捐\ViewModels\EditMessage\PersonnallyManager\AdminPersonallyManagerViewModel.cs(50,16): warning CS8618: 鍦ㄩ€€鍑烘瀯閫犲嚱鏁版椂锛屼笉鍙负 null 鐨?瀛楁 "saveCommand" 蹇呴』鍖呭惈闈?null 鍊笺€傝鑰冭檻娣诲姞 "required" 淇グ绗︽垨灏嗚 瀛楁 澹版槑涓哄彲涓?null銆?[C:\Users\鏉庨暱鎭抃Desktop\姣曚笟璁捐涓湡妫€鏌SIAS2025\2025姣曚笟璁捐\2025姣曚笟璁捐.csproj]
C:\Users\鏉庨暱鎭抃Desktop\姣曚笟璁捐涓湡妫€鏌SIAS2025\2025姣曚笟璁捐\ViewModels\EditMessage\PersonnallyManager\AdminPersonallyManagerViewModel.cs(50,16): warning CS8618: 鍦ㄩ€€鍑烘瀯閫犲嚱鏁版椂锛屼笉鍙负 null 鐨?瀛楁 "changeImageCommand" 蹇呴』鍖呭惈闈?null 鍊笺€傝鑰冭檻娣诲姞 "required" 淇グ绗︽垨灏嗚 瀛楁 澹版槑涓哄彲涓?null銆?[C:\Users\鏉庨暱鎭抃Desktop\姣曚笟璁捐涓湡妫€鏌SIAS2025\2025姣曚笟璁捐\2025姣曚笟璁捐.csproj]
C:\Users\鏉庨暱鎭抃Desktop\姣曚笟璁捐涓湡妫€鏌SIAS2025\2025姣曚笟璁捐\ViewModels\Pages\VoteResultViewModel.cs(80,16): warning CS8618: 鍦ㄩ€€鍑烘瀯閫犲嚱鏁版椂锛屼笉鍙负 null 鐨?瀛楁 "_nominations" 蹇呴』鍖呭惈闈?null 鍊笺€傝鑰冭檻娣诲姞 "required" 淇グ绗︽垨灏嗚 瀛楁 澹版槑涓哄彲涓?null銆?[C:\Users\鏉庨暱鎭抃Desktop\姣曚笟璁捐涓湡妫€鏌SIAS2025\2025姣曚笟璁捐\2025姣曚笟璁捐.csproj]
C:\Users\鏉庨暱鎭抃Desktop\姣曚笟璁捐涓湡妫€鏌SIAS2025\2025姣曚笟璁捐\ViewModels\Pages\VoteResultViewModel.cs(80,16): warning CS8618: 鍦ㄩ€€鍑烘瀯閫犲嚱鏁版椂锛屼笉鍙负 null 鐨?瀛楁 "_searchText" 蹇呴』鍖呭惈闈?null 鍊笺€傝鑰冭檻娣诲姞 "required" 淇グ绗︽垨灏嗚 瀛楁 澹版槑涓哄彲涓?null銆?[C:\Users\鏉庨暱鎭抃Desktop\姣曚笟璁捐涓湡妫€鏌SIAS2025\2025姣曚笟璁捐\2025姣曚笟璁捐.csproj]
C:\Users\鏉庨暱鎭抃Desktop\姣曚笟璁捐涓湡妫€鏌SIAS2025\2025姣曚笟璁捐\ViewModels\Pages\VoteResultViewModel.cs(80,16): warning CS8618: 鍦ㄩ€€鍑烘瀯閫犲嚱鏁版椂锛屼笉鍙负 null 鐨?瀛楁 "_searchCommand" 蹇呴』鍖呭惈闈?null 鍊笺€傝鑰冭檻娣诲姞 "required" 淇グ绗︽垨灏嗚 瀛楁 澹版槑涓哄彲涓?null銆?[C:\Users\鏉庨暱鎭抃Desktop\姣曚笟璁捐涓湡妫€鏌SIAS2025\2025姣曚笟璁捐\2025姣曚笟璁捐.csproj]
C:\Users\鏉庨暱鎭抃Desktop\姣曚笟璁捐涓湡妫€鏌SIAS2025\2025姣曚笟璁捐\ViewModels\Pages\VoteResultViewModel.cs(80,16): warning CS8618: 鍦ㄩ€€鍑烘瀯閫犲嚱鏁版椂锛屼笉鍙负 null 鐨?瀛楁 "_exportResultCommand" 蹇呴』鍖呭惈闈?null 鍊笺€傝鑰冭檻娣诲姞 "required" 淇グ绗︽垨灏嗚 瀛楁 澹版槑涓哄彲涓?null銆?[C:\Users\鏉庨暱鎭抃Desktop\姣曚笟璁捐涓湡妫€鏌SIAS2025\2025姣曚笟璁捐\2025姣曚笟璁捐.csproj]
C:\Users\鏉庨暱鎭抃Desktop\姣曚笟璁捐涓湡妫€鏌SIAS2025\2025姣曚笟璁捐\ViewModels\Pages\AdminManagerViewModel.cs(35,16): warning CS8618: 鍦ㄩ€€鍑烘瀯閫犲嚱鏁版椂锛屼笉鍙负 null 鐨?瀛楁 "searchBackground" 蹇呴』鍖呭惈闈?null 鍊笺€傝鑰冭檻娣诲姞 "required" 淇グ绗︽垨灏嗚 瀛楁 澹版槑涓哄彲涓?null銆?[C:\Users\鏉庨暱鎭抃Desktop\姣曚笟璁捐涓湡妫€鏌SIAS2025\2025姣曚笟璁捐\2025姣曚笟璁捐.csproj]
C:\Users\鏉庨暱鎭抃Desktop\姣曚笟璁捐涓湡妫€鏌SIAS2025\2025姣曚笟璁捐\ViewModels\Pages\AdminManagerViewModel.cs(35,16): warning CS8618: 鍦ㄩ€€鍑烘瀯閫犲嚱鏁版椂锛屼笉鍙负 null 鐨?瀛楁 "status" 蹇呴』鍖呭惈闈?null 鍊笺€傝鑰冭檻娣诲姞 "required" 淇グ绗︽垨灏嗚 瀛楁 澹版槑涓哄彲涓?null銆?[C:\Users\鏉庨暱鎭抃Desktop\姣曚笟璁捐涓湡妫€鏌SIAS2025\2025姣曚笟璁捐\2025姣曚笟璁捐.csproj]
C:\Users\鏉庨暱鎭抃Desktop\姣曚笟璁捐涓湡妫€鏌SIAS2025\2025姣曚笟璁捐\ViewModels\Pages\AdminManagerViewModel.cs(35,16): warning CS8618: 鍦ㄩ€€鍑烘瀯閫犲嚱鏁版椂锛屼笉鍙负 null 鐨?瀛楁 "searchKeyword" 蹇呴』鍖呭惈闈?null 鍊笺€傝鑰冭檻娣诲姞 "required" 淇グ绗︽垨灏嗚 瀛楁 澹版槑涓哄彲涓?null銆?[C:\Users\鏉庨暱鎭抃Desktop\姣曚笟璁捐涓湡妫€鏌SIAS2025\2025姣曚笟璁捐\2025姣曚笟璁捐.csproj]
C:\Users\鏉庨暱鎭抃Desktop\姣曚笟璁捐涓湡妫€鏌SIAS2025\2025姣曚笟璁捐\ViewModels\Pages\AdminManagerViewModel.cs(35,16): warning CS8618: 鍦ㄩ€€鍑烘瀯閫犲嚱鏁版椂锛屼笉鍙负 null 鐨?瀛楁 "admins" 蹇呴』鍖呭惈闈?null 鍊笺€傝鑰冭檻娣诲姞 "required" 淇グ绗︽垨灏嗚 瀛楁 澹版槑涓哄彲涓?null銆?[C:\Users\鏉庨暱鎭抃Desktop\姣曚笟璁捐涓湡妫€鏌SIAS2025\2025姣曚笟璁捐\2025姣曚笟璁捐.csproj]
C:\Users\鏉庨暱鎭抃Desktop\姣曚笟璁捐涓湡妫€鏌SIAS2025\2025姣曚笟璁捐\ViewModels\Pages\AdminManagerViewModel.cs(35,16): warning CS8618: 鍦ㄩ€€鍑烘瀯閫犲嚱鏁版椂锛屼笉鍙负 null 鐨?瀛楁 "tempAdmins" 蹇呴』鍖呭惈闈?null 鍊笺€傝鑰冭檻娣诲姞 "required" 淇グ绗︽垨灏嗚 瀛楁 澹版槑涓哄彲涓?null銆?[C:\Users\鏉庨暱鎭抃Desktop\姣曚笟璁捐涓湡妫€鏌SIAS2025\2025姣曚笟璁捐\2025姣曚笟璁捐.csproj]
C:\Users\鏉庨暱鎭抃Desktop\姣曚笟璁捐涓湡妫€鏌SIAS2025\2025姣曚笟璁捐\ViewModels\Pages\AdminManagerViewModel.cs(35,16): warning CS8618: 鍦ㄩ€€鍑烘瀯閫犲嚱鏁版椂锛屼笉鍙负 null 鐨?瀛楁 "listViewAdmins" 蹇呴』鍖呭惈闈?null 鍊笺€傝鑰冭檻娣诲姞 "required" 淇グ绗︽垨灏嗚 瀛楁 澹版槑涓哄彲涓?null銆?[C:\Users\鏉庨暱鎭抃Desktop\姣曚笟璁捐涓湡妫€鏌SIAS2025\2025姣曚笟璁捐\2025姣曚笟璁捐.csproj]
C:\Users\鏉庨暱鎭抃Desktop\姣曚笟璁捐涓湡妫€鏌SIAS2025\2025姣曚笟璁捐\ViewModels\Pages\AdminManagerViewModel.cs(35,16): warning CS8618: 鍦ㄩ€€鍑烘瀯閫犲嚱鏁版椂锛屼笉鍙负 null 鐨?瀛楁 "selectedAdmin" 蹇呴』鍖呭惈闈?null 鍊笺€傝鑰冭檻娣诲姞 "required" 淇グ绗︽垨灏嗚 瀛楁 澹版槑涓哄彲涓?null銆?[C:\Users\鏉庨暱鎭抃Desktop\姣曚笟璁捐涓湡妫€鏌SIAS2025\2025姣曚笟璁捐\2025姣曚笟璁捐.csproj]
C:\Users\鏉庨暱鎭抃Desktop\姣曚笟璁捐涓湡妫€鏌SIAS2025\2025姣曚笟璁捐\ViewModels\Pages\AdminManagerViewModel.cs(35,16): warning CS8618: 鍦ㄩ€€鍑烘瀯閫犲嚱鏁版椂锛屼笉鍙负 null 鐨?瀛楁 "departments" 蹇呴』鍖呭惈闈?null 鍊笺€傝鑰冭檻娣诲姞 "required" 淇グ绗︽垨灏嗚 瀛楁 澹版槑涓哄彲涓?null銆?[C:\Users\鏉庨暱鎭抃Desktop\姣曚笟璁捐涓湡妫€鏌SIAS2025\2025姣曚笟璁捐\2025姣曚笟璁捐.csproj]
C:\Users\鏉庨暱鎭抃Desktop\姣曚笟璁捐涓湡妫€鏌SIAS2025\2025姣曚笟璁捐\ViewModels\Pages\AdminManagerViewModel.cs(35,16): warning CS8618: 鍦ㄩ€€鍑烘瀯閫犲嚱鏁版椂锛屼笉鍙负 null 鐨?瀛楁 "pageSizeOptions" 蹇呴』鍖呭惈闈?null 鍊笺€傝鑰冭檻娣诲姞 "required" 淇グ绗︽垨灏嗚 瀛楁 澹版槑涓哄彲涓?null銆?[C:\Users\鏉庨暱鎭抃Desktop\姣曚笟璁捐涓湡妫€鏌SIAS2025\2025姣曚笟璁捐\2025姣曚笟璁捐.csproj]
C:\Users\鏉庨暱鎭抃Desktop\姣曚笟璁捐涓湡妫€鏌SIAS2025\2025姣曚笟璁捐\ViewModels\Pages\AdminManagerViewModel.cs(35,16): warning CS8618: 鍦ㄩ€€鍑烘瀯閫犲嚱鏁版椂锛屼笉鍙负 null 鐨?瀛楁 "searchText" 蹇呴』鍖呭惈闈?null 鍊笺€傝鑰冭檻娣诲姞 "required" 淇グ绗︽垨灏嗚 瀛楁 澹版槑涓哄彲涓?null銆?[C:\Users\鏉庨暱鎭抃Desktop\姣曚笟璁捐涓湡妫€鏌SIAS2025\2025姣曚笟璁捐\2025姣曚笟璁捐.csproj]
C:\Users\鏉庨暱鎭抃Desktop\姣曚笟璁捐涓湡妫€鏌SIAS2025\2025姣曚笟璁捐\ViewModels\Pages\AdminManagerViewModel.cs(35,16): warning CS8618: 鍦ㄩ€€鍑烘瀯閫犲嚱鏁版椂锛屼笉鍙负 null 鐨?瀛楁 "pageSizeChangedCommand" 蹇呴』鍖呭惈闈?null 鍊笺€傝鑰冭檻娣诲姞 "required" 淇グ绗︽垨灏嗚 瀛楁 澹版槑涓哄彲涓?null銆?[C:\Users\鏉庨暱鎭抃Desktop\姣曚笟璁捐涓湡妫€鏌SIAS2025\2025姣曚笟璁捐\2025姣曚笟璁捐.csproj]
C:\Users\鏉庨暱鎭抃Desktop\姣曚笟璁捐涓湡妫€鏌SIAS2025\2025姣曚笟璁捐\ViewModels\Pages\AdminManagerViewModel.cs(35,16): warning CS8618: 鍦ㄩ€€鍑烘瀯閫犲嚱鏁版椂锛屼笉鍙负 null 鐨?瀛楁 "previousPageCommand" 蹇呴』鍖呭惈闈?null 鍊笺€傝鑰冭檻娣诲姞 "required" 淇グ绗︽垨灏嗚 瀛楁 澹版槑涓哄彲涓?null銆?[C:\Users\鏉庨暱鎭抃Desktop\姣曚笟璁捐涓湡妫€鏌SIAS2025\2025姣曚笟璁捐\2025姣曚笟璁捐.csproj]
C:\Users\鏉庨暱鎭抃Desktop\姣曚笟璁捐涓湡妫€鏌SIAS2025\2025姣曚笟璁捐\ViewModels\Pages\AdminManagerViewModel.cs(35,16): warning CS8618: 鍦ㄩ€€鍑烘瀯閫犲嚱鏁版椂锛屼笉鍙负 null 鐨?瀛楁 "nextPageCommand" 蹇呴』鍖呭惈闈?null 鍊笺€傝鑰冭檻娣诲姞 "required" 淇グ绗︽垨灏嗚 瀛楁 澹版槑涓哄彲涓?null銆?[C:\Users\鏉庨暱鎭抃Desktop\姣曚笟璁捐涓湡妫€鏌SIAS2025\2025姣曚笟璁捐\2025姣曚笟璁捐.csproj]
C:\Users\鏉庨暱鎭抃Desktop\姣曚笟璁捐涓湡妫€鏌SIAS2025\2025姣曚笟璁捐\ViewModels\Pages\AdminManagerViewModel.cs(35,16): warning CS8618: 鍦ㄩ€€鍑烘瀯閫犲嚱鏁版椂锛屼笉鍙负 null 鐨?瀛楁 "jumpPageCommand" 蹇呴』鍖呭惈闈?null 鍊笺€傝鑰冭檻娣诲姞 "required" 淇グ绗︽垨灏嗚 瀛楁 澹版槑涓哄彲涓?null銆?[C:\Users\鏉庨暱鎭抃Desktop\姣曚笟璁捐涓湡妫€鏌SIAS2025\2025姣曚笟璁捐\2025姣曚笟璁捐.csproj]
C:\Users\鏉庨暱鎭抃Desktop\姣曚笟璁捐涓湡妫€鏌SIAS2025\2025姣曚笟璁捐\ViewModels\EditMessage\PersonnallyManager\EmployeePersonallyManagerViewModel.cs(50,16): warning CS8618: 鍦ㄩ€€鍑烘瀯閫犲嚱鏁版椂锛屼笉鍙负 null 鐨?瀛楁 "byteImage" 蹇呴』鍖呭惈闈?null 鍊笺€傝鑰冭檻娣诲姞 "required" 淇グ绗︽垨灏嗚 瀛楁 澹版槑涓哄彲涓?null銆?[C:\Users\鏉庨暱鎭抃Desktop\姣曚笟璁捐涓湡妫€鏌SIAS2025\2025姣曚笟璁捐\2025姣曚笟璁捐.csproj]
C:\Users\鏉庨暱鎭抃Desktop\姣曚笟璁捐涓湡妫€鏌SIAS2025\2025姣曚笟璁捐\ViewModels\EditMessage\PersonnallyManager\EmployeePersonallyManagerViewModel.cs(50,16): warning CS8618: 鍦ㄩ€€鍑烘瀯閫犲嚱鏁版椂锛屼笉鍙负 null 鐨?瀛楁 "image" 蹇呴』鍖呭惈闈?null 鍊笺€傝鑰冭檻娣诲姞 "required" 淇グ绗︽垨灏嗚 瀛楁 澹版槑涓哄彲涓?null銆?[C:\Users\鏉庨暱鎭抃Desktop\姣曚笟璁捐涓湡妫€鏌SIAS2025\2025姣曚笟璁捐\2025姣曚笟璁捐.csproj]
C:\Users\鏉庨暱鎭抃Desktop\姣曚笟璁捐涓湡妫€鏌SIAS2025\2025姣曚笟璁捐\ViewModels\EditMessage\PersonnallyManager\EmployeePersonallyManagerViewModel.cs(50,16): warning CS8618: 鍦ㄩ€€鍑烘瀯閫犲嚱鏁版椂锛屼笉鍙负 null 鐨?瀛楁 "currentEmployee" 蹇呴』鍖呭惈闈?null 鍊笺€傝鑰冭檻娣诲姞 "required" 淇グ绗︽垨灏嗚 瀛楁 澹版槑涓哄彲涓?null銆?[C:\Users\鏉庨暱鎭抃Desktop\姣曚笟璁捐涓湡妫€鏌SIAS2025\2025姣曚笟璁捐\2025姣曚笟璁捐.csproj]
C:\Users\鏉庨暱鎭抃Desktop\姣曚笟璁捐涓湡妫€鏌SIAS2025\2025姣曚笟璁捐\ViewModels\EditMessage\PersonnallyManager\EmployeePersonallyManagerViewModel.cs(50,16): warning CS8618: 鍦ㄩ€€鍑烘瀯閫犲嚱鏁版椂锛屼笉鍙负 null 鐨?瀛楁 "saveCommand" 蹇呴』鍖呭惈闈?null 鍊笺€傝鑰冭檻娣诲姞 "required" 淇グ绗︽垨灏嗚 瀛楁 澹版槑涓哄彲涓?null銆?[C:\Users\鏉庨暱鎭抃Desktop\姣曚笟璁捐涓湡妫€鏌SIAS2025\2025姣曚笟璁捐\2025姣曚笟璁捐.csproj]
C:\Users\鏉庨暱鎭抃Desktop\姣曚笟璁捐涓湡妫€鏌SIAS2025\2025姣曚笟璁捐\ViewModels\EditMessage\PersonnallyManager\EmployeePersonallyManagerViewModel.cs(50,16): warning CS8618: 鍦ㄩ€€鍑烘瀯閫犲嚱鏁版椂锛屼笉鍙负 null 鐨?瀛楁 "changeImageCommand" 蹇呴』鍖呭惈闈?null 鍊笺€傝鑰冭檻娣诲姞 "required" 淇グ绗︽垨灏嗚 瀛楁 澹版槑涓哄彲涓?null銆?[C:\Users\鏉庨暱鎭抃Desktop\姣曚笟璁捐涓湡妫€鏌SIAS2025\2025姣曚笟璁捐\2025姣曚笟璁捐.csproj]
C:\Users\鏉庨暱鎭抃Desktop\姣曚笟璁捐涓湡妫€鏌SIAS2025\2025姣曚笟璁捐\ViewModels\HomeViewModel.cs(124,28): warning CS8622: 鈥渧oid HomeViewModel.UpdateTime(object sender, EventArgs e)鈥濈殑鍙傛暟鈥渟ender鈥濈被鍨嬩腑寮曠敤绫诲瀷鐨勪负 Null 鎬т笌鐩爣濮旀墭鈥淓ventHandler鈥濅笉鍖归厤(鍙兘鏄敱浜庝负 Null 鎬х壒鎬?銆?[C:\Users\鏉庨暱鎭抃Desktop\姣曚笟璁捐涓湡妫€鏌SIAS2025\2025姣曚笟璁捐\2025姣曚笟璁捐.csproj]
C:\Users\鏉庨暱鎭抃Desktop\姣曚笟璁捐涓湡妫€鏌SIAS2025\2025姣曚笟璁捐\ViewModels\HomeViewModel.cs(125,28): warning CS8622: 鈥渧oid HomeViewModel.UpdateUserName(object sender, EventArgs e)鈥濈殑鍙傛暟鈥渟ender鈥濈被鍨嬩腑寮曠敤绫诲瀷鐨勪负 Null 鎬т笌鐩爣濮旀墭鈥淓ventHandler鈥濅笉鍖归厤(鍙兘鏄敱浜庝负 Null 鎬х壒鎬?銆?[C:\Users\鏉庨暱鎭抃Desktop\姣曚笟璁捐涓湡妫€鏌SIAS2025\2025姣曚笟璁捐\2025姣曚笟璁捐.csproj]
C:\Users\鏉庨暱鎭抃Desktop\姣曚笟璁捐涓湡妫€鏌SIAS2025\2025姣曚笟璁捐\ViewModels\HomeViewModel.cs(114,16): warning CS8618: 鍦ㄩ€€鍑烘瀯閫犲嚱鏁版椂锛屼笉鍙负 null 鐨?瀛楁 "currentTime" 蹇呴』鍖呭惈闈?null 鍊笺€傝鑰冭檻娣诲姞 "required" 淇グ绗︽垨灏嗚 瀛楁 澹版槑涓哄彲涓?null銆?[C:\Users\鏉庨暱鎭抃Desktop\姣曚笟璁捐涓湡妫€鏌SIAS2025\2025姣曚笟璁捐\2025姣曚笟璁捐.csproj]
C:\Users\鏉庨暱鎭抃Desktop\姣曚笟璁捐涓湡妫€鏌SIAS2025\2025姣曚笟璁捐\ViewModels\HomeViewModel.cs(114,16): warning CS8618: 鍦ㄩ€€鍑烘瀯閫犲嚱鏁版椂锛屼笉鍙负 null 鐨?瀛楁 "userName" 蹇呴』鍖呭惈闈?null 鍊笺€傝鑰冭檻娣诲姞 "required" 淇グ绗︽垨灏嗚 瀛楁 澹版槑涓哄彲涓?null銆?[C:\Users\鏉庨暱鎭抃Desktop\姣曚笟璁捐涓湡妫€鏌SIAS2025\2025姣曚笟璁捐\2025姣曚笟璁捐.csproj]
C:\Users\鏉庨暱鎭抃Desktop\姣曚笟璁捐涓湡妫€鏌SIAS2025\2025姣曚笟璁捐\ViewModels\HomeViewModel.cs(114,16): warning CS8618: 鍦ㄩ€€鍑烘瀯閫犲嚱鏁版椂锛屼笉鍙负 null 鐨?瀛楁 "password" 蹇呴』鍖呭惈闈?null 鍊笺€傝鑰冭檻娣诲姞 "required" 淇グ绗︽垨灏嗚 瀛楁 澹版槑涓哄彲涓?null銆?[C:\Users\鏉庨暱鎭抃Desktop\姣曚笟璁捐涓湡妫€鏌SIAS2025\2025姣曚笟璁捐\2025姣曚笟璁捐.csproj]
C:\Users\鏉庨暱鎭抃Desktop\姣曚笟璁捐涓湡妫€鏌SIAS2025\2025姣曚笟璁捐\ViewModels\HomeViewModel.cs(114,16): warning CS8618: 鍦ㄩ€€鍑烘瀯閫犲嚱鏁版椂锛屼笉鍙负 null 鐨?瀛楁 "loadedCommand" 蹇呴』鍖呭惈闈?null 鍊笺€傝鑰冭檻娣诲姞 "required" 淇グ绗︽垨灏嗚 瀛楁 澹版槑涓哄彲涓?null銆?[C:\Users\鏉庨暱鎭抃Desktop\姣曚笟璁捐涓湡妫€鏌SIAS2025\2025姣曚笟璁捐\2025姣曚笟璁捐.csproj]
C:\Users\鏉庨暱鎭抃Desktop\姣曚笟璁捐涓湡妫€鏌SIAS2025\2025姣曚笟璁捐\ViewModels\HomeViewModel.cs(114,16): warning CS8618: 鍦ㄩ€€鍑烘瀯閫犲嚱鏁版椂锛屼笉鍙负 null 鐨?瀛楁 "rankingXAxes" 蹇呴』鍖呭惈闈?null 鍊笺€傝鑰冭檻娣诲姞 "required" 淇グ绗︽垨灏嗚 瀛楁 澹版槑涓哄彲涓?null銆?[C:\Users\鏉庨暱鎭抃Desktop\姣曚笟璁捐涓湡妫€鏌SIAS2025\2025姣曚笟璁捐\2025姣曚笟璁捐.csproj]
C:\Users\鏉庨暱鎭抃Desktop\姣曚笟璁捐涓湡妫€鏌SIAS2025\2025姣曚笟璁捐\ViewModels\HomeViewModel.cs(114,16): warning CS8618: 鍦ㄩ€€鍑烘瀯閫犲嚱鏁版椂锛屼笉鍙负 null 鐨?瀛楁 "rankingYAxes" 蹇呴』鍖呭惈闈?null 鍊笺€傝鑰冭檻娣诲姞 "required" 淇グ绗︽垨灏嗚 瀛楁 澹版槑涓哄彲涓?null銆?[C:\Users\鏉庨暱鎭抃Desktop\姣曚笟璁捐涓湡妫€鏌SIAS2025\2025姣曚笟璁捐\2025姣曚笟璁捐.csproj]
C:\Users\鏉庨暱鎭抃Desktop\姣曚笟璁捐涓湡妫€鏌SIAS2025\2025姣曚笟璁捐\ViewModels\HomeViewModel.cs(114,16): warning CS8618: 鍦ㄩ€€鍑烘瀯閫犲嚱鏁版椂锛屼笉鍙负 null 鐨?瀛楁 "nomineeRankingXAxes" 蹇呴』鍖呭惈闈?null 鍊笺€傝鑰冭檻娣诲姞 "required" 淇グ绗︽垨灏嗚 瀛楁 澹版槑涓哄彲涓?null銆?[C:\Users\鏉庨暱鎭抃Desktop\姣曚笟璁捐涓湡妫€鏌SIAS2025\2025姣曚笟璁捐\2025姣曚笟璁捐.csproj]
C:\Users\鏉庨暱鎭抃Desktop\姣曚笟璁捐涓湡妫€鏌SIAS2025\2025姣曚笟璁捐\ViewModels\HomeViewModel.cs(114,16): warning CS8618: 鍦ㄩ€€鍑烘瀯閫犲嚱鏁版椂锛屼笉鍙负 null 鐨?瀛楁 "nomineeRankingYAxes" 蹇呴』鍖呭惈闈?null 鍊笺€傝鑰冭檻娣诲姞 "required" 淇グ绗︽垨灏嗚 瀛楁 澹版槑涓哄彲涓?null銆?[C:\Users\鏉庨暱鎭抃Desktop\姣曚笟璁捐涓湡妫€鏌SIAS2025\2025姣曚笟璁捐\2025姣曚笟璁捐.csproj]
C:\Users\鏉庨暱鎭抃Desktop\姣曚笟璁捐涓湡妫€鏌SIAS2025\2025姣曚笟璁捐\ViewModels\HomeViewModel.cs(114,16): warning CS8618: 鍦ㄩ€€鍑烘瀯閫犲嚱鏁版椂锛屼笉鍙负 null 鐨?瀛楁 "windowDragCommand" 蹇呴』鍖呭惈闈?null 鍊笺€傝鑰冭檻娣诲姞 "required" 淇グ绗︽垨灏嗚 瀛楁 澹版槑涓哄彲涓?null銆?[C:\Users\鏉庨暱鎭抃Desktop\姣曚笟璁捐涓湡妫€鏌SIAS2025\2025姣曚笟璁捐\2025姣曚笟璁捐.csproj]
C:\Users\鏉庨暱鎭抃Desktop\姣曚笟璁捐涓湡妫€鏌SIAS2025\2025姣曚笟璁捐\Services\AdminService.cs(35,20): warning CS8619: 绫诲瀷鈥淭ask<Admin?>鈥濈殑鍊间腑寮曠敤绫诲瀷鐨勪负 Null 鎬т笌鐩爣绫诲瀷鈥淭ask<Admin>鈥濅笉鍖归厤銆?[C:\Users\鏉庨暱鎭抃Desktop\姣曚笟璁捐涓湡妫€鏌SIAS2025\2025姣曚笟璁捐\2025姣曚笟璁捐.csproj]
C:\Users\鏉庨暱鎭抃Desktop\姣曚笟璁捐涓湡妫€鏌SIAS2025\2025姣曚笟璁捐\ViewModels\Pages\AwardSettingViewModel.cs(36,16): warning CS8618: 鍦ㄩ€€鍑烘瀯閫犲嚱鏁版椂锛屼笉鍙负 null 鐨?瀛楁 "searchKeyword" 蹇呴』鍖呭惈闈?null 鍊笺€傝鑰冭檻娣诲姞 "required" 淇グ绗︽垨灏嗚 瀛楁 澹版槑涓哄彲涓?null銆?[C:\Users\鏉庨暱鎭抃Desktop\姣曚笟璁捐涓湡妫€鏌SIAS2025\2025姣曚笟璁捐\2025姣曚笟璁捐.csproj]
C:\Users\鏉庨暱鎭抃Desktop\姣曚笟璁捐涓湡妫€鏌SIAS2025\2025姣曚笟璁捐\ViewModels\Pages\AwardSettingViewModel.cs(36,16): warning CS8618: 鍦ㄩ€€鍑烘瀯閫犲嚱鏁版椂锛屼笉鍙负 null 鐨?瀛楁 "selectedAwardSetting" 蹇呴』鍖呭惈闈?null 鍊笺€傝鑰冭檻娣诲姞 "required" 淇グ绗︽垨灏嗚 瀛楁 澹版槑涓哄彲涓?null銆?[C:\Users\鏉庨暱鎭抃Desktop\姣曚笟璁捐涓湡妫€鏌SIAS2025\2025姣曚笟璁捐\2025姣曚笟璁捐.csproj]
C:\Users\鏉庨暱鎭抃Desktop\姣曚笟璁捐涓湡妫€鏌SIAS2025\2025姣曚笟璁捐\ViewModels\Pages\AwardSettingViewModel.cs(36,16): warning CS8618: 鍦ㄩ€€鍑烘瀯閫犲嚱鏁版椂锛屼笉鍙负 null 鐨?瀛楁 "awardSettings" 蹇呴』鍖呭惈闈?null 鍊笺€傝鑰冭檻娣诲姞 "required" 淇グ绗︽垨灏嗚 瀛楁 澹版槑涓哄彲涓?null銆?[C:\Users\鏉庨暱鎭抃Desktop\姣曚笟璁捐涓湡妫€鏌SIAS2025\2025姣曚笟璁捐\2025姣曚笟璁捐.csproj]
C:\Users\鏉庨暱鎭抃Desktop\姣曚笟璁捐涓湡妫€鏌SIAS2025\2025姣曚笟璁捐\ViewModels\Pages\AwardSettingViewModel.cs(36,16): warning CS8618: 鍦ㄩ€€鍑烘瀯閫犲嚱鏁版椂锛屼笉鍙负 null 鐨?瀛楁 "tempAwardSettings" 蹇呴』鍖呭惈闈?null 鍊笺€傝鑰冭檻娣诲姞 "required" 淇グ绗︽垨灏嗚 瀛楁 澹版槑涓哄彲涓?null銆?[C:\Users\鏉庨暱鎭抃Desktop\姣曚笟璁捐涓湡妫€鏌SIAS2025\2025姣曚笟璁捐\2025姣曚笟璁捐.csproj]
C:\Users\鏉庨暱鎭抃Desktop\姣曚笟璁捐涓湡妫€鏌SIAS2025\2025姣曚笟璁捐\ViewModels\Pages\AwardSettingViewModel.cs(36,16): warning CS8618: 鍦ㄩ€€鍑烘瀯閫犲嚱鏁版椂锛屼笉鍙负 null 鐨?瀛楁 "listViewAwardSettings" 蹇呴』鍖呭惈闈?null 鍊笺€傝鑰冭檻娣诲姞 "required" 淇グ绗︽垨灏嗚 瀛楁 澹版槑涓哄彲涓?null銆?[C:\Users\鏉庨暱鎭抃Desktop\姣曚笟璁捐涓湡妫€鏌SIAS2025\2025姣曚笟璁捐\2025姣曚笟璁捐.csproj]
C:\Users\鏉庨暱鎭抃Desktop\姣曚笟璁捐涓湡妫€鏌SIAS2025\2025姣曚笟璁捐\ViewModels\Pages\AwardSettingViewModel.cs(36,16): warning CS8618: 鍦ㄩ€€鍑烘瀯閫犲嚱鏁版椂锛屼笉鍙负 null 鐨?瀛楁 "searchBackground" 蹇呴』鍖呭惈闈?null 鍊笺€傝鑰冭檻娣诲姞 "required" 淇グ绗︽垨灏嗚 瀛楁 澹版槑涓哄彲涓?null銆?[C:\Users\鏉庨暱鎭抃Desktop\姣曚笟璁捐涓湡妫€鏌SIAS2025\2025姣曚笟璁捐\2025姣曚笟璁捐.csproj]
C:\Users\鏉庨暱鎭抃Desktop\姣曚笟璁捐涓湡妫€鏌SIAS2025\2025姣曚笟璁捐\ViewModels\Pages\AwardSettingViewModel.cs(36,16): warning CS8618: 鍦ㄩ€€鍑烘瀯閫犲嚱鏁版椂锛屼笉鍙负 null 鐨?瀛楁 "exportDataCommand" 蹇呴』鍖呭惈闈?null 鍊笺€傝鑰冭檻娣诲姞 "required" 淇グ绗︽垨灏嗚 瀛楁 澹版槑涓哄彲涓?null銆?[C:\Users\鏉庨暱鎭抃Desktop\姣曚笟璁捐涓湡妫€鏌SIAS2025\2025姣曚笟璁捐\2025姣曚笟璁捐.csproj]
C:\Users\鏉庨暱鎭抃Desktop\姣曚笟璁捐涓湡妫€鏌SIAS2025\2025姣曚笟璁捐\ViewModels\Pages\AwardSettingViewModel.cs(36,16): warning CS8618: 鍦ㄩ€€鍑烘瀯閫犲嚱鏁版椂锛屼笉鍙负 null 鐨?瀛楁 "pageSizeOptions" 蹇呴』鍖呭惈闈?null 鍊笺€傝鑰冭檻娣诲姞 "required" 淇グ绗︽垨灏嗚 瀛楁 澹版槑涓哄彲涓?null銆?[C:\Users\鏉庨暱鎭抃Desktop\姣曚笟璁捐涓湡妫€鏌SIAS2025\2025姣曚笟璁捐\2025姣曚笟璁捐.csproj]
C:\Users\鏉庨暱鎭抃Desktop\姣曚笟璁捐涓湡妫€鏌SIAS2025\2025姣曚笟璁捐\ViewModels\Pages\AwardSettingViewModel.cs(36,16): warning CS8618: 鍦ㄩ€€鍑烘瀯閫犲嚱鏁版椂锛屼笉鍙负 null 鐨?瀛楁 "searchText" 蹇呴』鍖呭惈闈?null 鍊笺€傝鑰冭檻娣诲姞 "required" 淇グ绗︽垨灏嗚 瀛楁 澹版槑涓哄彲涓?null銆?[C:\Users\鏉庨暱鎭抃Desktop\姣曚笟璁捐涓湡妫€鏌SIAS2025\2025姣曚笟璁捐\2025姣曚笟璁捐.csproj]
C:\Users\鏉庨暱鎭抃Desktop\姣曚笟璁捐涓湡妫€鏌SIAS2025\2025姣曚笟璁捐\ViewModels\Pages\AwardSettingViewModel.cs(36,16): warning CS8618: 鍦ㄩ€€鍑烘瀯閫犲嚱鏁版椂锛屼笉鍙负 null 鐨?瀛楁 "previousPageCommand" 蹇呴』鍖呭惈闈?null 鍊笺€傝鑰冭檻娣诲姞 "required" 淇グ绗︽垨灏嗚 瀛楁 澹版槑涓哄彲涓?null銆?[C:\Users\鏉庨暱鎭抃Desktop\姣曚笟璁捐涓湡妫€鏌SIAS2025\2025姣曚笟璁捐\2025姣曚笟璁捐.csproj]
C:\Users\鏉庨暱鎭抃Desktop\姣曚笟璁捐涓湡妫€鏌SIAS2025\2025姣曚笟璁捐\ViewModels\Pages\AwardSettingViewModel.cs(36,16): warning CS8618: 鍦ㄩ€€鍑烘瀯閫犲嚱鏁版椂锛屼笉鍙负 null 鐨?瀛楁 "nextPageCommand" 蹇呴』鍖呭惈闈?null 鍊笺€傝鑰冭檻娣诲姞 "required" 淇グ绗︽垨灏嗚 瀛楁 澹版槑涓哄彲涓?null銆?[C:\Users\鏉庨暱鎭抃Desktop\姣曚笟璁捐涓湡妫€鏌SIAS2025\2025姣曚笟璁捐\2025姣曚笟璁捐.csproj]
C:\Users\鏉庨暱鎭抃Desktop\姣曚笟璁捐涓湡妫€鏌SIAS2025\2025姣曚笟璁捐\ViewModels\Pages\AwardSettingViewModel.cs(36,16): warning CS8618: 鍦ㄩ€€鍑烘瀯閫犲嚱鏁版椂锛屼笉鍙负 null 鐨?瀛楁 "jumpPageCommand" 蹇呴』鍖呭惈闈?null 鍊笺€傝鑰冭檻娣诲姞 "required" 淇グ绗︽垨灏嗚 瀛楁 澹版槑涓哄彲涓?null銆?[C:\Users\鏉庨暱鎭抃Desktop\姣曚笟璁捐涓湡妫€鏌SIAS2025\2025姣曚笟璁捐\2025姣曚笟璁捐.csproj]
C:\Users\鏉庨暱鎭抃Desktop\姣曚笟璁捐涓湡妫€鏌SIAS2025\2025姣曚笟璁捐\ViewModels\Pages\AwardSettingViewModel.cs(36,16): warning CS8618: 鍦ㄩ€€鍑烘瀯閫犲嚱鏁版椂锛屼笉鍙负 null 鐨?瀛楁 "pageSizeChangedCommand" 蹇呴』鍖呭惈闈?null 鍊笺€傝鑰冭檻娣诲姞 "required" 淇グ绗︽垨灏嗚 瀛楁 澹版槑涓哄彲涓?null銆?[C:\Users\鏉庨暱鎭抃Desktop\姣曚笟璁捐涓湡妫€鏌SIAS2025\2025姣曚笟璁捐\2025姣曚笟璁捐.csproj]
C:\Users\鏉庨暱鎭抃Desktop\姣曚笟璁捐涓湡妫€鏌SIAS2025\2025姣曚笟璁捐\ViewModels\EditMessage\EmployeeManager\AddEmployeeViewModel.cs(121,16): warning CS8618: 鍦ㄩ€€鍑烘瀯閫犲嚱鏁版椂锛屼笉鍙负 null 鐨?瀛楁 "addEmployee" 蹇呴』鍖呭惈闈?null 鍊笺€傝鑰冭檻娣诲姞 "required" 淇グ绗︽垨灏嗚 瀛楁 澹版槑涓哄彲涓?null銆?[C:\Users\鏉庨暱鎭抃Desktop\姣曚笟璁捐涓湡妫€鏌SIAS2025\2025姣曚笟璁捐\2025姣曚笟璁捐.csproj]
C:\Users\鏉庨暱鎭抃Desktop\姣曚笟璁捐涓湡妫€鏌SIAS2025\2025姣曚笟璁捐\ViewModels\EditMessage\EmployeeManager\AddEmployeeViewModel.cs(121,16): warning CS8618: 鍦ㄩ€€鍑烘瀯閫犲嚱鏁版椂锛屼笉鍙负 null 鐨?瀛楁 "employeeName" 蹇呴』鍖呭惈闈?null 鍊笺€傝鑰冭檻娣诲姞 "required" 淇グ绗︽垨灏嗚 瀛楁 澹版槑涓哄彲涓?null銆?[C:\Users\鏉庨暱鎭抃Desktop\姣曚笟璁捐涓湡妫€鏌SIAS2025\2025姣曚笟璁捐\2025姣曚笟璁捐.csproj]
C:\Users\鏉庨暱鎭抃Desktop\姣曚笟璁捐涓湡妫€鏌SIAS2025\2025姣曚笟璁捐\ViewModels\EditMessage\EmployeeManager\AddEmployeeViewModel.cs(121,16): warning CS8618: 鍦ㄩ€€鍑烘瀯閫犲嚱鏁版椂锛屼笉鍙负 null 鐨?瀛楁 "departmentNames" 蹇呴』鍖呭惈闈?null 鍊笺€傝鑰冭檻娣诲姞 "required" 淇グ绗︽垨灏嗚 瀛楁 澹版槑涓哄彲涓?null銆?[C:\Users\鏉庨暱鎭抃Desktop\姣曚笟璁捐涓湡妫€鏌SIAS2025\2025姣曚笟璁捐\2025姣曚笟璁捐.csproj]
C:\Users\鏉庨暱鎭抃Desktop\姣曚笟璁捐涓湡妫€鏌SIAS2025\2025姣曚笟璁捐\ViewModels\EditMessage\EmployeeManager\AddEmployeeViewModel.cs(121,16): warning CS8618: 鍦ㄩ€€鍑烘瀯閫犲嚱鏁版椂锛屼笉鍙负 null 鐨?瀛楁 "departmentName" 蹇呴』鍖呭惈闈?null 鍊笺€傝鑰冭檻娣诲姞 "required" 淇グ绗︽垨灏嗚 瀛楁 澹版槑涓哄彲涓?null銆?[C:\Users\鏉庨暱鎭抃Desktop\姣曚笟璁捐涓湡妫€鏌SIAS2025\2025姣曚笟璁捐\2025姣曚笟璁捐.csproj]
C:\Users\鏉庨暱鎭抃Desktop\姣曚笟璁捐涓湡妫€鏌SIAS2025\2025姣曚笟璁捐\Common\SecurityKeys.cs(135,30): warning CS8625: 鏃犳硶灏?null 瀛楅潰閲忚浆鎹负闈?null 鐨勫紩鐢ㄧ被鍨嬨€?[C:\Users\鏉庨暱鎭抃Desktop\姣曚笟璁捐涓湡妫€鏌SIAS2025\2025姣曚笟璁捐\2025姣曚笟璁捐.csproj]
C:\Users\鏉庨暱鎭抃Desktop\姣曚笟璁捐涓湡妫€鏌SIAS2025\2025姣曚笟璁捐\Common\SecurityKeys.cs(136,29): warning CS8625: 鏃犳硶灏?null 瀛楅潰閲忚浆鎹负闈?null 鐨勫紩鐢ㄧ被鍨嬨€?[C:\Users\鏉庨暱鎭抃Desktop\姣曚笟璁捐涓湡妫€鏌SIAS2025\2025姣曚笟璁捐\2025姣曚笟璁捐.csproj]
C:\Users\鏉庨暱鎭抃Desktop\姣曚笟璁捐涓湡妫€鏌SIAS2025\2025姣曚笟璁捐\Common\SecurityKeys.cs(19,31): warning CS8618: 鍦ㄩ€€鍑烘瀯閫犲嚱鏁版椂锛屼笉鍙负 null 鐨?瀛楁 "_cachedKey" 蹇呴』鍖呭惈闈?null 鍊笺€傝鑰冭檻娣诲姞 "required" 淇グ绗︽垨灏嗚 瀛楁 澹版槑涓哄彲涓?null銆?[C:\Users\鏉庨暱鎭抃Desktop\姣曚笟璁捐涓湡妫€鏌SIAS2025\2025姣曚笟璁捐\2025姣曚笟璁捐.csproj]
C:\Users\鏉庨暱鎭抃Desktop\姣曚笟璁捐涓湡妫€鏌SIAS2025\2025姣曚笟璁捐\Common\SecurityKeys.cs(20,31): warning CS8618: 鍦ㄩ€€鍑烘瀯閫犲嚱鏁版椂锛屼笉鍙负 null 鐨?瀛楁 "_cachedIV" 蹇呴』鍖呭惈闈?null 鍊笺€傝鑰冭檻娣诲姞 "required" 淇グ绗︽垨灏嗚 瀛楁 澹版槑涓哄彲涓?null銆?[C:\Users\鏉庨暱鎭抃Desktop\姣曚笟璁捐涓湡妫€鏌SIAS2025\2025姣曚笟璁捐\2025姣曚笟璁捐.csproj]
C:\Users\鏉庨暱鎭抃Desktop\姣曚笟璁捐涓湡妫€鏌SIAS2025\2025姣曚笟璁捐\ViewModels\EditMessage\AwardSettingManager\EditAwardSettingViewModel.cs(124,35): warning CS8601: 鍙兘鐨?null 寮曠敤璧嬪€笺€?[C:\Users\鏉庨暱鎭抃Desktop\姣曚笟璁捐涓湡妫€鏌SIAS2025\2025姣曚笟璁捐\2025姣曚笟璁捐.csproj]
C:\Users\鏉庨暱鎭抃Desktop\姣曚笟璁捐涓湡妫€鏌SIAS2025\2025姣曚笟璁捐\ViewModels\EditMessage\DepartmentManager\AddDepartmentViewModel.cs(47,16): warning CS8618: 鍦ㄩ€€鍑烘瀯閫犲嚱鏁版椂锛屼笉鍙负 null 鐨?瀛楁 "addDepartment" 蹇呴』鍖呭惈闈?null 鍊笺€傝鑰冭檻娣诲姞 "required" 淇グ绗︽垨灏嗚 瀛楁 澹版槑涓哄彲涓?null銆?[C:\Users\鏉庨暱鎭抃Desktop\姣曚笟璁捐涓湡妫€鏌SIAS2025\2025姣曚笟璁捐\2025姣曚笟璁捐.csproj]
C:\Users\鏉庨暱鎭抃Desktop\姣曚笟璁捐涓湡妫€鏌SIAS2025\2025姣曚笟璁捐\ViewModels\EditMessage\DepartmentManager\AddDepartmentViewModel.cs(47,16): warning CS8618: 鍦ㄩ€€鍑烘瀯閫犲嚱鏁版椂锛屼笉鍙负 null 鐨?瀛楁 "departmentName" 蹇呴』鍖呭惈闈?null 鍊笺€傝鑰冭檻娣诲姞 "required" 淇グ绗︽垨灏嗚 瀛楁 澹版槑涓哄彲涓?null銆?[C:\Users\鏉庨暱鎭抃Desktop\姣曚笟璁捐涓湡妫€鏌SIAS2025\2025姣曚笟璁捐\2025姣曚笟璁捐.csproj]
C:\Users\鏉庨暱鎭抃Desktop\姣曚笟璁捐涓湡妫€鏌SIAS2025\2025姣曚笟璁捐\ViewModels\EditMessage\AdminManager\AddAdminViewModel.cs(121,16): warning CS8618: 鍦ㄩ€€鍑烘瀯閫犲嚱鏁版椂锛屼笉鍙负 null 鐨?瀛楁 "departmentNames" 蹇呴』鍖呭惈闈?null 鍊笺€傝鑰冭檻娣诲姞 "required" 淇グ绗︽垨灏嗚 瀛楁 澹版槑涓哄彲涓?null銆?[C:\Users\鏉庨暱鎭抃Desktop\姣曚笟璁捐涓湡妫€鏌SIAS2025\2025姣曚笟璁捐\2025姣曚笟璁捐.csproj]
C:\Users\鏉庨暱鎭抃Desktop\姣曚笟璁捐涓湡妫€鏌SIAS2025\2025姣曚笟璁捐\ViewModels\EditMessage\AdminManager\AddAdminViewModel.cs(121,16): warning CS8618: 鍦ㄩ€€鍑烘瀯閫犲嚱鏁版椂锛屼笉鍙负 null 鐨?瀛楁 "departmentName" 蹇呴』鍖呭惈闈?null 鍊笺€傝鑰冭檻娣诲姞 "required" 淇グ绗︽垨灏嗚 瀛楁 澹版槑涓哄彲涓?null銆?[C:\Users\鏉庨暱鎭抃Desktop\姣曚笟璁捐涓湡妫€鏌SIAS2025\2025姣曚笟璁捐\2025姣曚笟璁捐.csproj]
C:\Users\鏉庨暱鎭抃Desktop\姣曚笟璁捐涓湡妫€鏌SIAS2025\2025姣曚笟璁捐\ViewModels\EditMessage\AdminManager\AddAdminViewModel.cs(121,16): warning CS8618: 鍦ㄩ€€鍑烘瀯閫犲嚱鏁版椂锛屼笉鍙负 null 鐨?瀛楁 "addAdmin" 蹇呴』鍖呭惈闈?null 鍊笺€傝鑰冭檻娣诲姞 "required" 淇グ绗︽垨灏嗚 瀛楁 澹版槑涓哄彲涓?null銆?[C:\Users\鏉庨暱鎭抃Desktop\姣曚笟璁捐涓湡妫€鏌SIAS2025\2025姣曚笟璁捐\2025姣曚笟璁捐.csproj]
C:\Users\鏉庨暱鎭抃Desktop\姣曚笟璁捐涓湡妫€鏌SIAS2025\2025姣曚笟璁捐\ViewModels\EditMessage\AdminManager\AddAdminViewModel.cs(121,16): warning CS8618: 鍦ㄩ€€鍑烘瀯閫犲嚱鏁版椂锛屼笉鍙负 null 鐨?瀛楁 "adminName" 蹇呴』鍖呭惈闈?null 鍊笺€傝鑰冭檻娣诲姞 "required" 淇グ绗︽垨灏嗚 瀛楁 澹版槑涓哄彲涓?null銆?[C:\Users\鏉庨暱鎭抃Desktop\姣曚笟璁捐涓湡妫€鏌SIAS2025\2025姣曚笟璁捐\2025姣曚笟璁捐.csproj]
C:\Users\鏉庨暱鎭抃Desktop\姣曚笟璁捐涓湡妫€鏌SIAS2025\2025姣曚笟璁捐\ViewModels\Pages\DepartmentManagerViewModel.cs(35,16): warning CS8618: 鍦ㄩ€€鍑烘瀯閫犲嚱鏁版椂锛屼笉鍙负 null 鐨?瀛楁 "searchBackground" 蹇呴』鍖呭惈闈?null 鍊笺€傝鑰冭檻娣诲姞 "required" 淇グ绗︽垨灏嗚 瀛楁 澹版槑涓哄彲涓?null銆?[C:\Users\鏉庨暱鎭抃Desktop\姣曚笟璁捐涓湡妫€鏌SIAS2025\2025姣曚笟璁捐\2025姣曚笟璁捐.csproj]
C:\Users\鏉庨暱鎭抃Desktop\姣曚笟璁捐涓湡妫€鏌SIAS2025\2025姣曚笟璁捐\ViewModels\Pages\DepartmentManagerViewModel.cs(35,16): warning CS8618: 鍦ㄩ€€鍑烘瀯閫犲嚱鏁版椂锛屼笉鍙负 null 鐨?瀛楁 "departments" 蹇呴』鍖呭惈闈?null 鍊笺€傝鑰冭檻娣诲姞 "required" 淇グ绗︽垨灏嗚 瀛楁 澹版槑涓哄彲涓?null銆?[C:\Users\鏉庨暱鎭抃Desktop\姣曚笟璁捐涓湡妫€鏌SIAS2025\2025姣曚笟璁捐\2025姣曚笟璁捐.csproj]
C:\Users\鏉庨暱鎭抃Desktop\姣曚笟璁捐涓湡妫€鏌SIAS2025\2025姣曚笟璁捐\ViewModels\Pages\DepartmentManagerViewModel.cs(35,16): warning CS8618: 鍦ㄩ€€鍑烘瀯閫犲嚱鏁版椂锛屼笉鍙负 null 鐨?瀛楁 "tempDepartments" 蹇呴』鍖呭惈闈?null 鍊笺€傝鑰冭檻娣诲姞 "required" 淇グ绗︽垨灏嗚 瀛楁 澹版槑涓哄彲涓?null銆?[C:\Users\鏉庨暱鎭抃Desktop\姣曚笟璁捐涓湡妫€鏌SIAS2025\2025姣曚笟璁捐\2025姣曚笟璁捐.csproj]
C:\Users\鏉庨暱鎭抃Desktop\姣曚笟璁捐涓湡妫€鏌SIAS2025\2025姣曚笟璁捐\ViewModels\Pages\DepartmentManagerViewModel.cs(35,16): warning CS8618: 鍦ㄩ€€鍑烘瀯閫犲嚱鏁版椂锛屼笉鍙负 null 鐨?瀛楁 "listViewDepartments" 蹇呴』鍖呭惈闈?null 鍊笺€傝鑰冭檻娣诲姞 "required" 淇グ绗︽垨灏嗚 瀛楁 澹版槑涓哄彲涓?null銆?[C:\Users\鏉庨暱鎭抃Desktop\姣曚笟璁捐涓湡妫€鏌SIAS2025\2025姣曚笟璁捐\2025姣曚笟璁捐.csproj]
C:\Users\鏉庨暱鎭抃Desktop\姣曚笟璁捐涓湡妫€鏌SIAS2025\2025姣曚笟璁捐\ViewModels\Pages\DepartmentManagerViewModel.cs(35,16): warning CS8618: 鍦ㄩ€€鍑烘瀯閫犲嚱鏁版椂锛屼笉鍙负 null 鐨?瀛楁 "selectedDepartment" 蹇呴』鍖呭惈闈?null 鍊笺€傝鑰冭檻娣诲姞 "required" 淇グ绗︽垨灏嗚 瀛楁 澹版槑涓哄彲涓?null銆?[C:\Users\鏉庨暱鎭抃Desktop\姣曚笟璁捐涓湡妫€鏌SIAS2025\2025姣曚笟璁捐\2025姣曚笟璁捐.csproj]
C:\Users\鏉庨暱鎭抃Desktop\姣曚笟璁捐涓湡妫€鏌SIAS2025\2025姣曚笟璁捐\ViewModels\Pages\DepartmentManagerViewModel.cs(35,16): warning CS8618: 鍦ㄩ€€鍑烘瀯閫犲嚱鏁版椂锛屼笉鍙负 null 鐨?瀛楁 "searchKeyword" 蹇呴』鍖呭惈闈?null 鍊笺€傝鑰冭檻娣诲姞 "required" 淇グ绗︽垨灏嗚 瀛楁 澹版槑涓哄彲涓?null銆?[C:\Users\鏉庨暱鎭抃Desktop\姣曚笟璁捐涓湡妫€鏌SIAS2025\2025姣曚笟璁捐\2025姣曚笟璁捐.csproj]
C:\Users\鏉庨暱鎭抃Desktop\姣曚笟璁捐涓湡妫€鏌SIAS2025\2025姣曚笟璁捐\ViewModels\Pages\DepartmentManagerViewModel.cs(35,16): warning CS8618: 鍦ㄩ€€鍑烘瀯閫犲嚱鏁版椂锛屼笉鍙负 null 鐨?瀛楁 "pageSizeOptions" 蹇呴』鍖呭惈闈?null 鍊笺€傝鑰冭檻娣诲姞 "required" 淇グ绗︽垨灏嗚 瀛楁 澹版槑涓哄彲涓?null銆?[C:\Users\鏉庨暱鎭抃Desktop\姣曚笟璁捐涓湡妫€鏌SIAS2025\2025姣曚笟璁捐\2025姣曚笟璁捐.csproj]
C:\Users\鏉庨暱鎭抃Desktop\姣曚笟璁捐涓湡妫€鏌SIAS2025\2025姣曚笟璁捐\ViewModels\Pages\DepartmentManagerViewModel.cs(35,16): warning CS8618: 鍦ㄩ€€鍑烘瀯閫犲嚱鏁版椂锛屼笉鍙负 null 鐨?瀛楁 "searchText" 蹇呴』鍖呭惈闈?null 鍊笺€傝鑰冭檻娣诲姞 "required" 淇グ绗︽垨灏嗚 瀛楁 澹版槑涓哄彲涓?null銆?[C:\Users\鏉庨暱鎭抃Desktop\姣曚笟璁捐涓湡妫€鏌SIAS2025\2025姣曚笟璁捐\2025姣曚笟璁捐.csproj]
C:\Users\鏉庨暱鎭抃Desktop\姣曚笟璁捐涓湡妫€鏌SIAS2025\2025姣曚笟璁捐\ViewModels\Pages\DepartmentManagerViewModel.cs(35,16): warning CS8618: 鍦ㄩ€€鍑烘瀯閫犲嚱鏁版椂锛屼笉鍙负 null 鐨?瀛楁 "pageSizeChangedCommand" 蹇呴』鍖呭惈闈?null 鍊笺€傝鑰冭檻娣诲姞 "required" 淇グ绗︽垨灏嗚 瀛楁 澹版槑涓哄彲涓?null銆?[C:\Users\鏉庨暱鎭抃Desktop\姣曚笟璁捐涓湡妫€鏌SIAS2025\2025姣曚笟璁捐\2025姣曚笟璁捐.csproj]
C:\Users\鏉庨暱鎭抃Desktop\姣曚笟璁捐涓湡妫€鏌SIAS2025\2025姣曚笟璁捐\ViewModels\Pages\DepartmentManagerViewModel.cs(35,16): warning CS8618: 鍦ㄩ€€鍑烘瀯閫犲嚱鏁版椂锛屼笉鍙负 null 鐨?瀛楁 "previousPageCommand" 蹇呴』鍖呭惈闈?null 鍊笺€傝鑰冭檻娣诲姞 "required" 淇グ绗︽垨灏嗚 瀛楁 澹版槑涓哄彲涓?null銆?[C:\Users\鏉庨暱鎭抃Desktop\姣曚笟璁捐涓湡妫€鏌SIAS2025\2025姣曚笟璁捐\2025姣曚笟璁捐.csproj]
C:\Users\鏉庨暱鎭抃Desktop\姣曚笟璁捐涓湡妫€鏌SIAS2025\2025姣曚笟璁捐\ViewModels\Pages\DepartmentManagerViewModel.cs(35,16): warning CS8618: 鍦ㄩ€€鍑烘瀯閫犲嚱鏁版椂锛屼笉鍙负 null 鐨?瀛楁 "nextPageCommand" 蹇呴』鍖呭惈闈?null 鍊笺€傝鑰冭檻娣诲姞 "required" 淇グ绗︽垨灏嗚 瀛楁 澹版槑涓哄彲涓?null銆?[C:\Users\鏉庨暱鎭抃Desktop\姣曚笟璁捐涓湡妫€鏌SIAS2025\2025姣曚笟璁捐\2025姣曚笟璁捐.csproj]
C:\Users\鏉庨暱鎭抃Desktop\姣曚笟璁捐涓湡妫€鏌SIAS2025\2025姣曚笟璁捐\ViewModels\Pages\DepartmentManagerViewModel.cs(35,16): warning CS8618: 鍦ㄩ€€鍑烘瀯閫犲嚱鏁版椂锛屼笉鍙负 null 鐨?瀛楁 "jumpPageCommand" 蹇呴』鍖呭惈闈?null 鍊笺€傝鑰冭檻娣诲姞 "required" 淇グ绗︽垨灏嗚 瀛楁 澹版槑涓哄彲涓?null銆?[C:\Users\鏉庨暱鎭抃Desktop\姣曚笟璁捐涓湡妫€鏌SIAS2025\2025姣曚笟璁捐\2025姣曚笟璁捐.csproj]
C:\Users\鏉庨暱鎭抃Desktop\姣曚笟璁捐涓湡妫€鏌SIAS2025\2025姣曚笟璁捐\ViewModels\LoginViewModel.cs(148,53): warning CS8604: 鈥渧oid ParametersBase.Add(string key, object value)鈥濅腑鐨勫舰鍙傗€渧alue鈥濆彲鑳戒紶鍏?null 寮曠敤瀹炲弬銆?[C:\Users\鏉庨暱鎭抃Desktop\姣曚笟璁捐涓湡妫€鏌SIAS2025\2025姣曚笟璁捐\2025姣曚笟璁捐.csproj]
C:\Users\鏉庨暱鎭抃Desktop\姣曚笟璁捐涓湡妫€鏌SIAS2025\2025姣曚笟璁捐\ViewModels\LoginViewModel.cs(154,53): warning CS8604: 鈥渧oid ParametersBase.Add(string key, object value)鈥濅腑鐨勫舰鍙傗€渧alue鈥濆彲鑳戒紶鍏?null 寮曠敤瀹炲弬銆?[C:\Users\鏉庨暱鎭抃Desktop\姣曚笟璁捐涓湡妫€鏌SIAS2025\2025姣曚笟璁捐\2025姣曚笟璁捐.csproj]
C:\Users\鏉庨暱鎭抃Desktop\姣曚笟璁捐涓湡妫€鏌SIAS2025\2025姣曚笟璁捐\ViewModels\LoginViewModel.cs(160,53): warning CS8604: 鈥渧oid ParametersBase.Add(string key, object value)鈥濅腑鐨勫舰鍙傗€渧alue鈥濆彲鑳戒紶鍏?null 寮曠敤瀹炲弬銆?[C:\Users\鏉庨暱鎭抃Desktop\姣曚笟璁捐涓湡妫€鏌SIAS2025\2025姣曚笟璁捐\2025姣曚笟璁捐.csproj]
C:\Users\鏉庨暱鎭抃Desktop\姣曚笟璁捐涓湡妫€鏌SIAS2025\2025姣曚笟璁捐\ViewModels\Pages\VoteEntranceViewModel.cs(55,21): warning CS4014: 鐢变簬姝よ皟鐢ㄤ笉浼氱瓑寰咃紝鍥犳鍦ㄦ璋冪敤瀹屾垚涔嬪墠灏嗕細缁х画鎵ц褰撳墠鏂规硶銆傝鑰冭檻灏?"await" 杩愮畻绗﹀簲鐢ㄤ簬璋冪敤缁撴灉銆?[C:\Users\鏉庨暱鎭抃Desktop\姣曚笟璁捐涓湡妫€鏌SIAS2025\2025姣曚笟璁捐\2025姣曚笟璁捐.csproj]
C:\Users\鏉庨暱鎭抃Desktop\姣曚笟璁捐涓湡妫€鏌SIAS2025\2025姣曚笟璁捐\ViewModels\Pages\VoteEntranceViewModel.cs(58,21): warning CS4014: 鐢变簬姝よ皟鐢ㄤ笉浼氱瓑寰咃紝鍥犳鍦ㄦ璋冪敤瀹屾垚涔嬪墠灏嗕細缁х画鎵ц褰撳墠鏂规硶銆傝鑰冭檻灏?"await" 杩愮畻绗﹀簲鐢ㄤ簬璋冪敤缁撴灉銆?[C:\Users\鏉庨暱鎭抃Desktop\姣曚笟璁捐涓湡妫€鏌SIAS2025\2025姣曚笟璁捐\2025姣曚笟璁捐.csproj]
C:\Users\鏉庨暱鎭抃Desktop\姣曚笟璁捐涓湡妫€鏌SIAS2025\2025姣曚笟璁捐\ViewModels\Pages\EmployeeManagerViewModel.cs(38,16): warning CS8618: 鍦ㄩ€€鍑烘瀯閫犲嚱鏁版椂锛屼笉鍙负 null 鐨?瀛楁 "status" 蹇呴』鍖呭惈闈?null 鍊笺€傝鑰冭檻娣诲姞 "required" 淇グ绗︽垨灏嗚 瀛楁 澹版槑涓哄彲涓?null銆?[C:\Users\鏉庨暱鎭抃Desktop\姣曚笟璁捐涓湡妫€鏌SIAS2025\2025姣曚笟璁捐\2025姣曚笟璁捐.csproj]
C:\Users\鏉庨暱鎭抃Desktop\姣曚笟璁捐涓湡妫€鏌SIAS2025\2025姣曚笟璁捐\ViewModels\Pages\EmployeeManagerViewModel.cs(38,16): warning CS8618: 鍦ㄩ€€鍑烘瀯閫犲嚱鏁版椂锛屼笉鍙负 null 鐨?瀛楁 "searchBackground" 蹇呴』鍖呭惈闈?null 鍊笺€傝鑰冭檻娣诲姞 "required" 淇グ绗︽垨灏嗚 瀛楁 澹版槑涓哄彲涓?null銆?[C:\Users\鏉庨暱鎭抃Desktop\姣曚笟璁捐涓湡妫€鏌SIAS2025\2025姣曚笟璁捐\2025姣曚笟璁捐.csproj]
C:\Users\鏉庨暱鎭抃Desktop\姣曚笟璁捐涓湡妫€鏌SIAS2025\2025姣曚笟璁捐\ViewModels\Pages\EmployeeManagerViewModel.cs(38,16): warning CS8618: 鍦ㄩ€€鍑烘瀯閫犲嚱鏁版椂锛屼笉鍙负 null 鐨?瀛楁 "employees" 蹇呴』鍖呭惈闈?null 鍊笺€傝鑰冭檻娣诲姞 "required" 淇グ绗︽垨灏嗚 瀛楁 澹版槑涓哄彲涓?null銆?[C:\Users\鏉庨暱鎭抃Desktop\姣曚笟璁捐涓湡妫€鏌SIAS2025\2025姣曚笟璁捐\2025姣曚笟璁捐.csproj]
C:\Users\鏉庨暱鎭抃Desktop\姣曚笟璁捐涓湡妫€鏌SIAS2025\2025姣曚笟璁捐\ViewModels\Pages\EmployeeManagerViewModel.cs(38,16): warning CS8618: 鍦ㄩ€€鍑烘瀯閫犲嚱鏁版椂锛屼笉鍙负 null 鐨?瀛楁 "tempEmployees" 蹇呴』鍖呭惈闈?null 鍊笺€傝鑰冭檻娣诲姞 "required" 淇グ绗︽垨灏嗚 瀛楁 澹版槑涓哄彲涓?null銆?[C:\Users\鏉庨暱鎭抃Desktop\姣曚笟璁捐涓湡妫€鏌SIAS2025\2025姣曚笟璁捐\2025姣曚笟璁捐.csproj]
C:\Users\鏉庨暱鎭抃Desktop\姣曚笟璁捐涓湡妫€鏌SIAS2025\2025姣曚笟璁捐\ViewModels\Pages\EmployeeManagerViewModel.cs(38,16): warning CS8618: 鍦ㄩ€€鍑烘瀯閫犲嚱鏁版椂锛屼笉鍙负 null 鐨?瀛楁 "listViewEmployees" 蹇呴』鍖呭惈闈?null 鍊笺€傝鑰冭檻娣诲姞 "required" 淇グ绗︽垨灏嗚 瀛楁 澹版槑涓哄彲涓?null銆?[C:\Users\鏉庨暱鎭抃Desktop\姣曚笟璁捐涓湡妫€鏌SIAS2025\2025姣曚笟璁捐\2025姣曚笟璁捐.csproj]
C:\Users\鏉庨暱鎭抃Desktop\姣曚笟璁捐涓湡妫€鏌SIAS2025\2025姣曚笟璁捐\ViewModels\Pages\EmployeeManagerViewModel.cs(38,16): warning CS8618: 鍦ㄩ€€鍑烘瀯閫犲嚱鏁版椂锛屼笉鍙负 null 鐨?瀛楁 "selectedEmployee" 蹇呴』鍖呭惈闈?null 鍊笺€傝鑰冭檻娣诲姞 "required" 淇グ绗︽垨灏嗚 瀛楁 澹版槑涓哄彲涓?null銆?[C:\Users\鏉庨暱鎭抃Desktop\姣曚笟璁捐涓湡妫€鏌SIAS2025\2025姣曚笟璁捐\2025姣曚笟璁捐.csproj]
C:\Users\鏉庨暱鎭抃Desktop\姣曚笟璁捐涓湡妫€鏌SIAS2025\2025姣曚笟璁捐\ViewModels\Pages\EmployeeManagerViewModel.cs(38,16): warning CS8618: 鍦ㄩ€€鍑烘瀯閫犲嚱鏁版椂锛屼笉鍙负 null 鐨?瀛楁 "searchKeyword" 蹇呴』鍖呭惈闈?null 鍊笺€傝鑰冭檻娣诲姞 "required" 淇グ绗︽垨灏嗚 瀛楁 澹版槑涓哄彲涓?null銆?[C:\Users\鏉庨暱鎭抃Desktop\姣曚笟璁捐涓湡妫€鏌SIAS2025\2025姣曚笟璁捐\2025姣曚笟璁捐.csproj]
C:\Users\鏉庨暱鎭抃Desktop\姣曚笟璁捐涓湡妫€鏌SIAS2025\2025姣曚笟璁捐\ViewModels\Pages\EmployeeManagerViewModel.cs(38,16): warning CS8618: 鍦ㄩ€€鍑烘瀯閫犲嚱鏁版椂锛屼笉鍙负 null 鐨?瀛楁 "departments" 蹇呴』鍖呭惈闈?null 鍊笺€傝鑰冭檻娣诲姞 "required" 淇グ绗︽垨灏嗚 瀛楁 澹版槑涓哄彲涓?null銆?[C:\Users\鏉庨暱鎭抃Desktop\姣曚笟璁捐涓湡妫€鏌SIAS2025\2025姣曚笟璁捐\2025姣曚笟璁捐.csproj]
C:\Users\鏉庨暱鎭抃Desktop\姣曚笟璁捐涓湡妫€鏌SIAS2025\2025姣曚笟璁捐\ViewModels\Pages\EmployeeManagerViewModel.cs(38,16): warning CS8618: 鍦ㄩ€€鍑烘瀯閫犲嚱鏁版椂锛屼笉鍙负 null 鐨?瀛楁 "pageSizeOptions" 蹇呴』鍖呭惈闈?null 鍊笺€傝鑰冭檻娣诲姞 "required" 淇グ绗︽垨灏嗚 瀛楁 澹版槑涓哄彲涓?null銆?[C:\Users\鏉庨暱鎭抃Desktop\姣曚笟璁捐涓湡妫€鏌SIAS2025\2025姣曚笟璁捐\2025姣曚笟璁捐.csproj]
C:\Users\鏉庨暱鎭抃Desktop\姣曚笟璁捐涓湡妫€鏌SIAS2025\2025姣曚笟璁捐\ViewModels\Pages\EmployeeManagerViewModel.cs(38,16): warning CS8618: 鍦ㄩ€€鍑烘瀯閫犲嚱鏁版椂锛屼笉鍙负 null 鐨?瀛楁 "searchText" 蹇呴』鍖呭惈闈?null 鍊笺€傝鑰冭檻娣诲姞 "required" 淇グ绗︽垨灏嗚 瀛楁 澹版槑涓哄彲涓?null銆?[C:\Users\鏉庨暱鎭抃Desktop\姣曚笟璁捐涓湡妫€鏌SIAS2025\2025姣曚笟璁捐\2025姣曚笟璁捐.csproj]
C:\Users\鏉庨暱鎭抃Desktop\姣曚笟璁捐涓湡妫€鏌SIAS2025\2025姣曚笟璁捐\ViewModels\Pages\EmployeeManagerViewModel.cs(38,16): warning CS8618: 鍦ㄩ€€鍑烘瀯閫犲嚱鏁版椂锛屼笉鍙负 null 鐨?瀛楁 "pageSizeChangedCommand" 蹇呴』鍖呭惈闈?null 鍊笺€傝鑰冭檻娣诲姞 "required" 淇グ绗︽垨灏嗚 瀛楁 澹版槑涓哄彲涓?null銆?[C:\Users\鏉庨暱鎭抃Desktop\姣曚笟璁捐涓湡妫€鏌SIAS2025\2025姣曚笟璁捐\2025姣曚笟璁捐.csproj]
C:\Users\鏉庨暱鎭抃Desktop\姣曚笟璁捐涓湡妫€鏌SIAS2025\2025姣曚笟璁捐\ViewModels\Pages\EmployeeManagerViewModel.cs(38,16): warning CS8618: 鍦ㄩ€€鍑烘瀯閫犲嚱鏁版椂锛屼笉鍙负 null 鐨?瀛楁 "previousPageCommand" 蹇呴』鍖呭惈闈?null 鍊笺€傝鑰冭檻娣诲姞 "required" 淇グ绗︽垨灏嗚 瀛楁 澹版槑涓哄彲涓?null銆?[C:\Users\鏉庨暱鎭抃Desktop\姣曚笟璁捐涓湡妫€鏌SIAS2025\2025姣曚笟璁捐\2025姣曚笟璁捐.csproj]
C:\Users\鏉庨暱鎭抃Desktop\姣曚笟璁捐涓湡妫€鏌SIAS2025\2025姣曚笟璁捐\ViewModels\Pages\EmployeeManagerViewModel.cs(38,16): warning CS8618: 鍦ㄩ€€鍑烘瀯閫犲嚱鏁版椂锛屼笉鍙负 null 鐨?瀛楁 "nextPageCommand" 蹇呴』鍖呭惈闈?null 鍊笺€傝鑰冭檻娣诲姞 "required" 淇グ绗︽垨灏嗚 瀛楁 澹版槑涓哄彲涓?null銆?[C:\Users\鏉庨暱鎭抃Desktop\姣曚笟璁捐涓湡妫€鏌SIAS2025\2025姣曚笟璁捐\2025姣曚笟璁捐.csproj]
C:\Users\鏉庨暱鎭抃Desktop\姣曚笟璁捐涓湡妫€鏌SIAS2025\2025姣曚笟璁捐\ViewModels\Pages\EmployeeManagerViewModel.cs(38,16): warning CS8618: 鍦ㄩ€€鍑烘瀯閫犲嚱鏁版椂锛屼笉鍙负 null 鐨?瀛楁 "jumpPageCommand" 蹇呴』鍖呭惈闈?null 鍊笺€傝鑰冭檻娣诲姞 "required" 淇グ绗︽垨灏嗚 瀛楁 澹版槑涓哄彲涓?null銆?[C:\Users\鏉庨暱鎭抃Desktop\姣曚笟璁捐涓湡妫€鏌SIAS2025\2025姣曚笟璁捐\2025姣曚笟璁捐.csproj]
C:\Users\鏉庨暱鎭抃Desktop\姣曚笟璁捐涓湡妫€鏌SIAS2025\2025姣曚笟璁捐\ViewModels\EditMessage\AdminManager\EditAdminViewModel.cs(169,16): warning CS8618: 鍦ㄩ€€鍑烘瀯閫犲嚱鏁版椂锛屼笉鍙负 null 鐨?瀛楁 "departmentNames" 蹇呴』鍖呭惈闈?null 鍊笺€傝鑰冭檻娣诲姞 "required" 淇グ绗︽垨灏嗚 瀛楁 澹版槑涓哄彲涓?null銆?[C:\Users\鏉庨暱鎭抃Desktop\姣曚笟璁捐涓湡妫€鏌SIAS2025\2025姣曚笟璁捐\2025姣曚笟璁捐.csproj]
C:\Users\鏉庨暱鎭抃Desktop\姣曚笟璁捐涓湡妫€鏌SIAS2025\2025姣曚笟璁捐\ViewModels\EditMessage\AdminManager\EditAdminViewModel.cs(169,16): warning CS8618: 鍦ㄩ€€鍑烘瀯閫犲嚱鏁版椂锛屼笉鍙负 null 鐨?瀛楁 "departmentName" 蹇呴』鍖呭惈闈?null 鍊笺€傝鑰冭檻娣诲姞 "required" 淇グ绗︽垨灏嗚 瀛楁 澹版槑涓哄彲涓?null銆?[C:\Users\鏉庨暱鎭抃Desktop\姣曚笟璁捐涓湡妫€鏌SIAS2025\2025姣曚笟璁捐\2025姣曚笟璁捐.csproj]
C:\Users\鏉庨暱鎭抃Desktop\姣曚笟璁捐涓湡妫€鏌SIAS2025\2025姣曚笟璁捐\ViewModels\EditMessage\AdminManager\EditAdminViewModel.cs(169,16): warning CS8618: 鍦ㄩ€€鍑烘瀯閫犲嚱鏁版椂锛屼笉鍙负 null 鐨?瀛楁 "baseName" 蹇呴』鍖呭惈闈?null 鍊笺€傝鑰冭檻娣诲姞 "required" 淇グ绗︽垨灏嗚 瀛楁 澹版槑涓哄彲涓?null銆?[C:\Users\鏉庨暱鎭抃Desktop\姣曚笟璁捐涓湡妫€鏌SIAS2025\2025姣曚笟璁捐\2025姣曚笟璁捐.csproj]
C:\Users\鏉庨暱鎭抃Desktop\姣曚笟璁捐涓湡妫€鏌SIAS2025\2025姣曚笟璁捐\ViewModels\EditMessage\AdminManager\EditAdminViewModel.cs(169,16): warning CS8618: 鍦ㄩ€€鍑烘瀯閫犲嚱鏁版椂锛屼笉鍙负 null 鐨?瀛楁 "updateAdmin" 蹇呴』鍖呭惈闈?null 鍊笺€傝鑰冭檻娣诲姞 "required" 淇グ绗︽垨灏嗚 瀛楁 澹版槑涓哄彲涓?null銆?[C:\Users\鏉庨暱鎭抃Desktop\姣曚笟璁捐涓湡妫€鏌SIAS2025\2025姣曚笟璁捐\2025姣曚笟璁捐.csproj]
C:\Users\鏉庨暱鎭抃Desktop\姣曚笟璁捐涓湡妫€鏌SIAS2025\2025姣曚笟璁捐\ViewModels\EditMessage\AdminManager\EditAdminViewModel.cs(169,16): warning CS8618: 鍦ㄩ€€鍑烘瀯閫犲嚱鏁版椂锛屼笉鍙负 null 鐨?瀛楁 "adminName" 蹇呴』鍖呭惈闈?null 鍊笺€傝鑰冭檻娣诲姞 "required" 淇グ绗︽垨灏嗚 瀛楁 澹版槑涓哄彲涓?null銆?[C:\Users\鏉庨暱鎭抃Desktop\姣曚笟璁捐涓湡妫€鏌SIAS2025\2025姣曚笟璁捐\2025姣曚笟璁捐.csproj]
C:\Users\鏉庨暱鎭抃Desktop\姣曚笟璁捐涓湡妫€鏌SIAS2025\2025姣曚笟璁捐\ViewModels\EditMessage\AdminManager\EditAdminViewModel.cs(169,16): warning CS8618: 鍦ㄩ€€鍑烘瀯閫犲嚱鏁版椂锛屼笉鍙负 null 鐨?瀛楁 "adminPassword" 蹇呴』鍖呭惈闈?null 鍊笺€傝鑰冭檻娣诲姞 "required" 淇グ绗︽垨灏嗚 瀛楁 澹版槑涓哄彲涓?null銆?[C:\Users\鏉庨暱鎭抃Desktop\姣曚笟璁捐涓湡妫€鏌SIAS2025\2025姣曚笟璁捐\2025姣曚笟璁捐.csproj]
C:\Users\鏉庨暱鎭抃Desktop\姣曚笟璁捐涓湡妫€鏌SIAS2025\2025姣曚笟璁捐\Converter\DateFormatConverter.cs(32,20): warning CS8603: 鍙兘杩斿洖 null 寮曠敤銆?[C:\Users\鏉庨暱鎭抃Desktop\姣曚笟璁捐涓湡妫€鏌SIAS2025\2025姣曚笟璁捐\2025姣曚笟璁捐.csproj]
C:\Users\鏉庨暱鎭抃Desktop\姣曚笟璁捐涓湡妫€鏌SIAS2025\2025姣曚笟璁捐\ViewModels\Pages\AwardNominateViewModel.cs(37,16): warning CS8618: 鍦ㄩ€€鍑烘瀯閫犲嚱鏁版椂锛屼笉鍙负 null 鐨?瀛楁 "searchKeyword" 蹇呴』鍖呭惈闈?null 鍊笺€傝鑰冭檻娣诲姞 "required" 淇グ绗︽垨灏嗚 瀛楁 澹版槑涓哄彲涓?null銆?[C:\Users\鏉庨暱鎭抃Desktop\姣曚笟璁捐涓湡妫€鏌SIAS2025\2025姣曚笟璁捐\2025姣曚笟璁捐.csproj]
C:\Users\鏉庨暱鎭抃Desktop\姣曚笟璁捐涓湡妫€鏌SIAS2025\2025姣曚笟璁捐\ViewModels\Pages\AwardNominateViewModel.cs(37,16): warning CS8618: 鍦ㄩ€€鍑烘瀯閫犲嚱鏁版椂锛屼笉鍙负 null 鐨?瀛楁 "nominates" 蹇呴』鍖呭惈闈?null 鍊笺€傝鑰冭檻娣诲姞 "required" 淇グ绗︽垨灏嗚 瀛楁 澹版槑涓哄彲涓?null銆?[C:\Users\鏉庨暱鎭抃Desktop\姣曚笟璁捐涓湡妫€鏌SIAS2025\2025姣曚笟璁捐\2025姣曚笟璁捐.csproj]
C:\Users\鏉庨暱鎭抃Desktop\姣曚笟璁捐涓湡妫€鏌SIAS2025\2025姣曚笟璁捐\ViewModels\Pages\AwardNominateViewModel.cs(37,16): warning CS8618: 鍦ㄩ€€鍑烘瀯閫犲嚱鏁版椂锛屼笉鍙负 null 鐨?瀛楁 "tempViewNominates" 蹇呴』鍖呭惈闈?null 鍊笺€傝鑰冭檻娣诲姞 "required" 淇グ绗︽垨灏嗚 瀛楁 澹版槑涓哄彲涓?null銆?[C:\Users\鏉庨暱鎭抃Desktop\姣曚笟璁捐涓湡妫€鏌SIAS2025\2025姣曚笟璁捐\2025姣曚笟璁捐.csproj]
C:\Users\鏉庨暱鎭抃Desktop\姣曚笟璁捐涓湡妫€鏌SIAS2025\2025姣曚笟璁捐\ViewModels\Pages\AwardNominateViewModel.cs(37,16): warning CS8618: 鍦ㄩ€€鍑烘瀯閫犲嚱鏁版椂锛屼笉鍙负 null 鐨?瀛楁 "listViewNominates" 蹇呴』鍖呭惈闈?null 鍊笺€傝鑰冭檻娣诲姞 "required" 淇グ绗︽垨灏嗚 瀛楁 澹版槑涓哄彲涓?null銆?[C:\Users\鏉庨暱鎭抃Desktop\姣曚笟璁捐涓湡妫€鏌SIAS2025\2025姣曚笟璁捐\2025姣曚笟璁捐.csproj]
C:\Users\鏉庨暱鎭抃Desktop\姣曚笟璁捐涓湡妫€鏌SIAS2025\2025姣曚笟璁捐\ViewModels\Pages\AwardNominateViewModel.cs(37,16): warning CS8618: 鍦ㄩ€€鍑烘瀯閫犲嚱鏁版椂锛屼笉鍙负 null 鐨?瀛楁 "selectedNominate" 蹇呴』鍖呭惈闈?null 鍊笺€傝鑰冭檻娣诲姞 "required" 淇グ绗︽垨灏嗚 瀛楁 澹版槑涓哄彲涓?null銆?[C:\Users\鏉庨暱鎭抃Desktop\姣曚笟璁捐涓湡妫€鏌SIAS2025\2025姣曚笟璁捐\2025姣曚笟璁捐.csproj]
C:\Users\鏉庨暱鎭抃Desktop\姣曚笟璁捐涓湡妫€鏌SIAS2025\2025姣曚笟璁捐\ViewModels\Pages\AwardNominateViewModel.cs(37,16): warning CS8618: 鍦ㄩ€€鍑烘瀯閫犲嚱鏁版椂锛屼笉鍙负 null 鐨?瀛楁 "searchBackground" 蹇呴』鍖呭惈闈?null 鍊笺€傝鑰冭檻娣诲姞 "required" 淇グ绗︽垨灏嗚 瀛楁 澹版槑涓哄彲涓?null銆?[C:\Users\鏉庨暱鎭抃Desktop\姣曚笟璁捐涓湡妫€鏌SIAS2025\2025姣曚笟璁捐\2025姣曚笟璁捐.csproj]
C:\Users\鏉庨暱鎭抃Desktop\姣曚笟璁捐涓湡妫€鏌SIAS2025\2025姣曚笟璁捐\ViewModels\Pages\AwardNominateViewModel.cs(37,16): warning CS8618: 鍦ㄩ€€鍑烘瀯閫犲嚱鏁版椂锛屼笉鍙负 null 鐨?瀛楁 "exportDataCommand" 蹇呴』鍖呭惈闈?null 鍊笺€傝鑰冭檻娣诲姞 "required" 淇グ绗︽垨灏嗚 瀛楁 澹版槑涓哄彲涓?null銆?[C:\Users\鏉庨暱鎭抃Desktop\姣曚笟璁捐涓湡妫€鏌SIAS2025\2025姣曚笟璁捐\2025姣曚笟璁捐.csproj]
C:\Users\鏉庨暱鎭抃Desktop\姣曚笟璁捐涓湡妫€鏌SIAS2025\2025姣曚笟璁捐\ViewModels\Pages\AwardNominateViewModel.cs(37,16): warning CS8618: 鍦ㄩ€€鍑烘瀯閫犲嚱鏁版椂锛屼笉鍙负 null 鐨?瀛楁 "pageSizeOptions" 蹇呴』鍖呭惈闈?null 鍊笺€傝鑰冭檻娣诲姞 "required" 淇グ绗︽垨灏嗚 瀛楁 澹版槑涓哄彲涓?null銆?[C:\Users\鏉庨暱鎭抃Desktop\姣曚笟璁捐涓湡妫€鏌SIAS2025\2025姣曚笟璁捐\2025姣曚笟璁捐.csproj]
C:\Users\鏉庨暱鎭抃Desktop\姣曚笟璁捐涓湡妫€鏌SIAS2025\2025姣曚笟璁捐\ViewModels\Pages\AwardNominateViewModel.cs(37,16): warning CS8618: 鍦ㄩ€€鍑烘瀯閫犲嚱鏁版椂锛屼笉鍙负 null 鐨?瀛楁 "searchText" 蹇呴』鍖呭惈闈?null 鍊笺€傝鑰冭檻娣诲姞 "required" 淇グ绗︽垨灏嗚 瀛楁 澹版槑涓哄彲涓?null銆?[C:\Users\鏉庨暱鎭抃Desktop\姣曚笟璁捐涓湡妫€鏌SIAS2025\2025姣曚笟璁捐\2025姣曚笟璁捐.csproj]
C:\Users\鏉庨暱鎭抃Desktop\姣曚笟璁捐涓湡妫€鏌SIAS2025\2025姣曚笟璁捐\ViewModels\Pages\AwardNominateViewModel.cs(37,16): warning CS8618: 鍦ㄩ€€鍑烘瀯閫犲嚱鏁版椂锛屼笉鍙负 null 鐨?瀛楁 "previousPageCommand" 蹇呴』鍖呭惈闈?null 鍊笺€傝鑰冭檻娣诲姞 "required" 淇グ绗︽垨灏嗚 瀛楁 澹版槑涓哄彲涓?null銆?[C:\Users\鏉庨暱鎭抃Desktop\姣曚笟璁捐涓湡妫€鏌SIAS2025\2025姣曚笟璁捐\2025姣曚笟璁捐.csproj]
C:\Users\鏉庨暱鎭抃Desktop\姣曚笟璁捐涓湡妫€鏌SIAS2025\2025姣曚笟璁捐\ViewModels\Pages\AwardNominateViewModel.cs(37,16): warning CS8618: 鍦ㄩ€€鍑烘瀯閫犲嚱鏁版椂锛屼笉鍙负 null 鐨?瀛楁 "nextPageCommand" 蹇呴』鍖呭惈闈?null 鍊笺€傝鑰冭檻娣诲姞 "required" 淇グ绗︽垨灏嗚 瀛楁 澹版槑涓哄彲涓?null銆?[C:\Users\鏉庨暱鎭抃Desktop\姣曚笟璁捐涓湡妫€鏌SIAS2025\2025姣曚笟璁捐\2025姣曚笟璁捐.csproj]
C:\Users\鏉庨暱鎭抃Desktop\姣曚笟璁捐涓湡妫€鏌SIAS2025\2025姣曚笟璁捐\ViewModels\Pages\AwardNominateViewModel.cs(37,16): warning CS8618: 鍦ㄩ€€鍑烘瀯閫犲嚱鏁版椂锛屼笉鍙负 null 鐨?瀛楁 "jumpPageCommand" 蹇呴』鍖呭惈闈?null 鍊笺€傝鑰冭檻娣诲姞 "required" 淇グ绗︽垨灏嗚 瀛楁 澹版槑涓哄彲涓?null銆?[C:\Users\鏉庨暱鎭抃Desktop\姣曚笟璁捐涓湡妫€鏌SIAS2025\2025姣曚笟璁捐\2025姣曚笟璁捐.csproj]
C:\Users\鏉庨暱鎭抃Desktop\姣曚笟璁捐涓湡妫€鏌SIAS2025\2025姣曚笟璁捐\ViewModels\Pages\AwardNominateViewModel.cs(37,16): warning CS8618: 鍦ㄩ€€鍑烘瀯閫犲嚱鏁版椂锛屼笉鍙负 null 鐨?瀛楁 "pageSizeChangedCommand" 蹇呴』鍖呭惈闈?null 鍊笺€傝鑰冭檻娣诲姞 "required" 淇グ绗︽垨灏嗚 瀛楁 澹版槑涓哄彲涓?null銆?[C:\Users\鏉庨暱鎭抃Desktop\姣曚笟璁捐涓湡妫€鏌SIAS2025\2025姣曚笟璁捐\2025姣曚笟璁捐.csproj]
C:\Users\鏉庨暱鎭抃Desktop\姣曚笟璁捐涓湡妫€鏌SIAS2025\2025姣曚笟璁捐\ViewModels\EditMessage\EmployeeManager\EditEmployeeViewModel.cs(170,16): warning CS8618: 鍦ㄩ€€鍑烘瀯閫犲嚱鏁版椂锛屼笉鍙负 null 鐨?瀛楁 "baseName" 蹇呴』鍖呭惈闈?null 鍊笺€傝鑰冭檻娣诲姞 "required" 淇グ绗︽垨灏嗚 瀛楁 澹版槑涓哄彲涓?null銆?[C:\Users\鏉庨暱鎭抃Desktop\姣曚笟璁捐涓湡妫€鏌SIAS2025\2025姣曚笟璁捐\2025姣曚笟璁捐.csproj]
C:\Users\鏉庨暱鎭抃Desktop\姣曚笟璁捐涓湡妫€鏌SIAS2025\2025姣曚笟璁捐\ViewModels\EditMessage\EmployeeManager\EditEmployeeViewModel.cs(170,16): warning CS8618: 鍦ㄩ€€鍑烘瀯閫犲嚱鏁版椂锛屼笉鍙负 null 鐨?瀛楁 "departmentNames" 蹇呴』鍖呭惈闈?null 鍊笺€傝鑰冭檻娣诲姞 "required" 淇グ绗︽垨灏嗚 瀛楁 澹版槑涓哄彲涓?null銆?[C:\Users\鏉庨暱鎭抃Desktop\姣曚笟璁捐涓湡妫€鏌SIAS2025\2025姣曚笟璁捐\2025姣曚笟璁捐.csproj]
C:\Users\鏉庨暱鎭抃Desktop\姣曚笟璁捐涓湡妫€鏌SIAS2025\2025姣曚笟璁捐\ViewModels\EditMessage\EmployeeManager\EditEmployeeViewModel.cs(170,16): warning CS8618: 鍦ㄩ€€鍑烘瀯閫犲嚱鏁版椂锛屼笉鍙负 null 鐨?瀛楁 "departmentName" 蹇呴』鍖呭惈闈?null 鍊笺€傝鑰冭檻娣诲姞 "required" 淇グ绗︽垨灏嗚 瀛楁 澹版槑涓哄彲涓?null銆?[C:\Users\鏉庨暱鎭抃Desktop\姣曚笟璁捐涓湡妫€鏌SIAS2025\2025姣曚笟璁捐\2025姣曚笟璁捐.csproj]
C:\Users\鏉庨暱鎭抃Desktop\姣曚笟璁捐涓湡妫€鏌SIAS2025\2025姣曚笟璁捐\ViewModels\EditMessage\EmployeeManager\EditEmployeeViewModel.cs(170,16): warning CS8618: 鍦ㄩ€€鍑烘瀯閫犲嚱鏁版椂锛屼笉鍙负 null 鐨?瀛楁 "updateEmployee" 蹇呴』鍖呭惈闈?null 鍊笺€傝鑰冭檻娣诲姞 "required" 淇グ绗︽垨灏嗚 瀛楁 澹版槑涓哄彲涓?null銆?[C:\Users\鏉庨暱鎭抃Desktop\姣曚笟璁捐涓湡妫€鏌SIAS2025\2025姣曚笟璁捐\2025姣曚笟璁捐.csproj]
C:\Users\鏉庨暱鎭抃Desktop\姣曚笟璁捐涓湡妫€鏌SIAS2025\2025姣曚笟璁捐\ViewModels\EditMessage\EmployeeManager\EditEmployeeViewModel.cs(170,16): warning CS8618: 鍦ㄩ€€鍑烘瀯閫犲嚱鏁版椂锛屼笉鍙负 null 鐨?瀛楁 "employeeName" 蹇呴』鍖呭惈闈?null 鍊笺€傝鑰冭檻娣诲姞 "required" 淇グ绗︽垨灏嗚 瀛楁 澹版槑涓哄彲涓?null銆?[C:\Users\鏉庨暱鎭抃Desktop\姣曚笟璁捐涓湡妫€鏌SIAS2025\2025姣曚笟璁捐\2025姣曚笟璁捐.csproj]
C:\Users\鏉庨暱鎭抃Desktop\姣曚笟璁捐涓湡妫€鏌SIAS2025\2025姣曚笟璁捐\ViewModels\EditMessage\EmployeeManager\EditEmployeeViewModel.cs(170,16): warning CS8618: 鍦ㄩ€€鍑烘瀯閫犲嚱鏁版椂锛屼笉鍙负 null 鐨?瀛楁 "employeePassword" 蹇呴』鍖呭惈闈?null 鍊笺€傝鑰冭檻娣诲姞 "required" 淇グ绗︽垨灏嗚 瀛楁 澹版槑涓哄彲涓?null銆?[C:\Users\鏉庨暱鎭抃Desktop\姣曚笟璁捐涓湡妫€鏌SIAS2025\2025姣曚笟璁捐\2025姣曚笟璁捐.csproj]
C:\Users\鏉庨暱鎭抃Desktop\姣曚笟璁捐涓湡妫€鏌SIAS2025\2025姣曚笟璁捐\Services\EmployeeService.cs(79,24): warning CS8603: 鍙兘杩斿洖 null 寮曠敤銆?[C:\Users\鏉庨暱鎭抃Desktop\姣曚笟璁捐涓湡妫€鏌SIAS2025\2025姣曚笟璁捐\2025姣曚笟璁捐.csproj]
C:\Users\鏉庨暱鎭抃Desktop\姣曚笟璁捐涓湡妫€鏌SIAS2025\2025姣曚笟璁捐\Services\EmployeeService.cs(89,24): warning CS8603: 鍙兘杩斿洖 null 寮曠敤銆?[C:\Users\鏉庨暱鎭抃Desktop\姣曚笟璁捐涓湡妫€鏌SIAS2025\2025姣曚笟璁捐\2025姣曚笟璁捐.csproj]
C:\Users\鏉庨暱鎭抃Desktop\姣曚笟璁捐涓湡妫€鏌SIAS2025\2025姣曚笟璁捐\ViewModels\EditMessage\AdminManager\EditAdminViewModel.cs(227,38): warning CS8601: 鍙兘鐨?null 寮曠敤璧嬪€笺€?[C:\Users\鏉庨暱鎭抃Desktop\姣曚笟璁捐涓湡妫€鏌SIAS2025\2025姣曚笟璁捐\2025姣曚笟璁捐.csproj]
C:\Users\鏉庨暱鎭抃Desktop\姣曚笟璁捐涓湡妫€鏌SIAS2025\2025姣曚笟璁捐\Common\DbConnectionManager.cs(19,31): warning CS8618: 鍦ㄩ€€鍑烘瀯閫犲嚱鏁版椂锛屼笉鍙负 null 鐨?瀛楁 "_cachedOriginalPassword" 蹇呴』鍖呭惈闈?null 鍊笺€傝鑰冭檻娣诲姞 "required" 淇グ绗︽垨灏嗚 瀛楁 澹版槑涓哄彲涓?null銆?[C:\Users\鏉庨暱鎭抃Desktop\姣曚笟璁捐涓湡妫€鏌SIAS2025\2025姣曚笟璁捐\2025姣曚笟璁捐.csproj]
C:\Users\鏉庨暱鎭抃Desktop\姣曚笟璁捐涓湡妫€鏌SIAS2025\2025姣曚笟璁捐\Common\DbConnectionManager.cs(20,31): warning CS8618: 鍦ㄩ€€鍑烘瀯閫犲嚱鏁版椂锛屼笉鍙负 null 鐨?瀛楁 "_cachedConnectionString" 蹇呴』鍖呭惈闈?null 鍊笺€傝鑰冭檻娣诲姞 "required" 淇グ绗︽垨灏嗚 瀛楁 澹版槑涓哄彲涓?null銆?[C:\Users\鏉庨暱鎭抃Desktop\姣曚笟璁捐涓湡妫€鏌SIAS2025\2025姣曚笟璁捐\2025姣曚笟璁捐.csproj]
C:\Users\鏉庨暱鎭抃Desktop\姣曚笟璁捐涓湡妫€鏌SIAS2025\2025姣曚笟璁捐\Common\DbConnectionManager.cs(21,31): warning CS8618: 鍦ㄩ€€鍑烘瀯閫犲嚱鏁版椂锛屼笉鍙负 null 鐨?瀛楁 "_cachedEncryptedPassword" 蹇呴』鍖呭惈闈?null 鍊笺€傝鑰冭檻娣诲姞 "required" 淇グ绗︽垨灏嗚 瀛楁 澹版槑涓哄彲涓?null銆?[C:\Users\鏉庨暱鎭抃Desktop\姣曚笟璁捐涓湡妫€鏌SIAS2025\2025姣曚笟璁捐\2025姣曚笟璁捐.csproj]
C:\Users\鏉庨暱鎭抃Desktop\姣曚笟璁捐涓湡妫€鏌SIAS2025\2025姣曚笟璁捐\ViewModels\Pages\AdminManagerViewModel.cs(343,25): warning CS8602: 瑙ｅ紩鐢ㄥ彲鑳藉嚭鐜扮┖寮曠敤銆?[C:\Users\鏉庨暱鎭抃Desktop\姣曚笟璁捐涓湡妫€鏌SIAS2025\2025姣曚笟璁捐\2025姣曚笟璁捐.csproj]
C:\Users\鏉庨暱鎭抃Desktop\姣曚笟璁捐涓湡妫€鏌SIAS2025\2025姣曚笟璁捐\ViewModels\Pages\AdminManagerViewModel.cs(284,27): warning CS1998: 姝ゅ紓姝ユ柟娉曠己灏?"await" 杩愮畻绗︼紝灏嗕互鍚屾鏂瑰紡杩愯銆傝鑰冭檻浣跨敤 "await" 杩愮畻绗︾瓑寰呴潪闃绘鐨?API 璋冪敤锛屾垨鑰呬娇鐢?"await Task.Run(...)" 鍦ㄥ悗鍙扮嚎绋嬩笂鎵ц鍗犵敤澶ч噺 CPU 鐨勫伐浣溿€?[C:\Users\鏉庨暱鎭抃Desktop\姣曚笟璁捐涓湡妫€鏌SIAS2025\2025姣曚笟璁捐\2025姣曚笟璁捐.csproj]
C:\Users\鏉庨暱鎭抃Desktop\姣曚笟璁捐涓湡妫€鏌SIAS2025\2025姣曚笟璁捐\Converter\ByteArrayToImageConverter.cs(15,32): warning CS8600: 灏?null 鏂囨湰鎴栧彲鑳界殑 null 鍊艰浆鎹负涓嶅彲涓?null 绫诲瀷銆?[C:\Users\鏉庨暱鎭抃Desktop\姣曚笟璁捐涓湡妫€鏌SIAS2025\2025姣曚笟璁捐\2025姣曚笟璁捐.csproj]
C:\Users\鏉庨暱鎭抃Desktop\姣曚笟璁捐涓湡妫€鏌SIAS2025\2025姣曚笟璁捐\Converter\ByteArrayToImageConverter.cs(28,24): warning CS8603: 鍙兘杩斿洖 null 寮曠敤銆?[C:\Users\鏉庨暱鎭抃Desktop\姣曚笟璁捐涓湡妫€鏌SIAS2025\2025姣曚笟璁捐\2025姣曚笟璁捐.csproj]
C:\Users\鏉庨暱鎭抃Desktop\姣曚笟璁捐涓湡妫€鏌SIAS2025\2025姣曚笟璁捐\Converter\ByteArrayToImageConverter.cs(34,24): warning CS8603: 鍙兘杩斿洖 null 寮曠敤銆?[C:\Users\鏉庨暱鎭抃Desktop\姣曚笟璁捐涓湡妫€鏌SIAS2025\2025姣曚笟璁捐\2025姣曚笟璁捐.csproj]
C:\Users\鏉庨暱鎭抃Desktop\姣曚笟璁捐涓湡妫€鏌SIAS2025\2025姣曚笟璁捐\Converter\ByteArrayToImageConverter.cs(42,24): warning CS8603: 鍙兘杩斿洖 null 寮曠敤銆?[C:\Users\鏉庨暱鎭抃Desktop\姣曚笟璁捐涓湡妫€鏌SIAS2025\2025姣曚笟璁捐\2025姣曚笟璁捐.csproj]
C:\Users\鏉庨暱鎭抃Desktop\姣曚笟璁捐涓湡妫€鏌SIAS2025\2025姣曚笟璁捐\Converter\ByteArrayToImageConverter.cs(53,25): warning CS8602: 瑙ｅ紩鐢ㄥ彲鑳藉嚭鐜扮┖寮曠敤銆?[C:\Users\鏉庨暱鎭抃Desktop\姣曚笟璁捐涓湡妫€鏌SIAS2025\2025姣曚笟璁捐\2025姣曚笟璁捐.csproj]
C:\Users\鏉庨暱鎭抃Desktop\姣曚笟璁捐涓湡妫€鏌SIAS2025\2025姣曚笟璁捐\Converter\ByteArrayToImageConverter.cs(58,28): warning CS8603: 鍙兘杩斿洖 null 寮曠敤銆?[C:\Users\鏉庨暱鎭抃Desktop\姣曚笟璁捐涓湡妫€鏌SIAS2025\2025姣曚笟璁捐\2025姣曚笟璁捐.csproj]
C:\Users\鏉庨暱鎭抃Desktop\姣曚笟璁捐涓湡妫€鏌SIAS2025\2025姣曚笟璁捐\Converter\ByteArrayToImageConverter.cs(77,32): warning CS8603: 鍙兘杩斿洖 null 寮曠敤銆?[C:\Users\鏉庨暱鎭抃Desktop\姣曚笟璁捐涓湡妫€鏌SIAS2025\2025姣曚笟璁捐\2025姣曚笟璁捐.csproj]
C:\Users\鏉庨暱鎭抃Desktop\姣曚笟璁捐涓湡妫€鏌SIAS2025\2025姣曚笟璁捐\Converter\ByteArrayToImageConverter.cs(90,28): warning CS8603: 鍙兘杩斿洖 null 寮曠敤銆?[C:\Users\鏉庨暱鎭抃Desktop\姣曚笟璁捐涓湡妫€鏌SIAS2025\2025姣曚笟璁捐\2025姣曚笟璁捐.csproj]
C:\Users\鏉庨暱鎭抃Desktop\姣曚笟璁捐涓湡妫€鏌SIAS2025\2025姣曚笟璁捐\Converter\ByteArrayToImageConverter.cs(95,21): warning CS8602: 瑙ｅ紩鐢ㄥ彲鑳藉嚭鐜扮┖寮曠敤銆?[C:\Users\鏉庨暱鎭抃Desktop\姣曚笟璁捐涓湡妫€鏌SIAS2025\2025姣曚笟璁捐\2025姣曚笟璁捐.csproj]
C:\Users\鏉庨暱鎭抃Desktop\姣曚笟璁捐涓湡妫€鏌SIAS2025\2025姣曚笟璁捐\Converter\ByteArrayToImageConverter.cs(110,24): warning CS8603: 鍙兘杩斿洖 null 寮曠敤銆?[C:\Users\鏉庨暱鎭抃Desktop\姣曚笟璁捐涓湡妫€鏌SIAS2025\2025姣曚笟璁捐\2025姣曚笟璁捐.csproj]
C:\Users\鏉庨暱鎭抃Desktop\姣曚笟璁捐涓湡妫€鏌SIAS2025\2025姣曚笟璁捐\ViewModels\Pages\AdminManagerViewModel.cs(432,22): warning CS8625: 鏃犳硶灏?null 瀛楅潰閲忚浆鎹负闈?null 鐨勫紩鐢ㄧ被鍨嬨€?[C:\Users\鏉庨暱鎭抃Desktop\姣曚笟璁捐涓湡妫€鏌SIAS2025\2025姣曚笟璁捐\2025姣曚笟璁捐.csproj]
C:\Users\鏉庨暱鎭抃Desktop\姣曚笟璁捐涓湡妫€鏌SIAS2025\2025姣曚笟璁捐\ViewModels\Pages\VoteEntranceViewModel.cs(395,16): warning CS8618: 鍦ㄩ€€鍑烘瀯閫犲嚱鏁版椂锛屼笉鍙负 null 鐨?瀛楁 "_allAwards" 蹇呴』鍖呭惈闈?null 鍊笺€傝鑰冭檻娣诲姞 "required" 淇グ绗︽垨灏嗚 瀛楁 澹版槑涓哄彲涓?null銆?[C:\Users\鏉庨暱鎭抃Desktop\姣曚笟璁捐涓湡妫€鏌SIAS2025\2025姣曚笟璁捐\2025姣曚笟璁捐.csproj]
C:\Users\鏉庨暱鎭抃Desktop\姣曚笟璁捐涓湡妫€鏌SIAS2025\2025姣曚笟璁捐\ViewModels\Pages\VoteEntranceViewModel.cs(395,16): warning CS8618: 鍦ㄩ€€鍑烘瀯閫犲嚱鏁版椂锛屼笉鍙负 null 鐨?瀛楁 "_awards" 蹇呴』鍖呭惈闈?null 鍊笺€傝鑰冭檻娣诲姞 "required" 淇グ绗︽垨灏嗚 瀛楁 澹版槑涓哄彲涓?null銆?[C:\Users\鏉庨暱鎭抃Desktop\姣曚笟璁捐涓湡妫€鏌SIAS2025\2025姣曚笟璁捐\2025姣曚笟璁捐.csproj]
C:\Users\鏉庨暱鎭抃Desktop\姣曚笟璁捐涓湡妫€鏌SIAS2025\2025姣曚笟璁捐\ViewModels\Pages\VoteEntranceViewModel.cs(395,16): warning CS8618: 鍦ㄩ€€鍑烘瀯閫犲嚱鏁版椂锛屼笉鍙负 null 鐨?瀛楁 "_selectedAward" 蹇呴』鍖呭惈闈?null 鍊笺€傝鑰冭檻娣诲姞 "required" 淇グ绗︽垨灏嗚 瀛楁 澹版槑涓哄彲涓?null銆?[C:\Users\鏉庨暱鎭抃Desktop\姣曚笟璁捐涓湡妫€鏌SIAS2025\2025姣曚笟璁捐\2025姣曚笟璁捐.csproj]
C:\Users\鏉庨暱鎭抃Desktop\姣曚笟璁捐涓湡妫€鏌SIAS2025\2025姣曚笟璁捐\ViewModels\Pages\VoteEntranceViewModel.cs(395,16): warning CS8618: 鍦ㄩ€€鍑烘瀯閫犲嚱鏁版椂锛屼笉鍙负 null 鐨?瀛楁 "_nominations" 蹇呴』鍖呭惈闈?null 鍊笺€傝鑰冭檻娣诲姞 "required" 淇グ绗︽垨灏嗚 瀛楁 澹版槑涓哄彲涓?null銆?[C:\Users\鏉庨暱鎭抃Desktop\姣曚笟璁捐涓湡妫€鏌SIAS2025\2025姣曚笟璁捐\2025姣曚笟璁捐.csproj]
C:\Users\鏉庨暱鎭抃Desktop\姣曚笟璁捐涓湡妫€鏌SIAS2025\2025姣曚笟璁捐\ViewModels\Pages\VoteEntranceViewModel.cs(395,16): warning CS8618: 鍦ㄩ€€鍑烘瀯閫犲嚱鏁版椂锛屼笉鍙负 null 鐨?瀛楁 "_pagedNominations" 蹇呴』鍖呭惈闈?null 鍊笺€傝鑰冭檻娣诲姞 "required" 淇グ绗︽垨灏嗚 瀛楁 澹版槑涓哄彲涓?null銆?[C:\Users\鏉庨暱鎭抃Desktop\姣曚笟璁捐涓湡妫€鏌SIAS2025\2025姣曚笟璁捐\2025姣曚笟璁捐.csproj]
C:\Users\鏉庨暱鎭抃Desktop\姣曚笟璁捐涓湡妫€鏌SIAS2025\2025姣曚笟璁捐\ViewModels\Pages\VoteEntranceViewModel.cs(395,16): warning CS8618: 鍦ㄩ€€鍑烘瀯閫犲嚱鏁版椂锛屼笉鍙负 null 鐨?瀛楁 "_selectedNomination" 蹇呴』鍖呭惈闈?null 鍊笺€傝鑰冭檻娣诲姞 "required" 淇グ绗︽垨灏嗚 瀛楁 澹版槑涓哄彲涓?null銆?[C:\Users\鏉庨暱鎭抃Desktop\姣曚笟璁捐涓湡妫€鏌SIAS2025\2025姣曚笟璁捐\2025姣曚笟璁捐.csproj]
C:\Users\鏉庨暱鎭抃Desktop\姣曚笟璁捐涓湡妫€鏌SIAS2025\2025姣曚笟璁捐\ViewModels\Pages\VoteEntranceViewModel.cs(395,16): warning CS8618: 鍦ㄩ€€鍑烘瀯閫犲嚱鏁版椂锛屼笉鍙负 null 鐨?瀛楁 "_statusMessage" 蹇呴』鍖呭惈闈?null 鍊笺€傝鑰冭檻娣诲姞 "required" 淇グ绗︽垨灏嗚 瀛楁 澹版槑涓哄彲涓?null銆?[C:\Users\鏉庨暱鎭抃Desktop\姣曚笟璁捐涓湡妫€鏌SIAS2025\2025姣曚笟璁捐\2025姣曚笟璁捐.csproj]
C:\Users\鏉庨暱鎭抃Desktop\姣曚笟璁捐涓湡妫€鏌SIAS2025\2025姣曚笟璁捐\ViewModels\Pages\VoteEntranceViewModel.cs(395,16): warning CS8618: 鍦ㄩ€€鍑烘瀯閫犲嚱鏁版椂锛屼笉鍙负 null 鐨?瀛楁 "_votedAwardIds" 蹇呴』鍖呭惈闈?null 鍊笺€傝鑰冭檻娣诲姞 "required" 淇グ绗︽垨灏嗚 瀛楁 澹版槑涓哄彲涓?null銆?[C:\Users\鏉庨暱鎭抃Desktop\姣曚笟璁捐涓湡妫€鏌SIAS2025\2025姣曚笟璁捐\2025姣曚笟璁捐.csproj]
C:\Users\鏉庨暱鎭抃Desktop\姣曚笟璁捐涓湡妫€鏌SIAS2025\2025姣曚笟璁捐\ViewModels\Pages\VoteEntranceViewModel.cs(395,16): warning CS8618: 鍦ㄩ€€鍑烘瀯閫犲嚱鏁版椂锛屼笉鍙负 null 鐨?瀛楁 "_searchKeyword" 蹇呴』鍖呭惈闈?null 鍊笺€傝鑰冭檻娣诲姞 "required" 淇グ绗︽垨灏嗚 瀛楁 澹版槑涓哄彲涓?null銆?[C:\Users\鏉庨暱鎭抃Desktop\姣曚笟璁捐涓湡妫€鏌SIAS2025\2025姣曚笟璁捐\2025姣曚笟璁捐.csproj]
C:\Users\鏉庨暱鎭抃Desktop\姣曚笟璁捐涓湡妫€鏌SIAS2025\2025姣曚笟璁捐\ViewModels\Pages\VoteEntranceViewModel.cs(395,16): warning CS8618: 鍦ㄩ€€鍑烘瀯閫犲嚱鏁版椂锛屼笉鍙负 null 鐨?瀛楁 "_searchedAwardName" 蹇呴』鍖呭惈闈?null 鍊笺€傝鑰冭檻娣诲姞 "required" 淇グ绗︽垨灏嗚 瀛楁 澹版槑涓哄彲涓?null銆?[C:\Users\鏉庨暱鎭抃Desktop\姣曚笟璁捐涓湡妫€鏌SIAS2025\2025姣曚笟璁捐\2025姣曚笟璁捐.csproj]
C:\Users\鏉庨暱鎭抃Desktop\姣曚笟璁捐涓湡妫€鏌SIAS2025\2025姣曚笟璁捐\ViewModels\Pages\VoteEntranceViewModel.cs(395,16): warning CS8618: 鍦ㄩ€€鍑烘瀯閫犲嚱鏁版椂锛屼笉鍙负 null 鐨?瀛楁 "_pageSizeOptions" 蹇呴』鍖呭惈闈?null 鍊笺€傝鑰冭檻娣诲姞 "required" 淇グ绗︽垨灏嗚 瀛楁 澹版槑涓哄彲涓?null銆?[C:\Users\鏉庨暱鎭抃Desktop\姣曚笟璁捐涓湡妫€鏌SIAS2025\2025姣曚笟璁捐\2025姣曚笟璁捐.csproj]
C:\Users\鏉庨暱鎭抃Desktop\姣曚笟璁捐涓湡妫€鏌SIAS2025\2025姣曚笟璁捐\ViewModels\Pages\VoteEntranceViewModel.cs(395,16): warning CS8618: 鍦ㄩ€€鍑烘瀯閫犲嚱鏁版椂锛屼笉鍙负 null 鐨?瀛楁 "_searchText" 蹇呴』鍖呭惈闈?null 鍊笺€傝鑰冭檻娣诲姞 "required" 淇グ绗︽垨灏嗚 瀛楁 澹版槑涓哄彲涓?null銆?[C:\Users\鏉庨暱鎭抃Desktop\姣曚笟璁捐涓湡妫€鏌SIAS2025\2025姣曚笟璁捐\2025姣曚笟璁捐.csproj]
C:\Users\鏉庨暱鎭抃Desktop\姣曚笟璁捐涓湡妫€鏌SIAS2025\2025姣曚笟璁捐\ViewModels\Pages\VoteEntranceViewModel.cs(395,16): warning CS8618: 鍦ㄩ€€鍑烘瀯閫犲嚱鏁版椂锛屼笉鍙负 null 鐨?灞炴€?"HandlePreviewKeyDownCommand" 蹇呴』鍖呭惈闈?null 鍊笺€傝鑰冭檻娣诲姞 "required" 淇グ绗︽垨灏嗚 灞炴€?澹版槑涓哄彲涓?null銆?[C:\Users\鏉庨暱鎭抃Desktop\姣曚笟璁捐涓湡妫€鏌SIAS2025\2025姣曚笟璁捐\2025姣曚笟璁捐.csproj]
C:\Users\鏉庨暱鎭抃Desktop\姣曚笟璁捐涓湡妫€鏌SIAS2025\2025姣曚笟璁捐\ViewModels\Pages\EmployeeManagerViewModel.cs(376,25): warning CS8602: 瑙ｅ紩鐢ㄥ彲鑳藉嚭鐜扮┖寮曠敤銆?[C:\Users\鏉庨暱鎭抃Desktop\姣曚笟璁捐涓湡妫€鏌SIAS2025\2025姣曚笟璁捐\2025姣曚笟璁捐.csproj]
C:\Users\鏉庨暱鎭抃Desktop\姣曚笟璁捐涓湡妫€鏌SIAS2025\2025姣曚笟璁捐\ViewModels\EditMessage\AwardNominateManager\EditAwardNominateViewModel.cs(422,37): warning CS8601: 鍙兘鐨?null 寮曠敤璧嬪€笺€?[C:\Users\鏉庨暱鎭抃Desktop\姣曚笟璁捐涓湡妫€鏌SIAS2025\2025姣曚笟璁捐\2025姣曚笟璁捐.csproj]
C:\Users\鏉庨暱鎭抃Desktop\姣曚笟璁捐涓湡妫€鏌SIAS2025\2025姣曚笟璁捐\ViewModels\EditMessage\AwardNominateManager\EditAwardNominateViewModel.cs(423,36): warning CS8601: 鍙兘鐨?null 寮曠敤璧嬪€笺€?[C:\Users\鏉庨暱鎭抃Desktop\姣曚笟璁捐涓湡妫€鏌SIAS2025\2025姣曚笟璁捐\2025姣曚笟璁捐.csproj]
C:\Users\鏉庨暱鎭抃Desktop\姣曚笟璁捐涓湡妫€鏌SIAS2025\2025姣曚笟璁捐\ViewModels\EditMessage\AwardNominateManager\EditAwardNominateViewModel.cs(424,38): warning CS8601: 鍙兘鐨?null 寮曠敤璧嬪€笺€?[C:\Users\鏉庨暱鎭抃Desktop\姣曚笟璁捐涓湡妫€鏌SIAS2025\2025姣曚笟璁捐\2025姣曚笟璁捐.csproj]
C:\Users\鏉庨暱鎭抃Desktop\姣曚笟璁捐涓湡妫€鏌SIAS2025\2025姣曚笟璁捐\ViewModels\EditMessage\AwardNominateManager\EditAwardNominateViewModel.cs(425,34): warning CS8601: 鍙兘鐨?null 寮曠敤璧嬪€笺€?[C:\Users\鏉庨暱鎭抃Desktop\姣曚笟璁捐涓湡妫€鏌SIAS2025\2025姣曚笟璁捐\2025姣曚笟璁捐.csproj]
C:\Users\鏉庨暱鎭抃Desktop\姣曚笟璁捐涓湡妫€鏌SIAS2025\2025姣曚笟璁捐\ViewModels\EditMessage\AwardNominateManager\EditAwardNominateViewModel.cs(455,51): warning CS8601: 鍙兘鐨?null 寮曠敤璧嬪€笺€?[C:\Users\鏉庨暱鎭抃Desktop\姣曚笟璁捐涓湡妫€鏌SIAS2025\2025姣曚笟璁捐\2025姣曚笟璁捐.csproj]
C:\Users\鏉庨暱鎭抃Desktop\姣曚笟璁捐涓湡妫€鏌SIAS2025\2025姣曚笟璁捐\ViewModels\EditMessage\AwardNominateManager\EditAwardNominateViewModel.cs(479,51): warning CS8601: 鍙兘鐨?null 寮曠敤璧嬪€笺€?[C:\Users\鏉庨暱鎭抃Desktop\姣曚笟璁捐涓湡妫€鏌SIAS2025\2025姣曚笟璁捐\2025姣曚笟璁捐.csproj]
C:\Users\鏉庨暱鎭抃Desktop\姣曚笟璁捐涓湡妫€鏌SIAS2025\2025姣曚笟璁捐\ViewModels\HomeViewModel.cs(560,39): warning CS8602: 瑙ｅ紩鐢ㄥ彲鑳藉嚭鐜扮┖寮曠敤銆?[C:\Users\鏉庨暱鎭抃Desktop\姣曚笟璁捐涓湡妫€鏌SIAS2025\2025姣曚笟璁捐\2025姣曚笟璁捐.csproj]
C:\Users\鏉庨暱鎭抃Desktop\姣曚笟璁捐涓湡妫€鏌SIAS2025\2025姣曚笟璁捐\ViewModels\HomeViewModel.cs(819,76): warning CS8625: 鏃犳硶灏?null 瀛楅潰閲忚浆鎹负闈?null 鐨勫紩鐢ㄧ被鍨嬨€?[C:\Users\鏉庨暱鎭抃Desktop\姣曚笟璁捐涓湡妫€鏌SIAS2025\2025姣曚笟璁捐\2025姣曚笟璁捐.csproj]
C:\Users\鏉庨暱鎭抃Desktop\姣曚笟璁捐涓湡妫€鏌SIAS2025\2025姣曚笟璁捐\ViewModels\Pages\VoteEntranceViewModel.cs(695,45): warning CS8602: 瑙ｅ紩鐢ㄥ彲鑳藉嚭鐜扮┖寮曠敤銆?[C:\Users\鏉庨暱鎭抃Desktop\姣曚笟璁捐涓湡妫€鏌SIAS2025\2025姣曚笟璁捐\2025姣曚笟璁捐.csproj]
C:\Users\鏉庨暱鎭抃Desktop\姣曚笟璁捐涓湡妫€鏌SIAS2025\2025姣曚笟璁捐\ViewModels\Pages\VoteEntranceViewModel.cs(747,52): warning CS8601: 鍙兘鐨?null 寮曠敤璧嬪€笺€?[C:\Users\鏉庨暱鎭抃Desktop\姣曚笟璁捐涓湡妫€鏌SIAS2025\2025姣曚笟璁捐\2025姣曚笟璁捐.csproj]
C:\Users\鏉庨暱鎭抃Desktop\姣曚笟璁捐涓湡妫€鏌SIAS2025\2025姣曚笟璁捐\ViewModels\Pages\VoteEntranceViewModel.cs(754,49): warning CS8601: 鍙兘鐨?null 寮曠敤璧嬪€笺€?[C:\Users\鏉庨暱鎭抃Desktop\姣曚笟璁捐涓湡妫€鏌SIAS2025\2025姣曚笟璁捐\2025姣曚笟璁捐.csproj]
C:\Users\鏉庨暱鎭抃Desktop\姣曚笟璁捐涓湡妫€鏌SIAS2025\2025姣曚笟璁捐\ViewModels\Pages\VoteEntranceViewModel.cs(966,29): warning CS4014: 鐢变簬姝よ皟鐢ㄤ笉浼氱瓑寰咃紝鍥犳鍦ㄦ璋冪敤瀹屾垚涔嬪墠灏嗕細缁х画鎵ц褰撳墠鏂规硶銆傝鑰冭檻灏?"await" 杩愮畻绗﹀簲鐢ㄤ簬璋冪敤缁撴灉銆?[C:\Users\鏉庨暱鎭抃Desktop\姣曚笟璁捐涓湡妫€鏌SIAS2025\2025姣曚笟璁捐\2025姣曚笟璁捐.csproj]
C:\Users\鏉庨暱鎭抃Desktop\姣曚笟璁捐涓湡妫€鏌SIAS2025\2025姣曚笟璁捐\ViewModels\Pages\VoteEntranceViewModel.cs(1162,13): warning CS4014: 鐢变簬姝よ皟鐢ㄤ笉浼氱瓑寰咃紝鍥犳鍦ㄦ璋冪敤瀹屾垚涔嬪墠灏嗕細缁х画鎵ц褰撳墠鏂规硶銆傝鑰冭檻灏?"await" 杩愮畻绗﹀簲鐢ㄤ簬璋冪敤缁撴灉銆?[C:\Users\鏉庨暱鎭抃Desktop\姣曚笟璁捐涓湡妫€鏌SIAS2025\2025姣曚笟璁捐\2025姣曚笟璁捐.csproj]
C:\Users\鏉庨暱鎭抃Desktop\姣曚笟璁捐涓湡妫€鏌SIAS2025\2025姣曚笟璁捐\ViewModels\Pages\VoteEntranceViewModel.cs(1163,13): warning CS4014: 鐢变簬姝よ皟鐢ㄤ笉浼氱瓑寰咃紝鍥犳鍦ㄦ璋冪敤瀹屾垚涔嬪墠灏嗕細缁х画鎵ц褰撳墠鏂规硶銆傝鑰冭檻灏?"await" 杩愮畻绗﹀簲鐢ㄤ簬璋冪敤缁撴灉銆?[C:\Users\鏉庨暱鎭抃Desktop\姣曚笟璁捐涓湡妫€鏌SIAS2025\2025姣曚笟璁捐\2025姣曚笟璁捐.csproj]
C:\Users\鏉庨暱鎭抃Desktop\姣曚笟璁捐涓湡妫€鏌SIAS2025\2025姣曚笟璁捐\ViewModels\Pages\VoteEntranceViewModel.cs(1164,13): warning CS4014: 鐢变簬姝よ皟鐢ㄤ笉浼氱瓑寰咃紝鍥犳鍦ㄦ璋冪敤瀹屾垚涔嬪墠灏嗕細缁х画鎵ц褰撳墠鏂规硶銆傝鑰冭檻灏?"await" 杩愮畻绗﹀簲鐢ㄤ簬璋冪敤缁撴灉銆?[C:\Users\鏉庨暱鎭抃Desktop\姣曚笟璁捐涓湡妫€鏌SIAS2025\2025姣曚笟璁捐\2025姣曚笟璁捐.csproj]
C:\Users\鏉庨暱鎭抃Desktop\姣曚笟璁捐涓湡妫€鏌SIAS2025\2025姣曚笟璁捐\ViewModels\Pages\VoteEntranceViewModel.cs(1235,21): warning CS4014: 鐢变簬姝よ皟鐢ㄤ笉浼氱瓑寰咃紝鍥犳鍦ㄦ璋冪敤瀹屾垚涔嬪墠灏嗕細缁х画鎵ц褰撳墠鏂规硶銆傝鑰冭檻灏?"await" 杩愮畻绗﹀簲鐢ㄤ簬璋冪敤缁撴灉銆?[C:\Users\鏉庨暱鎭抃Desktop\姣曚笟璁捐涓湡妫€鏌SIAS2025\2025姣曚笟璁捐\2025姣曚笟璁捐.csproj]
C:\Users\鏉庨暱鎭抃Desktop\姣曚笟璁捐涓湡妫€鏌SIAS2025\2025姣曚笟璁捐\ViewModels\Pages\VoteEntranceViewModel.cs(1780,41): warning CS4014: 鐢变簬姝よ皟鐢ㄤ笉浼氱瓑寰咃紝鍥犳鍦ㄦ璋冪敤瀹屾垚涔嬪墠灏嗕細缁х画鎵ц褰撳墠鏂规硶銆傝鑰冭檻灏?"await" 杩愮畻绗﹀簲鐢ㄤ簬璋冪敤缁撴灉銆?[C:\Users\鏉庨暱鎭抃Desktop\姣曚笟璁捐涓湡妫€鏌SIAS2025\2025姣曚笟璁捐\2025姣曚笟璁捐.csproj]
C:\Users\鏉庨暱鎭抃Desktop\姣曚笟璁捐涓湡妫€鏌SIAS2025\2025姣曚笟璁捐\ViewModels\Pages\VoteEntranceViewModel.cs(1652,41): warning CS8600: 灏?null 鏂囨湰鎴栧彲鑳界殑 null 鍊艰浆鎹负涓嶅彲涓?null 绫诲瀷銆?[C:\Users\鏉庨暱鎭抃Desktop\姣曚笟璁捐涓湡妫€鏌SIAS2025\2025姣曚笟璁捐\2025姣曚笟璁捐.csproj]
C:\Users\鏉庨暱鎭抃Desktop\姣曚笟璁捐涓湡妫€鏌SIAS2025\2025姣曚笟璁捐\ViewModels\Pages\VoteEntranceViewModel.cs(1654,34): warning CS8600: 灏?null 鏂囨湰鎴栧彲鑳界殑 null 鍊艰浆鎹负涓嶅彲涓?null 绫诲瀷銆?[C:\Users\鏉庨暱鎭抃Desktop\姣曚笟璁捐涓湡妫€鏌SIAS2025\2025姣曚笟璁捐\2025姣曚笟璁捐.csproj]
  2025姣曚笟璁捐 -> C:\Users\鏉庨暱鎭抃Desktop\姣曚笟璁捐涓湡妫€鏌SIAS2025\2025姣曚笟璁捐\bin\Debug\net8.0-windows\2025姣曚笟璁捐.dll

宸叉垚鍔熺敓鎴愩€?

C:\Users\鏉庨暱鎭抃Desktop\姣曚笟璁捐涓湡妫€鏌SIAS2025\2025姣曚笟璁捐\2025姣曚笟璁捐.csproj : warning NU1701: 宸蹭娇鐢ㄢ€?NETFramework,Version=v4.6.1, .NETFramework,Version=v4.6.2, .NETFramework,Version=v4.7, .NETFramework,Version=v4.7.1, .NETFramework,Version=v4.7.2, .NETFramework,Version=v4.8, .NETFramework,Version=v4.8.1鈥濊€屼笉鏄」鐩洰鏍囨鏋垛€渘et8.0-windows7.0鈥濊繕鍘熷寘鈥淥penTK 3.3.1鈥濄€傛鍖呭彲鑳戒笌椤圭洰涓嶅畬鍏ㄥ吋瀹广€?
C:\Users\鏉庨暱鎭抃Desktop\姣曚笟璁捐涓湡妫€鏌SIAS2025\2025姣曚笟璁捐\2025姣曚笟璁捐.csproj : warning NU1701: 宸蹭娇鐢ㄢ€?NETFramework,Version=v4.6.1, .NETFramework,Version=v4.6.2, .NETFramework,Version=v4.7, .NETFramework,Version=v4.7.1, .NETFramework,Version=v4.7.2, .NETFramework,Version=v4.8, .NETFramework,Version=v4.8.1鈥濊€屼笉鏄」鐩洰鏍囨鏋垛€渘et8.0-windows7.0鈥濊繕鍘熷寘鈥淥penTK.GLWpfControl 3.3.0鈥濄€傛鍖呭彲鑳戒笌椤圭洰涓嶅畬鍏ㄥ吋瀹广€?
C:\Users\鏉庨暱鎭抃Desktop\姣曚笟璁捐涓湡妫€鏌SIAS2025\2025姣曚笟璁捐\2025姣曚笟璁捐.csproj : warning NU1701: 宸蹭娇鐢ㄢ€?NETFramework,Version=v4.6.1, .NETFramework,Version=v4.6.2, .NETFramework,Version=v4.7, .NETFramework,Version=v4.7.1, .NETFramework,Version=v4.7.2, .NETFramework,Version=v4.8, .NETFramework,Version=v4.8.1鈥濊€屼笉鏄」鐩洰鏍囨鏋垛€渘et8.0-windows7.0鈥濊繕鍘熷寘鈥淪kiaSharp.Views.WPF 3.116.1鈥濄€傛鍖呭彲鑳戒笌椤圭洰涓嶅畬鍏ㄥ吋瀹广€?
C:\Users\鏉庨暱鎭抃Desktop\姣曚笟璁捐涓湡妫€鏌SIAS2025\2025姣曚笟璁捐\2025姣曚笟璁捐.csproj : warning NU1701: 宸蹭娇鐢ㄢ€?NETFramework,Version=v4.6.1, .NETFramework,Version=v4.6.2, .NETFramework,Version=v4.7, .NETFramework,Version=v4.7.1, .NETFramework,Version=v4.7.2, .NETFramework,Version=v4.8, .NETFramework,Version=v4.8.1鈥濊€屼笉鏄」鐩洰鏍囨鏋垛€渘et8.0-windows7.0鈥濊繕鍘熷寘鈥淥penTK 3.3.1鈥濄€傛鍖呭彲鑳戒笌椤圭洰涓嶅畬鍏ㄥ吋瀹广€?
C:\Users\鏉庨暱鎭抃Desktop\姣曚笟璁捐涓湡妫€鏌SIAS2025\2025姣曚笟璁捐\2025姣曚笟璁捐.csproj : warning NU1701: 宸蹭娇鐢ㄢ€?NETFramework,Version=v4.6.1, .NETFramework,Version=v4.6.2, .NETFramework,Version=v4.7, .NETFramework,Version=v4.7.1, .NETFramework,Version=v4.7.2, .NETFramework,Version=v4.8, .NETFramework,Version=v4.8.1鈥濊€屼笉鏄」鐩洰鏍囨鏋垛€渘et8.0-windows7.0鈥濊繕鍘熷寘鈥淥penTK.GLWpfControl 3.3.0鈥濄€傛鍖呭彲鑳戒笌椤圭洰涓嶅畬鍏ㄥ吋瀹广€?
C:\Users\鏉庨暱鎭抃Desktop\姣曚笟璁捐涓湡妫€鏌SIAS2025\2025姣曚笟璁捐\2025姣曚笟璁捐.csproj : warning NU1701: 宸蹭娇鐢ㄢ€?NETFramework,Version=v4.6.1, .NETFramework,Version=v4.6.2, .NETFramework,Version=v4.7, .NETFramework,Version=v4.7.1, .NETFramework,Version=v4.7.2, .NETFramework,Version=v4.8, .NETFramework,Version=v4.8.1鈥濊€屼笉鏄」鐩洰鏍囨鏋垛€渘et8.0-windows7.0鈥濊繕鍘熷寘鈥淪kiaSharp.Views.WPF 3.116.1鈥濄€傛鍖呭彲鑳戒笌椤圭洰涓嶅畬鍏ㄥ吋瀹广€?
C:\Users\鏉庨暱鎭抃Desktop\姣曚笟璁捐涓湡妫€鏌SIAS2025\2025姣曚笟璁捐\2025姣曚笟璁捐_bau1v4gn_wpftmp.csproj : warning NU1701: 宸蹭娇鐢ㄢ€?NETFramework,Version=v4.6.1, .NETFramework,Version=v4.6.2, .NETFramework,Version=v4.7, .NETFramework,Version=v4.7.1, .NETFramework,Version=v4.7.2, .NETFramework,Version=v4.8, .NETFramework,Version=v4.8.1鈥濊€屼笉鏄」鐩洰鏍囨鏋垛€渘et8.0-windows7.0鈥濊繕鍘熷寘鈥淥penTK 3.3.1鈥濄€傛鍖呭彲鑳戒笌椤圭洰涓嶅畬鍏ㄥ吋瀹广€?
C:\Users\鏉庨暱鎭抃Desktop\姣曚笟璁捐涓湡妫€鏌SIAS2025\2025姣曚笟璁捐\2025姣曚笟璁捐_bau1v4gn_wpftmp.csproj : warning NU1701: 宸蹭娇鐢ㄢ€?NETFramework,Version=v4.6.1, .NETFramework,Version=v4.6.2, .NETFramework,Version=v4.7, .NETFramework,Version=v4.7.1, .NETFramework,Version=v4.7.2, .NETFramework,Version=v4.8, .NETFramework,Version=v4.8.1鈥濊€屼笉鏄」鐩洰鏍囨鏋垛€渘et8.0-windows7.0鈥濊繕鍘熷寘鈥淥penTK.GLWpfControl 3.3.0鈥濄€傛鍖呭彲鑳戒笌椤圭洰涓嶅畬鍏ㄥ吋瀹广€?
C:\Users\鏉庨暱鎭抃Desktop\姣曚笟璁捐涓湡妫€鏌SIAS2025\2025姣曚笟璁捐\2025姣曚笟璁捐_bau1v4gn_wpftmp.csproj : warning NU1701: 宸蹭娇鐢ㄢ€?NETFramework,Version=v4.6.1, .NETFramework,Version=v4.6.2, .NETFramework,Version=v4.7, .NETFramework,Version=v4.7.1, .NETFramework,Version=v4.7.2, .NETFramework,Version=v4.8, .NETFramework,Version=v4.8.1鈥濊€屼笉鏄」鐩洰鏍囨鏋垛€渘et8.0-windows7.0鈥濊繕鍘熷寘鈥淪kiaSharp.Views.WPF 3.116.1鈥濄€傛鍖呭彲鑳戒笌椤圭洰涓嶅畬鍏ㄥ吋瀹广€?
C:\Users\鏉庨暱鎭抃Desktop\姣曚笟璁捐涓湡妫€鏌SIAS2025\2025姣曚笟璁捐\Common\CurrentUser.cs(5,30): warning CS8618: 鍦ㄩ€€鍑烘瀯閫犲嚱鏁版椂锛屼笉鍙负 null 鐨?灞炴€?"UserName" 蹇呴』鍖呭惈闈?null 鍊笺€傝鑰冭檻娣诲姞 "required" 淇グ绗︽垨灏嗚 灞炴€?澹版槑涓哄彲涓?null銆?[C:\Users\鏉庨暱鎭抃Desktop\姣曚笟璁捐涓湡妫€鏌SIAS2025\2025姣曚笟璁捐\2025姣曚笟璁捐_bau1v4gn_wpftmp.csproj]
C:\Users\鏉庨暱鎭抃Desktop\姣曚笟璁捐涓湡妫€鏌SIAS2025\2025姣曚笟璁捐\Common\CurrentUser.cs(6,30): warning CS8618: 鍦ㄩ€€鍑烘瀯閫犲嚱鏁版椂锛屼笉鍙负 null 鐨?灞炴€?"Password" 蹇呴』鍖呭惈闈?null 鍊笺€傝鑰冭檻娣诲姞 "required" 淇グ绗︽垨灏嗚 灞炴€?澹版槑涓哄彲涓?null銆?[C:\Users\鏉庨暱鎭抃Desktop\姣曚笟璁捐涓湡妫€鏌SIAS2025\2025姣曚笟璁捐\2025姣曚笟璁捐_bau1v4gn_wpftmp.csproj]
C:\Users\鏉庨暱鎭抃Desktop\姣曚笟璁捐涓湡妫€鏌SIAS2025\2025姣曚笟璁捐\ViewModels\EditMessage\AwardSettingManager\EditAwardSettingViewModel.cs(21,16): warning CS8618: 鍦ㄩ€€鍑烘瀯閫犲嚱鏁版椂锛屼笉鍙负 null 鐨?瀛楁 "updateAward" 蹇呴』鍖呭惈闈?null 鍊笺€傝鑰冭檻娣诲姞 "required" 淇グ绗︽垨灏嗚 瀛楁 澹版槑涓哄彲涓?null銆?[C:\Users\鏉庨暱鎭抃Desktop\姣曚笟璁捐涓湡妫€鏌SIAS2025\2025姣曚笟璁捐\2025姣曚笟璁捐_bau1v4gn_wpftmp.csproj]
C:\Users\鏉庨暱鎭抃Desktop\姣曚笟璁捐涓湡妫€鏌SIAS2025\2025姣曚笟璁捐\ViewModels\EditMessage\AwardSettingManager\EditAwardSettingViewModel.cs(21,16): warning CS8618: 鍦ㄩ€€鍑烘瀯閫犲嚱鏁版椂锛屼笉鍙负 null 鐨?瀛楁 "awardName" 蹇呴』鍖呭惈闈?null 鍊笺€傝鑰冭檻娣诲姞 "required" 淇グ绗︽垨灏嗚 瀛楁 澹版槑涓哄彲涓?null銆?[C:\Users\鏉庨暱鎭抃Desktop\姣曚笟璁捐涓湡妫€鏌SIAS2025\2025姣曚笟璁捐\2025姣曚笟璁捐_bau1v4gn_wpftmp.csproj]
C:\Users\鏉庨暱鎭抃Desktop\姣曚笟璁捐涓湡妫€鏌SIAS2025\2025姣曚笟璁捐\ViewModels\EditMessage\AwardSettingManager\EditAwardSettingViewModel.cs(21,16): warning CS8618: 鍦ㄩ€€鍑烘瀯閫犲嚱鏁版椂锛屼笉鍙负 null 鐨?瀛楁 "awardDescription" 蹇呴』鍖呭惈闈?null 鍊笺€傝鑰冭檻娣诲姞 "required" 淇グ绗︽垨灏嗚 瀛楁 澹版槑涓哄彲涓?null銆?[C:\Users\鏉庨暱鎭抃Desktop\姣曚笟璁捐涓湡妫€鏌SIAS2025\2025姣曚笟璁捐\2025姣曚笟璁捐_bau1v4gn_wpftmp.csproj]
C:\Users\鏉庨暱鎭抃Desktop\姣曚笟璁捐涓湡妫€鏌SIAS2025\2025姣曚笟璁捐\ViewModels\EditMessage\AwardSettingManager\EditAwardSettingViewModel.cs(21,16): warning CS8618: 鍦ㄩ€€鍑烘瀯閫犲嚱鏁版椂锛屼笉鍙负 null 鐨?瀛楁 "saveCommand" 蹇呴』鍖呭惈闈?null 鍊笺€傝鑰冭檻娣诲姞 "required" 淇グ绗︽垨灏嗚 瀛楁 澹版槑涓哄彲涓?null銆?[C:\Users\鏉庨暱鎭抃Desktop\姣曚笟璁捐涓湡妫€鏌SIAS2025\2025姣曚笟璁捐\2025姣曚笟璁捐_bau1v4gn_wpftmp.csproj]
C:\Users\鏉庨暱鎭抃Desktop\姣曚笟璁捐涓湡妫€鏌SIAS2025\2025姣曚笟璁捐\ViewModels\EditMessage\AwardSettingManager\EditAwardSettingViewModel.cs(21,16): warning CS8618: 鍦ㄩ€€鍑烘瀯閫犲嚱鏁版椂锛屼笉鍙负 null 鐨?瀛楁 "cancelCommand" 蹇呴』鍖呭惈闈?null 鍊笺€傝鑰冭檻娣诲姞 "required" 淇グ绗︽垨灏嗚 瀛楁 澹版槑涓哄彲涓?null銆?[C:\Users\鏉庨暱鎭抃Desktop\姣曚笟璁捐涓湡妫€鏌SIAS2025\2025姣曚笟璁捐\2025姣曚笟璁捐_bau1v4gn_wpftmp.csproj]
C:\Users\鏉庨暱鎭抃Desktop\姣曚笟璁捐涓湡妫€鏌SIAS2025\2025姣曚笟璁捐\Common\ConVerterImage.cs(22,20): warning CS8603: 鍙兘杩斿洖 null 寮曠敤銆?[C:\Users\鏉庨暱鎭抃Desktop\姣曚笟璁捐涓湡妫€鏌SIAS2025\2025姣曚笟璁捐\2025姣曚笟璁捐_bau1v4gn_wpftmp.csproj]
C:\Users\鏉庨暱鎭抃Desktop\姣曚笟璁捐涓湡妫€鏌SIAS2025\2025姣曚笟璁捐\ViewModels\EditMessage\AwardNominateManager\EditAwardNominateViewModel.cs(27,16): warning CS8618: 鍦ㄩ€€鍑烘瀯閫犲嚱鏁版椂锛屼笉鍙负 null 鐨?瀛楁 "awards" 蹇呴』鍖呭惈闈?null 鍊笺€傝鑰冭檻娣诲姞 "required" 淇グ绗︽垨灏嗚 瀛楁 澹版槑涓哄彲涓?null銆?[C:\Users\鏉庨暱鎭抃Desktop\姣曚笟璁捐涓湡妫€鏌SIAS2025\2025姣曚笟璁捐\2025姣曚笟璁捐_bau1v4gn_wpftmp.csproj]
C:\Users\鏉庨暱鎭抃Desktop\姣曚笟璁捐涓湡妫€鏌SIAS2025\2025姣曚笟璁捐\ViewModels\EditMessage\AwardNominateManager\EditAwardNominateViewModel.cs(27,16): warning CS8618: 鍦ㄩ€€鍑烘瀯閫犲嚱鏁版椂锛屼笉鍙负 null 鐨?瀛楁 "selectedAward" 蹇呴』鍖呭惈闈?null 鍊笺€傝鑰冭檻娣诲姞 "required" 淇グ绗︽垨灏嗚 瀛楁 澹版槑涓哄彲涓?null銆?[C:\Users\鏉庨暱鎭抃Desktop\姣曚笟璁捐涓湡妫€鏌SIAS2025\2025姣曚笟璁捐\2025姣曚笟璁捐_bau1v4gn_wpftmp.csproj]
C:\Users\鏉庨暱鎭抃Desktop\姣曚笟璁捐涓湡妫€鏌SIAS2025\2025姣曚笟璁捐\ViewModels\EditMessage\AwardNominateManager\EditAwardNominateViewModel.cs(27,16): warning CS8618: 鍦ㄩ€€鍑烘瀯閫犲嚱鏁版椂锛屼笉鍙负 null 鐨?瀛楁 "employees" 蹇呴』鍖呭惈闈?null 鍊笺€傝鑰冭檻娣诲姞 "required" 淇グ绗︽垨灏嗚 瀛楁 澹版槑涓哄彲涓?null銆?[C:\Users\鏉庨暱鎭抃Desktop\姣曚笟璁捐涓湡妫€鏌SIAS2025\2025姣曚笟璁捐\2025姣曚笟璁捐_bau1v4gn_wpftmp.csproj]
C:\Users\鏉庨暱鎭抃Desktop\姣曚笟璁捐涓湡妫€鏌SIAS2025\2025姣曚笟璁捐\ViewModels\EditMessage\AwardNominateManager\EditAwardNominateViewModel.cs(27,16): warning CS8618: 鍦ㄩ€€鍑烘瀯閫犲嚱鏁版椂锛屼笉鍙负 null 鐨?瀛楁 "admins" 蹇呴』鍖呭惈闈?null 鍊笺€傝鑰冭檻娣诲姞 "required" 淇グ绗︽垨灏嗚 瀛楁 澹版槑涓哄彲涓?null銆?[C:\Users\鏉庨暱鎭抃Desktop\姣曚笟璁捐涓湡妫€鏌SIAS2025\2025姣曚笟璁捐\2025姣曚笟璁捐_bau1v4gn_wpftmp.csproj]
C:\Users\鏉庨暱鎭抃Desktop\姣曚笟璁捐涓湡妫€鏌SIAS2025\2025姣曚笟璁捐\ViewModels\EditMessage\AwardNominateManager\EditAwardNominateViewModel.cs(27,16): warning CS8618: 鍦ㄩ€€鍑烘瀯閫犲嚱鏁版椂锛屼笉鍙负 null 鐨?瀛楁 "selectedNominee" 蹇呴』鍖呭惈闈?null 鍊笺€傝鑰冭檻娣诲姞 "required" 淇グ绗︽垨灏嗚 瀛楁 澹版槑涓哄彲涓?null銆?[C:\Users\鏉庨暱鎭抃Desktop\姣曚笟璁捐涓湡妫€鏌SIAS2025\2025姣曚笟璁捐\2025姣曚笟璁捐_bau1v4gn_wpftmp.csproj]
C:\Users\鏉庨暱鎭抃Desktop\姣曚笟璁捐涓湡妫€鏌SIAS2025\2025姣曚笟璁捐\ViewModels\EditMessage\AwardNominateManager\EditAwardNominateViewModel.cs(27,16): warning CS8618: 鍦ㄩ€€鍑烘瀯閫犲嚱鏁版椂锛屼笉鍙负 null 鐨?瀛楁 "departmentName" 蹇呴』鍖呭惈闈?null 鍊笺€傝鑰冭檻娣诲姞 "required" 淇グ绗︽垨灏嗚 瀛楁 澹版槑涓哄彲涓?null銆?[C:\Users\鏉庨暱鎭抃Desktop\姣曚笟璁捐涓湡妫€鏌SIAS2025\2025姣曚笟璁捐\2025姣曚笟璁捐_bau1v4gn_wpftmp.csproj]
C:\Users\鏉庨暱鎭抃Desktop\姣曚笟璁捐涓湡妫€鏌SIAS2025\2025姣曚笟璁捐\ViewModels\EditMessage\AwardNominateManager\EditAwardNominateViewModel.cs(27,16): warning CS8618: 鍦ㄩ€€鍑烘瀯閫犲嚱鏁版椂锛屼笉鍙负 null 鐨?瀛楁 "introduction" 蹇呴』鍖呭惈闈?null 鍊笺€傝鑰冭檻娣诲姞 "required" 淇グ绗︽垨灏嗚 瀛楁 澹版槑涓哄彲涓?null銆?[C:\Users\鏉庨暱鎭抃Desktop\姣曚笟璁捐涓湡妫€鏌SIAS2025\2025姣曚笟璁捐\2025姣曚笟璁捐_bau1v4gn_wpftmp.csproj]
C:\Users\鏉庨暱鎭抃Desktop\姣曚笟璁捐涓湡妫€鏌SIAS2025\2025姣曚笟璁捐\ViewModels\EditMessage\AwardNominateManager\EditAwardNominateViewModel.cs(27,16): warning CS8618: 鍦ㄩ€€鍑烘瀯閫犲嚱鏁版椂锛屼笉鍙负 null 鐨?瀛楁 "nominateReason" 蹇呴』鍖呭惈闈?null 鍊笺€傝鑰冭檻娣诲姞 "required" 淇グ绗︽垨灏嗚 瀛楁 澹版槑涓哄彲涓?null銆?[C:\Users\鏉庨暱鎭抃Desktop\姣曚笟璁捐涓湡妫€鏌SIAS2025\2025姣曚笟璁捐\2025姣曚笟璁捐_bau1v4gn_wpftmp.csproj]
C:\Users\鏉庨暱鎭抃Desktop\姣曚笟璁捐涓湡妫€鏌SIAS2025\2025姣曚笟璁捐\ViewModels\EditMessage\AwardNominateManager\EditAwardNominateViewModel.cs(27,16): warning CS8618: 鍦ㄩ€€鍑烘瀯閫犲嚱鏁版椂锛屼笉鍙负 null 鐨?瀛楁 "coverImage" 蹇呴』鍖呭惈闈?null 鍊笺€傝鑰冭檻娣诲姞 "required" 淇グ绗︽垨灏嗚 瀛楁 澹版槑涓哄彲涓?null銆?[C:\Users\鏉庨暱鎭抃Desktop\姣曚笟璁捐涓湡妫€鏌SIAS2025\2025姣曚笟璁捐\2025姣曚笟璁捐_bau1v4gn_wpftmp.csproj]
C:\Users\鏉庨暱鎭抃Desktop\姣曚笟璁捐涓湡妫€鏌SIAS2025\2025姣曚笟璁捐\ViewModels\EditMessage\AwardNominateManager\EditAwardNominateViewModel.cs(27,16): warning CS8618: 鍦ㄩ€€鍑烘瀯閫犲嚱鏁版椂锛屼笉鍙负 null 鐨?瀛楁 "coverImagePreview" 蹇呴』鍖呭惈闈?null 鍊笺€傝鑰冭檻娣诲姞 "required" 淇グ绗︽垨灏嗚 瀛楁 澹版槑涓哄彲涓?null銆?[C:\Users\鏉庨暱鎭抃Desktop\姣曚笟璁捐涓湡妫€鏌SIAS2025\2025姣曚笟璁捐\2025姣曚笟璁捐_bau1v4gn_wpftmp.csproj]
C:\Users\鏉庨暱鎭抃Desktop\姣曚笟璁捐涓湡妫€鏌SIAS2025\2025姣曚笟璁捐\ViewModels\EditMessage\AwardNominateManager\EditAwardNominateViewModel.cs(27,16): warning CS8618: 鍦ㄩ€€鍑烘瀯閫犲嚱鏁版椂锛屼笉鍙负 null 鐨?瀛楁 "currentNomination" 蹇呴』鍖呭惈闈?null 鍊笺€傝鑰冭檻娣诲姞 "required" 淇グ绗︽垨灏嗚 瀛楁 澹版槑涓哄彲涓?null銆?[C:\Users\鏉庨暱鎭抃Desktop\姣曚笟璁捐涓湡妫€鏌SIAS2025\2025姣曚笟璁捐\2025姣曚笟璁捐_bau1v4gn_wpftmp.csproj]
C:\Users\鏉庨暱鎭抃Desktop\姣曚笟璁捐涓湡妫€鏌SIAS2025\2025姣曚笟璁捐\ViewModels\EditMessage\AwardNominateManager\EditAwardNominateViewModel.cs(27,16): warning CS8618: 鍦ㄩ€€鍑烘瀯閫犲嚱鏁版椂锛屼笉鍙负 null 鐨?瀛楁 "saveCommand" 蹇呴』鍖呭惈闈?null 鍊笺€傝鑰冭檻娣诲姞 "required" 淇グ绗︽垨灏嗚 瀛楁 澹版槑涓哄彲涓?null銆?[C:\Users\鏉庨暱鎭抃Desktop\姣曚笟璁捐涓湡妫€鏌SIAS2025\2025姣曚笟璁捐\2025姣曚笟璁捐_bau1v4gn_wpftmp.csproj]
C:\Users\鏉庨暱鎭抃Desktop\姣曚笟璁捐涓湡妫€鏌SIAS2025\2025姣曚笟璁捐\ViewModels\EditMessage\AwardNominateManager\EditAwardNominateViewModel.cs(27,16): warning CS8618: 鍦ㄩ€€鍑烘瀯閫犲嚱鏁版椂锛屼笉鍙负 null 鐨?瀛楁 "cancelCommand" 蹇呴』鍖呭惈闈?null 鍊笺€傝鑰冭檻娣诲姞 "required" 淇グ绗︽垨灏嗚 瀛楁 澹版槑涓哄彲涓?null銆?[C:\Users\鏉庨暱鎭抃Desktop\姣曚笟璁捐涓湡妫€鏌SIAS2025\2025姣曚笟璁捐\2025姣曚笟璁捐_bau1v4gn_wpftmp.csproj]
C:\Users\鏉庨暱鎭抃Desktop\姣曚笟璁捐涓湡妫€鏌SIAS2025\2025姣曚笟璁捐\ViewModels\EditMessage\AwardNominateManager\EditAwardNominateViewModel.cs(27,16): warning CS8618: 鍦ㄩ€€鍑烘瀯閫犲嚱鏁版椂锛屼笉鍙负 null 鐨?瀛楁 "uploadImageCommand" 蹇呴』鍖呭惈闈?null 鍊笺€傝鑰冭檻娣诲姞 "required" 淇グ绗︽垨灏嗚 瀛楁 澹版槑涓哄彲涓?null銆?[C:\Users\鏉庨暱鎭抃Desktop\姣曚笟璁捐涓湡妫€鏌SIAS2025\2025姣曚笟璁捐\2025姣曚笟璁捐_bau1v4gn_wpftmp.csproj]
C:\Users\鏉庨暱鎭抃Desktop\姣曚笟璁捐涓湡妫€鏌SIAS2025\2025姣曚笟璁捐\ViewModels\LoginViewModel.cs(13,16): warning CS8618: 鍦ㄩ€€鍑烘瀯閫犲嚱鏁版椂锛屼笉鍙负 null 鐨?瀛楁 "userName" 蹇呴』鍖呭惈闈?null 鍊笺€傝鑰冭檻娣诲姞 "required" 淇グ绗︽垨灏嗚 瀛楁 澹版槑涓哄彲涓?null銆?[C:\Users\鏉庨暱鎭抃Desktop\姣曚笟璁捐涓湡妫€鏌SIAS2025\2025姣曚笟璁捐\2025姣曚笟璁捐_bau1v4gn_wpftmp.csproj]
C:\Users\鏉庨暱鎭抃Desktop\姣曚笟璁捐涓湡妫€鏌SIAS2025\2025姣曚笟璁捐\ViewModels\LoginViewModel.cs(13,16): warning CS8618: 鍦ㄩ€€鍑烘瀯閫犲嚱鏁版椂锛屼笉鍙负 null 鐨?瀛楁 "password" 蹇呴』鍖呭惈闈?null 鍊笺€傝鑰冭檻娣诲姞 "required" 淇グ绗︽垨灏嗚 瀛楁 澹版槑涓哄彲涓?null銆?[C:\Users\鏉庨暱鎭抃Desktop\姣曚笟璁捐涓湡妫€鏌SIAS2025\2025姣曚笟璁捐\2025姣曚笟璁捐_bau1v4gn_wpftmp.csproj]
C:\Users\鏉庨暱鎭抃Desktop\姣曚笟璁捐涓湡妫€鏌SIAS2025\2025姣曚笟璁捐\ViewModels\LoginViewModel.cs(13,16): warning CS8618: 鍦ㄩ€€鍑烘瀯閫犲嚱鏁版椂锛屼笉鍙负 null 鐨?瀛楁 "image" 蹇呴』鍖呭惈闈?null 鍊笺€傝鑰冭檻娣诲姞 "required" 淇グ绗︽垨灏嗚 瀛楁 澹版槑涓哄彲涓?null銆?[C:\Users\鏉庨暱鎭抃Desktop\姣曚笟璁捐涓湡妫€鏌SIAS2025\2025姣曚笟璁捐\2025姣曚笟璁捐_bau1v4gn_wpftmp.csproj]
C:\Users\鏉庨暱鎭抃Desktop\姣曚笟璁捐涓湡妫€鏌SIAS2025\2025姣曚笟璁捐\ViewModels\LoginViewModel.cs(13,16): warning CS8618: 鍦ㄩ€€鍑烘瀯閫犲嚱鏁版椂锛屼笉鍙负 null 鐨?瀛楁 "_supAdmins" 蹇呴』鍖呭惈闈?null 鍊笺€傝鑰冭檻娣诲姞 "required" 淇グ绗︽垨灏嗚 瀛楁 澹版槑涓哄彲涓?null銆?[C:\Users\鏉庨暱鎭抃Desktop\姣曚笟璁捐涓湡妫€鏌SIAS2025\2025姣曚笟璁捐\2025姣曚笟璁捐_bau1v4gn_wpftmp.csproj]
C:\Users\鏉庨暱鎭抃Desktop\姣曚笟璁捐涓湡妫€鏌SIAS2025\2025姣曚笟璁捐\ViewModels\LoginViewModel.cs(13,16): warning CS8618: 鍦ㄩ€€鍑烘瀯閫犲嚱鏁版椂锛屼笉鍙负 null 鐨?瀛楁 "_admins" 蹇呴』鍖呭惈闈?null 鍊笺€傝鑰冭檻娣诲姞 "required" 淇グ绗︽垨灏嗚 瀛楁 澹版槑涓哄彲涓?null銆?[C:\Users\鏉庨暱鎭抃Desktop\姣曚笟璁捐涓湡妫€鏌SIAS2025\2025姣曚笟璁捐\2025姣曚笟璁捐_bau1v4gn_wpftmp.csproj]
C:\Users\鏉庨暱鎭抃Desktop\姣曚笟璁捐涓湡妫€鏌SIAS2025\2025姣曚笟璁捐\ViewModels\LoginViewModel.cs(13,16): warning CS8618: 鍦ㄩ€€鍑烘瀯閫犲嚱鏁版椂锛屼笉鍙负 null 鐨?瀛楁 "_employees" 蹇呴』鍖呭惈闈?null 鍊笺€傝鑰冭檻娣诲姞 "required" 淇グ绗︽垨灏嗚 瀛楁 澹版槑涓哄彲涓?null銆?[C:\Users\鏉庨暱鎭抃Desktop\姣曚笟璁捐涓湡妫€鏌SIAS2025\2025姣曚笟璁捐\2025姣曚笟璁捐_bau1v4gn_wpftmp.csproj]
C:\Users\鏉庨暱鎭抃Desktop\姣曚笟璁捐涓湡妫€鏌SIAS2025\2025姣曚笟璁捐\ViewModels\LoginViewModel.cs(13,16): warning CS8618: 鍦ㄩ€€鍑烘瀯閫犲嚱鏁版椂锛屼笉鍙负 null 鐨?瀛楁 "exitCommand" 蹇呴』鍖呭惈闈?null 鍊笺€傝鑰冭檻娣诲姞 "required" 淇グ绗︽垨灏嗚 瀛楁 澹版槑涓哄彲涓?null銆?[C:\Users\鏉庨暱鎭抃Desktop\姣曚笟璁捐涓湡妫€鏌SIAS2025\2025姣曚笟璁捐\2025姣曚笟璁捐_bau1v4gn_wpftmp.csproj]
C:\Users\鏉庨暱鎭抃Desktop\姣曚笟璁捐涓湡妫€鏌SIAS2025\2025姣曚笟璁捐\ViewModels\LoginViewModel.cs(13,16): warning CS8618: 鍦ㄩ€€鍑烘瀯閫犲嚱鏁版椂锛屼笉鍙负 null 鐨?瀛楁 "previewMouseDownLoginCommand" 蹇呴』鍖呭惈闈?null 鍊笺€傝鑰冭檻娣诲姞 "required" 淇グ绗︽垨灏嗚 瀛楁 澹版槑涓哄彲涓?null銆?[C:\Users\鏉庨暱鎭抃Desktop\姣曚笟璁捐涓湡妫€鏌SIAS2025\2025姣曚笟璁捐\2025姣曚笟璁捐_bau1v4gn_wpftmp.csproj]
C:\Users\鏉庨暱鎭抃Desktop\姣曚笟璁捐涓湡妫€鏌SIAS2025\2025姣曚笟璁捐\Models\VoteRecord.cs(31,22): warning CS8618: 鍦ㄩ€€鍑烘瀯閫犲嚱鏁版椂锛屼笉鍙负 null 鐨?灞炴€?"Award" 蹇呴』鍖呭惈闈?null 鍊笺€傝鑰冭檻娣诲姞 "required" 淇グ绗︽垨灏嗚 灞炴€?澹版槑涓哄彲涓?null銆?[C:\Users\鏉庨暱鎭抃Desktop\姣曚笟璁捐涓湡妫€鏌SIAS2025\2025姣曚笟璁捐\2025姣曚笟璁捐_bau1v4gn_wpftmp.csproj]
C:\Users\鏉庨暱鎭抃Desktop\姣曚笟璁捐涓湡妫€鏌SIAS2025\2025姣曚笟璁捐\Models\VoteRecord.cs(42,27): warning CS8618: 鍦ㄩ€€鍑烘瀯閫犲嚱鏁版椂锛屼笉鍙负 null 鐨?灞炴€?"Nomination" 蹇呴』鍖呭惈闈?null 鍊笺€傝鑰冭檻娣诲姞 "required" 淇グ绗︽垨灏嗚 灞炴€?澹版槑涓哄彲涓?null銆?[C:\Users\鏉庨暱鎭抃Desktop\姣曚笟璁捐涓湡妫€鏌SIAS2025\2025姣曚笟璁捐\2025姣曚笟璁捐_bau1v4gn_wpftmp.csproj]
C:\Users\鏉庨暱鎭抃Desktop\姣曚笟璁捐涓湡妫€鏌SIAS2025\2025姣曚笟璁捐\Models\VoteRecord.cs(53,25): warning CS8618: 鍦ㄩ€€鍑烘瀯閫犲嚱鏁版椂锛屼笉鍙负 null 鐨?灞炴€?"VoterEmployee" 蹇呴』鍖呭惈闈?null 鍊笺€傝鑰冭檻娣诲姞 "required" 淇グ绗︽垨灏嗚 灞炴€?澹版槑涓哄彲涓?null銆?[C:\Users\鏉庨暱鎭抃Desktop\姣曚笟璁捐涓湡妫€鏌SIAS2025\2025姣曚笟璁捐\2025姣曚笟璁捐_bau1v4gn_wpftmp.csproj]
C:\Users\鏉庨暱鎭抃Desktop\姣曚笟璁捐涓湡妫€鏌SIAS2025\2025姣曚笟璁捐\Models\VoteRecord.cs(64,22): warning CS8618: 鍦ㄩ€€鍑烘瀯閫犲嚱鏁版椂锛屼笉鍙负 null 鐨?灞炴€?"VoterAdmin" 蹇呴』鍖呭惈闈?null 鍊笺€傝鑰冭檻娣诲姞 "required" 淇グ绗︽垨灏嗚 灞炴€?澹版槑涓哄彲涓?null銆?[C:\Users\鏉庨暱鎭抃Desktop\姣曚笟璁捐涓湡妫€鏌SIAS2025\2025姣曚笟璁捐\2025姣曚笟璁捐_bau1v4gn_wpftmp.csproj]
C:\Users\鏉庨暱鎭抃Desktop\姣曚笟璁捐涓湡妫€鏌SIAS2025\2025姣曚笟璁捐\Models\VoteRecord.cs(85,23): warning CS8618: 鍦ㄩ€€鍑烘瀯閫犲嚱鏁版椂锛屼笉鍙负 null 鐨?灞炴€?"VoteDescription" 蹇呴』鍖呭惈闈?null 鍊笺€傝鑰冭檻娣诲姞 "required" 淇グ绗︽垨灏嗚 灞炴€?澹版槑涓哄彲涓?null銆?[C:\Users\鏉庨暱鎭抃Desktop\姣曚笟璁捐涓湡妫€鏌SIAS2025\2025姣曚笟璁捐\2025姣曚笟璁捐_bau1v4gn_wpftmp.csproj]
C:\Users\鏉庨暱鎭抃Desktop\姣曚笟璁捐涓湡妫€鏌SIAS2025\2025姣曚笟璁捐\ViewModels\EditMessage\DepartmentManager\EditDepartmentViewModel.cs(46,16): warning CS8618: 鍦ㄩ€€鍑烘瀯閫犲嚱鏁版椂锛屼笉鍙负 null 鐨?瀛楁 "baseDepartment" 蹇呴』鍖呭惈闈?null 鍊笺€傝鑰冭檻娣诲姞 "required" 淇グ绗︽垨灏嗚 瀛楁 澹版槑涓哄彲涓?null銆?[C:\Users\鏉庨暱鎭抃Desktop\姣曚笟璁捐涓湡妫€鏌SIAS2025\2025姣曚笟璁捐\2025姣曚笟璁捐_bau1v4gn_wpftmp.csproj]
C:\Users\鏉庨暱鎭抃Desktop\姣曚笟璁捐涓湡妫€鏌SIAS2025\2025姣曚笟璁捐\Behaviors\OpenWindowBehavior.cs(24,33): warning CS8600: 灏?null 鏂囨湰鎴栧彲鑳界殑 null 鍊艰浆鎹负涓嶅彲涓?null 绫诲瀷銆?[C:\Users\鏉庨暱鎭抃Desktop\姣曚笟璁捐涓湡妫€鏌SIAS2025\2025姣曚笟璁捐\2025姣曚笟璁捐_bau1v4gn_wpftmp.csproj]
C:\Users\鏉庨暱鎭抃Desktop\姣曚笟璁捐涓湡妫€鏌SIAS2025\2025姣曚笟璁捐\Behaviors\OpenWindowBehavior.cs(25,17): warning CS8602: 瑙ｅ紩鐢ㄥ彲鑳藉嚭鐜扮┖寮曠敤銆?[C:\Users\鏉庨暱鎭抃Desktop\姣曚笟璁捐涓湡妫€鏌SIAS2025\2025姣曚笟璁捐\2025姣曚笟璁捐_bau1v4gn_wpftmp.csproj]
C:\Users\鏉庨暱鎭抃Desktop\姣曚笟璁捐涓湡妫€鏌SIAS2025\2025姣曚笟璁捐\Behaviors\OpenWindowBehavior.cs(9,21): warning CS8618: 鍦ㄩ€€鍑烘瀯閫犲嚱鏁版椂锛屼笉鍙负 null 鐨?灞炴€?"TargetType" 蹇呴』鍖呭惈闈?null 鍊笺€傝鑰冭檻娣诲姞 "required" 淇グ绗︽垨灏嗚 灞炴€?澹版槑涓哄彲涓?null銆?[C:\Users\鏉庨暱鎭抃Desktop\姣曚笟璁捐涓湡妫€鏌SIAS2025\2025姣曚笟璁捐\2025姣曚笟璁捐_bau1v4gn_wpftmp.csproj]
C:\Users\鏉庨暱鎭抃Desktop\姣曚笟璁捐涓湡妫€鏌SIAS2025\2025姣曚笟璁捐\ViewModels\EditMessage\DepartmentManager\AddDepartmentViewModel.cs(47,16): warning CS8618: 鍦ㄩ€€鍑烘瀯閫犲嚱鏁版椂锛屼笉鍙负 null 鐨?瀛楁 "addDepartment" 蹇呴』鍖呭惈闈?null 鍊笺€傝鑰冭檻娣诲姞 "required" 淇グ绗︽垨灏嗚 瀛楁 澹版槑涓哄彲涓?null銆?[C:\Users\鏉庨暱鎭抃Desktop\姣曚笟璁捐涓湡妫€鏌SIAS2025\2025姣曚笟璁捐\2025姣曚笟璁捐_bau1v4gn_wpftmp.csproj]
C:\Users\鏉庨暱鎭抃Desktop\姣曚笟璁捐涓湡妫€鏌SIAS2025\2025姣曚笟璁捐\ViewModels\EditMessage\DepartmentManager\AddDepartmentViewModel.cs(47,16): warning CS8618: 鍦ㄩ€€鍑烘瀯閫犲嚱鏁版椂锛屼笉鍙负 null 鐨?瀛楁 "departmentName" 蹇呴』鍖呭惈闈?null 鍊笺€傝鑰冭檻娣诲姞 "required" 淇グ绗︽垨灏嗚 瀛楁 澹版槑涓哄彲涓?null銆?[C:\Users\鏉庨暱鎭抃Desktop\姣曚笟璁捐涓湡妫€鏌SIAS2025\2025姣曚笟璁捐\2025姣曚笟璁捐_bau1v4gn_wpftmp.csproj]
C:\Users\鏉庨暱鎭抃Desktop\姣曚笟璁捐涓湡妫€鏌SIAS2025\2025姣曚笟璁捐\ViewModels\EditMessage\DepartmentManager\EditDepartmentViewModel.cs(78,38): warning CS8601: 鍙兘鐨?null 寮曠敤璧嬪€笺€?[C:\Users\鏉庨暱鎭抃Desktop\姣曚笟璁捐涓湡妫€鏌SIAS2025\2025姣曚笟璁捐\2025姣曚笟璁捐_bau1v4gn_wpftmp.csproj]
C:\Users\鏉庨暱鎭抃Desktop\姣曚笟璁捐涓湡妫€鏌SIAS2025\2025姣曚笟璁捐\ViewModels\EditMessage\DepartmentManager\EditDepartmentViewModel.cs(79,38): warning CS8602: 瑙ｅ紩鐢ㄥ彲鑳藉嚭鐜扮┖寮曠敤銆?[C:\Users\鏉庨暱鎭抃Desktop\姣曚笟璁捐涓湡妫€鏌SIAS2025\2025姣曚笟璁捐\2025姣曚笟璁捐_bau1v4gn_wpftmp.csproj]
C:\Users\鏉庨暱鎭抃Desktop\姣曚笟璁捐涓湡妫€鏌SIAS2025\2025姣曚笟璁捐\ViewModels\HomeViewModel.cs(124,28): warning CS8622: 鈥渧oid HomeViewModel.UpdateTime(object sender, EventArgs e)鈥濈殑鍙傛暟鈥渟ender鈥濈被鍨嬩腑寮曠敤绫诲瀷鐨勪负 Null 鎬т笌鐩爣濮旀墭鈥淓ventHandler鈥濅笉鍖归厤(鍙兘鏄敱浜庝负 Null 鎬х壒鎬?銆?[C:\Users\鏉庨暱鎭抃Desktop\姣曚笟璁捐涓湡妫€鏌SIAS2025\2025姣曚笟璁捐\2025姣曚笟璁捐_bau1v4gn_wpftmp.csproj]
C:\Users\鏉庨暱鎭抃Desktop\姣曚笟璁捐涓湡妫€鏌SIAS2025\2025姣曚笟璁捐\ViewModels\HomeViewModel.cs(125,28): warning CS8622: 鈥渧oid HomeViewModel.UpdateUserName(object sender, EventArgs e)鈥濈殑鍙傛暟鈥渟ender鈥濈被鍨嬩腑寮曠敤绫诲瀷鐨勪负 Null 鎬т笌鐩爣濮旀墭鈥淓ventHandler鈥濅笉鍖归厤(鍙兘鏄敱浜庝负 Null 鎬х壒鎬?銆?[C:\Users\鏉庨暱鎭抃Desktop\姣曚笟璁捐涓湡妫€鏌SIAS2025\2025姣曚笟璁捐\2025姣曚笟璁捐_bau1v4gn_wpftmp.csproj]
C:\Users\鏉庨暱鎭抃Desktop\姣曚笟璁捐涓湡妫€鏌SIAS2025\2025姣曚笟璁捐\ViewModels\HomeViewModel.cs(114,16): warning CS8618: 鍦ㄩ€€鍑烘瀯閫犲嚱鏁版椂锛屼笉鍙负 null 鐨?瀛楁 "currentTime" 蹇呴』鍖呭惈闈?null 鍊笺€傝鑰冭檻娣诲姞 "required" 淇グ绗︽垨灏嗚 瀛楁 澹版槑涓哄彲涓?null銆?[C:\Users\鏉庨暱鎭抃Desktop\姣曚笟璁捐涓湡妫€鏌SIAS2025\2025姣曚笟璁捐\2025姣曚笟璁捐_bau1v4gn_wpftmp.csproj]
C:\Users\鏉庨暱鎭抃Desktop\姣曚笟璁捐涓湡妫€鏌SIAS2025\2025姣曚笟璁捐\ViewModels\HomeViewModel.cs(114,16): warning CS8618: 鍦ㄩ€€鍑烘瀯閫犲嚱鏁版椂锛屼笉鍙负 null 鐨?瀛楁 "userName" 蹇呴』鍖呭惈闈?null 鍊笺€傝鑰冭檻娣诲姞 "required" 淇グ绗︽垨灏嗚 瀛楁 澹版槑涓哄彲涓?null銆?[C:\Users\鏉庨暱鎭抃Desktop\姣曚笟璁捐涓湡妫€鏌SIAS2025\2025姣曚笟璁捐\2025姣曚笟璁捐_bau1v4gn_wpftmp.csproj]
C:\Users\鏉庨暱鎭抃Desktop\姣曚笟璁捐涓湡妫€鏌SIAS2025\2025姣曚笟璁捐\ViewModels\HomeViewModel.cs(114,16): warning CS8618: 鍦ㄩ€€鍑烘瀯閫犲嚱鏁版椂锛屼笉鍙负 null 鐨?瀛楁 "password" 蹇呴』鍖呭惈闈?null 鍊笺€傝鑰冭檻娣诲姞 "required" 淇グ绗︽垨灏嗚 瀛楁 澹版槑涓哄彲涓?null銆?[C:\Users\鏉庨暱鎭抃Desktop\姣曚笟璁捐涓湡妫€鏌SIAS2025\2025姣曚笟璁捐\2025姣曚笟璁捐_bau1v4gn_wpftmp.csproj]
C:\Users\鏉庨暱鎭抃Desktop\姣曚笟璁捐涓湡妫€鏌SIAS2025\2025姣曚笟璁捐\ViewModels\HomeViewModel.cs(114,16): warning CS8618: 鍦ㄩ€€鍑烘瀯閫犲嚱鏁版椂锛屼笉鍙负 null 鐨?瀛楁 "loadedCommand" 蹇呴』鍖呭惈闈?null 鍊笺€傝鑰冭檻娣诲姞 "required" 淇グ绗︽垨灏嗚 瀛楁 澹版槑涓哄彲涓?null銆?[C:\Users\鏉庨暱鎭抃Desktop\姣曚笟璁捐涓湡妫€鏌SIAS2025\2025姣曚笟璁捐\2025姣曚笟璁捐_bau1v4gn_wpftmp.csproj]
C:\Users\鏉庨暱鎭抃Desktop\姣曚笟璁捐涓湡妫€鏌SIAS2025\2025姣曚笟璁捐\ViewModels\HomeViewModel.cs(114,16): warning CS8618: 鍦ㄩ€€鍑烘瀯閫犲嚱鏁版椂锛屼笉鍙负 null 鐨?瀛楁 "rankingXAxes" 蹇呴』鍖呭惈闈?null 鍊笺€傝鑰冭檻娣诲姞 "required" 淇グ绗︽垨灏嗚 瀛楁 澹版槑涓哄彲涓?null銆?[C:\Users\鏉庨暱鎭抃Desktop\姣曚笟璁捐涓湡妫€鏌SIAS2025\2025姣曚笟璁捐\2025姣曚笟璁捐_bau1v4gn_wpftmp.csproj]
C:\Users\鏉庨暱鎭抃Desktop\姣曚笟璁捐涓湡妫€鏌SIAS2025\2025姣曚笟璁捐\ViewModels\HomeViewModel.cs(114,16): warning CS8618: 鍦ㄩ€€鍑烘瀯閫犲嚱鏁版椂锛屼笉鍙负 null 鐨?瀛楁 "rankingYAxes" 蹇呴』鍖呭惈闈?null 鍊笺€傝鑰冭檻娣诲姞 "required" 淇グ绗︽垨灏嗚 瀛楁 澹版槑涓哄彲涓?null銆?[C:\Users\鏉庨暱鎭抃Desktop\姣曚笟璁捐涓湡妫€鏌SIAS2025\2025姣曚笟璁捐\2025姣曚笟璁捐_bau1v4gn_wpftmp.csproj]
C:\Users\鏉庨暱鎭抃Desktop\姣曚笟璁捐涓湡妫€鏌SIAS2025\2025姣曚笟璁捐\ViewModels\HomeViewModel.cs(114,16): warning CS8618: 鍦ㄩ€€鍑烘瀯閫犲嚱鏁版椂锛屼笉鍙负 null 鐨?瀛楁 "nomineeRankingXAxes" 蹇呴』鍖呭惈闈?null 鍊笺€傝鑰冭檻娣诲姞 "required" 淇グ绗︽垨灏嗚 瀛楁 澹版槑涓哄彲涓?null銆?[C:\Users\鏉庨暱鎭抃Desktop\姣曚笟璁捐涓湡妫€鏌SIAS2025\2025姣曚笟璁捐\2025姣曚笟璁捐_bau1v4gn_wpftmp.csproj]
C:\Users\鏉庨暱鎭抃Desktop\姣曚笟璁捐涓湡妫€鏌SIAS2025\2025姣曚笟璁捐\ViewModels\HomeViewModel.cs(114,16): warning CS8618: 鍦ㄩ€€鍑烘瀯閫犲嚱鏁版椂锛屼笉鍙负 null 鐨?瀛楁 "nomineeRankingYAxes" 蹇呴』鍖呭惈闈?null 鍊笺€傝鑰冭檻娣诲姞 "required" 淇グ绗︽垨灏嗚 瀛楁 澹版槑涓哄彲涓?null銆?[C:\Users\鏉庨暱鎭抃Desktop\姣曚笟璁捐涓湡妫€鏌SIAS2025\2025姣曚笟璁捐\2025姣曚笟璁捐_bau1v4gn_wpftmp.csproj]
C:\Users\鏉庨暱鎭抃Desktop\姣曚笟璁捐涓湡妫€鏌SIAS2025\2025姣曚笟璁捐\ViewModels\HomeViewModel.cs(114,16): warning CS8618: 鍦ㄩ€€鍑烘瀯閫犲嚱鏁版椂锛屼笉鍙负 null 鐨?瀛楁 "windowDragCommand" 蹇呴』鍖呭惈闈?null 鍊笺€傝鑰冭檻娣诲姞 "required" 淇グ绗︽垨灏嗚 瀛楁 澹版槑涓哄彲涓?null銆?[C:\Users\鏉庨暱鎭抃Desktop\姣曚笟璁捐涓湡妫€鏌SIAS2025\2025姣曚笟璁捐\2025姣曚笟璁捐_bau1v4gn_wpftmp.csproj]
C:\Users\鏉庨暱鎭抃Desktop\姣曚笟璁捐涓湡妫€鏌SIAS2025\2025姣曚笟璁捐\ViewModels\EditMessage\PersonnallyManager\SupAdminPersonallyManagerViewModel.cs(50,16): warning CS8618: 鍦ㄩ€€鍑烘瀯閫犲嚱鏁版椂锛屼笉鍙负 null 鐨?瀛楁 "byteImage" 蹇呴』鍖呭惈闈?null 鍊笺€傝鑰冭檻娣诲姞 "required" 淇グ绗︽垨灏嗚 瀛楁 澹版槑涓哄彲涓?null銆?[C:\Users\鏉庨暱鎭抃Desktop\姣曚笟璁捐涓湡妫€鏌SIAS2025\2025姣曚笟璁捐\2025姣曚笟璁捐_bau1v4gn_wpftmp.csproj]
C:\Users\鏉庨暱鎭抃Desktop\姣曚笟璁捐涓湡妫€鏌SIAS2025\2025姣曚笟璁捐\ViewModels\EditMessage\PersonnallyManager\SupAdminPersonallyManagerViewModel.cs(50,16): warning CS8618: 鍦ㄩ€€鍑烘瀯閫犲嚱鏁版椂锛屼笉鍙负 null 鐨?瀛楁 "image" 蹇呴』鍖呭惈闈?null 鍊笺€傝鑰冭檻娣诲姞 "required" 淇グ绗︽垨灏嗚 瀛楁 澹版槑涓哄彲涓?null銆?[C:\Users\鏉庨暱鎭抃Desktop\姣曚笟璁捐涓湡妫€鏌SIAS2025\2025姣曚笟璁捐\2025姣曚笟璁捐_bau1v4gn_wpftmp.csproj]
C:\Users\鏉庨暱鎭抃Desktop\姣曚笟璁捐涓湡妫€鏌SIAS2025\2025姣曚笟璁捐\ViewModels\EditMessage\PersonnallyManager\SupAdminPersonallyManagerViewModel.cs(50,16): warning CS8618: 鍦ㄩ€€鍑烘瀯閫犲嚱鏁版椂锛屼笉鍙负 null 鐨?瀛楁 "currentSupAdmin" 蹇呴』鍖呭惈闈?null 鍊笺€傝鑰冭檻娣诲姞 "required" 淇グ绗︽垨灏嗚 瀛楁 澹版槑涓哄彲涓?null銆?[C:\Users\鏉庨暱鎭抃Desktop\姣曚笟璁捐涓湡妫€鏌SIAS2025\2025姣曚笟璁捐\2025姣曚笟璁捐_bau1v4gn_wpftmp.csproj]
C:\Users\鏉庨暱鎭抃Desktop\姣曚笟璁捐涓湡妫€鏌SIAS2025\2025姣曚笟璁捐\ViewModels\EditMessage\PersonnallyManager\SupAdminPersonallyManagerViewModel.cs(50,16): warning CS8618: 鍦ㄩ€€鍑烘瀯閫犲嚱鏁版椂锛屼笉鍙负 null 鐨?瀛楁 "saveCommand" 蹇呴』鍖呭惈闈?null 鍊笺€傝鑰冭檻娣诲姞 "required" 淇グ绗︽垨灏嗚 瀛楁 澹版槑涓哄彲涓?null銆?[C:\Users\鏉庨暱鎭抃Desktop\姣曚笟璁捐涓湡妫€鏌SIAS2025\2025姣曚笟璁捐\2025姣曚笟璁捐_bau1v4gn_wpftmp.csproj]
C:\Users\鏉庨暱鎭抃Desktop\姣曚笟璁捐涓湡妫€鏌SIAS2025\2025姣曚笟璁捐\ViewModels\EditMessage\PersonnallyManager\SupAdminPersonallyManagerViewModel.cs(50,16): warning CS8618: 鍦ㄩ€€鍑烘瀯閫犲嚱鏁版椂锛屼笉鍙负 null 鐨?瀛楁 "changeImageCommand" 蹇呴』鍖呭惈闈?null 鍊笺€傝鑰冭檻娣诲姞 "required" 淇グ绗︽垨灏嗚 瀛楁 澹版槑涓哄彲涓?null銆?[C:\Users\鏉庨暱鎭抃Desktop\姣曚笟璁捐涓湡妫€鏌SIAS2025\2025姣曚笟璁捐\2025姣曚笟璁捐_bau1v4gn_wpftmp.csproj]
C:\Users\鏉庨暱鎭抃Desktop\姣曚笟璁捐涓湡妫€鏌SIAS2025\2025姣曚笟璁捐\Services\SupAdminService.cs(23,24): warning CS8603: 鍙兘杩斿洖 null 寮曠敤銆?[C:\Users\鏉庨暱鎭抃Desktop\姣曚笟璁捐涓湡妫€鏌SIAS2025\2025姣曚笟璁捐\2025姣曚笟璁捐_bau1v4gn_wpftmp.csproj]
C:\Users\鏉庨暱鎭抃Desktop\姣曚笟璁捐涓湡妫€鏌SIAS2025\2025姣曚笟璁捐\ViewModels\EditMessage\AdminManager\AddAdminViewModel.cs(121,16): warning CS8618: 鍦ㄩ€€鍑烘瀯閫犲嚱鏁版椂锛屼笉鍙负 null 鐨?瀛楁 "departmentNames" 蹇呴』鍖呭惈闈?null 鍊笺€傝鑰冭檻娣诲姞 "required" 淇グ绗︽垨灏嗚 瀛楁 澹版槑涓哄彲涓?null銆?[C:\Users\鏉庨暱鎭抃Desktop\姣曚笟璁捐涓湡妫€鏌SIAS2025\2025姣曚笟璁捐\2025姣曚笟璁捐_bau1v4gn_wpftmp.csproj]
C:\Users\鏉庨暱鎭抃Desktop\姣曚笟璁捐涓湡妫€鏌SIAS2025\2025姣曚笟璁捐\ViewModels\EditMessage\AdminManager\AddAdminViewModel.cs(121,16): warning CS8618: 鍦ㄩ€€鍑烘瀯閫犲嚱鏁版椂锛屼笉鍙负 null 鐨?瀛楁 "departmentName" 蹇呴』鍖呭惈闈?null 鍊笺€傝鑰冭檻娣诲姞 "required" 淇グ绗︽垨灏嗚 瀛楁 澹版槑涓哄彲涓?null銆?[C:\Users\鏉庨暱鎭抃Desktop\姣曚笟璁捐涓湡妫€鏌SIAS2025\2025姣曚笟璁捐\2025姣曚笟璁捐_bau1v4gn_wpftmp.csproj]
C:\Users\鏉庨暱鎭抃Desktop\姣曚笟璁捐涓湡妫€鏌SIAS2025\2025姣曚笟璁捐\ViewModels\EditMessage\AdminManager\AddAdminViewModel.cs(121,16): warning CS8618: 鍦ㄩ€€鍑烘瀯閫犲嚱鏁版椂锛屼笉鍙负 null 鐨?瀛楁 "addAdmin" 蹇呴』鍖呭惈闈?null 鍊笺€傝鑰冭檻娣诲姞 "required" 淇グ绗︽垨灏嗚 瀛楁 澹版槑涓哄彲涓?null銆?[C:\Users\鏉庨暱鎭抃Desktop\姣曚笟璁捐涓湡妫€鏌SIAS2025\2025姣曚笟璁捐\2025姣曚笟璁捐_bau1v4gn_wpftmp.csproj]
C:\Users\鏉庨暱鎭抃Desktop\姣曚笟璁捐涓湡妫€鏌SIAS2025\2025姣曚笟璁捐\ViewModels\EditMessage\AdminManager\AddAdminViewModel.cs(121,16): warning CS8618: 鍦ㄩ€€鍑烘瀯閫犲嚱鏁版椂锛屼笉鍙负 null 鐨?瀛楁 "adminName" 蹇呴』鍖呭惈闈?null 鍊笺€傝鑰冭檻娣诲姞 "required" 淇グ绗︽垨灏嗚 瀛楁 澹版槑涓哄彲涓?null銆?[C:\Users\鏉庨暱鎭抃Desktop\姣曚笟璁捐涓湡妫€鏌SIAS2025\2025姣曚笟璁捐\2025姣曚笟璁捐_bau1v4gn_wpftmp.csproj]
C:\Users\鏉庨暱鎭抃Desktop\姣曚笟璁捐涓湡妫€鏌SIAS2025\2025姣曚笟璁捐\Common\ConVerterImage.cs(32,24): warning CS8603: 鍙兘杩斿洖 null 寮曠敤銆?[C:\Users\鏉庨暱鎭抃Desktop\姣曚笟璁捐涓湡妫€鏌SIAS2025\2025姣曚笟璁捐\2025姣曚笟璁捐_bau1v4gn_wpftmp.csproj]
C:\Users\鏉庨暱鎭抃Desktop\姣曚笟璁捐涓湡妫€鏌SIAS2025\2025姣曚笟璁捐\ViewModels\EditMessage\PersonnallyManager\EmployeePersonallyManagerViewModel.cs(50,16): warning CS8618: 鍦ㄩ€€鍑烘瀯閫犲嚱鏁版椂锛屼笉鍙负 null 鐨?瀛楁 "byteImage" 蹇呴』鍖呭惈闈?null 鍊笺€傝鑰冭檻娣诲姞 "required" 淇グ绗︽垨灏嗚 瀛楁 澹版槑涓哄彲涓?null銆?[C:\Users\鏉庨暱鎭抃Desktop\姣曚笟璁捐涓湡妫€鏌SIAS2025\2025姣曚笟璁捐\2025姣曚笟璁捐_bau1v4gn_wpftmp.csproj]
C:\Users\鏉庨暱鎭抃Desktop\姣曚笟璁捐涓湡妫€鏌SIAS2025\2025姣曚笟璁捐\ViewModels\EditMessage\PersonnallyManager\EmployeePersonallyManagerViewModel.cs(50,16): warning CS8618: 鍦ㄩ€€鍑烘瀯閫犲嚱鏁版椂锛屼笉鍙负 null 鐨?瀛楁 "image" 蹇呴』鍖呭惈闈?null 鍊笺€傝鑰冭檻娣诲姞 "required" 淇グ绗︽垨灏嗚 瀛楁 澹版槑涓哄彲涓?null銆?[C:\Users\鏉庨暱鎭抃Desktop\姣曚笟璁捐涓湡妫€鏌SIAS2025\2025姣曚笟璁捐\2025姣曚笟璁捐_bau1v4gn_wpftmp.csproj]
C:\Users\鏉庨暱鎭抃Desktop\姣曚笟璁捐涓湡妫€鏌SIAS2025\2025姣曚笟璁捐\ViewModels\EditMessage\PersonnallyManager\EmployeePersonallyManagerViewModel.cs(50,16): warning CS8618: 鍦ㄩ€€鍑烘瀯閫犲嚱鏁版椂锛屼笉鍙负 null 鐨?瀛楁 "currentEmployee" 蹇呴』鍖呭惈闈?null 鍊笺€傝鑰冭檻娣诲姞 "required" 淇グ绗︽垨灏嗚 瀛楁 澹版槑涓哄彲涓?null銆?[C:\Users\鏉庨暱鎭抃Desktop\姣曚笟璁捐涓湡妫€鏌SIAS2025\2025姣曚笟璁捐\2025姣曚笟璁捐_bau1v4gn_wpftmp.csproj]
C:\Users\鏉庨暱鎭抃Desktop\姣曚笟璁捐涓湡妫€鏌SIAS2025\2025姣曚笟璁捐\ViewModels\EditMessage\PersonnallyManager\EmployeePersonallyManagerViewModel.cs(50,16): warning CS8618: 鍦ㄩ€€鍑烘瀯閫犲嚱鏁版椂锛屼笉鍙负 null 鐨?瀛楁 "saveCommand" 蹇呴』鍖呭惈闈?null 鍊笺€傝鑰冭檻娣诲姞 "required" 淇グ绗︽垨灏嗚 瀛楁 澹版槑涓哄彲涓?null銆?[C:\Users\鏉庨暱鎭抃Desktop\姣曚笟璁捐涓湡妫€鏌SIAS2025\2025姣曚笟璁捐\2025姣曚笟璁捐_bau1v4gn_wpftmp.csproj]
C:\Users\鏉庨暱鎭抃Desktop\姣曚笟璁捐涓湡妫€鏌SIAS2025\2025姣曚笟璁捐\ViewModels\EditMessage\PersonnallyManager\EmployeePersonallyManagerViewModel.cs(50,16): warning CS8618: 鍦ㄩ€€鍑烘瀯閫犲嚱鏁版椂锛屼笉鍙负 null 鐨?瀛楁 "changeImageCommand" 蹇呴』鍖呭惈闈?null 鍊笺€傝鑰冭檻娣诲姞 "required" 淇グ绗︽垨灏嗚 瀛楁 澹版槑涓哄彲涓?null銆?[C:\Users\鏉庨暱鎭抃Desktop\姣曚笟璁捐涓湡妫€鏌SIAS2025\2025姣曚笟璁捐\2025姣曚笟璁捐_bau1v4gn_wpftmp.csproj]
C:\Users\鏉庨暱鎭抃Desktop\姣曚笟璁捐涓湡妫€鏌SIAS2025\2025姣曚笟璁捐\ViewModels\EditMessage\PersonnallyManager\AdminPersonallyManagerViewModel.cs(50,16): warning CS8618: 鍦ㄩ€€鍑烘瀯閫犲嚱鏁版椂锛屼笉鍙负 null 鐨?瀛楁 "byteImage" 蹇呴』鍖呭惈闈?null 鍊笺€傝鑰冭檻娣诲姞 "required" 淇グ绗︽垨灏嗚 瀛楁 澹版槑涓哄彲涓?null銆?[C:\Users\鏉庨暱鎭抃Desktop\姣曚笟璁捐涓湡妫€鏌SIAS2025\2025姣曚笟璁捐\2025姣曚笟璁捐_bau1v4gn_wpftmp.csproj]
C:\Users\鏉庨暱鎭抃Desktop\姣曚笟璁捐涓湡妫€鏌SIAS2025\2025姣曚笟璁捐\ViewModels\EditMessage\PersonnallyManager\AdminPersonallyManagerViewModel.cs(50,16): warning CS8618: 鍦ㄩ€€鍑烘瀯閫犲嚱鏁版椂锛屼笉鍙负 null 鐨?瀛楁 "image" 蹇呴』鍖呭惈闈?null 鍊笺€傝鑰冭檻娣诲姞 "required" 淇グ绗︽垨灏嗚 瀛楁 澹版槑涓哄彲涓?null銆?[C:\Users\鏉庨暱鎭抃Desktop\姣曚笟璁捐涓湡妫€鏌SIAS2025\2025姣曚笟璁捐\2025姣曚笟璁捐_bau1v4gn_wpftmp.csproj]
C:\Users\鏉庨暱鎭抃Desktop\姣曚笟璁捐涓湡妫€鏌SIAS2025\2025姣曚笟璁捐\ViewModels\EditMessage\PersonnallyManager\AdminPersonallyManagerViewModel.cs(50,16): warning CS8618: 鍦ㄩ€€鍑烘瀯閫犲嚱鏁版椂锛屼笉鍙负 null 鐨?瀛楁 "currentAdmin" 蹇呴』鍖呭惈闈?null 鍊笺€傝鑰冭檻娣诲姞 "required" 淇グ绗︽垨灏嗚 瀛楁 澹版槑涓哄彲涓?null銆?[C:\Users\鏉庨暱鎭抃Desktop\姣曚笟璁捐涓湡妫€鏌SIAS2025\2025姣曚笟璁捐\2025姣曚笟璁捐_bau1v4gn_wpftmp.csproj]
C:\Users\鏉庨暱鎭抃Desktop\姣曚笟璁捐涓湡妫€鏌SIAS2025\2025姣曚笟璁捐\ViewModels\EditMessage\PersonnallyManager\AdminPersonallyManagerViewModel.cs(50,16): warning CS8618: 鍦ㄩ€€鍑烘瀯閫犲嚱鏁版椂锛屼笉鍙负 null 鐨?瀛楁 "saveCommand" 蹇呴』鍖呭惈闈?null 鍊笺€傝鑰冭檻娣诲姞 "required" 淇グ绗︽垨灏嗚 瀛楁 澹版槑涓哄彲涓?null銆?[C:\Users\鏉庨暱鎭抃Desktop\姣曚笟璁捐涓湡妫€鏌SIAS2025\2025姣曚笟璁捐\2025姣曚笟璁捐_bau1v4gn_wpftmp.csproj]
C:\Users\鏉庨暱鎭抃Desktop\姣曚笟璁捐涓湡妫€鏌SIAS2025\2025姣曚笟璁捐\ViewModels\EditMessage\PersonnallyManager\AdminPersonallyManagerViewModel.cs(50,16): warning CS8618: 鍦ㄩ€€鍑烘瀯閫犲嚱鏁版椂锛屼笉鍙负 null 鐨?瀛楁 "changeImageCommand" 蹇呴』鍖呭惈闈?null 鍊笺€傝鑰冭檻娣诲姞 "required" 淇グ绗︽垨灏嗚 瀛楁 澹版槑涓哄彲涓?null銆?[C:\Users\鏉庨暱鎭抃Desktop\姣曚笟璁捐涓湡妫€鏌SIAS2025\2025姣曚笟璁捐\2025姣曚笟璁捐_bau1v4gn_wpftmp.csproj]
C:\Users\鏉庨暱鎭抃Desktop\姣曚笟璁捐涓湡妫€鏌SIAS2025\2025姣曚笟璁捐\Common\ConVerterImage.cs(56,24): warning CS8603: 鍙兘杩斿洖 null 寮曠敤銆?[C:\Users\鏉庨暱鎭抃Desktop\姣曚笟璁捐涓湡妫€鏌SIAS2025\2025姣曚笟璁捐\2025姣曚笟璁捐_bau1v4gn_wpftmp.csproj]
C:\Users\鏉庨暱鎭抃Desktop\姣曚笟璁捐涓湡妫€鏌SIAS2025\2025姣曚笟璁捐\Common\SecurityKeys.cs(135,30): warning CS8625: 鏃犳硶灏?null 瀛楅潰閲忚浆鎹负闈?null 鐨勫紩鐢ㄧ被鍨嬨€?[C:\Users\鏉庨暱鎭抃Desktop\姣曚笟璁捐涓湡妫€鏌SIAS2025\2025姣曚笟璁捐\2025姣曚笟璁捐_bau1v4gn_wpftmp.csproj]
C:\Users\鏉庨暱鎭抃Desktop\姣曚笟璁捐涓湡妫€鏌SIAS2025\2025姣曚笟璁捐\Common\SecurityKeys.cs(136,29): warning CS8625: 鏃犳硶灏?null 瀛楅潰閲忚浆鎹负闈?null 鐨勫紩鐢ㄧ被鍨嬨€?[C:\Users\鏉庨暱鎭抃Desktop\姣曚笟璁捐涓湡妫€鏌SIAS2025\2025姣曚笟璁捐\2025姣曚笟璁捐_bau1v4gn_wpftmp.csproj]
C:\Users\鏉庨暱鎭抃Desktop\姣曚笟璁捐涓湡妫€鏌SIAS2025\2025姣曚笟璁捐\Common\SecurityKeys.cs(19,31): warning CS8618: 鍦ㄩ€€鍑烘瀯閫犲嚱鏁版椂锛屼笉鍙负 null 鐨?瀛楁 "_cachedKey" 蹇呴』鍖呭惈闈?null 鍊笺€傝鑰冭檻娣诲姞 "required" 淇グ绗︽垨灏嗚 瀛楁 澹版槑涓哄彲涓?null銆?[C:\Users\鏉庨暱鎭抃Desktop\姣曚笟璁捐涓湡妫€鏌SIAS2025\2025姣曚笟璁捐\2025姣曚笟璁捐_bau1v4gn_wpftmp.csproj]
C:\Users\鏉庨暱鎭抃Desktop\姣曚笟璁捐涓湡妫€鏌SIAS2025\2025姣曚笟璁捐\Common\SecurityKeys.cs(20,31): warning CS8618: 鍦ㄩ€€鍑烘瀯閫犲嚱鏁版椂锛屼笉鍙负 null 鐨?瀛楁 "_cachedIV" 蹇呴』鍖呭惈闈?null 鍊笺€傝鑰冭檻娣诲姞 "required" 淇グ绗︽垨灏嗚 瀛楁 澹版槑涓哄彲涓?null銆?[C:\Users\鏉庨暱鎭抃Desktop\姣曚笟璁捐涓湡妫€鏌SIAS2025\2025姣曚笟璁捐\2025姣曚笟璁捐_bau1v4gn_wpftmp.csproj]
C:\Users\鏉庨暱鎭抃Desktop\姣曚笟璁捐涓湡妫€鏌SIAS2025\2025姣曚笟璁捐\Common\ConVerterImage.cs(72,20): warning CS8603: 鍙兘杩斿洖 null 寮曠敤銆?[C:\Users\鏉庨暱鎭抃Desktop\姣曚笟璁捐涓湡妫€鏌SIAS2025\2025姣曚笟璁捐\2025姣曚笟璁捐_bau1v4gn_wpftmp.csproj]
C:\Users\鏉庨暱鎭抃Desktop\姣曚笟璁捐涓湡妫€鏌SIAS2025\2025姣曚笟璁捐\ViewModels\EditMessage\AwardNominateManager\AddAwardNominateViewModel.cs(26,16): warning CS8618: 鍦ㄩ€€鍑烘瀯閫犲嚱鏁版椂锛屼笉鍙负 null 鐨?瀛楁 "awards" 蹇呴』鍖呭惈闈?null 鍊笺€傝鑰冭檻娣诲姞 "required" 淇グ绗︽垨灏嗚 瀛楁 澹版槑涓哄彲涓?null銆?[C:\Users\鏉庨暱鎭抃Desktop\姣曚笟璁捐涓湡妫€鏌SIAS2025\2025姣曚笟璁捐\2025姣曚笟璁捐_bau1v4gn_wpftmp.csproj]
C:\Users\鏉庨暱鎭抃Desktop\姣曚笟璁捐涓湡妫€鏌SIAS2025\2025姣曚笟璁捐\ViewModels\EditMessage\AwardNominateManager\AddAwardNominateViewModel.cs(26,16): warning CS8618: 鍦ㄩ€€鍑烘瀯閫犲嚱鏁版椂锛屼笉鍙负 null 鐨?瀛楁 "selectedAward" 蹇呴』鍖呭惈闈?null 鍊笺€傝鑰冭檻娣诲姞 "required" 淇グ绗︽垨灏嗚 瀛楁 澹版槑涓哄彲涓?null銆?[C:\Users\鏉庨暱鎭抃Desktop\姣曚笟璁捐涓湡妫€鏌SIAS2025\2025姣曚笟璁捐\2025姣曚笟璁捐_bau1v4gn_wpftmp.csproj]
C:\Users\鏉庨暱鎭抃Desktop\姣曚笟璁捐涓湡妫€鏌SIAS2025\2025姣曚笟璁捐\ViewModels\EditMessage\AwardNominateManager\AddAwardNominateViewModel.cs(26,16): warning CS8618: 鍦ㄩ€€鍑烘瀯閫犲嚱鏁版椂锛屼笉鍙负 null 鐨?瀛楁 "employees" 蹇呴』鍖呭惈闈?null 鍊笺€傝鑰冭檻娣诲姞 "required" 淇グ绗︽垨灏嗚 瀛楁 澹版槑涓哄彲涓?null銆?[C:\Users\鏉庨暱鎭抃Desktop\姣曚笟璁捐涓湡妫€鏌SIAS2025\2025姣曚笟璁捐\2025姣曚笟璁捐_bau1v4gn_wpftmp.csproj]
C:\Users\鏉庨暱鎭抃Desktop\姣曚笟璁捐涓湡妫€鏌SIAS2025\2025姣曚笟璁捐\ViewModels\EditMessage\AwardNominateManager\AddAwardNominateViewModel.cs(26,16): warning CS8618: 鍦ㄩ€€鍑烘瀯閫犲嚱鏁版椂锛屼笉鍙负 null 鐨?瀛楁 "admins" 蹇呴』鍖呭惈闈?null 鍊笺€傝鑰冭檻娣诲姞 "required" 淇グ绗︽垨灏嗚 瀛楁 澹版槑涓哄彲涓?null銆?[C:\Users\鏉庨暱鎭抃Desktop\姣曚笟璁捐涓湡妫€鏌SIAS2025\2025姣曚笟璁捐\2025姣曚笟璁捐_bau1v4gn_wpftmp.csproj]
C:\Users\鏉庨暱鎭抃Desktop\姣曚笟璁捐涓湡妫€鏌SIAS2025\2025姣曚笟璁捐\ViewModels\EditMessage\AwardNominateManager\AddAwardNominateViewModel.cs(26,16): warning CS8618: 鍦ㄩ€€鍑烘瀯閫犲嚱鏁版椂锛屼笉鍙负 null 鐨?瀛楁 "selectedNominee" 蹇呴』鍖呭惈闈?null 鍊笺€傝鑰冭檻娣诲姞 "required" 淇グ绗︽垨灏嗚 瀛楁 澹版槑涓哄彲涓?null銆?[C:\Users\鏉庨暱鎭抃Desktop\姣曚笟璁捐涓湡妫€鏌SIAS2025\2025姣曚笟璁捐\2025姣曚笟璁捐_bau1v4gn_wpftmp.csproj]
C:\Users\鏉庨暱鎭抃Desktop\姣曚笟璁捐涓湡妫€鏌SIAS2025\2025姣曚笟璁捐\ViewModels\EditMessage\AwardNominateManager\AddAwardNominateViewModel.cs(26,16): warning CS8618: 鍦ㄩ€€鍑烘瀯閫犲嚱鏁版椂锛屼笉鍙负 null 鐨?瀛楁 "departmentName" 蹇呴』鍖呭惈闈?null 鍊笺€傝鑰冭檻娣诲姞 "required" 淇グ绗︽垨灏嗚 瀛楁 澹版槑涓哄彲涓?null銆?[C:\Users\鏉庨暱鎭抃Desktop\姣曚笟璁捐涓湡妫€鏌SIAS2025\2025姣曚笟璁捐\2025姣曚笟璁捐_bau1v4gn_wpftmp.csproj]
C:\Users\鏉庨暱鎭抃Desktop\姣曚笟璁捐涓湡妫€鏌SIAS2025\2025姣曚笟璁捐\ViewModels\EditMessage\AwardNominateManager\AddAwardNominateViewModel.cs(26,16): warning CS8618: 鍦ㄩ€€鍑烘瀯閫犲嚱鏁版椂锛屼笉鍙负 null 鐨?瀛楁 "introduction" 蹇呴』鍖呭惈闈?null 鍊笺€傝鑰冭檻娣诲姞 "required" 淇グ绗︽垨灏嗚 瀛楁 澹版槑涓哄彲涓?null銆?[C:\Users\鏉庨暱鎭抃Desktop\姣曚笟璁捐涓湡妫€鏌SIAS2025\2025姣曚笟璁捐\2025姣曚笟璁捐_bau1v4gn_wpftmp.csproj]
C:\Users\鏉庨暱鎭抃Desktop\姣曚笟璁捐涓湡妫€鏌SIAS2025\2025姣曚笟璁捐\ViewModels\EditMessage\AwardNominateManager\AddAwardNominateViewModel.cs(26,16): warning CS8618: 鍦ㄩ€€鍑烘瀯閫犲嚱鏁版椂锛屼笉鍙负 null 鐨?瀛楁 "nominateReason" 蹇呴』鍖呭惈闈?null 鍊笺€傝鑰冭檻娣诲姞 "required" 淇グ绗︽垨灏嗚 瀛楁 澹版槑涓哄彲涓?null銆?[C:\Users\鏉庨暱鎭抃Desktop\姣曚笟璁捐涓湡妫€鏌SIAS2025\2025姣曚笟璁捐\2025姣曚笟璁捐_bau1v4gn_wpftmp.csproj]
C:\Users\鏉庨暱鎭抃Desktop\姣曚笟璁捐涓湡妫€鏌SIAS2025\2025姣曚笟璁捐\ViewModels\EditMessage\AwardNominateManager\AddAwardNominateViewModel.cs(26,16): warning CS8618: 鍦ㄩ€€鍑烘瀯閫犲嚱鏁版椂锛屼笉鍙负 null 鐨?瀛楁 "coverImage" 蹇呴』鍖呭惈闈?null 鍊笺€傝鑰冭檻娣诲姞 "required" 淇グ绗︽垨灏嗚 瀛楁 澹版槑涓哄彲涓?null銆?[C:\Users\鏉庨暱鎭抃Desktop\姣曚笟璁捐涓湡妫€鏌SIAS2025\2025姣曚笟璁捐\2025姣曚笟璁捐_bau1v4gn_wpftmp.csproj]
C:\Users\鏉庨暱鎭抃Desktop\姣曚笟璁捐涓湡妫€鏌SIAS2025\2025姣曚笟璁捐\ViewModels\EditMessage\AwardNominateManager\AddAwardNominateViewModel.cs(26,16): warning CS8618: 鍦ㄩ€€鍑烘瀯閫犲嚱鏁版椂锛屼笉鍙负 null 鐨?瀛楁 "coverImagePreview" 蹇呴』鍖呭惈闈?null 鍊笺€傝鑰冭檻娣诲姞 "required" 淇グ绗︽垨灏嗚 瀛楁 澹版槑涓哄彲涓?null銆?[C:\Users\鏉庨暱鎭抃Desktop\姣曚笟璁捐涓湡妫€鏌SIAS2025\2025姣曚笟璁捐\2025姣曚笟璁捐_bau1v4gn_wpftmp.csproj]
C:\Users\鏉庨暱鎭抃Desktop\姣曚笟璁捐涓湡妫€鏌SIAS2025\2025姣曚笟璁捐\ViewModels\EditMessage\AwardNominateManager\AddAwardNominateViewModel.cs(26,16): warning CS8618: 鍦ㄩ€€鍑烘瀯閫犲嚱鏁版椂锛屼笉鍙负 null 鐨?瀛楁 "saveCommand" 蹇呴』鍖呭惈闈?null 鍊笺€傝鑰冭檻娣诲姞 "required" 淇グ绗︽垨灏嗚 瀛楁 澹版槑涓哄彲涓?null銆?[C:\Users\鏉庨暱鎭抃Desktop\姣曚笟璁捐涓湡妫€鏌SIAS2025\2025姣曚笟璁捐\2025姣曚笟璁捐_bau1v4gn_wpftmp.csproj]
C:\Users\鏉庨暱鎭抃Desktop\姣曚笟璁捐涓湡妫€鏌SIAS2025\2025姣曚笟璁捐\ViewModels\EditMessage\AwardNominateManager\AddAwardNominateViewModel.cs(26,16): warning CS8618: 鍦ㄩ€€鍑烘瀯閫犲嚱鏁版椂锛屼笉鍙负 null 鐨?瀛楁 "cancelCommand" 蹇呴』鍖呭惈闈?null 鍊笺€傝鑰冭檻娣诲姞 "required" 淇グ绗︽垨灏嗚 瀛楁 澹版槑涓哄彲涓?null銆?[C:\Users\鏉庨暱鎭抃Desktop\姣曚笟璁捐涓湡妫€鏌SIAS2025\2025姣曚笟璁捐\2025姣曚笟璁捐_bau1v4gn_wpftmp.csproj]
C:\Users\鏉庨暱鎭抃Desktop\姣曚笟璁捐涓湡妫€鏌SIAS2025\2025姣曚笟璁捐\ViewModels\EditMessage\AwardNominateManager\AddAwardNominateViewModel.cs(26,16): warning CS8618: 鍦ㄩ€€鍑烘瀯閫犲嚱鏁版椂锛屼笉鍙负 null 鐨?瀛楁 "uploadImageCommand" 蹇呴』鍖呭惈闈?null 鍊笺€傝鑰冭檻娣诲姞 "required" 淇グ绗︽垨灏嗚 瀛楁 澹版槑涓哄彲涓?null銆?[C:\Users\鏉庨暱鎭抃Desktop\姣曚笟璁捐涓湡妫€鏌SIAS2025\2025姣曚笟璁捐\2025姣曚笟璁捐_bau1v4gn_wpftmp.csproj]
C:\Users\鏉庨暱鎭抃Desktop\姣曚笟璁捐涓湡妫€鏌SIAS2025\2025姣曚笟璁捐\ViewModels\EditMessage\EmployeeManager\AddEmployeeViewModel.cs(121,16): warning CS8618: 鍦ㄩ€€鍑烘瀯閫犲嚱鏁版椂锛屼笉鍙负 null 鐨?瀛楁 "addEmployee" 蹇呴』鍖呭惈闈?null 鍊笺€傝鑰冭檻娣诲姞 "required" 淇グ绗︽垨灏嗚 瀛楁 澹版槑涓哄彲涓?null銆?[C:\Users\鏉庨暱鎭抃Desktop\姣曚笟璁捐涓湡妫€鏌SIAS2025\2025姣曚笟璁捐\2025姣曚笟璁捐_bau1v4gn_wpftmp.csproj]
C:\Users\鏉庨暱鎭抃Desktop\姣曚笟璁捐涓湡妫€鏌SIAS2025\2025姣曚笟璁捐\ViewModels\EditMessage\EmployeeManager\AddEmployeeViewModel.cs(121,16): warning CS8618: 鍦ㄩ€€鍑烘瀯閫犲嚱鏁版椂锛屼笉鍙负 null 鐨?瀛楁 "employeeName" 蹇呴』鍖呭惈闈?null 鍊笺€傝鑰冭檻娣诲姞 "required" 淇グ绗︽垨灏嗚 瀛楁 澹版槑涓哄彲涓?null銆?[C:\Users\鏉庨暱鎭抃Desktop\姣曚笟璁捐涓湡妫€鏌SIAS2025\2025姣曚笟璁捐\2025姣曚笟璁捐_bau1v4gn_wpftmp.csproj]
C:\Users\鏉庨暱鎭抃Desktop\姣曚笟璁捐涓湡妫€鏌SIAS2025\2025姣曚笟璁捐\ViewModels\EditMessage\EmployeeManager\AddEmployeeViewModel.cs(121,16): warning CS8618: 鍦ㄩ€€鍑烘瀯閫犲嚱鏁版椂锛屼笉鍙负 null 鐨?瀛楁 "departmentNames" 蹇呴』鍖呭惈闈?null 鍊笺€傝鑰冭檻娣诲姞 "required" 淇グ绗︽垨灏嗚 瀛楁 澹版槑涓哄彲涓?null銆?[C:\Users\鏉庨暱鎭抃Desktop\姣曚笟璁捐涓湡妫€鏌SIAS2025\2025姣曚笟璁捐\2025姣曚笟璁捐_bau1v4gn_wpftmp.csproj]
C:\Users\鏉庨暱鎭抃Desktop\姣曚笟璁捐涓湡妫€鏌SIAS2025\2025姣曚笟璁捐\ViewModels\EditMessage\EmployeeManager\AddEmployeeViewModel.cs(121,16): warning CS8618: 鍦ㄩ€€鍑烘瀯閫犲嚱鏁版椂锛屼笉鍙负 null 鐨?瀛楁 "departmentName" 蹇呴』鍖呭惈闈?null 鍊笺€傝鑰冭檻娣诲姞 "required" 淇グ绗︽垨灏嗚 瀛楁 澹版槑涓哄彲涓?null銆?[C:\Users\鏉庨暱鎭抃Desktop\姣曚笟璁捐涓湡妫€鏌SIAS2025\2025姣曚笟璁捐\2025姣曚笟璁捐_bau1v4gn_wpftmp.csproj]
C:\Users\鏉庨暱鎭抃Desktop\姣曚笟璁捐涓湡妫€鏌SIAS2025\2025姣曚笟璁捐\ViewModels\Pages\VoteResultViewModel.cs(80,16): warning CS8618: 鍦ㄩ€€鍑烘瀯閫犲嚱鏁版椂锛屼笉鍙负 null 鐨?瀛楁 "_nominations" 蹇呴』鍖呭惈闈?null 鍊笺€傝鑰冭檻娣诲姞 "required" 淇グ绗︽垨灏嗚 瀛楁 澹版槑涓哄彲涓?null銆?[C:\Users\鏉庨暱鎭抃Desktop\姣曚笟璁捐涓湡妫€鏌SIAS2025\2025姣曚笟璁捐\2025姣曚笟璁捐_bau1v4gn_wpftmp.csproj]
C:\Users\鏉庨暱鎭抃Desktop\姣曚笟璁捐涓湡妫€鏌SIAS2025\2025姣曚笟璁捐\ViewModels\Pages\VoteResultViewModel.cs(80,16): warning CS8618: 鍦ㄩ€€鍑烘瀯閫犲嚱鏁版椂锛屼笉鍙负 null 鐨?瀛楁 "_searchText" 蹇呴』鍖呭惈闈?null 鍊笺€傝鑰冭檻娣诲姞 "required" 淇グ绗︽垨灏嗚 瀛楁 澹版槑涓哄彲涓?null銆?[C:\Users\鏉庨暱鎭抃Desktop\姣曚笟璁捐涓湡妫€鏌SIAS2025\2025姣曚笟璁捐\2025姣曚笟璁捐_bau1v4gn_wpftmp.csproj]
C:\Users\鏉庨暱鎭抃Desktop\姣曚笟璁捐涓湡妫€鏌SIAS2025\2025姣曚笟璁捐\ViewModels\Pages\VoteResultViewModel.cs(80,16): warning CS8618: 鍦ㄩ€€鍑烘瀯閫犲嚱鏁版椂锛屼笉鍙负 null 鐨?瀛楁 "_searchCommand" 蹇呴』鍖呭惈闈?null 鍊笺€傝鑰冭檻娣诲姞 "required" 淇グ绗︽垨灏嗚 瀛楁 澹版槑涓哄彲涓?null銆?[C:\Users\鏉庨暱鎭抃Desktop\姣曚笟璁捐涓湡妫€鏌SIAS2025\2025姣曚笟璁捐\2025姣曚笟璁捐_bau1v4gn_wpftmp.csproj]
C:\Users\鏉庨暱鎭抃Desktop\姣曚笟璁捐涓湡妫€鏌SIAS2025\2025姣曚笟璁捐\ViewModels\Pages\VoteResultViewModel.cs(80,16): warning CS8618: 鍦ㄩ€€鍑烘瀯閫犲嚱鏁版椂锛屼笉鍙负 null 鐨?瀛楁 "_exportResultCommand" 蹇呴』鍖呭惈闈?null 鍊笺€傝鑰冭檻娣诲姞 "required" 淇グ绗︽垨灏嗚 瀛楁 澹版槑涓哄彲涓?null銆?[C:\Users\鏉庨暱鎭抃Desktop\姣曚笟璁捐涓湡妫€鏌SIAS2025\2025姣曚笟璁捐\2025姣曚笟璁捐_bau1v4gn_wpftmp.csproj]
C:\Users\鏉庨暱鎭抃Desktop\姣曚笟璁捐涓湡妫€鏌SIAS2025\2025姣曚笟璁捐\ViewModels\EditMessage\AwardSettingManager\AddAwardSettingViewModel.cs(22,16): warning CS8618: 鍦ㄩ€€鍑烘瀯閫犲嚱鏁版椂锛屼笉鍙负 null 鐨?瀛楁 "addAward" 蹇呴』鍖呭惈闈?null 鍊笺€傝鑰冭檻娣诲姞 "required" 淇グ绗︽垨灏嗚 瀛楁 澹版槑涓哄彲涓?null銆?[C:\Users\鏉庨暱鎭抃Desktop\姣曚笟璁捐涓湡妫€鏌SIAS2025\2025姣曚笟璁捐\2025姣曚笟璁捐_bau1v4gn_wpftmp.csproj]
C:\Users\鏉庨暱鎭抃Desktop\姣曚笟璁捐涓湡妫€鏌SIAS2025\2025姣曚笟璁捐\ViewModels\EditMessage\AwardSettingManager\AddAwardSettingViewModel.cs(22,16): warning CS8618: 鍦ㄩ€€鍑烘瀯閫犲嚱鏁版椂锛屼笉鍙负 null 鐨?瀛楁 "awardName" 蹇呴』鍖呭惈闈?null 鍊笺€傝鑰冭檻娣诲姞 "required" 淇グ绗︽垨灏嗚 瀛楁 澹版槑涓哄彲涓?null銆?[C:\Users\鏉庨暱鎭抃Desktop\姣曚笟璁捐涓湡妫€鏌SIAS2025\2025姣曚笟璁捐\2025姣曚笟璁捐_bau1v4gn_wpftmp.csproj]
C:\Users\鏉庨暱鎭抃Desktop\姣曚笟璁捐涓湡妫€鏌SIAS2025\2025姣曚笟璁捐\ViewModels\EditMessage\AwardSettingManager\AddAwardSettingViewModel.cs(22,16): warning CS8618: 鍦ㄩ€€鍑烘瀯閫犲嚱鏁版椂锛屼笉鍙负 null 鐨?瀛楁 "saveCommand" 蹇呴』鍖呭惈闈?null 鍊笺€傝鑰冭檻娣诲姞 "required" 淇グ绗︽垨灏嗚 瀛楁 澹版槑涓哄彲涓?null銆?[C:\Users\鏉庨暱鎭抃Desktop\姣曚笟璁捐涓湡妫€鏌SIAS2025\2025姣曚笟璁捐\2025姣曚笟璁捐_bau1v4gn_wpftmp.csproj]
C:\Users\鏉庨暱鎭抃Desktop\姣曚笟璁捐涓湡妫€鏌SIAS2025\2025姣曚笟璁捐\ViewModels\EditMessage\AwardSettingManager\AddAwardSettingViewModel.cs(22,16): warning CS8618: 鍦ㄩ€€鍑烘瀯閫犲嚱鏁版椂锛屼笉鍙负 null 鐨?瀛楁 "cancelCommand" 蹇呴』鍖呭惈闈?null 鍊笺€傝鑰冭檻娣诲姞 "required" 淇グ绗︽垨灏嗚 瀛楁 澹版槑涓哄彲涓?null銆?[C:\Users\鏉庨暱鎭抃Desktop\姣曚笟璁捐涓湡妫€鏌SIAS2025\2025姣曚笟璁捐\2025姣曚笟璁捐_bau1v4gn_wpftmp.csproj]
C:\Users\鏉庨暱鎭抃Desktop\姣曚笟璁捐涓湡妫€鏌SIAS2025\2025姣曚笟璁捐\ViewModels\Pages\DepartmentManagerViewModel.cs(35,16): warning CS8618: 鍦ㄩ€€鍑烘瀯閫犲嚱鏁版椂锛屼笉鍙负 null 鐨?瀛楁 "searchBackground" 蹇呴』鍖呭惈闈?null 鍊笺€傝鑰冭檻娣诲姞 "required" 淇グ绗︽垨灏嗚 瀛楁 澹版槑涓哄彲涓?null銆?[C:\Users\鏉庨暱鎭抃Desktop\姣曚笟璁捐涓湡妫€鏌SIAS2025\2025姣曚笟璁捐\2025姣曚笟璁捐_bau1v4gn_wpftmp.csproj]
C:\Users\鏉庨暱鎭抃Desktop\姣曚笟璁捐涓湡妫€鏌SIAS2025\2025姣曚笟璁捐\ViewModels\Pages\DepartmentManagerViewModel.cs(35,16): warning CS8618: 鍦ㄩ€€鍑烘瀯閫犲嚱鏁版椂锛屼笉鍙负 null 鐨?瀛楁 "departments" 蹇呴』鍖呭惈闈?null 鍊笺€傝鑰冭檻娣诲姞 "required" 淇グ绗︽垨灏嗚 瀛楁 澹版槑涓哄彲涓?null銆?[C:\Users\鏉庨暱鎭抃Desktop\姣曚笟璁捐涓湡妫€鏌SIAS2025\2025姣曚笟璁捐\2025姣曚笟璁捐_bau1v4gn_wpftmp.csproj]
C:\Users\鏉庨暱鎭抃Desktop\姣曚笟璁捐涓湡妫€鏌SIAS2025\2025姣曚笟璁捐\ViewModels\Pages\DepartmentManagerViewModel.cs(35,16): warning CS8618: 鍦ㄩ€€鍑烘瀯閫犲嚱鏁版椂锛屼笉鍙负 null 鐨?瀛楁 "tempDepartments" 蹇呴』鍖呭惈闈?null 鍊笺€傝鑰冭檻娣诲姞 "required" 淇グ绗︽垨灏嗚 瀛楁 澹版槑涓哄彲涓?null銆?[C:\Users\鏉庨暱鎭抃Desktop\姣曚笟璁捐涓湡妫€鏌SIAS2025\2025姣曚笟璁捐\2025姣曚笟璁捐_bau1v4gn_wpftmp.csproj]
C:\Users\鏉庨暱鎭抃Desktop\姣曚笟璁捐涓湡妫€鏌SIAS2025\2025姣曚笟璁捐\ViewModels\Pages\DepartmentManagerViewModel.cs(35,16): warning CS8618: 鍦ㄩ€€鍑烘瀯閫犲嚱鏁版椂锛屼笉鍙负 null 鐨?瀛楁 "listViewDepartments" 蹇呴』鍖呭惈闈?null 鍊笺€傝鑰冭檻娣诲姞 "required" 淇グ绗︽垨灏嗚 瀛楁 澹版槑涓哄彲涓?null銆?[C:\Users\鏉庨暱鎭抃Desktop\姣曚笟璁捐涓湡妫€鏌SIAS2025\2025姣曚笟璁捐\2025姣曚笟璁捐_bau1v4gn_wpftmp.csproj]
C:\Users\鏉庨暱鎭抃Desktop\姣曚笟璁捐涓湡妫€鏌SIAS2025\2025姣曚笟璁捐\ViewModels\Pages\DepartmentManagerViewModel.cs(35,16): warning CS8618: 鍦ㄩ€€鍑烘瀯閫犲嚱鏁版椂锛屼笉鍙负 null 鐨?瀛楁 "selectedDepartment" 蹇呴』鍖呭惈闈?null 鍊笺€傝鑰冭檻娣诲姞 "required" 淇グ绗︽垨灏嗚 瀛楁 澹版槑涓哄彲涓?null銆?[C:\Users\鏉庨暱鎭抃Desktop\姣曚笟璁捐涓湡妫€鏌SIAS2025\2025姣曚笟璁捐\2025姣曚笟璁捐_bau1v4gn_wpftmp.csproj]
C:\Users\鏉庨暱鎭抃Desktop\姣曚笟璁捐涓湡妫€鏌SIAS2025\2025姣曚笟璁捐\ViewModels\Pages\DepartmentManagerViewModel.cs(35,16): warning CS8618: 鍦ㄩ€€鍑烘瀯閫犲嚱鏁版椂锛屼笉鍙负 null 鐨?瀛楁 "searchKeyword" 蹇呴』鍖呭惈闈?null 鍊笺€傝鑰冭檻娣诲姞 "required" 淇グ绗︽垨灏嗚 瀛楁 澹版槑涓哄彲涓?null銆?[C:\Users\鏉庨暱鎭抃Desktop\姣曚笟璁捐涓湡妫€鏌SIAS2025\2025姣曚笟璁捐\2025姣曚笟璁捐_bau1v4gn_wpftmp.csproj]
C:\Users\鏉庨暱鎭抃Desktop\姣曚笟璁捐涓湡妫€鏌SIAS2025\2025姣曚笟璁捐\ViewModels\Pages\DepartmentManagerViewModel.cs(35,16): warning CS8618: 鍦ㄩ€€鍑烘瀯閫犲嚱鏁版椂锛屼笉鍙负 null 鐨?瀛楁 "pageSizeOptions" 蹇呴』鍖呭惈闈?null 鍊笺€傝鑰冭檻娣诲姞 "required" 淇グ绗︽垨灏嗚 瀛楁 澹版槑涓哄彲涓?null銆?[C:\Users\鏉庨暱鎭抃Desktop\姣曚笟璁捐涓湡妫€鏌SIAS2025\2025姣曚笟璁捐\2025姣曚笟璁捐_bau1v4gn_wpftmp.csproj]
C:\Users\鏉庨暱鎭抃Desktop\姣曚笟璁捐涓湡妫€鏌SIAS2025\2025姣曚笟璁捐\ViewModels\Pages\DepartmentManagerViewModel.cs(35,16): warning CS8618: 鍦ㄩ€€鍑烘瀯閫犲嚱鏁版椂锛屼笉鍙负 null 鐨?瀛楁 "searchText" 蹇呴』鍖呭惈闈?null 鍊笺€傝鑰冭檻娣诲姞 "required" 淇グ绗︽垨灏嗚 瀛楁 澹版槑涓哄彲涓?null銆?[C:\Users\鏉庨暱鎭抃Desktop\姣曚笟璁捐涓湡妫€鏌SIAS2025\2025姣曚笟璁捐\2025姣曚笟璁捐_bau1v4gn_wpftmp.csproj]
C:\Users\鏉庨暱鎭抃Desktop\姣曚笟璁捐涓湡妫€鏌SIAS2025\2025姣曚笟璁捐\ViewModels\Pages\DepartmentManagerViewModel.cs(35,16): warning CS8618: 鍦ㄩ€€鍑烘瀯閫犲嚱鏁版椂锛屼笉鍙负 null 鐨?瀛楁 "pageSizeChangedCommand" 蹇呴』鍖呭惈闈?null 鍊笺€傝鑰冭檻娣诲姞 "required" 淇グ绗︽垨灏嗚 瀛楁 澹版槑涓哄彲涓?null銆?[C:\Users\鏉庨暱鎭抃Desktop\姣曚笟璁捐涓湡妫€鏌SIAS2025\2025姣曚笟璁捐\2025姣曚笟璁捐_bau1v4gn_wpftmp.csproj]
C:\Users\鏉庨暱鎭抃Desktop\姣曚笟璁捐涓湡妫€鏌SIAS2025\2025姣曚笟璁捐\ViewModels\Pages\DepartmentManagerViewModel.cs(35,16): warning CS8618: 鍦ㄩ€€鍑烘瀯閫犲嚱鏁版椂锛屼笉鍙负 null 鐨?瀛楁 "previousPageCommand" 蹇呴』鍖呭惈闈?null 鍊笺€傝鑰冭檻娣诲姞 "required" 淇グ绗︽垨灏嗚 瀛楁 澹版槑涓哄彲涓?null銆?[C:\Users\鏉庨暱鎭抃Desktop\姣曚笟璁捐涓湡妫€鏌SIAS2025\2025姣曚笟璁捐\2025姣曚笟璁捐_bau1v4gn_wpftmp.csproj]
C:\Users\鏉庨暱鎭抃Desktop\姣曚笟璁捐涓湡妫€鏌SIAS2025\2025姣曚笟璁捐\ViewModels\Pages\DepartmentManagerViewModel.cs(35,16): warning CS8618: 鍦ㄩ€€鍑烘瀯閫犲嚱鏁版椂锛屼笉鍙负 null 鐨?瀛楁 "nextPageCommand" 蹇呴』鍖呭惈闈?null 鍊笺€傝鑰冭檻娣诲姞 "required" 淇グ绗︽垨灏嗚 瀛楁 澹版槑涓哄彲涓?null銆?[C:\Users\鏉庨暱鎭抃Desktop\姣曚笟璁捐涓湡妫€鏌SIAS2025\2025姣曚笟璁捐\2025姣曚笟璁捐_bau1v4gn_wpftmp.csproj]
C:\Users\鏉庨暱鎭抃Desktop\姣曚笟璁捐涓湡妫€鏌SIAS2025\2025姣曚笟璁捐\ViewModels\Pages\DepartmentManagerViewModel.cs(35,16): warning CS8618: 鍦ㄩ€€鍑烘瀯閫犲嚱鏁版椂锛屼笉鍙负 null 鐨?瀛楁 "jumpPageCommand" 蹇呴』鍖呭惈闈?null 鍊笺€傝鑰冭檻娣诲姞 "required" 淇グ绗︽垨灏嗚 瀛楁 澹版槑涓哄彲涓?null銆?[C:\Users\鏉庨暱鎭抃Desktop\姣曚笟璁捐涓湡妫€鏌SIAS2025\2025姣曚笟璁捐\2025姣曚笟璁捐_bau1v4gn_wpftmp.csproj]
C:\Users\鏉庨暱鎭抃Desktop\姣曚笟璁捐涓湡妫€鏌SIAS2025\2025姣曚笟璁捐\ViewModels\Pages\AwardSettingViewModel.cs(36,16): warning CS8618: 鍦ㄩ€€鍑烘瀯閫犲嚱鏁版椂锛屼笉鍙负 null 鐨?瀛楁 "searchKeyword" 蹇呴』鍖呭惈闈?null 鍊笺€傝鑰冭檻娣诲姞 "required" 淇グ绗︽垨灏嗚 瀛楁 澹版槑涓哄彲涓?null銆?[C:\Users\鏉庨暱鎭抃Desktop\姣曚笟璁捐涓湡妫€鏌SIAS2025\2025姣曚笟璁捐\2025姣曚笟璁捐_bau1v4gn_wpftmp.csproj]
C:\Users\鏉庨暱鎭抃Desktop\姣曚笟璁捐涓湡妫€鏌SIAS2025\2025姣曚笟璁捐\ViewModels\Pages\AwardSettingViewModel.cs(36,16): warning CS8618: 鍦ㄩ€€鍑烘瀯閫犲嚱鏁版椂锛屼笉鍙负 null 鐨?瀛楁 "selectedAwardSetting" 蹇呴』鍖呭惈闈?null 鍊笺€傝鑰冭檻娣诲姞 "required" 淇グ绗︽垨灏嗚 瀛楁 澹版槑涓哄彲涓?null銆?[C:\Users\鏉庨暱鎭抃Desktop\姣曚笟璁捐涓湡妫€鏌SIAS2025\2025姣曚笟璁捐\2025姣曚笟璁捐_bau1v4gn_wpftmp.csproj]
C:\Users\鏉庨暱鎭抃Desktop\姣曚笟璁捐涓湡妫€鏌SIAS2025\2025姣曚笟璁捐\ViewModels\Pages\AwardSettingViewModel.cs(36,16): warning CS8618: 鍦ㄩ€€鍑烘瀯閫犲嚱鏁版椂锛屼笉鍙负 null 鐨?瀛楁 "awardSettings" 蹇呴』鍖呭惈闈?null 鍊笺€傝鑰冭檻娣诲姞 "required" 淇グ绗︽垨灏嗚 瀛楁 澹版槑涓哄彲涓?null銆?[C:\Users\鏉庨暱鎭抃Desktop\姣曚笟璁捐涓湡妫€鏌SIAS2025\2025姣曚笟璁捐\2025姣曚笟璁捐_bau1v4gn_wpftmp.csproj]
C:\Users\鏉庨暱鎭抃Desktop\姣曚笟璁捐涓湡妫€鏌SIAS2025\2025姣曚笟璁捐\ViewModels\Pages\AwardSettingViewModel.cs(36,16): warning CS8618: 鍦ㄩ€€鍑烘瀯閫犲嚱鏁版椂锛屼笉鍙负 null 鐨?瀛楁 "tempAwardSettings" 蹇呴』鍖呭惈闈?null 鍊笺€傝鑰冭檻娣诲姞 "required" 淇グ绗︽垨灏嗚 瀛楁 澹版槑涓哄彲涓?null銆?[C:\Users\鏉庨暱鎭抃Desktop\姣曚笟璁捐涓湡妫€鏌SIAS2025\2025姣曚笟璁捐\2025姣曚笟璁捐_bau1v4gn_wpftmp.csproj]
C:\Users\鏉庨暱鎭抃Desktop\姣曚笟璁捐涓湡妫€鏌SIAS2025\2025姣曚笟璁捐\ViewModels\Pages\AwardSettingViewModel.cs(36,16): warning CS8618: 鍦ㄩ€€鍑烘瀯閫犲嚱鏁版椂锛屼笉鍙负 null 鐨?瀛楁 "listViewAwardSettings" 蹇呴』鍖呭惈闈?null 鍊笺€傝鑰冭檻娣诲姞 "required" 淇グ绗︽垨灏嗚 瀛楁 澹版槑涓哄彲涓?null銆?[C:\Users\鏉庨暱鎭抃Desktop\姣曚笟璁捐涓湡妫€鏌SIAS2025\2025姣曚笟璁捐\2025姣曚笟璁捐_bau1v4gn_wpftmp.csproj]
C:\Users\鏉庨暱鎭抃Desktop\姣曚笟璁捐涓湡妫€鏌SIAS2025\2025姣曚笟璁捐\ViewModels\Pages\AwardSettingViewModel.cs(36,16): warning CS8618: 鍦ㄩ€€鍑烘瀯閫犲嚱鏁版椂锛屼笉鍙负 null 鐨?瀛楁 "searchBackground" 蹇呴』鍖呭惈闈?null 鍊笺€傝鑰冭檻娣诲姞 "required" 淇グ绗︽垨灏嗚 瀛楁 澹版槑涓哄彲涓?null銆?[C:\Users\鏉庨暱鎭抃Desktop\姣曚笟璁捐涓湡妫€鏌SIAS2025\2025姣曚笟璁捐\2025姣曚笟璁捐_bau1v4gn_wpftmp.csproj]
C:\Users\鏉庨暱鎭抃Desktop\姣曚笟璁捐涓湡妫€鏌SIAS2025\2025姣曚笟璁捐\ViewModels\Pages\AwardSettingViewModel.cs(36,16): warning CS8618: 鍦ㄩ€€鍑烘瀯閫犲嚱鏁版椂锛屼笉鍙负 null 鐨?瀛楁 "exportDataCommand" 蹇呴』鍖呭惈闈?null 鍊笺€傝鑰冭檻娣诲姞 "required" 淇グ绗︽垨灏嗚 瀛楁 澹版槑涓哄彲涓?null銆?[C:\Users\鏉庨暱鎭抃Desktop\姣曚笟璁捐涓湡妫€鏌SIAS2025\2025姣曚笟璁捐\2025姣曚笟璁捐_bau1v4gn_wpftmp.csproj]
C:\Users\鏉庨暱鎭抃Desktop\姣曚笟璁捐涓湡妫€鏌SIAS2025\2025姣曚笟璁捐\ViewModels\Pages\AwardSettingViewModel.cs(36,16): warning CS8618: 鍦ㄩ€€鍑烘瀯閫犲嚱鏁版椂锛屼笉鍙负 null 鐨?瀛楁 "pageSizeOptions" 蹇呴』鍖呭惈闈?null 鍊笺€傝鑰冭檻娣诲姞 "required" 淇グ绗︽垨灏嗚 瀛楁 澹版槑涓哄彲涓?null銆?[C:\Users\鏉庨暱鎭抃Desktop\姣曚笟璁捐涓湡妫€鏌SIAS2025\2025姣曚笟璁捐\2025姣曚笟璁捐_bau1v4gn_wpftmp.csproj]
C:\Users\鏉庨暱鎭抃Desktop\姣曚笟璁捐涓湡妫€鏌SIAS2025\2025姣曚笟璁捐\ViewModels\Pages\AwardSettingViewModel.cs(36,16): warning CS8618: 鍦ㄩ€€鍑烘瀯閫犲嚱鏁版椂锛屼笉鍙负 null 鐨?瀛楁 "searchText" 蹇呴』鍖呭惈闈?null 鍊笺€傝鑰冭檻娣诲姞 "required" 淇グ绗︽垨灏嗚 瀛楁 澹版槑涓哄彲涓?null銆?[C:\Users\鏉庨暱鎭抃Desktop\姣曚笟璁捐涓湡妫€鏌SIAS2025\2025姣曚笟璁捐\2025姣曚笟璁捐_bau1v4gn_wpftmp.csproj]
C:\Users\鏉庨暱鎭抃Desktop\姣曚笟璁捐涓湡妫€鏌SIAS2025\2025姣曚笟璁捐\ViewModels\Pages\AwardSettingViewModel.cs(36,16): warning CS8618: 鍦ㄩ€€鍑烘瀯閫犲嚱鏁版椂锛屼笉鍙负 null 鐨?瀛楁 "previousPageCommand" 蹇呴』鍖呭惈闈?null 鍊笺€傝鑰冭檻娣诲姞 "required" 淇グ绗︽垨灏嗚 瀛楁 澹版槑涓哄彲涓?null銆?[C:\Users\鏉庨暱鎭抃Desktop\姣曚笟璁捐涓湡妫€鏌SIAS2025\2025姣曚笟璁捐\2025姣曚笟璁捐_bau1v4gn_wpftmp.csproj]
C:\Users\鏉庨暱鎭抃Desktop\姣曚笟璁捐涓湡妫€鏌SIAS2025\2025姣曚笟璁捐\ViewModels\Pages\AwardSettingViewModel.cs(36,16): warning CS8618: 鍦ㄩ€€鍑烘瀯閫犲嚱鏁版椂锛屼笉鍙负 null 鐨?瀛楁 "nextPageCommand" 蹇呴』鍖呭惈闈?null 鍊笺€傝鑰冭檻娣诲姞 "required" 淇グ绗︽垨灏嗚 瀛楁 澹版槑涓哄彲涓?null銆?[C:\Users\鏉庨暱鎭抃Desktop\姣曚笟璁捐涓湡妫€鏌SIAS2025\2025姣曚笟璁捐\2025姣曚笟璁捐_bau1v4gn_wpftmp.csproj]
C:\Users\鏉庨暱鎭抃Desktop\姣曚笟璁捐涓湡妫€鏌SIAS2025\2025姣曚笟璁捐\ViewModels\Pages\AwardSettingViewModel.cs(36,16): warning CS8618: 鍦ㄩ€€鍑烘瀯閫犲嚱鏁版椂锛屼笉鍙负 null 鐨?瀛楁 "jumpPageCommand" 蹇呴』鍖呭惈闈?null 鍊笺€傝鑰冭檻娣诲姞 "required" 淇グ绗︽垨灏嗚 瀛楁 澹版槑涓哄彲涓?null銆?[C:\Users\鏉庨暱鎭抃Desktop\姣曚笟璁捐涓湡妫€鏌SIAS2025\2025姣曚笟璁捐\2025姣曚笟璁捐_bau1v4gn_wpftmp.csproj]
C:\Users\鏉庨暱鎭抃Desktop\姣曚笟璁捐涓湡妫€鏌SIAS2025\2025姣曚笟璁捐\ViewModels\Pages\AwardSettingViewModel.cs(36,16): warning CS8618: 鍦ㄩ€€鍑烘瀯閫犲嚱鏁版椂锛屼笉鍙负 null 鐨?瀛楁 "pageSizeChangedCommand" 蹇呴』鍖呭惈闈?null 鍊笺€傝鑰冭檻娣诲姞 "required" 淇グ绗︽垨灏嗚 瀛楁 澹版槑涓哄彲涓?null銆?[C:\Users\鏉庨暱鎭抃Desktop\姣曚笟璁捐涓湡妫€鏌SIAS2025\2025姣曚笟璁捐\2025姣曚笟璁捐_bau1v4gn_wpftmp.csproj]
C:\Users\鏉庨暱鎭抃Desktop\姣曚笟璁捐涓湡妫€鏌SIAS2025\2025姣曚笟璁捐\ViewModels\EditMessage\AwardSettingManager\EditAwardSettingViewModel.cs(124,35): warning CS8601: 鍙兘鐨?null 寮曠敤璧嬪€笺€?[C:\Users\鏉庨暱鎭抃Desktop\姣曚笟璁捐涓湡妫€鏌SIAS2025\2025姣曚笟璁捐\2025姣曚笟璁捐_bau1v4gn_wpftmp.csproj]
C:\Users\鏉庨暱鎭抃Desktop\姣曚笟璁捐涓湡妫€鏌SIAS2025\2025姣曚笟璁捐\ViewModels\Pages\VoteEntranceViewModel.cs(55,21): warning CS4014: 鐢变簬姝よ皟鐢ㄤ笉浼氱瓑寰咃紝鍥犳鍦ㄦ璋冪敤瀹屾垚涔嬪墠灏嗕細缁х画鎵ц褰撳墠鏂规硶銆傝鑰冭檻灏?"await" 杩愮畻绗﹀簲鐢ㄤ簬璋冪敤缁撴灉銆?[C:\Users\鏉庨暱鎭抃Desktop\姣曚笟璁捐涓湡妫€鏌SIAS2025\2025姣曚笟璁捐\2025姣曚笟璁捐_bau1v4gn_wpftmp.csproj]
C:\Users\鏉庨暱鎭抃Desktop\姣曚笟璁捐涓湡妫€鏌SIAS2025\2025姣曚笟璁捐\ViewModels\Pages\VoteEntranceViewModel.cs(58,21): warning CS4014: 鐢变簬姝よ皟鐢ㄤ笉浼氱瓑寰咃紝鍥犳鍦ㄦ璋冪敤瀹屾垚涔嬪墠灏嗕細缁х画鎵ц褰撳墠鏂规硶銆傝鑰冭檻灏?"await" 杩愮畻绗﹀簲鐢ㄤ簬璋冪敤缁撴灉銆?[C:\Users\鏉庨暱鎭抃Desktop\姣曚笟璁捐涓湡妫€鏌SIAS2025\2025姣曚笟璁捐\2025姣曚笟璁捐_bau1v4gn_wpftmp.csproj]
C:\Users\鏉庨暱鎭抃Desktop\姣曚笟璁捐涓湡妫€鏌SIAS2025\2025姣曚笟璁捐\ViewModels\Pages\AwardNominateViewModel.cs(37,16): warning CS8618: 鍦ㄩ€€鍑烘瀯閫犲嚱鏁版椂锛屼笉鍙负 null 鐨?瀛楁 "searchKeyword" 蹇呴』鍖呭惈闈?null 鍊笺€傝鑰冭檻娣诲姞 "required" 淇グ绗︽垨灏嗚 瀛楁 澹版槑涓哄彲涓?null銆?[C:\Users\鏉庨暱鎭抃Desktop\姣曚笟璁捐涓湡妫€鏌SIAS2025\2025姣曚笟璁捐\2025姣曚笟璁捐_bau1v4gn_wpftmp.csproj]
C:\Users\鏉庨暱鎭抃Desktop\姣曚笟璁捐涓湡妫€鏌SIAS2025\2025姣曚笟璁捐\ViewModels\Pages\AwardNominateViewModel.cs(37,16): warning CS8618: 鍦ㄩ€€鍑烘瀯閫犲嚱鏁版椂锛屼笉鍙负 null 鐨?瀛楁 "nominates" 蹇呴』鍖呭惈闈?null 鍊笺€傝鑰冭檻娣诲姞 "required" 淇グ绗︽垨灏嗚 瀛楁 澹版槑涓哄彲涓?null銆?[C:\Users\鏉庨暱鎭抃Desktop\姣曚笟璁捐涓湡妫€鏌SIAS2025\2025姣曚笟璁捐\2025姣曚笟璁捐_bau1v4gn_wpftmp.csproj]
C:\Users\鏉庨暱鎭抃Desktop\姣曚笟璁捐涓湡妫€鏌SIAS2025\2025姣曚笟璁捐\ViewModels\Pages\AwardNominateViewModel.cs(37,16): warning CS8618: 鍦ㄩ€€鍑烘瀯閫犲嚱鏁版椂锛屼笉鍙负 null 鐨?瀛楁 "tempViewNominates" 蹇呴』鍖呭惈闈?null 鍊笺€傝鑰冭檻娣诲姞 "required" 淇グ绗︽垨灏嗚 瀛楁 澹版槑涓哄彲涓?null銆?[C:\Users\鏉庨暱鎭抃Desktop\姣曚笟璁捐涓湡妫€鏌SIAS2025\2025姣曚笟璁捐\2025姣曚笟璁捐_bau1v4gn_wpftmp.csproj]
C:\Users\鏉庨暱鎭抃Desktop\姣曚笟璁捐涓湡妫€鏌SIAS2025\2025姣曚笟璁捐\ViewModels\Pages\AwardNominateViewModel.cs(37,16): warning CS8618: 鍦ㄩ€€鍑烘瀯閫犲嚱鏁版椂锛屼笉鍙负 null 鐨?瀛楁 "listViewNominates" 蹇呴』鍖呭惈闈?null 鍊笺€傝鑰冭檻娣诲姞 "required" 淇グ绗︽垨灏嗚 瀛楁 澹版槑涓哄彲涓?null銆?[C:\Users\鏉庨暱鎭抃Desktop\姣曚笟璁捐涓湡妫€鏌SIAS2025\2025姣曚笟璁捐\2025姣曚笟璁捐_bau1v4gn_wpftmp.csproj]
C:\Users\鏉庨暱鎭抃Desktop\姣曚笟璁捐涓湡妫€鏌SIAS2025\2025姣曚笟璁捐\ViewModels\Pages\AwardNominateViewModel.cs(37,16): warning CS8618: 鍦ㄩ€€鍑烘瀯閫犲嚱鏁版椂锛屼笉鍙负 null 鐨?瀛楁 "selectedNominate" 蹇呴』鍖呭惈闈?null 鍊笺€傝鑰冭檻娣诲姞 "required" 淇グ绗︽垨灏嗚 瀛楁 澹版槑涓哄彲涓?null銆?[C:\Users\鏉庨暱鎭抃Desktop\姣曚笟璁捐涓湡妫€鏌SIAS2025\2025姣曚笟璁捐\2025姣曚笟璁捐_bau1v4gn_wpftmp.csproj]
C:\Users\鏉庨暱鎭抃Desktop\姣曚笟璁捐涓湡妫€鏌SIAS2025\2025姣曚笟璁捐\ViewModels\Pages\AwardNominateViewModel.cs(37,16): warning CS8618: 鍦ㄩ€€鍑烘瀯閫犲嚱鏁版椂锛屼笉鍙负 null 鐨?瀛楁 "searchBackground" 蹇呴』鍖呭惈闈?null 鍊笺€傝鑰冭檻娣诲姞 "required" 淇グ绗︽垨灏嗚 瀛楁 澹版槑涓哄彲涓?null銆?[C:\Users\鏉庨暱鎭抃Desktop\姣曚笟璁捐涓湡妫€鏌SIAS2025\2025姣曚笟璁捐\2025姣曚笟璁捐_bau1v4gn_wpftmp.csproj]
C:\Users\鏉庨暱鎭抃Desktop\姣曚笟璁捐涓湡妫€鏌SIAS2025\2025姣曚笟璁捐\ViewModels\Pages\AwardNominateViewModel.cs(37,16): warning CS8618: 鍦ㄩ€€鍑烘瀯閫犲嚱鏁版椂锛屼笉鍙负 null 鐨?瀛楁 "exportDataCommand" 蹇呴』鍖呭惈闈?null 鍊笺€傝鑰冭檻娣诲姞 "required" 淇グ绗︽垨灏嗚 瀛楁 澹版槑涓哄彲涓?null銆?[C:\Users\鏉庨暱鎭抃Desktop\姣曚笟璁捐涓湡妫€鏌SIAS2025\2025姣曚笟璁捐\2025姣曚笟璁捐_bau1v4gn_wpftmp.csproj]
C:\Users\鏉庨暱鎭抃Desktop\姣曚笟璁捐涓湡妫€鏌SIAS2025\2025姣曚笟璁捐\ViewModels\Pages\AwardNominateViewModel.cs(37,16): warning CS8618: 鍦ㄩ€€鍑烘瀯閫犲嚱鏁版椂锛屼笉鍙负 null 鐨?瀛楁 "pageSizeOptions" 蹇呴』鍖呭惈闈?null 鍊笺€傝鑰冭檻娣诲姞 "required" 淇グ绗︽垨灏嗚 瀛楁 澹版槑涓哄彲涓?null銆?[C:\Users\鏉庨暱鎭抃Desktop\姣曚笟璁捐涓湡妫€鏌SIAS2025\2025姣曚笟璁捐\2025姣曚笟璁捐_bau1v4gn_wpftmp.csproj]
C:\Users\鏉庨暱鎭抃Desktop\姣曚笟璁捐涓湡妫€鏌SIAS2025\2025姣曚笟璁捐\ViewModels\Pages\AwardNominateViewModel.cs(37,16): warning CS8618: 鍦ㄩ€€鍑烘瀯閫犲嚱鏁版椂锛屼笉鍙负 null 鐨?瀛楁 "searchText" 蹇呴』鍖呭惈闈?null 鍊笺€傝鑰冭檻娣诲姞 "required" 淇グ绗︽垨灏嗚 瀛楁 澹版槑涓哄彲涓?null銆?[C:\Users\鏉庨暱鎭抃Desktop\姣曚笟璁捐涓湡妫€鏌SIAS2025\2025姣曚笟璁捐\2025姣曚笟璁捐_bau1v4gn_wpftmp.csproj]
C:\Users\鏉庨暱鎭抃Desktop\姣曚笟璁捐涓湡妫€鏌SIAS2025\2025姣曚笟璁捐\ViewModels\Pages\AwardNominateViewModel.cs(37,16): warning CS8618: 鍦ㄩ€€鍑烘瀯閫犲嚱鏁版椂锛屼笉鍙负 null 鐨?瀛楁 "previousPageCommand" 蹇呴』鍖呭惈闈?null 鍊笺€傝鑰冭檻娣诲姞 "required" 淇グ绗︽垨灏嗚 瀛楁 澹版槑涓哄彲涓?null銆?[C:\Users\鏉庨暱鎭抃Desktop\姣曚笟璁捐涓湡妫€鏌SIAS2025\2025姣曚笟璁捐\2025姣曚笟璁捐_bau1v4gn_wpftmp.csproj]
C:\Users\鏉庨暱鎭抃Desktop\姣曚笟璁捐涓湡妫€鏌SIAS2025\2025姣曚笟璁捐\ViewModels\Pages\AwardNominateViewModel.cs(37,16): warning CS8618: 鍦ㄩ€€鍑烘瀯閫犲嚱鏁版椂锛屼笉鍙负 null 鐨?瀛楁 "nextPageCommand" 蹇呴』鍖呭惈闈?null 鍊笺€傝鑰冭檻娣诲姞 "required" 淇グ绗︽垨灏嗚 瀛楁 澹版槑涓哄彲涓?null銆?[C:\Users\鏉庨暱鎭抃Desktop\姣曚笟璁捐涓湡妫€鏌SIAS2025\2025姣曚笟璁捐\2025姣曚笟璁捐_bau1v4gn_wpftmp.csproj]
C:\Users\鏉庨暱鎭抃Desktop\姣曚笟璁捐涓湡妫€鏌SIAS2025\2025姣曚笟璁捐\ViewModels\Pages\AwardNominateViewModel.cs(37,16): warning CS8618: 鍦ㄩ€€鍑烘瀯閫犲嚱鏁版椂锛屼笉鍙负 null 鐨?瀛楁 "jumpPageCommand" 蹇呴』鍖呭惈闈?null 鍊笺€傝鑰冭檻娣诲姞 "required" 淇グ绗︽垨灏嗚 瀛楁 澹版槑涓哄彲涓?null銆?[C:\Users\鏉庨暱鎭抃Desktop\姣曚笟璁捐涓湡妫€鏌SIAS2025\2025姣曚笟璁捐\2025姣曚笟璁捐_bau1v4gn_wpftmp.csproj]
C:\Users\鏉庨暱鎭抃Desktop\姣曚笟璁捐涓湡妫€鏌SIAS2025\2025姣曚笟璁捐\ViewModels\Pages\AwardNominateViewModel.cs(37,16): warning CS8618: 鍦ㄩ€€鍑烘瀯閫犲嚱鏁版椂锛屼笉鍙负 null 鐨?瀛楁 "pageSizeChangedCommand" 蹇呴』鍖呭惈闈?null 鍊笺€傝鑰冭檻娣诲姞 "required" 淇グ绗︽垨灏嗚 瀛楁 澹版槑涓哄彲涓?null銆?[C:\Users\鏉庨暱鎭抃Desktop\姣曚笟璁捐涓湡妫€鏌SIAS2025\2025姣曚笟璁捐\2025姣曚笟璁捐_bau1v4gn_wpftmp.csproj]
C:\Users\鏉庨暱鎭抃Desktop\姣曚笟璁捐涓湡妫€鏌SIAS2025\2025姣曚笟璁捐\Converter\DateFormatConverter.cs(32,20): warning CS8603: 鍙兘杩斿洖 null 寮曠敤銆?[C:\Users\鏉庨暱鎭抃Desktop\姣曚笟璁捐涓湡妫€鏌SIAS2025\2025姣曚笟璁捐\2025姣曚笟璁捐_bau1v4gn_wpftmp.csproj]
C:\Users\鏉庨暱鎭抃Desktop\姣曚笟璁捐涓湡妫€鏌SIAS2025\2025姣曚笟璁捐\Converter\VoteEntranceConverter.cs(35,24): warning CS8603: 鍙兘杩斿洖 null 寮曠敤銆?[C:\Users\鏉庨暱鎭抃Desktop\姣曚笟璁捐涓湡妫€鏌SIAS2025\2025姣曚笟璁捐\2025姣曚笟璁捐_bau1v4gn_wpftmp.csproj]
C:\Users\鏉庨暱鎭抃Desktop\姣曚笟璁捐涓湡妫€鏌SIAS2025\2025姣曚笟璁捐\Converter\VoteEntranceConverter.cs(60,24): warning CS8603: 鍙兘杩斿洖 null 寮曠敤銆?[C:\Users\鏉庨暱鎭抃Desktop\姣曚笟璁捐涓湡妫€鏌SIAS2025\2025姣曚笟璁捐\2025姣曚笟璁捐_bau1v4gn_wpftmp.csproj]
C:\Users\鏉庨暱鎭抃Desktop\姣曚笟璁捐涓湡妫€鏌SIAS2025\2025姣曚笟璁捐\Services\AdminService.cs(35,20): warning CS8619: 绫诲瀷鈥淭ask<Admin?>鈥濈殑鍊间腑寮曠敤绫诲瀷鐨勪负 Null 鎬т笌鐩爣绫诲瀷鈥淭ask<Admin>鈥濅笉鍖归厤銆?[C:\Users\鏉庨暱鎭抃Desktop\姣曚笟璁捐涓湡妫€鏌SIAS2025\2025姣曚笟璁捐\2025姣曚笟璁捐_bau1v4gn_wpftmp.csproj]
C:\Users\鏉庨暱鎭抃Desktop\姣曚笟璁捐涓湡妫€鏌SIAS2025\2025姣曚笟璁捐\ViewModels\Pages\EmployeeManagerViewModel.cs(38,16): warning CS8618: 鍦ㄩ€€鍑烘瀯閫犲嚱鏁版椂锛屼笉鍙负 null 鐨?瀛楁 "status" 蹇呴』鍖呭惈闈?null 鍊笺€傝鑰冭檻娣诲姞 "required" 淇グ绗︽垨灏嗚 瀛楁 澹版槑涓哄彲涓?null銆?[C:\Users\鏉庨暱鎭抃Desktop\姣曚笟璁捐涓湡妫€鏌SIAS2025\2025姣曚笟璁捐\2025姣曚笟璁捐_bau1v4gn_wpftmp.csproj]
C:\Users\鏉庨暱鎭抃Desktop\姣曚笟璁捐涓湡妫€鏌SIAS2025\2025姣曚笟璁捐\ViewModels\Pages\EmployeeManagerViewModel.cs(38,16): warning CS8618: 鍦ㄩ€€鍑烘瀯閫犲嚱鏁版椂锛屼笉鍙负 null 鐨?瀛楁 "searchBackground" 蹇呴』鍖呭惈闈?null 鍊笺€傝鑰冭檻娣诲姞 "required" 淇グ绗︽垨灏嗚 瀛楁 澹版槑涓哄彲涓?null銆?[C:\Users\鏉庨暱鎭抃Desktop\姣曚笟璁捐涓湡妫€鏌SIAS2025\2025姣曚笟璁捐\2025姣曚笟璁捐_bau1v4gn_wpftmp.csproj]
C:\Users\鏉庨暱鎭抃Desktop\姣曚笟璁捐涓湡妫€鏌SIAS2025\2025姣曚笟璁捐\ViewModels\Pages\EmployeeManagerViewModel.cs(38,16): warning CS8618: 鍦ㄩ€€鍑烘瀯閫犲嚱鏁版椂锛屼笉鍙负 null 鐨?瀛楁 "employees" 蹇呴』鍖呭惈闈?null 鍊笺€傝鑰冭檻娣诲姞 "required" 淇グ绗︽垨灏嗚 瀛楁 澹版槑涓哄彲涓?null銆?[C:\Users\鏉庨暱鎭抃Desktop\姣曚笟璁捐涓湡妫€鏌SIAS2025\2025姣曚笟璁捐\2025姣曚笟璁捐_bau1v4gn_wpftmp.csproj]
C:\Users\鏉庨暱鎭抃Desktop\姣曚笟璁捐涓湡妫€鏌SIAS2025\2025姣曚笟璁捐\ViewModels\Pages\EmployeeManagerViewModel.cs(38,16): warning CS8618: 鍦ㄩ€€鍑烘瀯閫犲嚱鏁版椂锛屼笉鍙负 null 鐨?瀛楁 "tempEmployees" 蹇呴』鍖呭惈闈?null 鍊笺€傝鑰冭檻娣诲姞 "required" 淇グ绗︽垨灏嗚 瀛楁 澹版槑涓哄彲涓?null銆?[C:\Users\鏉庨暱鎭抃Desktop\姣曚笟璁捐涓湡妫€鏌SIAS2025\2025姣曚笟璁捐\2025姣曚笟璁捐_bau1v4gn_wpftmp.csproj]
C:\Users\鏉庨暱鎭抃Desktop\姣曚笟璁捐涓湡妫€鏌SIAS2025\2025姣曚笟璁捐\ViewModels\Pages\EmployeeManagerViewModel.cs(38,16): warning CS8618: 鍦ㄩ€€鍑烘瀯閫犲嚱鏁版椂锛屼笉鍙负 null 鐨?瀛楁 "listViewEmployees" 蹇呴』鍖呭惈闈?null 鍊笺€傝鑰冭檻娣诲姞 "required" 淇グ绗︽垨灏嗚 瀛楁 澹版槑涓哄彲涓?null銆?[C:\Users\鏉庨暱鎭抃Desktop\姣曚笟璁捐涓湡妫€鏌SIAS2025\2025姣曚笟璁捐\2025姣曚笟璁捐_bau1v4gn_wpftmp.csproj]
C:\Users\鏉庨暱鎭抃Desktop\姣曚笟璁捐涓湡妫€鏌SIAS2025\2025姣曚笟璁捐\ViewModels\Pages\EmployeeManagerViewModel.cs(38,16): warning CS8618: 鍦ㄩ€€鍑烘瀯閫犲嚱鏁版椂锛屼笉鍙负 null 鐨?瀛楁 "selectedEmployee" 蹇呴』鍖呭惈闈?null 鍊笺€傝鑰冭檻娣诲姞 "required" 淇グ绗︽垨灏嗚 瀛楁 澹版槑涓哄彲涓?null銆?[C:\Users\鏉庨暱鎭抃Desktop\姣曚笟璁捐涓湡妫€鏌SIAS2025\2025姣曚笟璁捐\2025姣曚笟璁捐_bau1v4gn_wpftmp.csproj]
C:\Users\鏉庨暱鎭抃Desktop\姣曚笟璁捐涓湡妫€鏌SIAS2025\2025姣曚笟璁捐\ViewModels\Pages\EmployeeManagerViewModel.cs(38,16): warning CS8618: 鍦ㄩ€€鍑烘瀯閫犲嚱鏁版椂锛屼笉鍙负 null 鐨?瀛楁 "searchKeyword" 蹇呴』鍖呭惈闈?null 鍊笺€傝鑰冭檻娣诲姞 "required" 淇グ绗︽垨灏嗚 瀛楁 澹版槑涓哄彲涓?null銆?[C:\Users\鏉庨暱鎭抃Desktop\姣曚笟璁捐涓湡妫€鏌SIAS2025\2025姣曚笟璁捐\2025姣曚笟璁捐_bau1v4gn_wpftmp.csproj]
C:\Users\鏉庨暱鎭抃Desktop\姣曚笟璁捐涓湡妫€鏌SIAS2025\2025姣曚笟璁捐\ViewModels\Pages\EmployeeManagerViewModel.cs(38,16): warning CS8618: 鍦ㄩ€€鍑烘瀯閫犲嚱鏁版椂锛屼笉鍙负 null 鐨?瀛楁 "departments" 蹇呴』鍖呭惈闈?null 鍊笺€傝鑰冭檻娣诲姞 "required" 淇グ绗︽垨灏嗚 瀛楁 澹版槑涓哄彲涓?null銆?[C:\Users\鏉庨暱鎭抃Desktop\姣曚笟璁捐涓湡妫€鏌SIAS2025\2025姣曚笟璁捐\2025姣曚笟璁捐_bau1v4gn_wpftmp.csproj]
C:\Users\鏉庨暱鎭抃Desktop\姣曚笟璁捐涓湡妫€鏌SIAS2025\2025姣曚笟璁捐\ViewModels\Pages\EmployeeManagerViewModel.cs(38,16): warning CS8618: 鍦ㄩ€€鍑烘瀯閫犲嚱鏁版椂锛屼笉鍙负 null 鐨?瀛楁 "pageSizeOptions" 蹇呴』鍖呭惈闈?null 鍊笺€傝鑰冭檻娣诲姞 "required" 淇グ绗︽垨灏嗚 瀛楁 澹版槑涓哄彲涓?null銆?[C:\Users\鏉庨暱鎭抃Desktop\姣曚笟璁捐涓湡妫€鏌SIAS2025\2025姣曚笟璁捐\2025姣曚笟璁捐_bau1v4gn_wpftmp.csproj]
C:\Users\鏉庨暱鎭抃Desktop\姣曚笟璁捐涓湡妫€鏌SIAS2025\2025姣曚笟璁捐\ViewModels\Pages\EmployeeManagerViewModel.cs(38,16): warning CS8618: 鍦ㄩ€€鍑烘瀯閫犲嚱鏁版椂锛屼笉鍙负 null 鐨?瀛楁 "searchText" 蹇呴』鍖呭惈闈?null 鍊笺€傝鑰冭檻娣诲姞 "required" 淇グ绗︽垨灏嗚 瀛楁 澹版槑涓哄彲涓?null銆?[C:\Users\鏉庨暱鎭抃Desktop\姣曚笟璁捐涓湡妫€鏌SIAS2025\2025姣曚笟璁捐\2025姣曚笟璁捐_bau1v4gn_wpftmp.csproj]
C:\Users\鏉庨暱鎭抃Desktop\姣曚笟璁捐涓湡妫€鏌SIAS2025\2025姣曚笟璁捐\ViewModels\Pages\EmployeeManagerViewModel.cs(38,16): warning CS8618: 鍦ㄩ€€鍑烘瀯閫犲嚱鏁版椂锛屼笉鍙负 null 鐨?瀛楁 "pageSizeChangedCommand" 蹇呴』鍖呭惈闈?null 鍊笺€傝鑰冭檻娣诲姞 "required" 淇グ绗︽垨灏嗚 瀛楁 澹版槑涓哄彲涓?null銆?[C:\Users\鏉庨暱鎭抃Desktop\姣曚笟璁捐涓湡妫€鏌SIAS2025\2025姣曚笟璁捐\2025姣曚笟璁捐_bau1v4gn_wpftmp.csproj]
C:\Users\鏉庨暱鎭抃Desktop\姣曚笟璁捐涓湡妫€鏌SIAS2025\2025姣曚笟璁捐\ViewModels\Pages\EmployeeManagerViewModel.cs(38,16): warning CS8618: 鍦ㄩ€€鍑烘瀯閫犲嚱鏁版椂锛屼笉鍙负 null 鐨?瀛楁 "previousPageCommand" 蹇呴』鍖呭惈闈?null 鍊笺€傝鑰冭檻娣诲姞 "required" 淇グ绗︽垨灏嗚 瀛楁 澹版槑涓哄彲涓?null銆?[C:\Users\鏉庨暱鎭抃Desktop\姣曚笟璁捐涓湡妫€鏌SIAS2025\2025姣曚笟璁捐\2025姣曚笟璁捐_bau1v4gn_wpftmp.csproj]
C:\Users\鏉庨暱鎭抃Desktop\姣曚笟璁捐涓湡妫€鏌SIAS2025\2025姣曚笟璁捐\ViewModels\Pages\EmployeeManagerViewModel.cs(38,16): warning CS8618: 鍦ㄩ€€鍑烘瀯閫犲嚱鏁版椂锛屼笉鍙负 null 鐨?瀛楁 "nextPageCommand" 蹇呴』鍖呭惈闈?null 鍊笺€傝鑰冭檻娣诲姞 "required" 淇グ绗︽垨灏嗚 瀛楁 澹版槑涓哄彲涓?null銆?[C:\Users\鏉庨暱鎭抃Desktop\姣曚笟璁捐涓湡妫€鏌SIAS2025\2025姣曚笟璁捐\2025姣曚笟璁捐_bau1v4gn_wpftmp.csproj]
C:\Users\鏉庨暱鎭抃Desktop\姣曚笟璁捐涓湡妫€鏌SIAS2025\2025姣曚笟璁捐\ViewModels\Pages\EmployeeManagerViewModel.cs(38,16): warning CS8618: 鍦ㄩ€€鍑烘瀯閫犲嚱鏁版椂锛屼笉鍙负 null 鐨?瀛楁 "jumpPageCommand" 蹇呴』鍖呭惈闈?null 鍊笺€傝鑰冭檻娣诲姞 "required" 淇グ绗︽垨灏嗚 瀛楁 澹版槑涓哄彲涓?null銆?[C:\Users\鏉庨暱鎭抃Desktop\姣曚笟璁捐涓湡妫€鏌SIAS2025\2025姣曚笟璁捐\2025姣曚笟璁捐_bau1v4gn_wpftmp.csproj]
C:\Users\鏉庨暱鎭抃Desktop\姣曚笟璁捐涓湡妫€鏌SIAS2025\2025姣曚笟璁捐\ViewModels\Windows\NominationDetailViewModel.cs(56,16): warning CS8618: 鍦ㄩ€€鍑烘瀯閫犲嚱鏁版椂锛屼笉鍙负 null 鐨?瀛楁 "_nomination" 蹇呴』鍖呭惈闈?null 鍊笺€傝鑰冭檻娣诲姞 "required" 淇グ绗︽垨灏嗚 瀛楁 澹版槑涓哄彲涓?null銆?[C:\Users\鏉庨暱鎭抃Desktop\姣曚笟璁捐涓湡妫€鏌SIAS2025\2025姣曚笟璁捐\2025姣曚笟璁捐_bau1v4gn_wpftmp.csproj]
C:\Users\鏉庨暱鎭抃Desktop\姣曚笟璁捐涓湡妫€鏌SIAS2025\2025姣曚笟璁捐\ViewModels\Pages\AdminManagerViewModel.cs(35,16): warning CS8618: 鍦ㄩ€€鍑烘瀯閫犲嚱鏁版椂锛屼笉鍙负 null 鐨?瀛楁 "searchBackground" 蹇呴』鍖呭惈闈?null 鍊笺€傝鑰冭檻娣诲姞 "required" 淇グ绗︽垨灏嗚 瀛楁 澹版槑涓哄彲涓?null銆?[C:\Users\鏉庨暱鎭抃Desktop\姣曚笟璁捐涓湡妫€鏌SIAS2025\2025姣曚笟璁捐\2025姣曚笟璁捐_bau1v4gn_wpftmp.csproj]
C:\Users\鏉庨暱鎭抃Desktop\姣曚笟璁捐涓湡妫€鏌SIAS2025\2025姣曚笟璁捐\ViewModels\Pages\AdminManagerViewModel.cs(35,16): warning CS8618: 鍦ㄩ€€鍑烘瀯閫犲嚱鏁版椂锛屼笉鍙负 null 鐨?瀛楁 "status" 蹇呴』鍖呭惈闈?null 鍊笺€傝鑰冭檻娣诲姞 "required" 淇グ绗︽垨灏嗚 瀛楁 澹版槑涓哄彲涓?null銆?[C:\Users\鏉庨暱鎭抃Desktop\姣曚笟璁捐涓湡妫€鏌SIAS2025\2025姣曚笟璁捐\2025姣曚笟璁捐_bau1v4gn_wpftmp.csproj]
C:\Users\鏉庨暱鎭抃Desktop\姣曚笟璁捐涓湡妫€鏌SIAS2025\2025姣曚笟璁捐\ViewModels\Pages\AdminManagerViewModel.cs(35,16): warning CS8618: 鍦ㄩ€€鍑烘瀯閫犲嚱鏁版椂锛屼笉鍙负 null 鐨?瀛楁 "searchKeyword" 蹇呴』鍖呭惈闈?null 鍊笺€傝鑰冭檻娣诲姞 "required" 淇グ绗︽垨灏嗚 瀛楁 澹版槑涓哄彲涓?null銆?[C:\Users\鏉庨暱鎭抃Desktop\姣曚笟璁捐涓湡妫€鏌SIAS2025\2025姣曚笟璁捐\2025姣曚笟璁捐_bau1v4gn_wpftmp.csproj]
C:\Users\鏉庨暱鎭抃Desktop\姣曚笟璁捐涓湡妫€鏌SIAS2025\2025姣曚笟璁捐\ViewModels\Pages\AdminManagerViewModel.cs(35,16): warning CS8618: 鍦ㄩ€€鍑烘瀯閫犲嚱鏁版椂锛屼笉鍙负 null 鐨?瀛楁 "admins" 蹇呴』鍖呭惈闈?null 鍊笺€傝鑰冭檻娣诲姞 "required" 淇グ绗︽垨灏嗚 瀛楁 澹版槑涓哄彲涓?null銆?[C:\Users\鏉庨暱鎭抃Desktop\姣曚笟璁捐涓湡妫€鏌SIAS2025\2025姣曚笟璁捐\2025姣曚笟璁捐_bau1v4gn_wpftmp.csproj]
C:\Users\鏉庨暱鎭抃Desktop\姣曚笟璁捐涓湡妫€鏌SIAS2025\2025姣曚笟璁捐\ViewModels\Pages\AdminManagerViewModel.cs(35,16): warning CS8618: 鍦ㄩ€€鍑烘瀯閫犲嚱鏁版椂锛屼笉鍙负 null 鐨?瀛楁 "tempAdmins" 蹇呴』鍖呭惈闈?null 鍊笺€傝鑰冭檻娣诲姞 "required" 淇グ绗︽垨灏嗚 瀛楁 澹版槑涓哄彲涓?null銆?[C:\Users\鏉庨暱鎭抃Desktop\姣曚笟璁捐涓湡妫€鏌SIAS2025\2025姣曚笟璁捐\2025姣曚笟璁捐_bau1v4gn_wpftmp.csproj]
C:\Users\鏉庨暱鎭抃Desktop\姣曚笟璁捐涓湡妫€鏌SIAS2025\2025姣曚笟璁捐\ViewModels\Pages\AdminManagerViewModel.cs(35,16): warning CS8618: 鍦ㄩ€€鍑烘瀯閫犲嚱鏁版椂锛屼笉鍙负 null 鐨?瀛楁 "listViewAdmins" 蹇呴』鍖呭惈闈?null 鍊笺€傝鑰冭檻娣诲姞 "required" 淇グ绗︽垨灏嗚 瀛楁 澹版槑涓哄彲涓?null銆?[C:\Users\鏉庨暱鎭抃Desktop\姣曚笟璁捐涓湡妫€鏌SIAS2025\2025姣曚笟璁捐\2025姣曚笟璁捐_bau1v4gn_wpftmp.csproj]
C:\Users\鏉庨暱鎭抃Desktop\姣曚笟璁捐涓湡妫€鏌SIAS2025\2025姣曚笟璁捐\ViewModels\Pages\AdminManagerViewModel.cs(35,16): warning CS8618: 鍦ㄩ€€鍑烘瀯閫犲嚱鏁版椂锛屼笉鍙负 null 鐨?瀛楁 "selectedAdmin" 蹇呴』鍖呭惈闈?null 鍊笺€傝鑰冭檻娣诲姞 "required" 淇グ绗︽垨灏嗚 瀛楁 澹版槑涓哄彲涓?null銆?[C:\Users\鏉庨暱鎭抃Desktop\姣曚笟璁捐涓湡妫€鏌SIAS2025\2025姣曚笟璁捐\2025姣曚笟璁捐_bau1v4gn_wpftmp.csproj]
C:\Users\鏉庨暱鎭抃Desktop\姣曚笟璁捐涓湡妫€鏌SIAS2025\2025姣曚笟璁捐\ViewModels\Pages\AdminManagerViewModel.cs(35,16): warning CS8618: 鍦ㄩ€€鍑烘瀯閫犲嚱鏁版椂锛屼笉鍙负 null 鐨?瀛楁 "departments" 蹇呴』鍖呭惈闈?null 鍊笺€傝鑰冭檻娣诲姞 "required" 淇グ绗︽垨灏嗚 瀛楁 澹版槑涓哄彲涓?null銆?[C:\Users\鏉庨暱鎭抃Desktop\姣曚笟璁捐涓湡妫€鏌SIAS2025\2025姣曚笟璁捐\2025姣曚笟璁捐_bau1v4gn_wpftmp.csproj]
C:\Users\鏉庨暱鎭抃Desktop\姣曚笟璁捐涓湡妫€鏌SIAS2025\2025姣曚笟璁捐\ViewModels\Pages\AdminManagerViewModel.cs(35,16): warning CS8618: 鍦ㄩ€€鍑烘瀯閫犲嚱鏁版椂锛屼笉鍙负 null 鐨?瀛楁 "pageSizeOptions" 蹇呴』鍖呭惈闈?null 鍊笺€傝鑰冭檻娣诲姞 "required" 淇グ绗︽垨灏嗚 瀛楁 澹版槑涓哄彲涓?null銆?[C:\Users\鏉庨暱鎭抃Desktop\姣曚笟璁捐涓湡妫€鏌SIAS2025\2025姣曚笟璁捐\2025姣曚笟璁捐_bau1v4gn_wpftmp.csproj]
C:\Users\鏉庨暱鎭抃Desktop\姣曚笟璁捐涓湡妫€鏌SIAS2025\2025姣曚笟璁捐\ViewModels\Pages\AdminManagerViewModel.cs(35,16): warning CS8618: 鍦ㄩ€€鍑烘瀯閫犲嚱鏁版椂锛屼笉鍙负 null 鐨?瀛楁 "searchText" 蹇呴』鍖呭惈闈?null 鍊笺€傝鑰冭檻娣诲姞 "required" 淇グ绗︽垨灏嗚 瀛楁 澹版槑涓哄彲涓?null銆?[C:\Users\鏉庨暱鎭抃Desktop\姣曚笟璁捐涓湡妫€鏌SIAS2025\2025姣曚笟璁捐\2025姣曚笟璁捐_bau1v4gn_wpftmp.csproj]
C:\Users\鏉庨暱鎭抃Desktop\姣曚笟璁捐涓湡妫€鏌SIAS2025\2025姣曚笟璁捐\ViewModels\Pages\AdminManagerViewModel.cs(35,16): warning CS8618: 鍦ㄩ€€鍑烘瀯閫犲嚱鏁版椂锛屼笉鍙负 null 鐨?瀛楁 "pageSizeChangedCommand" 蹇呴』鍖呭惈闈?null 鍊笺€傝鑰冭檻娣诲姞 "required" 淇グ绗︽垨灏嗚 瀛楁 澹版槑涓哄彲涓?null銆?[C:\Users\鏉庨暱鎭抃Desktop\姣曚笟璁捐涓湡妫€鏌SIAS2025\2025姣曚笟璁捐\2025姣曚笟璁捐_bau1v4gn_wpftmp.csproj]
C:\Users\鏉庨暱鎭抃Desktop\姣曚笟璁捐涓湡妫€鏌SIAS2025\2025姣曚笟璁捐\ViewModels\Pages\AdminManagerViewModel.cs(35,16): warning CS8618: 鍦ㄩ€€鍑烘瀯閫犲嚱鏁版椂锛屼笉鍙负 null 鐨?瀛楁 "previousPageCommand" 蹇呴』鍖呭惈闈?null 鍊笺€傝鑰冭檻娣诲姞 "required" 淇グ绗︽垨灏嗚 瀛楁 澹版槑涓哄彲涓?null銆?[C:\Users\鏉庨暱鎭抃Desktop\姣曚笟璁捐涓湡妫€鏌SIAS2025\2025姣曚笟璁捐\2025姣曚笟璁捐_bau1v4gn_wpftmp.csproj]
C:\Users\鏉庨暱鎭抃Desktop\姣曚笟璁捐涓湡妫€鏌SIAS2025\2025姣曚笟璁捐\ViewModels\Pages\AdminManagerViewModel.cs(35,16): warning CS8618: 鍦ㄩ€€鍑烘瀯閫犲嚱鏁版椂锛屼笉鍙负 null 鐨?瀛楁 "nextPageCommand" 蹇呴』鍖呭惈闈?null 鍊笺€傝鑰冭檻娣诲姞 "required" 淇グ绗︽垨灏嗚 瀛楁 澹版槑涓哄彲涓?null銆?[C:\Users\鏉庨暱鎭抃Desktop\姣曚笟璁捐涓湡妫€鏌SIAS2025\2025姣曚笟璁捐\2025姣曚笟璁捐_bau1v4gn_wpftmp.csproj]
C:\Users\鏉庨暱鎭抃Desktop\姣曚笟璁捐涓湡妫€鏌SIAS2025\2025姣曚笟璁捐\ViewModels\Pages\AdminManagerViewModel.cs(35,16): warning CS8618: 鍦ㄩ€€鍑烘瀯閫犲嚱鏁版椂锛屼笉鍙负 null 鐨?瀛楁 "jumpPageCommand" 蹇呴』鍖呭惈闈?null 鍊笺€傝鑰冭檻娣诲姞 "required" 淇グ绗︽垨灏嗚 瀛楁 澹版槑涓哄彲涓?null銆?[C:\Users\鏉庨暱鎭抃Desktop\姣曚笟璁捐涓湡妫€鏌SIAS2025\2025姣曚笟璁捐\2025姣曚笟璁捐_bau1v4gn_wpftmp.csproj]
C:\Users\鏉庨暱鎭抃Desktop\姣曚笟璁捐涓湡妫€鏌SIAS2025\2025姣曚笟璁捐\Converter\ByteArrayToImageConverter.cs(15,32): warning CS8600: 灏?null 鏂囨湰鎴栧彲鑳界殑 null 鍊艰浆鎹负涓嶅彲涓?null 绫诲瀷銆?[C:\Users\鏉庨暱鎭抃Desktop\姣曚笟璁捐涓湡妫€鏌SIAS2025\2025姣曚笟璁捐\2025姣曚笟璁捐_bau1v4gn_wpftmp.csproj]
C:\Users\鏉庨暱鎭抃Desktop\姣曚笟璁捐涓湡妫€鏌SIAS2025\2025姣曚笟璁捐\Converter\ByteArrayToImageConverter.cs(28,24): warning CS8603: 鍙兘杩斿洖 null 寮曠敤銆?[C:\Users\鏉庨暱鎭抃Desktop\姣曚笟璁捐涓湡妫€鏌SIAS2025\2025姣曚笟璁捐\2025姣曚笟璁捐_bau1v4gn_wpftmp.csproj]
C:\Users\鏉庨暱鎭抃Desktop\姣曚笟璁捐涓湡妫€鏌SIAS2025\2025姣曚笟璁捐\Converter\ByteArrayToImageConverter.cs(34,24): warning CS8603: 鍙兘杩斿洖 null 寮曠敤銆?[C:\Users\鏉庨暱鎭抃Desktop\姣曚笟璁捐涓湡妫€鏌SIAS2025\2025姣曚笟璁捐\2025姣曚笟璁捐_bau1v4gn_wpftmp.csproj]
C:\Users\鏉庨暱鎭抃Desktop\姣曚笟璁捐涓湡妫€鏌SIAS2025\2025姣曚笟璁捐\Converter\ByteArrayToImageConverter.cs(42,24): warning CS8603: 鍙兘杩斿洖 null 寮曠敤銆?[C:\Users\鏉庨暱鎭抃Desktop\姣曚笟璁捐涓湡妫€鏌SIAS2025\2025姣曚笟璁捐\2025姣曚笟璁捐_bau1v4gn_wpftmp.csproj]
C:\Users\鏉庨暱鎭抃Desktop\姣曚笟璁捐涓湡妫€鏌SIAS2025\2025姣曚笟璁捐\Converter\ByteArrayToImageConverter.cs(53,25): warning CS8602: 瑙ｅ紩鐢ㄥ彲鑳藉嚭鐜扮┖寮曠敤銆?[C:\Users\鏉庨暱鎭抃Desktop\姣曚笟璁捐涓湡妫€鏌SIAS2025\2025姣曚笟璁捐\2025姣曚笟璁捐_bau1v4gn_wpftmp.csproj]
C:\Users\鏉庨暱鎭抃Desktop\姣曚笟璁捐涓湡妫€鏌SIAS2025\2025姣曚笟璁捐\Converter\ByteArrayToImageConverter.cs(58,28): warning CS8603: 鍙兘杩斿洖 null 寮曠敤銆?[C:\Users\鏉庨暱鎭抃Desktop\姣曚笟璁捐涓湡妫€鏌SIAS2025\2025姣曚笟璁捐\2025姣曚笟璁捐_bau1v4gn_wpftmp.csproj]
C:\Users\鏉庨暱鎭抃Desktop\姣曚笟璁捐涓湡妫€鏌SIAS2025\2025姣曚笟璁捐\Converter\ByteArrayToImageConverter.cs(77,32): warning CS8603: 鍙兘杩斿洖 null 寮曠敤銆?[C:\Users\鏉庨暱鎭抃Desktop\姣曚笟璁捐涓湡妫€鏌SIAS2025\2025姣曚笟璁捐\2025姣曚笟璁捐_bau1v4gn_wpftmp.csproj]
C:\Users\鏉庨暱鎭抃Desktop\姣曚笟璁捐涓湡妫€鏌SIAS2025\2025姣曚笟璁捐\Converter\ByteArrayToImageConverter.cs(90,28): warning CS8603: 鍙兘杩斿洖 null 寮曠敤銆?[C:\Users\鏉庨暱鎭抃Desktop\姣曚笟璁捐涓湡妫€鏌SIAS2025\2025姣曚笟璁捐\2025姣曚笟璁捐_bau1v4gn_wpftmp.csproj]
C:\Users\鏉庨暱鎭抃Desktop\姣曚笟璁捐涓湡妫€鏌SIAS2025\2025姣曚笟璁捐\Converter\ByteArrayToImageConverter.cs(95,21): warning CS8602: 瑙ｅ紩鐢ㄥ彲鑳藉嚭鐜扮┖寮曠敤銆?[C:\Users\鏉庨暱鎭抃Desktop\姣曚笟璁捐涓湡妫€鏌SIAS2025\2025姣曚笟璁捐\2025姣曚笟璁捐_bau1v4gn_wpftmp.csproj]
C:\Users\鏉庨暱鎭抃Desktop\姣曚笟璁捐涓湡妫€鏌SIAS2025\2025姣曚笟璁捐\Converter\ByteArrayToImageConverter.cs(110,24): warning CS8603: 鍙兘杩斿洖 null 寮曠敤銆?[C:\Users\鏉庨暱鎭抃Desktop\姣曚笟璁捐涓湡妫€鏌SIAS2025\2025姣曚笟璁捐\2025姣曚笟璁捐_bau1v4gn_wpftmp.csproj]
C:\Users\鏉庨暱鎭抃Desktop\姣曚笟璁捐涓湡妫€鏌SIAS2025\2025姣曚笟璁捐\ViewModels\EditMessage\AdminManager\EditAdminViewModel.cs(169,16): warning CS8618: 鍦ㄩ€€鍑烘瀯閫犲嚱鏁版椂锛屼笉鍙负 null 鐨?瀛楁 "departmentNames" 蹇呴』鍖呭惈闈?null 鍊笺€傝鑰冭檻娣诲姞 "required" 淇グ绗︽垨灏嗚 瀛楁 澹版槑涓哄彲涓?null銆?[C:\Users\鏉庨暱鎭抃Desktop\姣曚笟璁捐涓湡妫€鏌SIAS2025\2025姣曚笟璁捐\2025姣曚笟璁捐_bau1v4gn_wpftmp.csproj]
C:\Users\鏉庨暱鎭抃Desktop\姣曚笟璁捐涓湡妫€鏌SIAS2025\2025姣曚笟璁捐\ViewModels\EditMessage\AdminManager\EditAdminViewModel.cs(169,16): warning CS8618: 鍦ㄩ€€鍑烘瀯閫犲嚱鏁版椂锛屼笉鍙负 null 鐨?瀛楁 "departmentName" 蹇呴』鍖呭惈闈?null 鍊笺€傝鑰冭檻娣诲姞 "required" 淇グ绗︽垨灏嗚 瀛楁 澹版槑涓哄彲涓?null銆?[C:\Users\鏉庨暱鎭抃Desktop\姣曚笟璁捐涓湡妫€鏌SIAS2025\2025姣曚笟璁捐\2025姣曚笟璁捐_bau1v4gn_wpftmp.csproj]
C:\Users\鏉庨暱鎭抃Desktop\姣曚笟璁捐涓湡妫€鏌SIAS2025\2025姣曚笟璁捐\ViewModels\EditMessage\AdminManager\EditAdminViewModel.cs(169,16): warning CS8618: 鍦ㄩ€€鍑烘瀯閫犲嚱鏁版椂锛屼笉鍙负 null 鐨?瀛楁 "baseName" 蹇呴』鍖呭惈闈?null 鍊笺€傝鑰冭檻娣诲姞 "required" 淇グ绗︽垨灏嗚 瀛楁 澹版槑涓哄彲涓?null銆?[C:\Users\鏉庨暱鎭抃Desktop\姣曚笟璁捐涓湡妫€鏌SIAS2025\2025姣曚笟璁捐\2025姣曚笟璁捐_bau1v4gn_wpftmp.csproj]
C:\Users\鏉庨暱鎭抃Desktop\姣曚笟璁捐涓湡妫€鏌SIAS2025\2025姣曚笟璁捐\ViewModels\EditMessage\AdminManager\EditAdminViewModel.cs(169,16): warning CS8618: 鍦ㄩ€€鍑烘瀯閫犲嚱鏁版椂锛屼笉鍙负 null 鐨?瀛楁 "updateAdmin" 蹇呴』鍖呭惈闈?null 鍊笺€傝鑰冭檻娣诲姞 "required" 淇グ绗︽垨灏嗚 瀛楁 澹版槑涓哄彲涓?null銆?[C:\Users\鏉庨暱鎭抃Desktop\姣曚笟璁捐涓湡妫€鏌SIAS2025\2025姣曚笟璁捐\2025姣曚笟璁捐_bau1v4gn_wpftmp.csproj]
C:\Users\鏉庨暱鎭抃Desktop\姣曚笟璁捐涓湡妫€鏌SIAS2025\2025姣曚笟璁捐\ViewModels\EditMessage\AdminManager\EditAdminViewModel.cs(169,16): warning CS8618: 鍦ㄩ€€鍑烘瀯閫犲嚱鏁版椂锛屼笉鍙负 null 鐨?瀛楁 "adminName" 蹇呴』鍖呭惈闈?null 鍊笺€傝鑰冭檻娣诲姞 "required" 淇グ绗︽垨灏嗚 瀛楁 澹版槑涓哄彲涓?null銆?[C:\Users\鏉庨暱鎭抃Desktop\姣曚笟璁捐涓湡妫€鏌SIAS2025\2025姣曚笟璁捐\2025姣曚笟璁捐_bau1v4gn_wpftmp.csproj]
C:\Users\鏉庨暱鎭抃Desktop\姣曚笟璁捐涓湡妫€鏌SIAS2025\2025姣曚笟璁捐\ViewModels\EditMessage\AdminManager\EditAdminViewModel.cs(169,16): warning CS8618: 鍦ㄩ€€鍑烘瀯閫犲嚱鏁版椂锛屼笉鍙负 null 鐨?瀛楁 "adminPassword" 蹇呴』鍖呭惈闈?null 鍊笺€傝鑰冭檻娣诲姞 "required" 淇グ绗︽垨灏嗚 瀛楁 澹版槑涓哄彲涓?null銆?[C:\Users\鏉庨暱鎭抃Desktop\姣曚笟璁捐涓湡妫€鏌SIAS2025\2025姣曚笟璁捐\2025姣曚笟璁捐_bau1v4gn_wpftmp.csproj]
C:\Users\鏉庨暱鎭抃Desktop\姣曚笟璁捐涓湡妫€鏌SIAS2025\2025姣曚笟璁捐\ViewModels\EditMessage\EmployeeManager\EditEmployeeViewModel.cs(170,16): warning CS8618: 鍦ㄩ€€鍑烘瀯閫犲嚱鏁版椂锛屼笉鍙负 null 鐨?瀛楁 "baseName" 蹇呴』鍖呭惈闈?null 鍊笺€傝鑰冭檻娣诲姞 "required" 淇グ绗︽垨灏嗚 瀛楁 澹版槑涓哄彲涓?null銆?[C:\Users\鏉庨暱鎭抃Desktop\姣曚笟璁捐涓湡妫€鏌SIAS2025\2025姣曚笟璁捐\2025姣曚笟璁捐_bau1v4gn_wpftmp.csproj]
C:\Users\鏉庨暱鎭抃Desktop\姣曚笟璁捐涓湡妫€鏌SIAS2025\2025姣曚笟璁捐\ViewModels\EditMessage\EmployeeManager\EditEmployeeViewModel.cs(170,16): warning CS8618: 鍦ㄩ€€鍑烘瀯閫犲嚱鏁版椂锛屼笉鍙负 null 鐨?瀛楁 "departmentNames" 蹇呴』鍖呭惈闈?null 鍊笺€傝鑰冭檻娣诲姞 "required" 淇グ绗︽垨灏嗚 瀛楁 澹版槑涓哄彲涓?null銆?[C:\Users\鏉庨暱鎭抃Desktop\姣曚笟璁捐涓湡妫€鏌SIAS2025\2025姣曚笟璁捐\2025姣曚笟璁捐_bau1v4gn_wpftmp.csproj]
C:\Users\鏉庨暱鎭抃Desktop\姣曚笟璁捐涓湡妫€鏌SIAS2025\2025姣曚笟璁捐\ViewModels\EditMessage\EmployeeManager\EditEmployeeViewModel.cs(170,16): warning CS8618: 鍦ㄩ€€鍑烘瀯閫犲嚱鏁版椂锛屼笉鍙负 null 鐨?瀛楁 "departmentName" 蹇呴』鍖呭惈闈?null 鍊笺€傝鑰冭檻娣诲姞 "required" 淇グ绗︽垨灏嗚 瀛楁 澹版槑涓哄彲涓?null銆?[C:\Users\鏉庨暱鎭抃Desktop\姣曚笟璁捐涓湡妫€鏌SIAS2025\2025姣曚笟璁捐\2025姣曚笟璁捐_bau1v4gn_wpftmp.csproj]
C:\Users\鏉庨暱鎭抃Desktop\姣曚笟璁捐涓湡妫€鏌SIAS2025\2025姣曚笟璁捐\ViewModels\EditMessage\EmployeeManager\EditEmployeeViewModel.cs(170,16): warning CS8618: 鍦ㄩ€€鍑烘瀯閫犲嚱鏁版椂锛屼笉鍙负 null 鐨?瀛楁 "updateEmployee" 蹇呴』鍖呭惈闈?null 鍊笺€傝鑰冭檻娣诲姞 "required" 淇グ绗︽垨灏嗚 瀛楁 澹版槑涓哄彲涓?null銆?[C:\Users\鏉庨暱鎭抃Desktop\姣曚笟璁捐涓湡妫€鏌SIAS2025\2025姣曚笟璁捐\2025姣曚笟璁捐_bau1v4gn_wpftmp.csproj]
C:\Users\鏉庨暱鎭抃Desktop\姣曚笟璁捐涓湡妫€鏌SIAS2025\2025姣曚笟璁捐\ViewModels\EditMessage\EmployeeManager\EditEmployeeViewModel.cs(170,16): warning CS8618: 鍦ㄩ€€鍑烘瀯閫犲嚱鏁版椂锛屼笉鍙负 null 鐨?瀛楁 "employeeName" 蹇呴』鍖呭惈闈?null 鍊笺€傝鑰冭檻娣诲姞 "required" 淇グ绗︽垨灏嗚 瀛楁 澹版槑涓哄彲涓?null銆?[C:\Users\鏉庨暱鎭抃Desktop\姣曚笟璁捐涓湡妫€鏌SIAS2025\2025姣曚笟璁捐\2025姣曚笟璁捐_bau1v4gn_wpftmp.csproj]
C:\Users\鏉庨暱鎭抃Desktop\姣曚笟璁捐涓湡妫€鏌SIAS2025\2025姣曚笟璁捐\ViewModels\EditMessage\EmployeeManager\EditEmployeeViewModel.cs(170,16): warning CS8618: 鍦ㄩ€€鍑烘瀯閫犲嚱鏁版椂锛屼笉鍙负 null 鐨?瀛楁 "employeePassword" 蹇呴』鍖呭惈闈?null 鍊笺€傝鑰冭檻娣诲姞 "required" 淇グ绗︽垨灏嗚 瀛楁 澹版槑涓哄彲涓?null銆?[C:\Users\鏉庨暱鎭抃Desktop\姣曚笟璁捐涓湡妫€鏌SIAS2025\2025姣曚笟璁捐\2025姣曚笟璁捐_bau1v4gn_wpftmp.csproj]
C:\Users\鏉庨暱鎭抃Desktop\姣曚笟璁捐涓湡妫€鏌SIAS2025\2025姣曚笟璁捐\ViewModels\LoginViewModel.cs(148,53): warning CS8604: 鈥渧oid ParametersBase.Add(string key, object value)鈥濅腑鐨勫舰鍙傗€渧alue鈥濆彲鑳戒紶鍏?null 寮曠敤瀹炲弬銆?[C:\Users\鏉庨暱鎭抃Desktop\姣曚笟璁捐涓湡妫€鏌SIAS2025\2025姣曚笟璁捐\2025姣曚笟璁捐_bau1v4gn_wpftmp.csproj]
C:\Users\鏉庨暱鎭抃Desktop\姣曚笟璁捐涓湡妫€鏌SIAS2025\2025姣曚笟璁捐\ViewModels\LoginViewModel.cs(154,53): warning CS8604: 鈥渧oid ParametersBase.Add(string key, object value)鈥濅腑鐨勫舰鍙傗€渧alue鈥濆彲鑳戒紶鍏?null 寮曠敤瀹炲弬銆?[C:\Users\鏉庨暱鎭抃Desktop\姣曚笟璁捐涓湡妫€鏌SIAS2025\2025姣曚笟璁捐\2025姣曚笟璁捐_bau1v4gn_wpftmp.csproj]
C:\Users\鏉庨暱鎭抃Desktop\姣曚笟璁捐涓湡妫€鏌SIAS2025\2025姣曚笟璁捐\ViewModels\LoginViewModel.cs(160,53): warning CS8604: 鈥渧oid ParametersBase.Add(string key, object value)鈥濅腑鐨勫舰鍙傗€渧alue鈥濆彲鑳戒紶鍏?null 寮曠敤瀹炲弬銆?[C:\Users\鏉庨暱鎭抃Desktop\姣曚笟璁捐涓湡妫€鏌SIAS2025\2025姣曚笟璁捐\2025姣曚笟璁捐_bau1v4gn_wpftmp.csproj]
C:\Users\鏉庨暱鎭抃Desktop\姣曚笟璁捐涓湡妫€鏌SIAS2025\2025姣曚笟璁捐\ViewModels\EditMessage\AdminManager\EditAdminViewModel.cs(227,38): warning CS8601: 鍙兘鐨?null 寮曠敤璧嬪€笺€?[C:\Users\鏉庨暱鎭抃Desktop\姣曚笟璁捐涓湡妫€鏌SIAS2025\2025姣曚笟璁捐\2025姣曚笟璁捐_bau1v4gn_wpftmp.csproj]
C:\Users\鏉庨暱鎭抃Desktop\姣曚笟璁捐涓湡妫€鏌SIAS2025\2025姣曚笟璁捐\Common\DbConnectionManager.cs(19,31): warning CS8618: 鍦ㄩ€€鍑烘瀯閫犲嚱鏁版椂锛屼笉鍙负 null 鐨?瀛楁 "_cachedOriginalPassword" 蹇呴』鍖呭惈闈?null 鍊笺€傝鑰冭檻娣诲姞 "required" 淇グ绗︽垨灏嗚 瀛楁 澹版槑涓哄彲涓?null銆?[C:\Users\鏉庨暱鎭抃Desktop\姣曚笟璁捐涓湡妫€鏌SIAS2025\2025姣曚笟璁捐\2025姣曚笟璁捐_bau1v4gn_wpftmp.csproj]
C:\Users\鏉庨暱鎭抃Desktop\姣曚笟璁捐涓湡妫€鏌SIAS2025\2025姣曚笟璁捐\Common\DbConnectionManager.cs(20,31): warning CS8618: 鍦ㄩ€€鍑烘瀯閫犲嚱鏁版椂锛屼笉鍙负 null 鐨?瀛楁 "_cachedConnectionString" 蹇呴』鍖呭惈闈?null 鍊笺€傝鑰冭檻娣诲姞 "required" 淇グ绗︽垨灏嗚 瀛楁 澹版槑涓哄彲涓?null銆?[C:\Users\鏉庨暱鎭抃Desktop\姣曚笟璁捐涓湡妫€鏌SIAS2025\2025姣曚笟璁捐\2025姣曚笟璁捐_bau1v4gn_wpftmp.csproj]
C:\Users\鏉庨暱鎭抃Desktop\姣曚笟璁捐涓湡妫€鏌SIAS2025\2025姣曚笟璁捐\Common\DbConnectionManager.cs(21,31): warning CS8618: 鍦ㄩ€€鍑烘瀯閫犲嚱鏁版椂锛屼笉鍙负 null 鐨?瀛楁 "_cachedEncryptedPassword" 蹇呴』鍖呭惈闈?null 鍊笺€傝鑰冭檻娣诲姞 "required" 淇グ绗︽垨灏嗚 瀛楁 澹版槑涓哄彲涓?null銆?[C:\Users\鏉庨暱鎭抃Desktop\姣曚笟璁捐涓湡妫€鏌SIAS2025\2025姣曚笟璁捐\2025姣曚笟璁捐_bau1v4gn_wpftmp.csproj]
C:\Users\鏉庨暱鎭抃Desktop\姣曚笟璁捐涓湡妫€鏌SIAS2025\2025姣曚笟璁捐\Services\EmployeeService.cs(79,24): warning CS8603: 鍙兘杩斿洖 null 寮曠敤銆?[C:\Users\鏉庨暱鎭抃Desktop\姣曚笟璁捐涓湡妫€鏌SIAS2025\2025姣曚笟璁捐\2025姣曚笟璁捐_bau1v4gn_wpftmp.csproj]
C:\Users\鏉庨暱鎭抃Desktop\姣曚笟璁捐涓湡妫€鏌SIAS2025\2025姣曚笟璁捐\Services\EmployeeService.cs(89,24): warning CS8603: 鍙兘杩斿洖 null 寮曠敤銆?[C:\Users\鏉庨暱鎭抃Desktop\姣曚笟璁捐涓湡妫€鏌SIAS2025\2025姣曚笟璁捐\2025姣曚笟璁捐_bau1v4gn_wpftmp.csproj]
C:\Users\鏉庨暱鎭抃Desktop\姣曚笟璁捐涓湡妫€鏌SIAS2025\2025姣曚笟璁捐\ViewModels\Pages\VoteEntranceViewModel.cs(395,16): warning CS8618: 鍦ㄩ€€鍑烘瀯閫犲嚱鏁版椂锛屼笉鍙负 null 鐨?瀛楁 "_allAwards" 蹇呴』鍖呭惈闈?null 鍊笺€傝鑰冭檻娣诲姞 "required" 淇グ绗︽垨灏嗚 瀛楁 澹版槑涓哄彲涓?null銆?[C:\Users\鏉庨暱鎭抃Desktop\姣曚笟璁捐涓湡妫€鏌SIAS2025\2025姣曚笟璁捐\2025姣曚笟璁捐_bau1v4gn_wpftmp.csproj]
C:\Users\鏉庨暱鎭抃Desktop\姣曚笟璁捐涓湡妫€鏌SIAS2025\2025姣曚笟璁捐\ViewModels\Pages\VoteEntranceViewModel.cs(395,16): warning CS8618: 鍦ㄩ€€鍑烘瀯閫犲嚱鏁版椂锛屼笉鍙负 null 鐨?瀛楁 "_awards" 蹇呴』鍖呭惈闈?null 鍊笺€傝鑰冭檻娣诲姞 "required" 淇グ绗︽垨灏嗚 瀛楁 澹版槑涓哄彲涓?null銆?[C:\Users\鏉庨暱鎭抃Desktop\姣曚笟璁捐涓湡妫€鏌SIAS2025\2025姣曚笟璁捐\2025姣曚笟璁捐_bau1v4gn_wpftmp.csproj]
C:\Users\鏉庨暱鎭抃Desktop\姣曚笟璁捐涓湡妫€鏌SIAS2025\2025姣曚笟璁捐\ViewModels\Pages\VoteEntranceViewModel.cs(395,16): warning CS8618: 鍦ㄩ€€鍑烘瀯閫犲嚱鏁版椂锛屼笉鍙负 null 鐨?瀛楁 "_selectedAward" 蹇呴』鍖呭惈闈?null 鍊笺€傝鑰冭檻娣诲姞 "required" 淇グ绗︽垨灏嗚 瀛楁 澹版槑涓哄彲涓?null銆?[C:\Users\鏉庨暱鎭抃Desktop\姣曚笟璁捐涓湡妫€鏌SIAS2025\2025姣曚笟璁捐\2025姣曚笟璁捐_bau1v4gn_wpftmp.csproj]
C:\Users\鏉庨暱鎭抃Desktop\姣曚笟璁捐涓湡妫€鏌SIAS2025\2025姣曚笟璁捐\ViewModels\Pages\VoteEntranceViewModel.cs(395,16): warning CS8618: 鍦ㄩ€€鍑烘瀯閫犲嚱鏁版椂锛屼笉鍙负 null 鐨?瀛楁 "_nominations" 蹇呴』鍖呭惈闈?null 鍊笺€傝鑰冭檻娣诲姞 "required" 淇グ绗︽垨灏嗚 瀛楁 澹版槑涓哄彲涓?null銆?[C:\Users\鏉庨暱鎭抃Desktop\姣曚笟璁捐涓湡妫€鏌SIAS2025\2025姣曚笟璁捐\2025姣曚笟璁捐_bau1v4gn_wpftmp.csproj]
C:\Users\鏉庨暱鎭抃Desktop\姣曚笟璁捐涓湡妫€鏌SIAS2025\2025姣曚笟璁捐\ViewModels\Pages\VoteEntranceViewModel.cs(395,16): warning CS8618: 鍦ㄩ€€鍑烘瀯閫犲嚱鏁版椂锛屼笉鍙负 null 鐨?瀛楁 "_pagedNominations" 蹇呴』鍖呭惈闈?null 鍊笺€傝鑰冭檻娣诲姞 "required" 淇グ绗︽垨灏嗚 瀛楁 澹版槑涓哄彲涓?null銆?[C:\Users\鏉庨暱鎭抃Desktop\姣曚笟璁捐涓湡妫€鏌SIAS2025\2025姣曚笟璁捐\2025姣曚笟璁捐_bau1v4gn_wpftmp.csproj]
C:\Users\鏉庨暱鎭抃Desktop\姣曚笟璁捐涓湡妫€鏌SIAS2025\2025姣曚笟璁捐\ViewModels\Pages\VoteEntranceViewModel.cs(395,16): warning CS8618: 鍦ㄩ€€鍑烘瀯閫犲嚱鏁版椂锛屼笉鍙负 null 鐨?瀛楁 "_selectedNomination" 蹇呴』鍖呭惈闈?null 鍊笺€傝鑰冭檻娣诲姞 "required" 淇グ绗︽垨灏嗚 瀛楁 澹版槑涓哄彲涓?null銆?[C:\Users\鏉庨暱鎭抃Desktop\姣曚笟璁捐涓湡妫€鏌SIAS2025\2025姣曚笟璁捐\2025姣曚笟璁捐_bau1v4gn_wpftmp.csproj]
C:\Users\鏉庨暱鎭抃Desktop\姣曚笟璁捐涓湡妫€鏌SIAS2025\2025姣曚笟璁捐\ViewModels\Pages\VoteEntranceViewModel.cs(395,16): warning CS8618: 鍦ㄩ€€鍑烘瀯閫犲嚱鏁版椂锛屼笉鍙负 null 鐨?瀛楁 "_statusMessage" 蹇呴』鍖呭惈闈?null 鍊笺€傝鑰冭檻娣诲姞 "required" 淇グ绗︽垨灏嗚 瀛楁 澹版槑涓哄彲涓?null銆?[C:\Users\鏉庨暱鎭抃Desktop\姣曚笟璁捐涓湡妫€鏌SIAS2025\2025姣曚笟璁捐\2025姣曚笟璁捐_bau1v4gn_wpftmp.csproj]
C:\Users\鏉庨暱鎭抃Desktop\姣曚笟璁捐涓湡妫€鏌SIAS2025\2025姣曚笟璁捐\ViewModels\Pages\VoteEntranceViewModel.cs(395,16): warning CS8618: 鍦ㄩ€€鍑烘瀯閫犲嚱鏁版椂锛屼笉鍙负 null 鐨?瀛楁 "_votedAwardIds" 蹇呴』鍖呭惈闈?null 鍊笺€傝鑰冭檻娣诲姞 "required" 淇グ绗︽垨灏嗚 瀛楁 澹版槑涓哄彲涓?null銆?[C:\Users\鏉庨暱鎭抃Desktop\姣曚笟璁捐涓湡妫€鏌SIAS2025\2025姣曚笟璁捐\2025姣曚笟璁捐_bau1v4gn_wpftmp.csproj]
C:\Users\鏉庨暱鎭抃Desktop\姣曚笟璁捐涓湡妫€鏌SIAS2025\2025姣曚笟璁捐\ViewModels\Pages\VoteEntranceViewModel.cs(395,16): warning CS8618: 鍦ㄩ€€鍑烘瀯閫犲嚱鏁版椂锛屼笉鍙负 null 鐨?瀛楁 "_searchKeyword" 蹇呴』鍖呭惈闈?null 鍊笺€傝鑰冭檻娣诲姞 "required" 淇グ绗︽垨灏嗚 瀛楁 澹版槑涓哄彲涓?null銆?[C:\Users\鏉庨暱鎭抃Desktop\姣曚笟璁捐涓湡妫€鏌SIAS2025\2025姣曚笟璁捐\2025姣曚笟璁捐_bau1v4gn_wpftmp.csproj]
C:\Users\鏉庨暱鎭抃Desktop\姣曚笟璁捐涓湡妫€鏌SIAS2025\2025姣曚笟璁捐\ViewModels\Pages\VoteEntranceViewModel.cs(395,16): warning CS8618: 鍦ㄩ€€鍑烘瀯閫犲嚱鏁版椂锛屼笉鍙负 null 鐨?瀛楁 "_searchedAwardName" 蹇呴』鍖呭惈闈?null 鍊笺€傝鑰冭檻娣诲姞 "required" 淇グ绗︽垨灏嗚 瀛楁 澹版槑涓哄彲涓?null銆?[C:\Users\鏉庨暱鎭抃Desktop\姣曚笟璁捐涓湡妫€鏌SIAS2025\2025姣曚笟璁捐\2025姣曚笟璁捐_bau1v4gn_wpftmp.csproj]
C:\Users\鏉庨暱鎭抃Desktop\姣曚笟璁捐涓湡妫€鏌SIAS2025\2025姣曚笟璁捐\ViewModels\Pages\VoteEntranceViewModel.cs(395,16): warning CS8618: 鍦ㄩ€€鍑烘瀯閫犲嚱鏁版椂锛屼笉鍙负 null 鐨?瀛楁 "_pageSizeOptions" 蹇呴』鍖呭惈闈?null 鍊笺€傝鑰冭檻娣诲姞 "required" 淇グ绗︽垨灏嗚 瀛楁 澹版槑涓哄彲涓?null銆?[C:\Users\鏉庨暱鎭抃Desktop\姣曚笟璁捐涓湡妫€鏌SIAS2025\2025姣曚笟璁捐\2025姣曚笟璁捐_bau1v4gn_wpftmp.csproj]
C:\Users\鏉庨暱鎭抃Desktop\姣曚笟璁捐涓湡妫€鏌SIAS2025\2025姣曚笟璁捐\ViewModels\Pages\VoteEntranceViewModel.cs(395,16): warning CS8618: 鍦ㄩ€€鍑烘瀯閫犲嚱鏁版椂锛屼笉鍙负 null 鐨?瀛楁 "_searchText" 蹇呴』鍖呭惈闈?null 鍊笺€傝鑰冭檻娣诲姞 "required" 淇グ绗︽垨灏嗚 瀛楁 澹版槑涓哄彲涓?null銆?[C:\Users\鏉庨暱鎭抃Desktop\姣曚笟璁捐涓湡妫€鏌SIAS2025\2025姣曚笟璁捐\2025姣曚笟璁捐_bau1v4gn_wpftmp.csproj]
C:\Users\鏉庨暱鎭抃Desktop\姣曚笟璁捐涓湡妫€鏌SIAS2025\2025姣曚笟璁捐\ViewModels\Pages\VoteEntranceViewModel.cs(395,16): warning CS8618: 鍦ㄩ€€鍑烘瀯閫犲嚱鏁版椂锛屼笉鍙负 null 鐨?灞炴€?"HandlePreviewKeyDownCommand" 蹇呴』鍖呭惈闈?null 鍊笺€傝鑰冭檻娣诲姞 "required" 淇グ绗︽垨灏嗚 灞炴€?澹版槑涓哄彲涓?null銆?[C:\Users\鏉庨暱鎭抃Desktop\姣曚笟璁捐涓湡妫€鏌SIAS2025\2025姣曚笟璁捐\2025姣曚笟璁捐_bau1v4gn_wpftmp.csproj]
C:\Users\鏉庨暱鎭抃Desktop\姣曚笟璁捐涓湡妫€鏌SIAS2025\2025姣曚笟璁捐\ViewModels\Pages\EmployeeManagerViewModel.cs(376,25): warning CS8602: 瑙ｅ紩鐢ㄥ彲鑳藉嚭鐜扮┖寮曠敤銆?[C:\Users\鏉庨暱鎭抃Desktop\姣曚笟璁捐涓湡妫€鏌SIAS2025\2025姣曚笟璁捐\2025姣曚笟璁捐_bau1v4gn_wpftmp.csproj]
C:\Users\鏉庨暱鎭抃Desktop\姣曚笟璁捐涓湡妫€鏌SIAS2025\2025姣曚笟璁捐\ViewModels\Pages\AdminManagerViewModel.cs(343,25): warning CS8602: 瑙ｅ紩鐢ㄥ彲鑳藉嚭鐜扮┖寮曠敤銆?[C:\Users\鏉庨暱鎭抃Desktop\姣曚笟璁捐涓湡妫€鏌SIAS2025\2025姣曚笟璁捐\2025姣曚笟璁捐_bau1v4gn_wpftmp.csproj]
C:\Users\鏉庨暱鎭抃Desktop\姣曚笟璁捐涓湡妫€鏌SIAS2025\2025姣曚笟璁捐\ViewModels\Pages\AdminManagerViewModel.cs(284,27): warning CS1998: 姝ゅ紓姝ユ柟娉曠己灏?"await" 杩愮畻绗︼紝灏嗕互鍚屾鏂瑰紡杩愯銆傝鑰冭檻浣跨敤 "await" 杩愮畻绗︾瓑寰呴潪闃绘鐨?API 璋冪敤锛屾垨鑰呬娇鐢?"await Task.Run(...)" 鍦ㄥ悗鍙扮嚎绋嬩笂鎵ц鍗犵敤澶ч噺 CPU 鐨勫伐浣溿€?[C:\Users\鏉庨暱鎭抃Desktop\姣曚笟璁捐涓湡妫€鏌SIAS2025\2025姣曚笟璁捐\2025姣曚笟璁捐_bau1v4gn_wpftmp.csproj]
C:\Users\鏉庨暱鎭抃Desktop\姣曚笟璁捐涓湡妫€鏌SIAS2025\2025姣曚笟璁捐\ViewModels\Pages\AdminManagerViewModel.cs(432,22): warning CS8625: 鏃犳硶灏?null 瀛楅潰閲忚浆鎹负闈?null 鐨勫紩鐢ㄧ被鍨嬨€?[C:\Users\鏉庨暱鎭抃Desktop\姣曚笟璁捐涓湡妫€鏌SIAS2025\2025姣曚笟璁捐\2025姣曚笟璁捐_bau1v4gn_wpftmp.csproj]
C:\Users\鏉庨暱鎭抃Desktop\姣曚笟璁捐涓湡妫€鏌SIAS2025\2025姣曚笟璁捐\ViewModels\EditMessage\AwardNominateManager\EditAwardNominateViewModel.cs(422,37): warning CS8601: 鍙兘鐨?null 寮曠敤璧嬪€笺€?[C:\Users\鏉庨暱鎭抃Desktop\姣曚笟璁捐涓湡妫€鏌SIAS2025\2025姣曚笟璁捐\2025姣曚笟璁捐_bau1v4gn_wpftmp.csproj]
C:\Users\鏉庨暱鎭抃Desktop\姣曚笟璁捐涓湡妫€鏌SIAS2025\2025姣曚笟璁捐\ViewModels\EditMessage\AwardNominateManager\EditAwardNominateViewModel.cs(423,36): warning CS8601: 鍙兘鐨?null 寮曠敤璧嬪€笺€?[C:\Users\鏉庨暱鎭抃Desktop\姣曚笟璁捐涓湡妫€鏌SIAS2025\2025姣曚笟璁捐\2025姣曚笟璁捐_bau1v4gn_wpftmp.csproj]
C:\Users\鏉庨暱鎭抃Desktop\姣曚笟璁捐涓湡妫€鏌SIAS2025\2025姣曚笟璁捐\ViewModels\EditMessage\AwardNominateManager\EditAwardNominateViewModel.cs(424,38): warning CS8601: 鍙兘鐨?null 寮曠敤璧嬪€笺€?[C:\Users\鏉庨暱鎭抃Desktop\姣曚笟璁捐涓湡妫€鏌SIAS2025\2025姣曚笟璁捐\2025姣曚笟璁捐_bau1v4gn_wpftmp.csproj]
C:\Users\鏉庨暱鎭抃Desktop\姣曚笟璁捐涓湡妫€鏌SIAS2025\2025姣曚笟璁捐\ViewModels\EditMessage\AwardNominateManager\EditAwardNominateViewModel.cs(425,34): warning CS8601: 鍙兘鐨?null 寮曠敤璧嬪€笺€?[C:\Users\鏉庨暱鎭抃Desktop\姣曚笟璁捐涓湡妫€鏌SIAS2025\2025姣曚笟璁捐\2025姣曚笟璁捐_bau1v4gn_wpftmp.csproj]
C:\Users\鏉庨暱鎭抃Desktop\姣曚笟璁捐涓湡妫€鏌SIAS2025\2025姣曚笟璁捐\ViewModels\EditMessage\AwardNominateManager\EditAwardNominateViewModel.cs(455,51): warning CS8601: 鍙兘鐨?null 寮曠敤璧嬪€笺€?[C:\Users\鏉庨暱鎭抃Desktop\姣曚笟璁捐涓湡妫€鏌SIAS2025\2025姣曚笟璁捐\2025姣曚笟璁捐_bau1v4gn_wpftmp.csproj]
C:\Users\鏉庨暱鎭抃Desktop\姣曚笟璁捐涓湡妫€鏌SIAS2025\2025姣曚笟璁捐\ViewModels\EditMessage\AwardNominateManager\EditAwardNominateViewModel.cs(479,51): warning CS8601: 鍙兘鐨?null 寮曠敤璧嬪€笺€?[C:\Users\鏉庨暱鎭抃Desktop\姣曚笟璁捐涓湡妫€鏌SIAS2025\2025姣曚笟璁捐\2025姣曚笟璁捐_bau1v4gn_wpftmp.csproj]
C:\Users\鏉庨暱鎭抃Desktop\姣曚笟璁捐涓湡妫€鏌SIAS2025\2025姣曚笟璁捐\ViewModels\HomeViewModel.cs(560,39): warning CS8602: 瑙ｅ紩鐢ㄥ彲鑳藉嚭鐜扮┖寮曠敤銆?[C:\Users\鏉庨暱鎭抃Desktop\姣曚笟璁捐涓湡妫€鏌SIAS2025\2025姣曚笟璁捐\2025姣曚笟璁捐_bau1v4gn_wpftmp.csproj]
C:\Users\鏉庨暱鎭抃Desktop\姣曚笟璁捐涓湡妫€鏌SIAS2025\2025姣曚笟璁捐\ViewModels\HomeViewModel.cs(819,76): warning CS8625: 鏃犳硶灏?null 瀛楅潰閲忚浆鎹负闈?null 鐨勫紩鐢ㄧ被鍨嬨€?[C:\Users\鏉庨暱鎭抃Desktop\姣曚笟璁捐涓湡妫€鏌SIAS2025\2025姣曚笟璁捐\2025姣曚笟璁捐_bau1v4gn_wpftmp.csproj]
C:\Users\鏉庨暱鎭抃Desktop\姣曚笟璁捐涓湡妫€鏌SIAS2025\2025姣曚笟璁捐\ViewModels\Pages\VoteEntranceViewModel.cs(695,45): warning CS8602: 瑙ｅ紩鐢ㄥ彲鑳藉嚭鐜扮┖寮曠敤銆?[C:\Users\鏉庨暱鎭抃Desktop\姣曚笟璁捐涓湡妫€鏌SIAS2025\2025姣曚笟璁捐\2025姣曚笟璁捐_bau1v4gn_wpftmp.csproj]
C:\Users\鏉庨暱鎭抃Desktop\姣曚笟璁捐涓湡妫€鏌SIAS2025\2025姣曚笟璁捐\ViewModels\Pages\VoteEntranceViewModel.cs(747,52): warning CS8601: 鍙兘鐨?null 寮曠敤璧嬪€笺€?[C:\Users\鏉庨暱鎭抃Desktop\姣曚笟璁捐涓湡妫€鏌SIAS2025\2025姣曚笟璁捐\2025姣曚笟璁捐_bau1v4gn_wpftmp.csproj]
C:\Users\鏉庨暱鎭抃Desktop\姣曚笟璁捐涓湡妫€鏌SIAS2025\2025姣曚笟璁捐\ViewModels\Pages\VoteEntranceViewModel.cs(754,49): warning CS8601: 鍙兘鐨?null 寮曠敤璧嬪€笺€?[C:\Users\鏉庨暱鎭抃Desktop\姣曚笟璁捐涓湡妫€鏌SIAS2025\2025姣曚笟璁捐\2025姣曚笟璁捐_bau1v4gn_wpftmp.csproj]
C:\Users\鏉庨暱鎭抃Desktop\姣曚笟璁捐涓湡妫€鏌SIAS2025\2025姣曚笟璁捐\ViewModels\Pages\VoteEntranceViewModel.cs(966,29): warning CS4014: 鐢变簬姝よ皟鐢ㄤ笉浼氱瓑寰咃紝鍥犳鍦ㄦ璋冪敤瀹屾垚涔嬪墠灏嗕細缁х画鎵ц褰撳墠鏂规硶銆傝鑰冭檻灏?"await" 杩愮畻绗﹀簲鐢ㄤ簬璋冪敤缁撴灉銆?[C:\Users\鏉庨暱鎭抃Desktop\姣曚笟璁捐涓湡妫€鏌SIAS2025\2025姣曚笟璁捐\2025姣曚笟璁捐_bau1v4gn_wpftmp.csproj]
C:\Users\鏉庨暱鎭抃Desktop\姣曚笟璁捐涓湡妫€鏌SIAS2025\2025姣曚笟璁捐\ViewModels\Pages\VoteEntranceViewModel.cs(1162,13): warning CS4014: 鐢变簬姝よ皟鐢ㄤ笉浼氱瓑寰咃紝鍥犳鍦ㄦ璋冪敤瀹屾垚涔嬪墠灏嗕細缁х画鎵ц褰撳墠鏂规硶銆傝鑰冭檻灏?"await" 杩愮畻绗﹀簲鐢ㄤ簬璋冪敤缁撴灉銆?[C:\Users\鏉庨暱鎭抃Desktop\姣曚笟璁捐涓湡妫€鏌SIAS2025\2025姣曚笟璁捐\2025姣曚笟璁捐_bau1v4gn_wpftmp.csproj]
C:\Users\鏉庨暱鎭抃Desktop\姣曚笟璁捐涓湡妫€鏌SIAS2025\2025姣曚笟璁捐\ViewModels\Pages\VoteEntranceViewModel.cs(1163,13): warning CS4014: 鐢变簬姝よ皟鐢ㄤ笉浼氱瓑寰咃紝鍥犳鍦ㄦ璋冪敤瀹屾垚涔嬪墠灏嗕細缁х画鎵ц褰撳墠鏂规硶銆傝鑰冭檻灏?"await" 杩愮畻绗﹀簲鐢ㄤ簬璋冪敤缁撴灉銆?[C:\Users\鏉庨暱鎭抃Desktop\姣曚笟璁捐涓湡妫€鏌SIAS2025\2025姣曚笟璁捐\2025姣曚笟璁捐_bau1v4gn_wpftmp.csproj]
C:\Users\鏉庨暱鎭抃Desktop\姣曚笟璁捐涓湡妫€鏌SIAS2025\2025姣曚笟璁捐\ViewModels\Pages\VoteEntranceViewModel.cs(1164,13): warning CS4014: 鐢变簬姝よ皟鐢ㄤ笉浼氱瓑寰咃紝鍥犳鍦ㄦ璋冪敤瀹屾垚涔嬪墠灏嗕細缁х画鎵ц褰撳墠鏂规硶銆傝鑰冭檻灏?"await" 杩愮畻绗﹀簲鐢ㄤ簬璋冪敤缁撴灉銆?[C:\Users\鏉庨暱鎭抃Desktop\姣曚笟璁捐涓湡妫€鏌SIAS2025\2025姣曚笟璁捐\2025姣曚笟璁捐_bau1v4gn_wpftmp.csproj]
C:\Users\鏉庨暱鎭抃Desktop\姣曚笟璁捐涓湡妫€鏌SIAS2025\2025姣曚笟璁捐\ViewModels\Pages\VoteEntranceViewModel.cs(1235,21): warning CS4014: 鐢变簬姝よ皟鐢ㄤ笉浼氱瓑寰咃紝鍥犳鍦ㄦ璋冪敤瀹屾垚涔嬪墠灏嗕細缁х画鎵ц褰撳墠鏂规硶銆傝鑰冭檻灏?"await" 杩愮畻绗﹀簲鐢ㄤ簬璋冪敤缁撴灉銆?[C:\Users\鏉庨暱鎭抃Desktop\姣曚笟璁捐涓湡妫€鏌SIAS2025\2025姣曚笟璁捐\2025姣曚笟璁捐_bau1v4gn_wpftmp.csproj]
C:\Users\鏉庨暱鎭抃Desktop\姣曚笟璁捐涓湡妫€鏌SIAS2025\2025姣曚笟璁捐\ViewModels\Pages\VoteEntranceViewModel.cs(1780,41): warning CS4014: 鐢变簬姝よ皟鐢ㄤ笉浼氱瓑寰咃紝鍥犳鍦ㄦ璋冪敤瀹屾垚涔嬪墠灏嗕細缁х画鎵ц褰撳墠鏂规硶銆傝鑰冭檻灏?"await" 杩愮畻绗﹀簲鐢ㄤ簬璋冪敤缁撴灉銆?[C:\Users\鏉庨暱鎭抃Desktop\姣曚笟璁捐涓湡妫€鏌SIAS2025\2025姣曚笟璁捐\2025姣曚笟璁捐_bau1v4gn_wpftmp.csproj]
C:\Users\鏉庨暱鎭抃Desktop\姣曚笟璁捐涓湡妫€鏌SIAS2025\2025姣曚笟璁捐\ViewModels\Pages\VoteEntranceViewModel.cs(1652,41): warning CS8600: 灏?null 鏂囨湰鎴栧彲鑳界殑 null 鍊艰浆鎹负涓嶅彲涓?null 绫诲瀷銆?[C:\Users\鏉庨暱鎭抃Desktop\姣曚笟璁捐涓湡妫€鏌SIAS2025\2025姣曚笟璁捐\2025姣曚笟璁捐_bau1v4gn_wpftmp.csproj]
C:\Users\鏉庨暱鎭抃Desktop\姣曚笟璁捐涓湡妫€鏌SIAS2025\2025姣曚笟璁捐\ViewModels\Pages\VoteEntranceViewModel.cs(1654,34): warning CS8600: 灏?null 鏂囨湰鎴栧彲鑳界殑 null 鍊艰浆鎹负涓嶅彲涓?null 绫诲瀷銆?[C:\Users\鏉庨暱鎭抃Desktop\姣曚笟璁捐涓湡妫€鏌SIAS2025\2025姣曚笟璁捐\2025姣曚笟璁捐_bau1v4gn_wpftmp.csproj]
C:\Users\鏉庨暱鎭抃Desktop\姣曚笟璁捐涓湡妫€鏌SIAS2025\2025姣曚笟璁捐\Common\ConVerterImage.cs(22,20): warning CS8603: 鍙兘杩斿洖 null 寮曠敤銆?[C:\Users\鏉庨暱鎭抃Desktop\姣曚笟璁捐涓湡妫€鏌SIAS2025\2025姣曚笟璁捐\2025姣曚笟璁捐.csproj]
C:\Users\鏉庨暱鎭抃Desktop\姣曚笟璁捐涓湡妫€鏌SIAS2025\2025姣曚笟璁捐\ViewModels\LoginViewModel.cs(13,16): warning CS8618: 鍦ㄩ€€鍑烘瀯閫犲嚱鏁版椂锛屼笉鍙负 null 鐨?瀛楁 "userName" 蹇呴』鍖呭惈闈?null 鍊笺€傝鑰冭檻娣诲姞 "required" 淇グ绗︽垨灏嗚 瀛楁 澹版槑涓哄彲涓?null銆?[C:\Users\鏉庨暱鎭抃Desktop\姣曚笟璁捐涓湡妫€鏌SIAS2025\2025姣曚笟璁捐\2025姣曚笟璁捐.csproj]
C:\Users\鏉庨暱鎭抃Desktop\姣曚笟璁捐涓湡妫€鏌SIAS2025\2025姣曚笟璁捐\ViewModels\LoginViewModel.cs(13,16): warning CS8618: 鍦ㄩ€€鍑烘瀯閫犲嚱鏁版椂锛屼笉鍙负 null 鐨?瀛楁 "password" 蹇呴』鍖呭惈闈?null 鍊笺€傝鑰冭檻娣诲姞 "required" 淇グ绗︽垨灏嗚 瀛楁 澹版槑涓哄彲涓?null銆?[C:\Users\鏉庨暱鎭抃Desktop\姣曚笟璁捐涓湡妫€鏌SIAS2025\2025姣曚笟璁捐\2025姣曚笟璁捐.csproj]
C:\Users\鏉庨暱鎭抃Desktop\姣曚笟璁捐涓湡妫€鏌SIAS2025\2025姣曚笟璁捐\ViewModels\LoginViewModel.cs(13,16): warning CS8618: 鍦ㄩ€€鍑烘瀯閫犲嚱鏁版椂锛屼笉鍙负 null 鐨?瀛楁 "image" 蹇呴』鍖呭惈闈?null 鍊笺€傝鑰冭檻娣诲姞 "required" 淇グ绗︽垨灏嗚 瀛楁 澹版槑涓哄彲涓?null銆?[C:\Users\鏉庨暱鎭抃Desktop\姣曚笟璁捐涓湡妫€鏌SIAS2025\2025姣曚笟璁捐\2025姣曚笟璁捐.csproj]
C:\Users\鏉庨暱鎭抃Desktop\姣曚笟璁捐涓湡妫€鏌SIAS2025\2025姣曚笟璁捐\ViewModels\LoginViewModel.cs(13,16): warning CS8618: 鍦ㄩ€€鍑烘瀯閫犲嚱鏁版椂锛屼笉鍙负 null 鐨?瀛楁 "_supAdmins" 蹇呴』鍖呭惈闈?null 鍊笺€傝鑰冭檻娣诲姞 "required" 淇グ绗︽垨灏嗚 瀛楁 澹版槑涓哄彲涓?null銆?[C:\Users\鏉庨暱鎭抃Desktop\姣曚笟璁捐涓湡妫€鏌SIAS2025\2025姣曚笟璁捐\2025姣曚笟璁捐.csproj]
C:\Users\鏉庨暱鎭抃Desktop\姣曚笟璁捐涓湡妫€鏌SIAS2025\2025姣曚笟璁捐\ViewModels\LoginViewModel.cs(13,16): warning CS8618: 鍦ㄩ€€鍑烘瀯閫犲嚱鏁版椂锛屼笉鍙负 null 鐨?瀛楁 "_admins" 蹇呴』鍖呭惈闈?null 鍊笺€傝鑰冭檻娣诲姞 "required" 淇グ绗︽垨灏嗚 瀛楁 澹版槑涓哄彲涓?null銆?[C:\Users\鏉庨暱鎭抃Desktop\姣曚笟璁捐涓湡妫€鏌SIAS2025\2025姣曚笟璁捐\2025姣曚笟璁捐.csproj]
C:\Users\鏉庨暱鎭抃Desktop\姣曚笟璁捐涓湡妫€鏌SIAS2025\2025姣曚笟璁捐\ViewModels\LoginViewModel.cs(13,16): warning CS8618: 鍦ㄩ€€鍑烘瀯閫犲嚱鏁版椂锛屼笉鍙负 null 鐨?瀛楁 "_employees" 蹇呴』鍖呭惈闈?null 鍊笺€傝鑰冭檻娣诲姞 "required" 淇グ绗︽垨灏嗚 瀛楁 澹版槑涓哄彲涓?null銆?[C:\Users\鏉庨暱鎭抃Desktop\姣曚笟璁捐涓湡妫€鏌SIAS2025\2025姣曚笟璁捐\2025姣曚笟璁捐.csproj]
C:\Users\鏉庨暱鎭抃Desktop\姣曚笟璁捐涓湡妫€鏌SIAS2025\2025姣曚笟璁捐\ViewModels\LoginViewModel.cs(13,16): warning CS8618: 鍦ㄩ€€鍑烘瀯閫犲嚱鏁版椂锛屼笉鍙负 null 鐨?瀛楁 "exitCommand" 蹇呴』鍖呭惈闈?null 鍊笺€傝鑰冭檻娣诲姞 "required" 淇グ绗︽垨灏嗚 瀛楁 澹版槑涓哄彲涓?null銆?[C:\Users\鏉庨暱鎭抃Desktop\姣曚笟璁捐涓湡妫€鏌SIAS2025\2025姣曚笟璁捐\2025姣曚笟璁捐.csproj]
C:\Users\鏉庨暱鎭抃Desktop\姣曚笟璁捐涓湡妫€鏌SIAS2025\2025姣曚笟璁捐\ViewModels\LoginViewModel.cs(13,16): warning CS8618: 鍦ㄩ€€鍑烘瀯閫犲嚱鏁版椂锛屼笉鍙负 null 鐨?瀛楁 "previewMouseDownLoginCommand" 蹇呴』鍖呭惈闈?null 鍊笺€傝鑰冭檻娣诲姞 "required" 淇グ绗︽垨灏嗚 瀛楁 澹版槑涓哄彲涓?null銆?[C:\Users\鏉庨暱鎭抃Desktop\姣曚笟璁捐涓湡妫€鏌SIAS2025\2025姣曚笟璁捐\2025姣曚笟璁捐.csproj]
C:\Users\鏉庨暱鎭抃Desktop\姣曚笟璁捐涓湡妫€鏌SIAS2025\2025姣曚笟璁捐\Common\CurrentUser.cs(5,30): warning CS8618: 鍦ㄩ€€鍑烘瀯閫犲嚱鏁版椂锛屼笉鍙负 null 鐨?灞炴€?"UserName" 蹇呴』鍖呭惈闈?null 鍊笺€傝鑰冭檻娣诲姞 "required" 淇グ绗︽垨灏嗚 灞炴€?澹版槑涓哄彲涓?null銆?[C:\Users\鏉庨暱鎭抃Desktop\姣曚笟璁捐涓湡妫€鏌SIAS2025\2025姣曚笟璁捐\2025姣曚笟璁捐.csproj]
C:\Users\鏉庨暱鎭抃Desktop\姣曚笟璁捐涓湡妫€鏌SIAS2025\2025姣曚笟璁捐\Common\CurrentUser.cs(6,30): warning CS8618: 鍦ㄩ€€鍑烘瀯閫犲嚱鏁版椂锛屼笉鍙负 null 鐨?灞炴€?"Password" 蹇呴』鍖呭惈闈?null 鍊笺€傝鑰冭檻娣诲姞 "required" 淇グ绗︽垨灏嗚 灞炴€?澹版槑涓哄彲涓?null銆?[C:\Users\鏉庨暱鎭抃Desktop\姣曚笟璁捐涓湡妫€鏌SIAS2025\2025姣曚笟璁捐\2025姣曚笟璁捐.csproj]
C:\Users\鏉庨暱鎭抃Desktop\姣曚笟璁捐涓湡妫€鏌SIAS2025\2025姣曚笟璁捐\Models\VoteRecord.cs(31,22): warning CS8618: 鍦ㄩ€€鍑烘瀯閫犲嚱鏁版椂锛屼笉鍙负 null 鐨?灞炴€?"Award" 蹇呴』鍖呭惈闈?null 鍊笺€傝鑰冭檻娣诲姞 "required" 淇グ绗︽垨灏嗚 灞炴€?澹版槑涓哄彲涓?null銆?[C:\Users\鏉庨暱鎭抃Desktop\姣曚笟璁捐涓湡妫€鏌SIAS2025\2025姣曚笟璁捐\2025姣曚笟璁捐.csproj]
C:\Users\鏉庨暱鎭抃Desktop\姣曚笟璁捐涓湡妫€鏌SIAS2025\2025姣曚笟璁捐\Models\VoteRecord.cs(42,27): warning CS8618: 鍦ㄩ€€鍑烘瀯閫犲嚱鏁版椂锛屼笉鍙负 null 鐨?灞炴€?"Nomination" 蹇呴』鍖呭惈闈?null 鍊笺€傝鑰冭檻娣诲姞 "required" 淇グ绗︽垨灏嗚 灞炴€?澹版槑涓哄彲涓?null銆?[C:\Users\鏉庨暱鎭抃Desktop\姣曚笟璁捐涓湡妫€鏌SIAS2025\2025姣曚笟璁捐\2025姣曚笟璁捐.csproj]
C:\Users\鏉庨暱鎭抃Desktop\姣曚笟璁捐涓湡妫€鏌SIAS2025\2025姣曚笟璁捐\Models\VoteRecord.cs(53,25): warning CS8618: 鍦ㄩ€€鍑烘瀯閫犲嚱鏁版椂锛屼笉鍙负 null 鐨?灞炴€?"VoterEmployee" 蹇呴』鍖呭惈闈?null 鍊笺€傝鑰冭檻娣诲姞 "required" 淇グ绗︽垨灏嗚 灞炴€?澹版槑涓哄彲涓?null銆?[C:\Users\鏉庨暱鎭抃Desktop\姣曚笟璁捐涓湡妫€鏌SIAS2025\2025姣曚笟璁捐\2025姣曚笟璁捐.csproj]
C:\Users\鏉庨暱鎭抃Desktop\姣曚笟璁捐涓湡妫€鏌SIAS2025\2025姣曚笟璁捐\Models\VoteRecord.cs(64,22): warning CS8618: 鍦ㄩ€€鍑烘瀯閫犲嚱鏁版椂锛屼笉鍙负 null 鐨?灞炴€?"VoterAdmin" 蹇呴』鍖呭惈闈?null 鍊笺€傝鑰冭檻娣诲姞 "required" 淇グ绗︽垨灏嗚 灞炴€?澹版槑涓哄彲涓?null銆?[C:\Users\鏉庨暱鎭抃Desktop\姣曚笟璁捐涓湡妫€鏌SIAS2025\2025姣曚笟璁捐\2025姣曚笟璁捐.csproj]
C:\Users\鏉庨暱鎭抃Desktop\姣曚笟璁捐涓湡妫€鏌SIAS2025\2025姣曚笟璁捐\Models\VoteRecord.cs(85,23): warning CS8618: 鍦ㄩ€€鍑烘瀯閫犲嚱鏁版椂锛屼笉鍙负 null 鐨?灞炴€?"VoteDescription" 蹇呴』鍖呭惈闈?null 鍊笺€傝鑰冭檻娣诲姞 "required" 淇グ绗︽垨灏嗚 灞炴€?澹版槑涓哄彲涓?null銆?[C:\Users\鏉庨暱鎭抃Desktop\姣曚笟璁捐涓湡妫€鏌SIAS2025\2025姣曚笟璁捐\2025姣曚笟璁捐.csproj]
C:\Users\鏉庨暱鎭抃Desktop\姣曚笟璁捐涓湡妫€鏌SIAS2025\2025姣曚笟璁捐\Behaviors\OpenWindowBehavior.cs(24,33): warning CS8600: 灏?null 鏂囨湰鎴栧彲鑳界殑 null 鍊艰浆鎹负涓嶅彲涓?null 绫诲瀷銆?[C:\Users\鏉庨暱鎭抃Desktop\姣曚笟璁捐涓湡妫€鏌SIAS2025\2025姣曚笟璁捐\2025姣曚笟璁捐.csproj]
C:\Users\鏉庨暱鎭抃Desktop\姣曚笟璁捐涓湡妫€鏌SIAS2025\2025姣曚笟璁捐\Behaviors\OpenWindowBehavior.cs(25,17): warning CS8602: 瑙ｅ紩鐢ㄥ彲鑳藉嚭鐜扮┖寮曠敤銆?[C:\Users\鏉庨暱鎭抃Desktop\姣曚笟璁捐涓湡妫€鏌SIAS2025\2025姣曚笟璁捐\2025姣曚笟璁捐.csproj]
C:\Users\鏉庨暱鎭抃Desktop\姣曚笟璁捐涓湡妫€鏌SIAS2025\2025姣曚笟璁捐\ViewModels\EditMessage\AwardNominateManager\EditAwardNominateViewModel.cs(27,16): warning CS8618: 鍦ㄩ€€鍑烘瀯閫犲嚱鏁版椂锛屼笉鍙负 null 鐨?瀛楁 "awards" 蹇呴』鍖呭惈闈?null 鍊笺€傝鑰冭檻娣诲姞 "required" 淇グ绗︽垨灏嗚 瀛楁 澹版槑涓哄彲涓?null銆?[C:\Users\鏉庨暱鎭抃Desktop\姣曚笟璁捐涓湡妫€鏌SIAS2025\2025姣曚笟璁捐\2025姣曚笟璁捐.csproj]
C:\Users\鏉庨暱鎭抃Desktop\姣曚笟璁捐涓湡妫€鏌SIAS2025\2025姣曚笟璁捐\ViewModels\EditMessage\AwardNominateManager\EditAwardNominateViewModel.cs(27,16): warning CS8618: 鍦ㄩ€€鍑烘瀯閫犲嚱鏁版椂锛屼笉鍙负 null 鐨?瀛楁 "selectedAward" 蹇呴』鍖呭惈闈?null 鍊笺€傝鑰冭檻娣诲姞 "required" 淇グ绗︽垨灏嗚 瀛楁 澹版槑涓哄彲涓?null銆?[C:\Users\鏉庨暱鎭抃Desktop\姣曚笟璁捐涓湡妫€鏌SIAS2025\2025姣曚笟璁捐\2025姣曚笟璁捐.csproj]
C:\Users\鏉庨暱鎭抃Desktop\姣曚笟璁捐涓湡妫€鏌SIAS2025\2025姣曚笟璁捐\ViewModels\EditMessage\AwardNominateManager\EditAwardNominateViewModel.cs(27,16): warning CS8618: 鍦ㄩ€€鍑烘瀯閫犲嚱鏁版椂锛屼笉鍙负 null 鐨?瀛楁 "employees" 蹇呴』鍖呭惈闈?null 鍊笺€傝鑰冭檻娣诲姞 "required" 淇グ绗︽垨灏嗚 瀛楁 澹版槑涓哄彲涓?null銆?[C:\Users\鏉庨暱鎭抃Desktop\姣曚笟璁捐涓湡妫€鏌SIAS2025\2025姣曚笟璁捐\2025姣曚笟璁捐.csproj]
C:\Users\鏉庨暱鎭抃Desktop\姣曚笟璁捐涓湡妫€鏌SIAS2025\2025姣曚笟璁捐\ViewModels\EditMessage\AwardNominateManager\EditAwardNominateViewModel.cs(27,16): warning CS8618: 鍦ㄩ€€鍑烘瀯閫犲嚱鏁版椂锛屼笉鍙负 null 鐨?瀛楁 "admins" 蹇呴』鍖呭惈闈?null 鍊笺€傝鑰冭檻娣诲姞 "required" 淇グ绗︽垨灏嗚 瀛楁 澹版槑涓哄彲涓?null銆?[C:\Users\鏉庨暱鎭抃Desktop\姣曚笟璁捐涓湡妫€鏌SIAS2025\2025姣曚笟璁捐\2025姣曚笟璁捐.csproj]
C:\Users\鏉庨暱鎭抃Desktop\姣曚笟璁捐涓湡妫€鏌SIAS2025\2025姣曚笟璁捐\ViewModels\EditMessage\AwardNominateManager\EditAwardNominateViewModel.cs(27,16): warning CS8618: 鍦ㄩ€€鍑烘瀯閫犲嚱鏁版椂锛屼笉鍙负 null 鐨?瀛楁 "selectedNominee" 蹇呴』鍖呭惈闈?null 鍊笺€傝鑰冭檻娣诲姞 "required" 淇グ绗︽垨灏嗚 瀛楁 澹版槑涓哄彲涓?null銆?[C:\Users\鏉庨暱鎭抃Desktop\姣曚笟璁捐涓湡妫€鏌SIAS2025\2025姣曚笟璁捐\2025姣曚笟璁捐.csproj]
C:\Users\鏉庨暱鎭抃Desktop\姣曚笟璁捐涓湡妫€鏌SIAS2025\2025姣曚笟璁捐\ViewModels\EditMessage\AwardNominateManager\EditAwardNominateViewModel.cs(27,16): warning CS8618: 鍦ㄩ€€鍑烘瀯閫犲嚱鏁版椂锛屼笉鍙负 null 鐨?瀛楁 "departmentName" 蹇呴』鍖呭惈闈?null 鍊笺€傝鑰冭檻娣诲姞 "required" 淇グ绗︽垨灏嗚 瀛楁 澹版槑涓哄彲涓?null銆?[C:\Users\鏉庨暱鎭抃Desktop\姣曚笟璁捐涓湡妫€鏌SIAS2025\2025姣曚笟璁捐\2025姣曚笟璁捐.csproj]
C:\Users\鏉庨暱鎭抃Desktop\姣曚笟璁捐涓湡妫€鏌SIAS2025\2025姣曚笟璁捐\ViewModels\EditMessage\AwardNominateManager\EditAwardNominateViewModel.cs(27,16): warning CS8618: 鍦ㄩ€€鍑烘瀯閫犲嚱鏁版椂锛屼笉鍙负 null 鐨?瀛楁 "introduction" 蹇呴』鍖呭惈闈?null 鍊笺€傝鑰冭檻娣诲姞 "required" 淇グ绗︽垨灏嗚 瀛楁 澹版槑涓哄彲涓?null銆?[C:\Users\鏉庨暱鎭抃Desktop\姣曚笟璁捐涓湡妫€鏌SIAS2025\2025姣曚笟璁捐\2025姣曚笟璁捐.csproj]
C:\Users\鏉庨暱鎭抃Desktop\姣曚笟璁捐涓湡妫€鏌SIAS2025\2025姣曚笟璁捐\ViewModels\EditMessage\AwardNominateManager\EditAwardNominateViewModel.cs(27,16): warning CS8618: 鍦ㄩ€€鍑烘瀯閫犲嚱鏁版椂锛屼笉鍙负 null 鐨?瀛楁 "nominateReason" 蹇呴』鍖呭惈闈?null 鍊笺€傝鑰冭檻娣诲姞 "required" 淇グ绗︽垨灏嗚 瀛楁 澹版槑涓哄彲涓?null銆?[C:\Users\鏉庨暱鎭抃Desktop\姣曚笟璁捐涓湡妫€鏌SIAS2025\2025姣曚笟璁捐\2025姣曚笟璁捐.csproj]
C:\Users\鏉庨暱鎭抃Desktop\姣曚笟璁捐涓湡妫€鏌SIAS2025\2025姣曚笟璁捐\ViewModels\EditMessage\AwardNominateManager\EditAwardNominateViewModel.cs(27,16): warning CS8618: 鍦ㄩ€€鍑烘瀯閫犲嚱鏁版椂锛屼笉鍙负 null 鐨?瀛楁 "coverImage" 蹇呴』鍖呭惈闈?null 鍊笺€傝鑰冭檻娣诲姞 "required" 淇グ绗︽垨灏嗚 瀛楁 澹版槑涓哄彲涓?null銆?[C:\Users\鏉庨暱鎭抃Desktop\姣曚笟璁捐涓湡妫€鏌SIAS2025\2025姣曚笟璁捐\2025姣曚笟璁捐.csproj]
C:\Users\鏉庨暱鎭抃Desktop\姣曚笟璁捐涓湡妫€鏌SIAS2025\2025姣曚笟璁捐\ViewModels\EditMessage\AwardNominateManager\EditAwardNominateViewModel.cs(27,16): warning CS8618: 鍦ㄩ€€鍑烘瀯閫犲嚱鏁版椂锛屼笉鍙负 null 鐨?瀛楁 "coverImagePreview" 蹇呴』鍖呭惈闈?null 鍊笺€傝鑰冭檻娣诲姞 "required" 淇グ绗︽垨灏嗚 瀛楁 澹版槑涓哄彲涓?null銆?[C:\Users\鏉庨暱鎭抃Desktop\姣曚笟璁捐涓湡妫€鏌SIAS2025\2025姣曚笟璁捐\2025姣曚笟璁捐.csproj]
C:\Users\鏉庨暱鎭抃Desktop\姣曚笟璁捐涓湡妫€鏌SIAS2025\2025姣曚笟璁捐\ViewModels\EditMessage\AwardNominateManager\EditAwardNominateViewModel.cs(27,16): warning CS8618: 鍦ㄩ€€鍑烘瀯閫犲嚱鏁版椂锛屼笉鍙负 null 鐨?瀛楁 "currentNomination" 蹇呴』鍖呭惈闈?null 鍊笺€傝鑰冭檻娣诲姞 "required" 淇グ绗︽垨灏嗚 瀛楁 澹版槑涓哄彲涓?null銆?[C:\Users\鏉庨暱鎭抃Desktop\姣曚笟璁捐涓湡妫€鏌SIAS2025\2025姣曚笟璁捐\2025姣曚笟璁捐.csproj]
C:\Users\鏉庨暱鎭抃Desktop\姣曚笟璁捐涓湡妫€鏌SIAS2025\2025姣曚笟璁捐\ViewModels\EditMessage\AwardNominateManager\EditAwardNominateViewModel.cs(27,16): warning CS8618: 鍦ㄩ€€鍑烘瀯閫犲嚱鏁版椂锛屼笉鍙负 null 鐨?瀛楁 "saveCommand" 蹇呴』鍖呭惈闈?null 鍊笺€傝鑰冭檻娣诲姞 "required" 淇グ绗︽垨灏嗚 瀛楁 澹版槑涓哄彲涓?null銆?[C:\Users\鏉庨暱鎭抃Desktop\姣曚笟璁捐涓湡妫€鏌SIAS2025\2025姣曚笟璁捐\2025姣曚笟璁捐.csproj]
C:\Users\鏉庨暱鎭抃Desktop\姣曚笟璁捐涓湡妫€鏌SIAS2025\2025姣曚笟璁捐\ViewModels\EditMessage\AwardNominateManager\EditAwardNominateViewModel.cs(27,16): warning CS8618: 鍦ㄩ€€鍑烘瀯閫犲嚱鏁版椂锛屼笉鍙负 null 鐨?瀛楁 "cancelCommand" 蹇呴』鍖呭惈闈?null 鍊笺€傝鑰冭檻娣诲姞 "required" 淇グ绗︽垨灏嗚 瀛楁 澹版槑涓哄彲涓?null銆?[C:\Users\鏉庨暱鎭抃Desktop\姣曚笟璁捐涓湡妫€鏌SIAS2025\2025姣曚笟璁捐\2025姣曚笟璁捐.csproj]
C:\Users\鏉庨暱鎭抃Desktop\姣曚笟璁捐涓湡妫€鏌SIAS2025\2025姣曚笟璁捐\ViewModels\EditMessage\AwardNominateManager\EditAwardNominateViewModel.cs(27,16): warning CS8618: 鍦ㄩ€€鍑烘瀯閫犲嚱鏁版椂锛屼笉鍙负 null 鐨?瀛楁 "uploadImageCommand" 蹇呴』鍖呭惈闈?null 鍊笺€傝鑰冭檻娣诲姞 "required" 淇グ绗︽垨灏嗚 瀛楁 澹版槑涓哄彲涓?null銆?[C:\Users\鏉庨暱鎭抃Desktop\姣曚笟璁捐涓湡妫€鏌SIAS2025\2025姣曚笟璁捐\2025姣曚笟璁捐.csproj]
C:\Users\鏉庨暱鎭抃Desktop\姣曚笟璁捐涓湡妫€鏌SIAS2025\2025姣曚笟璁捐\Behaviors\OpenWindowBehavior.cs(9,21): warning CS8618: 鍦ㄩ€€鍑烘瀯閫犲嚱鏁版椂锛屼笉鍙负 null 鐨?灞炴€?"TargetType" 蹇呴』鍖呭惈闈?null 鍊笺€傝鑰冭檻娣诲姞 "required" 淇グ绗︽垨灏嗚 灞炴€?澹版槑涓哄彲涓?null銆?[C:\Users\鏉庨暱鎭抃Desktop\姣曚笟璁捐涓湡妫€鏌SIAS2025\2025姣曚笟璁捐\2025姣曚笟璁捐.csproj]
C:\Users\鏉庨暱鎭抃Desktop\姣曚笟璁捐涓湡妫€鏌SIAS2025\2025姣曚笟璁捐\Common\ConVerterImage.cs(32,24): warning CS8603: 鍙兘杩斿洖 null 寮曠敤銆?[C:\Users\鏉庨暱鎭抃Desktop\姣曚笟璁捐涓湡妫€鏌SIAS2025\2025姣曚笟璁捐\2025姣曚笟璁捐.csproj]
C:\Users\鏉庨暱鎭抃Desktop\姣曚笟璁捐涓湡妫€鏌SIAS2025\2025姣曚笟璁捐\ViewModels\EditMessage\AwardSettingManager\EditAwardSettingViewModel.cs(21,16): warning CS8618: 鍦ㄩ€€鍑烘瀯閫犲嚱鏁版椂锛屼笉鍙负 null 鐨?瀛楁 "updateAward" 蹇呴』鍖呭惈闈?null 鍊笺€傝鑰冭檻娣诲姞 "required" 淇グ绗︽垨灏嗚 瀛楁 澹版槑涓哄彲涓?null銆?[C:\Users\鏉庨暱鎭抃Desktop\姣曚笟璁捐涓湡妫€鏌SIAS2025\2025姣曚笟璁捐\2025姣曚笟璁捐.csproj]
C:\Users\鏉庨暱鎭抃Desktop\姣曚笟璁捐涓湡妫€鏌SIAS2025\2025姣曚笟璁捐\ViewModels\EditMessage\AwardSettingManager\EditAwardSettingViewModel.cs(21,16): warning CS8618: 鍦ㄩ€€鍑烘瀯閫犲嚱鏁版椂锛屼笉鍙负 null 鐨?瀛楁 "awardName" 蹇呴』鍖呭惈闈?null 鍊笺€傝鑰冭檻娣诲姞 "required" 淇グ绗︽垨灏嗚 瀛楁 澹版槑涓哄彲涓?null銆?[C:\Users\鏉庨暱鎭抃Desktop\姣曚笟璁捐涓湡妫€鏌SIAS2025\2025姣曚笟璁捐\2025姣曚笟璁捐.csproj]
C:\Users\鏉庨暱鎭抃Desktop\姣曚笟璁捐涓湡妫€鏌SIAS2025\2025姣曚笟璁捐\ViewModels\EditMessage\AwardSettingManager\EditAwardSettingViewModel.cs(21,16): warning CS8618: 鍦ㄩ€€鍑烘瀯閫犲嚱鏁版椂锛屼笉鍙负 null 鐨?瀛楁 "awardDescription" 蹇呴』鍖呭惈闈?null 鍊笺€傝鑰冭檻娣诲姞 "required" 淇グ绗︽垨灏嗚 瀛楁 澹版槑涓哄彲涓?null銆?[C:\Users\鏉庨暱鎭抃Desktop\姣曚笟璁捐涓湡妫€鏌SIAS2025\2025姣曚笟璁捐\2025姣曚笟璁捐.csproj]
C:\Users\鏉庨暱鎭抃Desktop\姣曚笟璁捐涓湡妫€鏌SIAS2025\2025姣曚笟璁捐\ViewModels\EditMessage\AwardSettingManager\EditAwardSettingViewModel.cs(21,16): warning CS8618: 鍦ㄩ€€鍑烘瀯閫犲嚱鏁版椂锛屼笉鍙负 null 鐨?瀛楁 "saveCommand" 蹇呴』鍖呭惈闈?null 鍊笺€傝鑰冭檻娣诲姞 "required" 淇グ绗︽垨灏嗚 瀛楁 澹版槑涓哄彲涓?null銆?[C:\Users\鏉庨暱鎭抃Desktop\姣曚笟璁捐涓湡妫€鏌SIAS2025\2025姣曚笟璁捐\2025姣曚笟璁捐.csproj]
C:\Users\鏉庨暱鎭抃Desktop\姣曚笟璁捐涓湡妫€鏌SIAS2025\2025姣曚笟璁捐\ViewModels\EditMessage\AwardSettingManager\EditAwardSettingViewModel.cs(21,16): warning CS8618: 鍦ㄩ€€鍑烘瀯閫犲嚱鏁版椂锛屼笉鍙负 null 鐨?瀛楁 "cancelCommand" 蹇呴』鍖呭惈闈?null 鍊笺€傝鑰冭檻娣诲姞 "required" 淇グ绗︽垨灏嗚 瀛楁 澹版槑涓哄彲涓?null銆?[C:\Users\鏉庨暱鎭抃Desktop\姣曚笟璁捐涓湡妫€鏌SIAS2025\2025姣曚笟璁捐\2025姣曚笟璁捐.csproj]
C:\Users\鏉庨暱鎭抃Desktop\姣曚笟璁捐涓湡妫€鏌SIAS2025\2025姣曚笟璁捐\Common\ConVerterImage.cs(56,24): warning CS8603: 鍙兘杩斿洖 null 寮曠敤銆?[C:\Users\鏉庨暱鎭抃Desktop\姣曚笟璁捐涓湡妫€鏌SIAS2025\2025姣曚笟璁捐\2025姣曚笟璁捐.csproj]
C:\Users\鏉庨暱鎭抃Desktop\姣曚笟璁捐涓湡妫€鏌SIAS2025\2025姣曚笟璁捐\Services\SupAdminService.cs(23,24): warning CS8603: 鍙兘杩斿洖 null 寮曠敤銆?[C:\Users\鏉庨暱鎭抃Desktop\姣曚笟璁捐涓湡妫€鏌SIAS2025\2025姣曚笟璁捐\2025姣曚笟璁捐.csproj]
C:\Users\鏉庨暱鎭抃Desktop\姣曚笟璁捐涓湡妫€鏌SIAS2025\2025姣曚笟璁捐\ViewModels\EditMessage\AwardSettingManager\AddAwardSettingViewModel.cs(22,16): warning CS8618: 鍦ㄩ€€鍑烘瀯閫犲嚱鏁版椂锛屼笉鍙负 null 鐨?瀛楁 "addAward" 蹇呴』鍖呭惈闈?null 鍊笺€傝鑰冭檻娣诲姞 "required" 淇グ绗︽垨灏嗚 瀛楁 澹版槑涓哄彲涓?null銆?[C:\Users\鏉庨暱鎭抃Desktop\姣曚笟璁捐涓湡妫€鏌SIAS2025\2025姣曚笟璁捐\2025姣曚笟璁捐.csproj]
C:\Users\鏉庨暱鎭抃Desktop\姣曚笟璁捐涓湡妫€鏌SIAS2025\2025姣曚笟璁捐\ViewModels\EditMessage\AwardSettingManager\AddAwardSettingViewModel.cs(22,16): warning CS8618: 鍦ㄩ€€鍑烘瀯閫犲嚱鏁版椂锛屼笉鍙负 null 鐨?瀛楁 "awardName" 蹇呴』鍖呭惈闈?null 鍊笺€傝鑰冭檻娣诲姞 "required" 淇グ绗︽垨灏嗚 瀛楁 澹版槑涓哄彲涓?null銆?[C:\Users\鏉庨暱鎭抃Desktop\姣曚笟璁捐涓湡妫€鏌SIAS2025\2025姣曚笟璁捐\2025姣曚笟璁捐.csproj]
C:\Users\鏉庨暱鎭抃Desktop\姣曚笟璁捐涓湡妫€鏌SIAS2025\2025姣曚笟璁捐\ViewModels\EditMessage\AwardSettingManager\AddAwardSettingViewModel.cs(22,16): warning CS8618: 鍦ㄩ€€鍑烘瀯閫犲嚱鏁版椂锛屼笉鍙负 null 鐨?瀛楁 "saveCommand" 蹇呴』鍖呭惈闈?null 鍊笺€傝鑰冭檻娣诲姞 "required" 淇グ绗︽垨灏嗚 瀛楁 澹版槑涓哄彲涓?null銆?[C:\Users\鏉庨暱鎭抃Desktop\姣曚笟璁捐涓湡妫€鏌SIAS2025\2025姣曚笟璁捐\2025姣曚笟璁捐.csproj]
C:\Users\鏉庨暱鎭抃Desktop\姣曚笟璁捐涓湡妫€鏌SIAS2025\2025姣曚笟璁捐\ViewModels\EditMessage\AwardSettingManager\AddAwardSettingViewModel.cs(22,16): warning CS8618: 鍦ㄩ€€鍑烘瀯閫犲嚱鏁版椂锛屼笉鍙负 null 鐨?瀛楁 "cancelCommand" 蹇呴』鍖呭惈闈?null 鍊笺€傝鑰冭檻娣诲姞 "required" 淇グ绗︽垨灏嗚 瀛楁 澹版槑涓哄彲涓?null銆?[C:\Users\鏉庨暱鎭抃Desktop\姣曚笟璁捐涓湡妫€鏌SIAS2025\2025姣曚笟璁捐\2025姣曚笟璁捐.csproj]
C:\Users\鏉庨暱鎭抃Desktop\姣曚笟璁捐涓湡妫€鏌SIAS2025\2025姣曚笟璁捐\Converter\VoteEntranceConverter.cs(35,24): warning CS8603: 鍙兘杩斿洖 null 寮曠敤銆?[C:\Users\鏉庨暱鎭抃Desktop\姣曚笟璁捐涓湡妫€鏌SIAS2025\2025姣曚笟璁捐\2025姣曚笟璁捐.csproj]
C:\Users\鏉庨暱鎭抃Desktop\姣曚笟璁捐涓湡妫€鏌SIAS2025\2025姣曚笟璁捐\Converter\VoteEntranceConverter.cs(60,24): warning CS8603: 鍙兘杩斿洖 null 寮曠敤銆?[C:\Users\鏉庨暱鎭抃Desktop\姣曚笟璁捐涓湡妫€鏌SIAS2025\2025姣曚笟璁捐\2025姣曚笟璁捐.csproj]
C:\Users\鏉庨暱鎭抃Desktop\姣曚笟璁捐涓湡妫€鏌SIAS2025\2025姣曚笟璁捐\Common\ConVerterImage.cs(72,20): warning CS8603: 鍙兘杩斿洖 null 寮曠敤銆?[C:\Users\鏉庨暱鎭抃Desktop\姣曚笟璁捐涓湡妫€鏌SIAS2025\2025姣曚笟璁捐\2025姣曚笟璁捐.csproj]
C:\Users\鏉庨暱鎭抃Desktop\姣曚笟璁捐涓湡妫€鏌SIAS2025\2025姣曚笟璁捐\ViewModels\EditMessage\DepartmentManager\EditDepartmentViewModel.cs(46,16): warning CS8618: 鍦ㄩ€€鍑烘瀯閫犲嚱鏁版椂锛屼笉鍙负 null 鐨?瀛楁 "baseDepartment" 蹇呴』鍖呭惈闈?null 鍊笺€傝鑰冭檻娣诲姞 "required" 淇グ绗︽垨灏嗚 瀛楁 澹版槑涓哄彲涓?null銆?[C:\Users\鏉庨暱鎭抃Desktop\姣曚笟璁捐涓湡妫€鏌SIAS2025\2025姣曚笟璁捐\2025姣曚笟璁捐.csproj]
C:\Users\鏉庨暱鎭抃Desktop\姣曚笟璁捐涓湡妫€鏌SIAS2025\2025姣曚笟璁捐\ViewModels\Windows\NominationDetailViewModel.cs(56,16): warning CS8618: 鍦ㄩ€€鍑烘瀯閫犲嚱鏁版椂锛屼笉鍙负 null 鐨?瀛楁 "_nomination" 蹇呴』鍖呭惈闈?null 鍊笺€傝鑰冭檻娣诲姞 "required" 淇グ绗︽垨灏嗚 瀛楁 澹版槑涓哄彲涓?null銆?[C:\Users\鏉庨暱鎭抃Desktop\姣曚笟璁捐涓湡妫€鏌SIAS2025\2025姣曚笟璁捐\2025姣曚笟璁捐.csproj]
C:\Users\鏉庨暱鎭抃Desktop\姣曚笟璁捐涓湡妫€鏌SIAS2025\2025姣曚笟璁捐\ViewModels\EditMessage\PersonnallyManager\SupAdminPersonallyManagerViewModel.cs(50,16): warning CS8618: 鍦ㄩ€€鍑烘瀯閫犲嚱鏁版椂锛屼笉鍙负 null 鐨?瀛楁 "byteImage" 蹇呴』鍖呭惈闈?null 鍊笺€傝鑰冭檻娣诲姞 "required" 淇グ绗︽垨灏嗚 瀛楁 澹版槑涓哄彲涓?null銆?[C:\Users\鏉庨暱鎭抃Desktop\姣曚笟璁捐涓湡妫€鏌SIAS2025\2025姣曚笟璁捐\2025姣曚笟璁捐.csproj]
C:\Users\鏉庨暱鎭抃Desktop\姣曚笟璁捐涓湡妫€鏌SIAS2025\2025姣曚笟璁捐\ViewModels\EditMessage\PersonnallyManager\SupAdminPersonallyManagerViewModel.cs(50,16): warning CS8618: 鍦ㄩ€€鍑烘瀯閫犲嚱鏁版椂锛屼笉鍙负 null 鐨?瀛楁 "image" 蹇呴』鍖呭惈闈?null 鍊笺€傝鑰冭檻娣诲姞 "required" 淇グ绗︽垨灏嗚 瀛楁 澹版槑涓哄彲涓?null銆?[C:\Users\鏉庨暱鎭抃Desktop\姣曚笟璁捐涓湡妫€鏌SIAS2025\2025姣曚笟璁捐\2025姣曚笟璁捐.csproj]
C:\Users\鏉庨暱鎭抃Desktop\姣曚笟璁捐涓湡妫€鏌SIAS2025\2025姣曚笟璁捐\ViewModels\EditMessage\PersonnallyManager\SupAdminPersonallyManagerViewModel.cs(50,16): warning CS8618: 鍦ㄩ€€鍑烘瀯閫犲嚱鏁版椂锛屼笉鍙负 null 鐨?瀛楁 "currentSupAdmin" 蹇呴』鍖呭惈闈?null 鍊笺€傝鑰冭檻娣诲姞 "required" 淇グ绗︽垨灏嗚 瀛楁 澹版槑涓哄彲涓?null銆?[C:\Users\鏉庨暱鎭抃Desktop\姣曚笟璁捐涓湡妫€鏌SIAS2025\2025姣曚笟璁捐\2025姣曚笟璁捐.csproj]
C:\Users\鏉庨暱鎭抃Desktop\姣曚笟璁捐涓湡妫€鏌SIAS2025\2025姣曚笟璁捐\ViewModels\EditMessage\PersonnallyManager\SupAdminPersonallyManagerViewModel.cs(50,16): warning CS8618: 鍦ㄩ€€鍑烘瀯閫犲嚱鏁版椂锛屼笉鍙负 null 鐨?瀛楁 "saveCommand" 蹇呴』鍖呭惈闈?null 鍊笺€傝鑰冭檻娣诲姞 "required" 淇グ绗︽垨灏嗚 瀛楁 澹版槑涓哄彲涓?null銆?[C:\Users\鏉庨暱鎭抃Desktop\姣曚笟璁捐涓湡妫€鏌SIAS2025\2025姣曚笟璁捐\2025姣曚笟璁捐.csproj]
C:\Users\鏉庨暱鎭抃Desktop\姣曚笟璁捐涓湡妫€鏌SIAS2025\2025姣曚笟璁捐\ViewModels\EditMessage\PersonnallyManager\SupAdminPersonallyManagerViewModel.cs(50,16): warning CS8618: 鍦ㄩ€€鍑烘瀯閫犲嚱鏁版椂锛屼笉鍙负 null 鐨?瀛楁 "changeImageCommand" 蹇呴』鍖呭惈闈?null 鍊笺€傝鑰冭檻娣诲姞 "required" 淇グ绗︽垨灏嗚 瀛楁 澹版槑涓哄彲涓?null銆?[C:\Users\鏉庨暱鎭抃Desktop\姣曚笟璁捐涓湡妫€鏌SIAS2025\2025姣曚笟璁捐\2025姣曚笟璁捐.csproj]
C:\Users\鏉庨暱鎭抃Desktop\姣曚笟璁捐涓湡妫€鏌SIAS2025\2025姣曚笟璁捐\ViewModels\EditMessage\DepartmentManager\EditDepartmentViewModel.cs(78,38): warning CS8601: 鍙兘鐨?null 寮曠敤璧嬪€笺€?[C:\Users\鏉庨暱鎭抃Desktop\姣曚笟璁捐涓湡妫€鏌SIAS2025\2025姣曚笟璁捐\2025姣曚笟璁捐.csproj]
C:\Users\鏉庨暱鎭抃Desktop\姣曚笟璁捐涓湡妫€鏌SIAS2025\2025姣曚笟璁捐\ViewModels\EditMessage\DepartmentManager\EditDepartmentViewModel.cs(79,38): warning CS8602: 瑙ｅ紩鐢ㄥ彲鑳藉嚭鐜扮┖寮曠敤銆?[C:\Users\鏉庨暱鎭抃Desktop\姣曚笟璁捐涓湡妫€鏌SIAS2025\2025姣曚笟璁捐\2025姣曚笟璁捐.csproj]
C:\Users\鏉庨暱鎭抃Desktop\姣曚笟璁捐涓湡妫€鏌SIAS2025\2025姣曚笟璁捐\ViewModels\EditMessage\AwardNominateManager\AddAwardNominateViewModel.cs(26,16): warning CS8618: 鍦ㄩ€€鍑烘瀯閫犲嚱鏁版椂锛屼笉鍙负 null 鐨?瀛楁 "awards" 蹇呴』鍖呭惈闈?null 鍊笺€傝鑰冭檻娣诲姞 "required" 淇グ绗︽垨灏嗚 瀛楁 澹版槑涓哄彲涓?null銆?[C:\Users\鏉庨暱鎭抃Desktop\姣曚笟璁捐涓湡妫€鏌SIAS2025\2025姣曚笟璁捐\2025姣曚笟璁捐.csproj]
C:\Users\鏉庨暱鎭抃Desktop\姣曚笟璁捐涓湡妫€鏌SIAS2025\2025姣曚笟璁捐\ViewModels\EditMessage\AwardNominateManager\AddAwardNominateViewModel.cs(26,16): warning CS8618: 鍦ㄩ€€鍑烘瀯閫犲嚱鏁版椂锛屼笉鍙负 null 鐨?瀛楁 "selectedAward" 蹇呴』鍖呭惈闈?null 鍊笺€傝鑰冭檻娣诲姞 "required" 淇グ绗︽垨灏嗚 瀛楁 澹版槑涓哄彲涓?null銆?[C:\Users\鏉庨暱鎭抃Desktop\姣曚笟璁捐涓湡妫€鏌SIAS2025\2025姣曚笟璁捐\2025姣曚笟璁捐.csproj]
C:\Users\鏉庨暱鎭抃Desktop\姣曚笟璁捐涓湡妫€鏌SIAS2025\2025姣曚笟璁捐\ViewModels\EditMessage\AwardNominateManager\AddAwardNominateViewModel.cs(26,16): warning CS8618: 鍦ㄩ€€鍑烘瀯閫犲嚱鏁版椂锛屼笉鍙负 null 鐨?瀛楁 "employees" 蹇呴』鍖呭惈闈?null 鍊笺€傝鑰冭檻娣诲姞 "required" 淇グ绗︽垨灏嗚 瀛楁 澹版槑涓哄彲涓?null銆?[C:\Users\鏉庨暱鎭抃Desktop\姣曚笟璁捐涓湡妫€鏌SIAS2025\2025姣曚笟璁捐\2025姣曚笟璁捐.csproj]
C:\Users\鏉庨暱鎭抃Desktop\姣曚笟璁捐涓湡妫€鏌SIAS2025\2025姣曚笟璁捐\ViewModels\EditMessage\AwardNominateManager\AddAwardNominateViewModel.cs(26,16): warning CS8618: 鍦ㄩ€€鍑烘瀯閫犲嚱鏁版椂锛屼笉鍙负 null 鐨?瀛楁 "admins" 蹇呴』鍖呭惈闈?null 鍊笺€傝鑰冭檻娣诲姞 "required" 淇グ绗︽垨灏嗚 瀛楁 澹版槑涓哄彲涓?null銆?[C:\Users\鏉庨暱鎭抃Desktop\姣曚笟璁捐涓湡妫€鏌SIAS2025\2025姣曚笟璁捐\2025姣曚笟璁捐.csproj]
C:\Users\鏉庨暱鎭抃Desktop\姣曚笟璁捐涓湡妫€鏌SIAS2025\2025姣曚笟璁捐\ViewModels\EditMessage\AwardNominateManager\AddAwardNominateViewModel.cs(26,16): warning CS8618: 鍦ㄩ€€鍑烘瀯閫犲嚱鏁版椂锛屼笉鍙负 null 鐨?瀛楁 "selectedNominee" 蹇呴』鍖呭惈闈?null 鍊笺€傝鑰冭檻娣诲姞 "required" 淇グ绗︽垨灏嗚 瀛楁 澹版槑涓哄彲涓?null銆?[C:\Users\鏉庨暱鎭抃Desktop\姣曚笟璁捐涓湡妫€鏌SIAS2025\2025姣曚笟璁捐\2025姣曚笟璁捐.csproj]
C:\Users\鏉庨暱鎭抃Desktop\姣曚笟璁捐涓湡妫€鏌SIAS2025\2025姣曚笟璁捐\ViewModels\EditMessage\AwardNominateManager\AddAwardNominateViewModel.cs(26,16): warning CS8618: 鍦ㄩ€€鍑烘瀯閫犲嚱鏁版椂锛屼笉鍙负 null 鐨?瀛楁 "departmentName" 蹇呴』鍖呭惈闈?null 鍊笺€傝鑰冭檻娣诲姞 "required" 淇グ绗︽垨灏嗚 瀛楁 澹版槑涓哄彲涓?null銆?[C:\Users\鏉庨暱鎭抃Desktop\姣曚笟璁捐涓湡妫€鏌SIAS2025\2025姣曚笟璁捐\2025姣曚笟璁捐.csproj]
C:\Users\鏉庨暱鎭抃Desktop\姣曚笟璁捐涓湡妫€鏌SIAS2025\2025姣曚笟璁捐\ViewModels\EditMessage\AwardNominateManager\AddAwardNominateViewModel.cs(26,16): warning CS8618: 鍦ㄩ€€鍑烘瀯閫犲嚱鏁版椂锛屼笉鍙负 null 鐨?瀛楁 "introduction" 蹇呴』鍖呭惈闈?null 鍊笺€傝鑰冭檻娣诲姞 "required" 淇グ绗︽垨灏嗚 瀛楁 澹版槑涓哄彲涓?null銆?[C:\Users\鏉庨暱鎭抃Desktop\姣曚笟璁捐涓湡妫€鏌SIAS2025\2025姣曚笟璁捐\2025姣曚笟璁捐.csproj]
C:\Users\鏉庨暱鎭抃Desktop\姣曚笟璁捐涓湡妫€鏌SIAS2025\2025姣曚笟璁捐\ViewModels\EditMessage\AwardNominateManager\AddAwardNominateViewModel.cs(26,16): warning CS8618: 鍦ㄩ€€鍑烘瀯閫犲嚱鏁版椂锛屼笉鍙负 null 鐨?瀛楁 "nominateReason" 蹇呴』鍖呭惈闈?null 鍊笺€傝鑰冭檻娣诲姞 "required" 淇グ绗︽垨灏嗚 瀛楁 澹版槑涓哄彲涓?null銆?[C:\Users\鏉庨暱鎭抃Desktop\姣曚笟璁捐涓湡妫€鏌SIAS2025\2025姣曚笟璁捐\2025姣曚笟璁捐.csproj]
C:\Users\鏉庨暱鎭抃Desktop\姣曚笟璁捐涓湡妫€鏌SIAS2025\2025姣曚笟璁捐\ViewModels\EditMessage\AwardNominateManager\AddAwardNominateViewModel.cs(26,16): warning CS8618: 鍦ㄩ€€鍑烘瀯閫犲嚱鏁版椂锛屼笉鍙负 null 鐨?瀛楁 "coverImage" 蹇呴』鍖呭惈闈?null 鍊笺€傝鑰冭檻娣诲姞 "required" 淇グ绗︽垨灏嗚 瀛楁 澹版槑涓哄彲涓?null銆?[C:\Users\鏉庨暱鎭抃Desktop\姣曚笟璁捐涓湡妫€鏌SIAS2025\2025姣曚笟璁捐\2025姣曚笟璁捐.csproj]
C:\Users\鏉庨暱鎭抃Desktop\姣曚笟璁捐涓湡妫€鏌SIAS2025\2025姣曚笟璁捐\ViewModels\EditMessage\AwardNominateManager\AddAwardNominateViewModel.cs(26,16): warning CS8618: 鍦ㄩ€€鍑烘瀯閫犲嚱鏁版椂锛屼笉鍙负 null 鐨?瀛楁 "coverImagePreview" 蹇呴』鍖呭惈闈?null 鍊笺€傝鑰冭檻娣诲姞 "required" 淇グ绗︽垨灏嗚 瀛楁 澹版槑涓哄彲涓?null銆?[C:\Users\鏉庨暱鎭抃Desktop\姣曚笟璁捐涓湡妫€鏌SIAS2025\2025姣曚笟璁捐\2025姣曚笟璁捐.csproj]
C:\Users\鏉庨暱鎭抃Desktop\姣曚笟璁捐涓湡妫€鏌SIAS2025\2025姣曚笟璁捐\ViewModels\EditMessage\AwardNominateManager\AddAwardNominateViewModel.cs(26,16): warning CS8618: 鍦ㄩ€€鍑烘瀯閫犲嚱鏁版椂锛屼笉鍙负 null 鐨?瀛楁 "saveCommand" 蹇呴』鍖呭惈闈?null 鍊笺€傝鑰冭檻娣诲姞 "required" 淇グ绗︽垨灏嗚 瀛楁 澹版槑涓哄彲涓?null銆?[C:\Users\鏉庨暱鎭抃Desktop\姣曚笟璁捐涓湡妫€鏌SIAS2025\2025姣曚笟璁捐\2025姣曚笟璁捐.csproj]
C:\Users\鏉庨暱鎭抃Desktop\姣曚笟璁捐涓湡妫€鏌SIAS2025\2025姣曚笟璁捐\ViewModels\EditMessage\AwardNominateManager\AddAwardNominateViewModel.cs(26,16): warning CS8618: 鍦ㄩ€€鍑烘瀯閫犲嚱鏁版椂锛屼笉鍙负 null 鐨?瀛楁 "cancelCommand" 蹇呴』鍖呭惈闈?null 鍊笺€傝鑰冭檻娣诲姞 "required" 淇グ绗︽垨灏嗚 瀛楁 澹版槑涓哄彲涓?null銆?[C:\Users\鏉庨暱鎭抃Desktop\姣曚笟璁捐涓湡妫€鏌SIAS2025\2025姣曚笟璁捐\2025姣曚笟璁捐.csproj]
C:\Users\鏉庨暱鎭抃Desktop\姣曚笟璁捐涓湡妫€鏌SIAS2025\2025姣曚笟璁捐\ViewModels\EditMessage\AwardNominateManager\AddAwardNominateViewModel.cs(26,16): warning CS8618: 鍦ㄩ€€鍑烘瀯閫犲嚱鏁版椂锛屼笉鍙负 null 鐨?瀛楁 "uploadImageCommand" 蹇呴』鍖呭惈闈?null 鍊笺€傝鑰冭檻娣诲姞 "required" 淇グ绗︽垨灏嗚 瀛楁 澹版槑涓哄彲涓?null銆?[C:\Users\鏉庨暱鎭抃Desktop\姣曚笟璁捐涓湡妫€鏌SIAS2025\2025姣曚笟璁捐\2025姣曚笟璁捐.csproj]
C:\Users\鏉庨暱鎭抃Desktop\姣曚笟璁捐涓湡妫€鏌SIAS2025\2025姣曚笟璁捐\ViewModels\EditMessage\PersonnallyManager\AdminPersonallyManagerViewModel.cs(50,16): warning CS8618: 鍦ㄩ€€鍑烘瀯閫犲嚱鏁版椂锛屼笉鍙负 null 鐨?瀛楁 "byteImage" 蹇呴』鍖呭惈闈?null 鍊笺€傝鑰冭檻娣诲姞 "required" 淇グ绗︽垨灏嗚 瀛楁 澹版槑涓哄彲涓?null銆?[C:\Users\鏉庨暱鎭抃Desktop\姣曚笟璁捐涓湡妫€鏌SIAS2025\2025姣曚笟璁捐\2025姣曚笟璁捐.csproj]
C:\Users\鏉庨暱鎭抃Desktop\姣曚笟璁捐涓湡妫€鏌SIAS2025\2025姣曚笟璁捐\ViewModels\EditMessage\PersonnallyManager\AdminPersonallyManagerViewModel.cs(50,16): warning CS8618: 鍦ㄩ€€鍑烘瀯閫犲嚱鏁版椂锛屼笉鍙负 null 鐨?瀛楁 "image" 蹇呴』鍖呭惈闈?null 鍊笺€傝鑰冭檻娣诲姞 "required" 淇グ绗︽垨灏嗚 瀛楁 澹版槑涓哄彲涓?null銆?[C:\Users\鏉庨暱鎭抃Desktop\姣曚笟璁捐涓湡妫€鏌SIAS2025\2025姣曚笟璁捐\2025姣曚笟璁捐.csproj]
C:\Users\鏉庨暱鎭抃Desktop\姣曚笟璁捐涓湡妫€鏌SIAS2025\2025姣曚笟璁捐\ViewModels\EditMessage\PersonnallyManager\AdminPersonallyManagerViewModel.cs(50,16): warning CS8618: 鍦ㄩ€€鍑烘瀯閫犲嚱鏁版椂锛屼笉鍙负 null 鐨?瀛楁 "currentAdmin" 蹇呴』鍖呭惈闈?null 鍊笺€傝鑰冭檻娣诲姞 "required" 淇グ绗︽垨灏嗚 瀛楁 澹版槑涓哄彲涓?null銆?[C:\Users\鏉庨暱鎭抃Desktop\姣曚笟璁捐涓湡妫€鏌SIAS2025\2025姣曚笟璁捐\2025姣曚笟璁捐.csproj]
C:\Users\鏉庨暱鎭抃Desktop\姣曚笟璁捐涓湡妫€鏌SIAS2025\2025姣曚笟璁捐\ViewModels\EditMessage\PersonnallyManager\AdminPersonallyManagerViewModel.cs(50,16): warning CS8618: 鍦ㄩ€€鍑烘瀯閫犲嚱鏁版椂锛屼笉鍙负 null 鐨?瀛楁 "saveCommand" 蹇呴』鍖呭惈闈?null 鍊笺€傝鑰冭檻娣诲姞 "required" 淇グ绗︽垨灏嗚 瀛楁 澹版槑涓哄彲涓?null銆?[C:\Users\鏉庨暱鎭抃Desktop\姣曚笟璁捐涓湡妫€鏌SIAS2025\2025姣曚笟璁捐\2025姣曚笟璁捐.csproj]
C:\Users\鏉庨暱鎭抃Desktop\姣曚笟璁捐涓湡妫€鏌SIAS2025\2025姣曚笟璁捐\ViewModels\EditMessage\PersonnallyManager\AdminPersonallyManagerViewModel.cs(50,16): warning CS8618: 鍦ㄩ€€鍑烘瀯閫犲嚱鏁版椂锛屼笉鍙负 null 鐨?瀛楁 "changeImageCommand" 蹇呴』鍖呭惈闈?null 鍊笺€傝鑰冭檻娣诲姞 "required" 淇グ绗︽垨灏嗚 瀛楁 澹版槑涓哄彲涓?null銆?[C:\Users\鏉庨暱鎭抃Desktop\姣曚笟璁捐涓湡妫€鏌SIAS2025\2025姣曚笟璁捐\2025姣曚笟璁捐.csproj]
C:\Users\鏉庨暱鎭抃Desktop\姣曚笟璁捐涓湡妫€鏌SIAS2025\2025姣曚笟璁捐\ViewModels\Pages\VoteResultViewModel.cs(80,16): warning CS8618: 鍦ㄩ€€鍑烘瀯閫犲嚱鏁版椂锛屼笉鍙负 null 鐨?瀛楁 "_nominations" 蹇呴』鍖呭惈闈?null 鍊笺€傝鑰冭檻娣诲姞 "required" 淇グ绗︽垨灏嗚 瀛楁 澹版槑涓哄彲涓?null銆?[C:\Users\鏉庨暱鎭抃Desktop\姣曚笟璁捐涓湡妫€鏌SIAS2025\2025姣曚笟璁捐\2025姣曚笟璁捐.csproj]
C:\Users\鏉庨暱鎭抃Desktop\姣曚笟璁捐涓湡妫€鏌SIAS2025\2025姣曚笟璁捐\ViewModels\Pages\VoteResultViewModel.cs(80,16): warning CS8618: 鍦ㄩ€€鍑烘瀯閫犲嚱鏁版椂锛屼笉鍙负 null 鐨?瀛楁 "_searchText" 蹇呴』鍖呭惈闈?null 鍊笺€傝鑰冭檻娣诲姞 "required" 淇グ绗︽垨灏嗚 瀛楁 澹版槑涓哄彲涓?null銆?[C:\Users\鏉庨暱鎭抃Desktop\姣曚笟璁捐涓湡妫€鏌SIAS2025\2025姣曚笟璁捐\2025姣曚笟璁捐.csproj]
C:\Users\鏉庨暱鎭抃Desktop\姣曚笟璁捐涓湡妫€鏌SIAS2025\2025姣曚笟璁捐\ViewModels\Pages\VoteResultViewModel.cs(80,16): warning CS8618: 鍦ㄩ€€鍑烘瀯閫犲嚱鏁版椂锛屼笉鍙负 null 鐨?瀛楁 "_searchCommand" 蹇呴』鍖呭惈闈?null 鍊笺€傝鑰冭檻娣诲姞 "required" 淇グ绗︽垨灏嗚 瀛楁 澹版槑涓哄彲涓?null銆?[C:\Users\鏉庨暱鎭抃Desktop\姣曚笟璁捐涓湡妫€鏌SIAS2025\2025姣曚笟璁捐\2025姣曚笟璁捐.csproj]
C:\Users\鏉庨暱鎭抃Desktop\姣曚笟璁捐涓湡妫€鏌SIAS2025\2025姣曚笟璁捐\ViewModels\Pages\VoteResultViewModel.cs(80,16): warning CS8618: 鍦ㄩ€€鍑烘瀯閫犲嚱鏁版椂锛屼笉鍙负 null 鐨?瀛楁 "_exportResultCommand" 蹇呴』鍖呭惈闈?null 鍊笺€傝鑰冭檻娣诲姞 "required" 淇グ绗︽垨灏嗚 瀛楁 澹版槑涓哄彲涓?null銆?[C:\Users\鏉庨暱鎭抃Desktop\姣曚笟璁捐涓湡妫€鏌SIAS2025\2025姣曚笟璁捐\2025姣曚笟璁捐.csproj]
C:\Users\鏉庨暱鎭抃Desktop\姣曚笟璁捐涓湡妫€鏌SIAS2025\2025姣曚笟璁捐\ViewModels\Pages\AdminManagerViewModel.cs(35,16): warning CS8618: 鍦ㄩ€€鍑烘瀯閫犲嚱鏁版椂锛屼笉鍙负 null 鐨?瀛楁 "searchBackground" 蹇呴』鍖呭惈闈?null 鍊笺€傝鑰冭檻娣诲姞 "required" 淇グ绗︽垨灏嗚 瀛楁 澹版槑涓哄彲涓?null銆?[C:\Users\鏉庨暱鎭抃Desktop\姣曚笟璁捐涓湡妫€鏌SIAS2025\2025姣曚笟璁捐\2025姣曚笟璁捐.csproj]
C:\Users\鏉庨暱鎭抃Desktop\姣曚笟璁捐涓湡妫€鏌SIAS2025\2025姣曚笟璁捐\ViewModels\Pages\AdminManagerViewModel.cs(35,16): warning CS8618: 鍦ㄩ€€鍑烘瀯閫犲嚱鏁版椂锛屼笉鍙负 null 鐨?瀛楁 "status" 蹇呴』鍖呭惈闈?null 鍊笺€傝鑰冭檻娣诲姞 "required" 淇グ绗︽垨灏嗚 瀛楁 澹版槑涓哄彲涓?null銆?[C:\Users\鏉庨暱鎭抃Desktop\姣曚笟璁捐涓湡妫€鏌SIAS2025\2025姣曚笟璁捐\2025姣曚笟璁捐.csproj]
C:\Users\鏉庨暱鎭抃Desktop\姣曚笟璁捐涓湡妫€鏌SIAS2025\2025姣曚笟璁捐\ViewModels\Pages\AdminManagerViewModel.cs(35,16): warning CS8618: 鍦ㄩ€€鍑烘瀯閫犲嚱鏁版椂锛屼笉鍙负 null 鐨?瀛楁 "searchKeyword" 蹇呴』鍖呭惈闈?null 鍊笺€傝鑰冭檻娣诲姞 "required" 淇グ绗︽垨灏嗚 瀛楁 澹版槑涓哄彲涓?null銆?[C:\Users\鏉庨暱鎭抃Desktop\姣曚笟璁捐涓湡妫€鏌SIAS2025\2025姣曚笟璁捐\2025姣曚笟璁捐.csproj]
C:\Users\鏉庨暱鎭抃Desktop\姣曚笟璁捐涓湡妫€鏌SIAS2025\2025姣曚笟璁捐\ViewModels\Pages\AdminManagerViewModel.cs(35,16): warning CS8618: 鍦ㄩ€€鍑烘瀯閫犲嚱鏁版椂锛屼笉鍙负 null 鐨?瀛楁 "admins" 蹇呴』鍖呭惈闈?null 鍊笺€傝鑰冭檻娣诲姞 "required" 淇グ绗︽垨灏嗚 瀛楁 澹版槑涓哄彲涓?null銆?[C:\Users\鏉庨暱鎭抃Desktop\姣曚笟璁捐涓湡妫€鏌SIAS2025\2025姣曚笟璁捐\2025姣曚笟璁捐.csproj]
C:\Users\鏉庨暱鎭抃Desktop\姣曚笟璁捐涓湡妫€鏌SIAS2025\2025姣曚笟璁捐\ViewModels\Pages\AdminManagerViewModel.cs(35,16): warning CS8618: 鍦ㄩ€€鍑烘瀯閫犲嚱鏁版椂锛屼笉鍙负 null 鐨?瀛楁 "tempAdmins" 蹇呴』鍖呭惈闈?null 鍊笺€傝鑰冭檻娣诲姞 "required" 淇グ绗︽垨灏嗚 瀛楁 澹版槑涓哄彲涓?null銆?[C:\Users\鏉庨暱鎭抃Desktop\姣曚笟璁捐涓湡妫€鏌SIAS2025\2025姣曚笟璁捐\2025姣曚笟璁捐.csproj]
C:\Users\鏉庨暱鎭抃Desktop\姣曚笟璁捐涓湡妫€鏌SIAS2025\2025姣曚笟璁捐\ViewModels\Pages\AdminManagerViewModel.cs(35,16): warning CS8618: 鍦ㄩ€€鍑烘瀯閫犲嚱鏁版椂锛屼笉鍙负 null 鐨?瀛楁 "listViewAdmins" 蹇呴』鍖呭惈闈?null 鍊笺€傝鑰冭檻娣诲姞 "required" 淇グ绗︽垨灏嗚 瀛楁 澹版槑涓哄彲涓?null銆?[C:\Users\鏉庨暱鎭抃Desktop\姣曚笟璁捐涓湡妫€鏌SIAS2025\2025姣曚笟璁捐\2025姣曚笟璁捐.csproj]
C:\Users\鏉庨暱鎭抃Desktop\姣曚笟璁捐涓湡妫€鏌SIAS2025\2025姣曚笟璁捐\ViewModels\Pages\AdminManagerViewModel.cs(35,16): warning CS8618: 鍦ㄩ€€鍑烘瀯閫犲嚱鏁版椂锛屼笉鍙负 null 鐨?瀛楁 "selectedAdmin" 蹇呴』鍖呭惈闈?null 鍊笺€傝鑰冭檻娣诲姞 "required" 淇グ绗︽垨灏嗚 瀛楁 澹版槑涓哄彲涓?null銆?[C:\Users\鏉庨暱鎭抃Desktop\姣曚笟璁捐涓湡妫€鏌SIAS2025\2025姣曚笟璁捐\2025姣曚笟璁捐.csproj]
C:\Users\鏉庨暱鎭抃Desktop\姣曚笟璁捐涓湡妫€鏌SIAS2025\2025姣曚笟璁捐\ViewModels\Pages\AdminManagerViewModel.cs(35,16): warning CS8618: 鍦ㄩ€€鍑烘瀯閫犲嚱鏁版椂锛屼笉鍙负 null 鐨?瀛楁 "departments" 蹇呴』鍖呭惈闈?null 鍊笺€傝鑰冭檻娣诲姞 "required" 淇グ绗︽垨灏嗚 瀛楁 澹版槑涓哄彲涓?null銆?[C:\Users\鏉庨暱鎭抃Desktop\姣曚笟璁捐涓湡妫€鏌SIAS2025\2025姣曚笟璁捐\2025姣曚笟璁捐.csproj]
C:\Users\鏉庨暱鎭抃Desktop\姣曚笟璁捐涓湡妫€鏌SIAS2025\2025姣曚笟璁捐\ViewModels\Pages\AdminManagerViewModel.cs(35,16): warning CS8618: 鍦ㄩ€€鍑烘瀯閫犲嚱鏁版椂锛屼笉鍙负 null 鐨?瀛楁 "pageSizeOptions" 蹇呴』鍖呭惈闈?null 鍊笺€傝鑰冭檻娣诲姞 "required" 淇グ绗︽垨灏嗚 瀛楁 澹版槑涓哄彲涓?null銆?[C:\Users\鏉庨暱鎭抃Desktop\姣曚笟璁捐涓湡妫€鏌SIAS2025\2025姣曚笟璁捐\2025姣曚笟璁捐.csproj]
C:\Users\鏉庨暱鎭抃Desktop\姣曚笟璁捐涓湡妫€鏌SIAS2025\2025姣曚笟璁捐\ViewModels\Pages\AdminManagerViewModel.cs(35,16): warning CS8618: 鍦ㄩ€€鍑烘瀯閫犲嚱鏁版椂锛屼笉鍙负 null 鐨?瀛楁 "searchText" 蹇呴』鍖呭惈闈?null 鍊笺€傝鑰冭檻娣诲姞 "required" 淇グ绗︽垨灏嗚 瀛楁 澹版槑涓哄彲涓?null銆?[C:\Users\鏉庨暱鎭抃Desktop\姣曚笟璁捐涓湡妫€鏌SIAS2025\2025姣曚笟璁捐\2025姣曚笟璁捐.csproj]
C:\Users\鏉庨暱鎭抃Desktop\姣曚笟璁捐涓湡妫€鏌SIAS2025\2025姣曚笟璁捐\ViewModels\Pages\AdminManagerViewModel.cs(35,16): warning CS8618: 鍦ㄩ€€鍑烘瀯閫犲嚱鏁版椂锛屼笉鍙负 null 鐨?瀛楁 "pageSizeChangedCommand" 蹇呴』鍖呭惈闈?null 鍊笺€傝鑰冭檻娣诲姞 "required" 淇グ绗︽垨灏嗚 瀛楁 澹版槑涓哄彲涓?null銆?[C:\Users\鏉庨暱鎭抃Desktop\姣曚笟璁捐涓湡妫€鏌SIAS2025\2025姣曚笟璁捐\2025姣曚笟璁捐.csproj]
C:\Users\鏉庨暱鎭抃Desktop\姣曚笟璁捐涓湡妫€鏌SIAS2025\2025姣曚笟璁捐\ViewModels\Pages\AdminManagerViewModel.cs(35,16): warning CS8618: 鍦ㄩ€€鍑烘瀯閫犲嚱鏁版椂锛屼笉鍙负 null 鐨?瀛楁 "previousPageCommand" 蹇呴』鍖呭惈闈?null 鍊笺€傝鑰冭檻娣诲姞 "required" 淇グ绗︽垨灏嗚 瀛楁 澹版槑涓哄彲涓?null銆?[C:\Users\鏉庨暱鎭抃Desktop\姣曚笟璁捐涓湡妫€鏌SIAS2025\2025姣曚笟璁捐\2025姣曚笟璁捐.csproj]
C:\Users\鏉庨暱鎭抃Desktop\姣曚笟璁捐涓湡妫€鏌SIAS2025\2025姣曚笟璁捐\ViewModels\Pages\AdminManagerViewModel.cs(35,16): warning CS8618: 鍦ㄩ€€鍑烘瀯閫犲嚱鏁版椂锛屼笉鍙负 null 鐨?瀛楁 "nextPageCommand" 蹇呴』鍖呭惈闈?null 鍊笺€傝鑰冭檻娣诲姞 "required" 淇グ绗︽垨灏嗚 瀛楁 澹版槑涓哄彲涓?null銆?[C:\Users\鏉庨暱鎭抃Desktop\姣曚笟璁捐涓湡妫€鏌SIAS2025\2025姣曚笟璁捐\2025姣曚笟璁捐.csproj]
C:\Users\鏉庨暱鎭抃Desktop\姣曚笟璁捐涓湡妫€鏌SIAS2025\2025姣曚笟璁捐\ViewModels\Pages\AdminManagerViewModel.cs(35,16): warning CS8618: 鍦ㄩ€€鍑烘瀯閫犲嚱鏁版椂锛屼笉鍙负 null 鐨?瀛楁 "jumpPageCommand" 蹇呴』鍖呭惈闈?null 鍊笺€傝鑰冭檻娣诲姞 "required" 淇グ绗︽垨灏嗚 瀛楁 澹版槑涓哄彲涓?null銆?[C:\Users\鏉庨暱鎭抃Desktop\姣曚笟璁捐涓湡妫€鏌SIAS2025\2025姣曚笟璁捐\2025姣曚笟璁捐.csproj]
C:\Users\鏉庨暱鎭抃Desktop\姣曚笟璁捐涓湡妫€鏌SIAS2025\2025姣曚笟璁捐\ViewModels\EditMessage\PersonnallyManager\EmployeePersonallyManagerViewModel.cs(50,16): warning CS8618: 鍦ㄩ€€鍑烘瀯閫犲嚱鏁版椂锛屼笉鍙负 null 鐨?瀛楁 "byteImage" 蹇呴』鍖呭惈闈?null 鍊笺€傝鑰冭檻娣诲姞 "required" 淇グ绗︽垨灏嗚 瀛楁 澹版槑涓哄彲涓?null銆?[C:\Users\鏉庨暱鎭抃Desktop\姣曚笟璁捐涓湡妫€鏌SIAS2025\2025姣曚笟璁捐\2025姣曚笟璁捐.csproj]
C:\Users\鏉庨暱鎭抃Desktop\姣曚笟璁捐涓湡妫€鏌SIAS2025\2025姣曚笟璁捐\ViewModels\EditMessage\PersonnallyManager\EmployeePersonallyManagerViewModel.cs(50,16): warning CS8618: 鍦ㄩ€€鍑烘瀯閫犲嚱鏁版椂锛屼笉鍙负 null 鐨?瀛楁 "image" 蹇呴』鍖呭惈闈?null 鍊笺€傝鑰冭檻娣诲姞 "required" 淇グ绗︽垨灏嗚 瀛楁 澹版槑涓哄彲涓?null銆?[C:\Users\鏉庨暱鎭抃Desktop\姣曚笟璁捐涓湡妫€鏌SIAS2025\2025姣曚笟璁捐\2025姣曚笟璁捐.csproj]
C:\Users\鏉庨暱鎭抃Desktop\姣曚笟璁捐涓湡妫€鏌SIAS2025\2025姣曚笟璁捐\ViewModels\EditMessage\PersonnallyManager\EmployeePersonallyManagerViewModel.cs(50,16): warning CS8618: 鍦ㄩ€€鍑烘瀯閫犲嚱鏁版椂锛屼笉鍙负 null 鐨?瀛楁 "currentEmployee" 蹇呴』鍖呭惈闈?null 鍊笺€傝鑰冭檻娣诲姞 "required" 淇グ绗︽垨灏嗚 瀛楁 澹版槑涓哄彲涓?null銆?[C:\Users\鏉庨暱鎭抃Desktop\姣曚笟璁捐涓湡妫€鏌SIAS2025\2025姣曚笟璁捐\2025姣曚笟璁捐.csproj]
C:\Users\鏉庨暱鎭抃Desktop\姣曚笟璁捐涓湡妫€鏌SIAS2025\2025姣曚笟璁捐\ViewModels\EditMessage\PersonnallyManager\EmployeePersonallyManagerViewModel.cs(50,16): warning CS8618: 鍦ㄩ€€鍑烘瀯閫犲嚱鏁版椂锛屼笉鍙负 null 鐨?瀛楁 "saveCommand" 蹇呴』鍖呭惈闈?null 鍊笺€傝鑰冭檻娣诲姞 "required" 淇グ绗︽垨灏嗚 瀛楁 澹版槑涓哄彲涓?null銆?[C:\Users\鏉庨暱鎭抃Desktop\姣曚笟璁捐涓湡妫€鏌SIAS2025\2025姣曚笟璁捐\2025姣曚笟璁捐.csproj]
C:\Users\鏉庨暱鎭抃Desktop\姣曚笟璁捐涓湡妫€鏌SIAS2025\2025姣曚笟璁捐\ViewModels\EditMessage\PersonnallyManager\EmployeePersonallyManagerViewModel.cs(50,16): warning CS8618: 鍦ㄩ€€鍑烘瀯閫犲嚱鏁版椂锛屼笉鍙负 null 鐨?瀛楁 "changeImageCommand" 蹇呴』鍖呭惈闈?null 鍊笺€傝鑰冭檻娣诲姞 "required" 淇グ绗︽垨灏嗚 瀛楁 澹版槑涓哄彲涓?null銆?[C:\Users\鏉庨暱鎭抃Desktop\姣曚笟璁捐涓湡妫€鏌SIAS2025\2025姣曚笟璁捐\2025姣曚笟璁捐.csproj]
C:\Users\鏉庨暱鎭抃Desktop\姣曚笟璁捐涓湡妫€鏌SIAS2025\2025姣曚笟璁捐\ViewModels\HomeViewModel.cs(124,28): warning CS8622: 鈥渧oid HomeViewModel.UpdateTime(object sender, EventArgs e)鈥濈殑鍙傛暟鈥渟ender鈥濈被鍨嬩腑寮曠敤绫诲瀷鐨勪负 Null 鎬т笌鐩爣濮旀墭鈥淓ventHandler鈥濅笉鍖归厤(鍙兘鏄敱浜庝负 Null 鎬х壒鎬?銆?[C:\Users\鏉庨暱鎭抃Desktop\姣曚笟璁捐涓湡妫€鏌SIAS2025\2025姣曚笟璁捐\2025姣曚笟璁捐.csproj]
C:\Users\鏉庨暱鎭抃Desktop\姣曚笟璁捐涓湡妫€鏌SIAS2025\2025姣曚笟璁捐\ViewModels\HomeViewModel.cs(125,28): warning CS8622: 鈥渧oid HomeViewModel.UpdateUserName(object sender, EventArgs e)鈥濈殑鍙傛暟鈥渟ender鈥濈被鍨嬩腑寮曠敤绫诲瀷鐨勪负 Null 鎬т笌鐩爣濮旀墭鈥淓ventHandler鈥濅笉鍖归厤(鍙兘鏄敱浜庝负 Null 鎬х壒鎬?銆?[C:\Users\鏉庨暱鎭抃Desktop\姣曚笟璁捐涓湡妫€鏌SIAS2025\2025姣曚笟璁捐\2025姣曚笟璁捐.csproj]
C:\Users\鏉庨暱鎭抃Desktop\姣曚笟璁捐涓湡妫€鏌SIAS2025\2025姣曚笟璁捐\ViewModels\HomeViewModel.cs(114,16): warning CS8618: 鍦ㄩ€€鍑烘瀯閫犲嚱鏁版椂锛屼笉鍙负 null 鐨?瀛楁 "currentTime" 蹇呴』鍖呭惈闈?null 鍊笺€傝鑰冭檻娣诲姞 "required" 淇グ绗︽垨灏嗚 瀛楁 澹版槑涓哄彲涓?null銆?[C:\Users\鏉庨暱鎭抃Desktop\姣曚笟璁捐涓湡妫€鏌SIAS2025\2025姣曚笟璁捐\2025姣曚笟璁捐.csproj]
C:\Users\鏉庨暱鎭抃Desktop\姣曚笟璁捐涓湡妫€鏌SIAS2025\2025姣曚笟璁捐\ViewModels\HomeViewModel.cs(114,16): warning CS8618: 鍦ㄩ€€鍑烘瀯閫犲嚱鏁版椂锛屼笉鍙负 null 鐨?瀛楁 "userName" 蹇呴』鍖呭惈闈?null 鍊笺€傝鑰冭檻娣诲姞 "required" 淇グ绗︽垨灏嗚 瀛楁 澹版槑涓哄彲涓?null銆?[C:\Users\鏉庨暱鎭抃Desktop\姣曚笟璁捐涓湡妫€鏌SIAS2025\2025姣曚笟璁捐\2025姣曚笟璁捐.csproj]
C:\Users\鏉庨暱鎭抃Desktop\姣曚笟璁捐涓湡妫€鏌SIAS2025\2025姣曚笟璁捐\ViewModels\HomeViewModel.cs(114,16): warning CS8618: 鍦ㄩ€€鍑烘瀯閫犲嚱鏁版椂锛屼笉鍙负 null 鐨?瀛楁 "password" 蹇呴』鍖呭惈闈?null 鍊笺€傝鑰冭檻娣诲姞 "required" 淇グ绗︽垨灏嗚 瀛楁 澹版槑涓哄彲涓?null銆?[C:\Users\鏉庨暱鎭抃Desktop\姣曚笟璁捐涓湡妫€鏌SIAS2025\2025姣曚笟璁捐\2025姣曚笟璁捐.csproj]
C:\Users\鏉庨暱鎭抃Desktop\姣曚笟璁捐涓湡妫€鏌SIAS2025\2025姣曚笟璁捐\ViewModels\HomeViewModel.cs(114,16): warning CS8618: 鍦ㄩ€€鍑烘瀯閫犲嚱鏁版椂锛屼笉鍙负 null 鐨?瀛楁 "loadedCommand" 蹇呴』鍖呭惈闈?null 鍊笺€傝鑰冭檻娣诲姞 "required" 淇グ绗︽垨灏嗚 瀛楁 澹版槑涓哄彲涓?null銆?[C:\Users\鏉庨暱鎭抃Desktop\姣曚笟璁捐涓湡妫€鏌SIAS2025\2025姣曚笟璁捐\2025姣曚笟璁捐.csproj]
C:\Users\鏉庨暱鎭抃Desktop\姣曚笟璁捐涓湡妫€鏌SIAS2025\2025姣曚笟璁捐\ViewModels\HomeViewModel.cs(114,16): warning CS8618: 鍦ㄩ€€鍑烘瀯閫犲嚱鏁版椂锛屼笉鍙负 null 鐨?瀛楁 "rankingXAxes" 蹇呴』鍖呭惈闈?null 鍊笺€傝鑰冭檻娣诲姞 "required" 淇グ绗︽垨灏嗚 瀛楁 澹版槑涓哄彲涓?null銆?[C:\Users\鏉庨暱鎭抃Desktop\姣曚笟璁捐涓湡妫€鏌SIAS2025\2025姣曚笟璁捐\2025姣曚笟璁捐.csproj]
C:\Users\鏉庨暱鎭抃Desktop\姣曚笟璁捐涓湡妫€鏌SIAS2025\2025姣曚笟璁捐\ViewModels\HomeViewModel.cs(114,16): warning CS8618: 鍦ㄩ€€鍑烘瀯閫犲嚱鏁版椂锛屼笉鍙负 null 鐨?瀛楁 "rankingYAxes" 蹇呴』鍖呭惈闈?null 鍊笺€傝鑰冭檻娣诲姞 "required" 淇グ绗︽垨灏嗚 瀛楁 澹版槑涓哄彲涓?null銆?[C:\Users\鏉庨暱鎭抃Desktop\姣曚笟璁捐涓湡妫€鏌SIAS2025\2025姣曚笟璁捐\2025姣曚笟璁捐.csproj]
C:\Users\鏉庨暱鎭抃Desktop\姣曚笟璁捐涓湡妫€鏌SIAS2025\2025姣曚笟璁捐\ViewModels\HomeViewModel.cs(114,16): warning CS8618: 鍦ㄩ€€鍑烘瀯閫犲嚱鏁版椂锛屼笉鍙负 null 鐨?瀛楁 "nomineeRankingXAxes" 蹇呴』鍖呭惈闈?null 鍊笺€傝鑰冭檻娣诲姞 "required" 淇グ绗︽垨灏嗚 瀛楁 澹版槑涓哄彲涓?null銆?[C:\Users\鏉庨暱鎭抃Desktop\姣曚笟璁捐涓湡妫€鏌SIAS2025\2025姣曚笟璁捐\2025姣曚笟璁捐.csproj]
C:\Users\鏉庨暱鎭抃Desktop\姣曚笟璁捐涓湡妫€鏌SIAS2025\2025姣曚笟璁捐\ViewModels\HomeViewModel.cs(114,16): warning CS8618: 鍦ㄩ€€鍑烘瀯閫犲嚱鏁版椂锛屼笉鍙负 null 鐨?瀛楁 "nomineeRankingYAxes" 蹇呴』鍖呭惈闈?null 鍊笺€傝鑰冭檻娣诲姞 "required" 淇グ绗︽垨灏嗚 瀛楁 澹版槑涓哄彲涓?null銆?[C:\Users\鏉庨暱鎭抃Desktop\姣曚笟璁捐涓湡妫€鏌SIAS2025\2025姣曚笟璁捐\2025姣曚笟璁捐.csproj]
C:\Users\鏉庨暱鎭抃Desktop\姣曚笟璁捐涓湡妫€鏌SIAS2025\2025姣曚笟璁捐\ViewModels\HomeViewModel.cs(114,16): warning CS8618: 鍦ㄩ€€鍑烘瀯閫犲嚱鏁版椂锛屼笉鍙负 null 鐨?瀛楁 "windowDragCommand" 蹇呴』鍖呭惈闈?null 鍊笺€傝鑰冭檻娣诲姞 "required" 淇グ绗︽垨灏嗚 瀛楁 澹版槑涓哄彲涓?null銆?[C:\Users\鏉庨暱鎭抃Desktop\姣曚笟璁捐涓湡妫€鏌SIAS2025\2025姣曚笟璁捐\2025姣曚笟璁捐.csproj]
C:\Users\鏉庨暱鎭抃Desktop\姣曚笟璁捐涓湡妫€鏌SIAS2025\2025姣曚笟璁捐\Services\AdminService.cs(35,20): warning CS8619: 绫诲瀷鈥淭ask<Admin?>鈥濈殑鍊间腑寮曠敤绫诲瀷鐨勪负 Null 鎬т笌鐩爣绫诲瀷鈥淭ask<Admin>鈥濅笉鍖归厤銆?[C:\Users\鏉庨暱鎭抃Desktop\姣曚笟璁捐涓湡妫€鏌SIAS2025\2025姣曚笟璁捐\2025姣曚笟璁捐.csproj]
C:\Users\鏉庨暱鎭抃Desktop\姣曚笟璁捐涓湡妫€鏌SIAS2025\2025姣曚笟璁捐\ViewModels\Pages\AwardSettingViewModel.cs(36,16): warning CS8618: 鍦ㄩ€€鍑烘瀯閫犲嚱鏁版椂锛屼笉鍙负 null 鐨?瀛楁 "searchKeyword" 蹇呴』鍖呭惈闈?null 鍊笺€傝鑰冭檻娣诲姞 "required" 淇グ绗︽垨灏嗚 瀛楁 澹版槑涓哄彲涓?null銆?[C:\Users\鏉庨暱鎭抃Desktop\姣曚笟璁捐涓湡妫€鏌SIAS2025\2025姣曚笟璁捐\2025姣曚笟璁捐.csproj]
C:\Users\鏉庨暱鎭抃Desktop\姣曚笟璁捐涓湡妫€鏌SIAS2025\2025姣曚笟璁捐\ViewModels\Pages\AwardSettingViewModel.cs(36,16): warning CS8618: 鍦ㄩ€€鍑烘瀯閫犲嚱鏁版椂锛屼笉鍙负 null 鐨?瀛楁 "selectedAwardSetting" 蹇呴』鍖呭惈闈?null 鍊笺€傝鑰冭檻娣诲姞 "required" 淇グ绗︽垨灏嗚 瀛楁 澹版槑涓哄彲涓?null銆?[C:\Users\鏉庨暱鎭抃Desktop\姣曚笟璁捐涓湡妫€鏌SIAS2025\2025姣曚笟璁捐\2025姣曚笟璁捐.csproj]
C:\Users\鏉庨暱鎭抃Desktop\姣曚笟璁捐涓湡妫€鏌SIAS2025\2025姣曚笟璁捐\ViewModels\Pages\AwardSettingViewModel.cs(36,16): warning CS8618: 鍦ㄩ€€鍑烘瀯閫犲嚱鏁版椂锛屼笉鍙负 null 鐨?瀛楁 "awardSettings" 蹇呴』鍖呭惈闈?null 鍊笺€傝鑰冭檻娣诲姞 "required" 淇グ绗︽垨灏嗚 瀛楁 澹版槑涓哄彲涓?null銆?[C:\Users\鏉庨暱鎭抃Desktop\姣曚笟璁捐涓湡妫€鏌SIAS2025\2025姣曚笟璁捐\2025姣曚笟璁捐.csproj]
C:\Users\鏉庨暱鎭抃Desktop\姣曚笟璁捐涓湡妫€鏌SIAS2025\2025姣曚笟璁捐\ViewModels\Pages\AwardSettingViewModel.cs(36,16): warning CS8618: 鍦ㄩ€€鍑烘瀯閫犲嚱鏁版椂锛屼笉鍙负 null 鐨?瀛楁 "tempAwardSettings" 蹇呴』鍖呭惈闈?null 鍊笺€傝鑰冭檻娣诲姞 "required" 淇グ绗︽垨灏嗚 瀛楁 澹版槑涓哄彲涓?null銆?[C:\Users\鏉庨暱鎭抃Desktop\姣曚笟璁捐涓湡妫€鏌SIAS2025\2025姣曚笟璁捐\2025姣曚笟璁捐.csproj]
C:\Users\鏉庨暱鎭抃Desktop\姣曚笟璁捐涓湡妫€鏌SIAS2025\2025姣曚笟璁捐\ViewModels\Pages\AwardSettingViewModel.cs(36,16): warning CS8618: 鍦ㄩ€€鍑烘瀯閫犲嚱鏁版椂锛屼笉鍙负 null 鐨?瀛楁 "listViewAwardSettings" 蹇呴』鍖呭惈闈?null 鍊笺€傝鑰冭檻娣诲姞 "required" 淇グ绗︽垨灏嗚 瀛楁 澹版槑涓哄彲涓?null銆?[C:\Users\鏉庨暱鎭抃Desktop\姣曚笟璁捐涓湡妫€鏌SIAS2025\2025姣曚笟璁捐\2025姣曚笟璁捐.csproj]
C:\Users\鏉庨暱鎭抃Desktop\姣曚笟璁捐涓湡妫€鏌SIAS2025\2025姣曚笟璁捐\ViewModels\Pages\AwardSettingViewModel.cs(36,16): warning CS8618: 鍦ㄩ€€鍑烘瀯閫犲嚱鏁版椂锛屼笉鍙负 null 鐨?瀛楁 "searchBackground" 蹇呴』鍖呭惈闈?null 鍊笺€傝鑰冭檻娣诲姞 "required" 淇グ绗︽垨灏嗚 瀛楁 澹版槑涓哄彲涓?null銆?[C:\Users\鏉庨暱鎭抃Desktop\姣曚笟璁捐涓湡妫€鏌SIAS2025\2025姣曚笟璁捐\2025姣曚笟璁捐.csproj]
C:\Users\鏉庨暱鎭抃Desktop\姣曚笟璁捐涓湡妫€鏌SIAS2025\2025姣曚笟璁捐\ViewModels\Pages\AwardSettingViewModel.cs(36,16): warning CS8618: 鍦ㄩ€€鍑烘瀯閫犲嚱鏁版椂锛屼笉鍙负 null 鐨?瀛楁 "exportDataCommand" 蹇呴』鍖呭惈闈?null 鍊笺€傝鑰冭檻娣诲姞 "required" 淇グ绗︽垨灏嗚 瀛楁 澹版槑涓哄彲涓?null銆?[C:\Users\鏉庨暱鎭抃Desktop\姣曚笟璁捐涓湡妫€鏌SIAS2025\2025姣曚笟璁捐\2025姣曚笟璁捐.csproj]
C:\Users\鏉庨暱鎭抃Desktop\姣曚笟璁捐涓湡妫€鏌SIAS2025\2025姣曚笟璁捐\ViewModels\Pages\AwardSettingViewModel.cs(36,16): warning CS8618: 鍦ㄩ€€鍑烘瀯閫犲嚱鏁版椂锛屼笉鍙负 null 鐨?瀛楁 "pageSizeOptions" 蹇呴』鍖呭惈闈?null 鍊笺€傝鑰冭檻娣诲姞 "required" 淇グ绗︽垨灏嗚 瀛楁 澹版槑涓哄彲涓?null銆?[C:\Users\鏉庨暱鎭抃Desktop\姣曚笟璁捐涓湡妫€鏌SIAS2025\2025姣曚笟璁捐\2025姣曚笟璁捐.csproj]
C:\Users\鏉庨暱鎭抃Desktop\姣曚笟璁捐涓湡妫€鏌SIAS2025\2025姣曚笟璁捐\ViewModels\Pages\AwardSettingViewModel.cs(36,16): warning CS8618: 鍦ㄩ€€鍑烘瀯閫犲嚱鏁版椂锛屼笉鍙负 null 鐨?瀛楁 "searchText" 蹇呴』鍖呭惈闈?null 鍊笺€傝鑰冭檻娣诲姞 "required" 淇グ绗︽垨灏嗚 瀛楁 澹版槑涓哄彲涓?null銆?[C:\Users\鏉庨暱鎭抃Desktop\姣曚笟璁捐涓湡妫€鏌SIAS2025\2025姣曚笟璁捐\2025姣曚笟璁捐.csproj]
C:\Users\鏉庨暱鎭抃Desktop\姣曚笟璁捐涓湡妫€鏌SIAS2025\2025姣曚笟璁捐\ViewModels\Pages\AwardSettingViewModel.cs(36,16): warning CS8618: 鍦ㄩ€€鍑烘瀯閫犲嚱鏁版椂锛屼笉鍙负 null 鐨?瀛楁 "previousPageCommand" 蹇呴』鍖呭惈闈?null 鍊笺€傝鑰冭檻娣诲姞 "required" 淇グ绗︽垨灏嗚 瀛楁 澹版槑涓哄彲涓?null銆?[C:\Users\鏉庨暱鎭抃Desktop\姣曚笟璁捐涓湡妫€鏌SIAS2025\2025姣曚笟璁捐\2025姣曚笟璁捐.csproj]
C:\Users\鏉庨暱鎭抃Desktop\姣曚笟璁捐涓湡妫€鏌SIAS2025\2025姣曚笟璁捐\ViewModels\Pages\AwardSettingViewModel.cs(36,16): warning CS8618: 鍦ㄩ€€鍑烘瀯閫犲嚱鏁版椂锛屼笉鍙负 null 鐨?瀛楁 "nextPageCommand" 蹇呴』鍖呭惈闈?null 鍊笺€傝鑰冭檻娣诲姞 "required" 淇グ绗︽垨灏嗚 瀛楁 澹版槑涓哄彲涓?null銆?[C:\Users\鏉庨暱鎭抃Desktop\姣曚笟璁捐涓湡妫€鏌SIAS2025\2025姣曚笟璁捐\2025姣曚笟璁捐.csproj]
C:\Users\鏉庨暱鎭抃Desktop\姣曚笟璁捐涓湡妫€鏌SIAS2025\2025姣曚笟璁捐\ViewModels\Pages\AwardSettingViewModel.cs(36,16): warning CS8618: 鍦ㄩ€€鍑烘瀯閫犲嚱鏁版椂锛屼笉鍙负 null 鐨?瀛楁 "jumpPageCommand" 蹇呴』鍖呭惈闈?null 鍊笺€傝鑰冭檻娣诲姞 "required" 淇グ绗︽垨灏嗚 瀛楁 澹版槑涓哄彲涓?null銆?[C:\Users\鏉庨暱鎭抃Desktop\姣曚笟璁捐涓湡妫€鏌SIAS2025\2025姣曚笟璁捐\2025姣曚笟璁捐.csproj]
C:\Users\鏉庨暱鎭抃Desktop\姣曚笟璁捐涓湡妫€鏌SIAS2025\2025姣曚笟璁捐\ViewModels\Pages\AwardSettingViewModel.cs(36,16): warning CS8618: 鍦ㄩ€€鍑烘瀯閫犲嚱鏁版椂锛屼笉鍙负 null 鐨?瀛楁 "pageSizeChangedCommand" 蹇呴』鍖呭惈闈?null 鍊笺€傝鑰冭檻娣诲姞 "required" 淇グ绗︽垨灏嗚 瀛楁 澹版槑涓哄彲涓?null銆?[C:\Users\鏉庨暱鎭抃Desktop\姣曚笟璁捐涓湡妫€鏌SIAS2025\2025姣曚笟璁捐\2025姣曚笟璁捐.csproj]
C:\Users\鏉庨暱鎭抃Desktop\姣曚笟璁捐涓湡妫€鏌SIAS2025\2025姣曚笟璁捐\ViewModels\EditMessage\EmployeeManager\AddEmployeeViewModel.cs(121,16): warning CS8618: 鍦ㄩ€€鍑烘瀯閫犲嚱鏁版椂锛屼笉鍙负 null 鐨?瀛楁 "addEmployee" 蹇呴』鍖呭惈闈?null 鍊笺€傝鑰冭檻娣诲姞 "required" 淇グ绗︽垨灏嗚 瀛楁 澹版槑涓哄彲涓?null銆?[C:\Users\鏉庨暱鎭抃Desktop\姣曚笟璁捐涓湡妫€鏌SIAS2025\2025姣曚笟璁捐\2025姣曚笟璁捐.csproj]
C:\Users\鏉庨暱鎭抃Desktop\姣曚笟璁捐涓湡妫€鏌SIAS2025\2025姣曚笟璁捐\ViewModels\EditMessage\EmployeeManager\AddEmployeeViewModel.cs(121,16): warning CS8618: 鍦ㄩ€€鍑烘瀯閫犲嚱鏁版椂锛屼笉鍙负 null 鐨?瀛楁 "employeeName" 蹇呴』鍖呭惈闈?null 鍊笺€傝鑰冭檻娣诲姞 "required" 淇グ绗︽垨灏嗚 瀛楁 澹版槑涓哄彲涓?null銆?[C:\Users\鏉庨暱鎭抃Desktop\姣曚笟璁捐涓湡妫€鏌SIAS2025\2025姣曚笟璁捐\2025姣曚笟璁捐.csproj]
C:\Users\鏉庨暱鎭抃Desktop\姣曚笟璁捐涓湡妫€鏌SIAS2025\2025姣曚笟璁捐\ViewModels\EditMessage\EmployeeManager\AddEmployeeViewModel.cs(121,16): warning CS8618: 鍦ㄩ€€鍑烘瀯閫犲嚱鏁版椂锛屼笉鍙负 null 鐨?瀛楁 "departmentNames" 蹇呴』鍖呭惈闈?null 鍊笺€傝鑰冭檻娣诲姞 "required" 淇グ绗︽垨灏嗚 瀛楁 澹版槑涓哄彲涓?null銆?[C:\Users\鏉庨暱鎭抃Desktop\姣曚笟璁捐涓湡妫€鏌SIAS2025\2025姣曚笟璁捐\2025姣曚笟璁捐.csproj]
C:\Users\鏉庨暱鎭抃Desktop\姣曚笟璁捐涓湡妫€鏌SIAS2025\2025姣曚笟璁捐\ViewModels\EditMessage\EmployeeManager\AddEmployeeViewModel.cs(121,16): warning CS8618: 鍦ㄩ€€鍑烘瀯閫犲嚱鏁版椂锛屼笉鍙负 null 鐨?瀛楁 "departmentName" 蹇呴』鍖呭惈闈?null 鍊笺€傝鑰冭檻娣诲姞 "required" 淇グ绗︽垨灏嗚 瀛楁 澹版槑涓哄彲涓?null銆?[C:\Users\鏉庨暱鎭抃Desktop\姣曚笟璁捐涓湡妫€鏌SIAS2025\2025姣曚笟璁捐\2025姣曚笟璁捐.csproj]
C:\Users\鏉庨暱鎭抃Desktop\姣曚笟璁捐涓湡妫€鏌SIAS2025\2025姣曚笟璁捐\Common\SecurityKeys.cs(135,30): warning CS8625: 鏃犳硶灏?null 瀛楅潰閲忚浆鎹负闈?null 鐨勫紩鐢ㄧ被鍨嬨€?[C:\Users\鏉庨暱鎭抃Desktop\姣曚笟璁捐涓湡妫€鏌SIAS2025\2025姣曚笟璁捐\2025姣曚笟璁捐.csproj]
C:\Users\鏉庨暱鎭抃Desktop\姣曚笟璁捐涓湡妫€鏌SIAS2025\2025姣曚笟璁捐\Common\SecurityKeys.cs(136,29): warning CS8625: 鏃犳硶灏?null 瀛楅潰閲忚浆鎹负闈?null 鐨勫紩鐢ㄧ被鍨嬨€?[C:\Users\鏉庨暱鎭抃Desktop\姣曚笟璁捐涓湡妫€鏌SIAS2025\2025姣曚笟璁捐\2025姣曚笟璁捐.csproj]
C:\Users\鏉庨暱鎭抃Desktop\姣曚笟璁捐涓湡妫€鏌SIAS2025\2025姣曚笟璁捐\Common\SecurityKeys.cs(19,31): warning CS8618: 鍦ㄩ€€鍑烘瀯閫犲嚱鏁版椂锛屼笉鍙负 null 鐨?瀛楁 "_cachedKey" 蹇呴』鍖呭惈闈?null 鍊笺€傝鑰冭檻娣诲姞 "required" 淇グ绗︽垨灏嗚 瀛楁 澹版槑涓哄彲涓?null銆?[C:\Users\鏉庨暱鎭抃Desktop\姣曚笟璁捐涓湡妫€鏌SIAS2025\2025姣曚笟璁捐\2025姣曚笟璁捐.csproj]
C:\Users\鏉庨暱鎭抃Desktop\姣曚笟璁捐涓湡妫€鏌SIAS2025\2025姣曚笟璁捐\Common\SecurityKeys.cs(20,31): warning CS8618: 鍦ㄩ€€鍑烘瀯閫犲嚱鏁版椂锛屼笉鍙负 null 鐨?瀛楁 "_cachedIV" 蹇呴』鍖呭惈闈?null 鍊笺€傝鑰冭檻娣诲姞 "required" 淇グ绗︽垨灏嗚 瀛楁 澹版槑涓哄彲涓?null銆?[C:\Users\鏉庨暱鎭抃Desktop\姣曚笟璁捐涓湡妫€鏌SIAS2025\2025姣曚笟璁捐\2025姣曚笟璁捐.csproj]
C:\Users\鏉庨暱鎭抃Desktop\姣曚笟璁捐涓湡妫€鏌SIAS2025\2025姣曚笟璁捐\ViewModels\EditMessage\AwardSettingManager\EditAwardSettingViewModel.cs(124,35): warning CS8601: 鍙兘鐨?null 寮曠敤璧嬪€笺€?[C:\Users\鏉庨暱鎭抃Desktop\姣曚笟璁捐涓湡妫€鏌SIAS2025\2025姣曚笟璁捐\2025姣曚笟璁捐.csproj]
C:\Users\鏉庨暱鎭抃Desktop\姣曚笟璁捐涓湡妫€鏌SIAS2025\2025姣曚笟璁捐\ViewModels\EditMessage\DepartmentManager\AddDepartmentViewModel.cs(47,16): warning CS8618: 鍦ㄩ€€鍑烘瀯閫犲嚱鏁版椂锛屼笉鍙负 null 鐨?瀛楁 "addDepartment" 蹇呴』鍖呭惈闈?null 鍊笺€傝鑰冭檻娣诲姞 "required" 淇グ绗︽垨灏嗚 瀛楁 澹版槑涓哄彲涓?null銆?[C:\Users\鏉庨暱鎭抃Desktop\姣曚笟璁捐涓湡妫€鏌SIAS2025\2025姣曚笟璁捐\2025姣曚笟璁捐.csproj]
C:\Users\鏉庨暱鎭抃Desktop\姣曚笟璁捐涓湡妫€鏌SIAS2025\2025姣曚笟璁捐\ViewModels\EditMessage\DepartmentManager\AddDepartmentViewModel.cs(47,16): warning CS8618: 鍦ㄩ€€鍑烘瀯閫犲嚱鏁版椂锛屼笉鍙负 null 鐨?瀛楁 "departmentName" 蹇呴』鍖呭惈闈?null 鍊笺€傝鑰冭檻娣诲姞 "required" 淇グ绗︽垨灏嗚 瀛楁 澹版槑涓哄彲涓?null銆?[C:\Users\鏉庨暱鎭抃Desktop\姣曚笟璁捐涓湡妫€鏌SIAS2025\2025姣曚笟璁捐\2025姣曚笟璁捐.csproj]
C:\Users\鏉庨暱鎭抃Desktop\姣曚笟璁捐涓湡妫€鏌SIAS2025\2025姣曚笟璁捐\ViewModels\EditMessage\AdminManager\AddAdminViewModel.cs(121,16): warning CS8618: 鍦ㄩ€€鍑烘瀯閫犲嚱鏁版椂锛屼笉鍙负 null 鐨?瀛楁 "departmentNames" 蹇呴』鍖呭惈闈?null 鍊笺€傝鑰冭檻娣诲姞 "required" 淇グ绗︽垨灏嗚 瀛楁 澹版槑涓哄彲涓?null銆?[C:\Users\鏉庨暱鎭抃Desktop\姣曚笟璁捐涓湡妫€鏌SIAS2025\2025姣曚笟璁捐\2025姣曚笟璁捐.csproj]
C:\Users\鏉庨暱鎭抃Desktop\姣曚笟璁捐涓湡妫€鏌SIAS2025\2025姣曚笟璁捐\ViewModels\EditMessage\AdminManager\AddAdminViewModel.cs(121,16): warning CS8618: 鍦ㄩ€€鍑烘瀯閫犲嚱鏁版椂锛屼笉鍙负 null 鐨?瀛楁 "departmentName" 蹇呴』鍖呭惈闈?null 鍊笺€傝鑰冭檻娣诲姞 "required" 淇グ绗︽垨灏嗚 瀛楁 澹版槑涓哄彲涓?null銆?[C:\Users\鏉庨暱鎭抃Desktop\姣曚笟璁捐涓湡妫€鏌SIAS2025\2025姣曚笟璁捐\2025姣曚笟璁捐.csproj]
C:\Users\鏉庨暱鎭抃Desktop\姣曚笟璁捐涓湡妫€鏌SIAS2025\2025姣曚笟璁捐\ViewModels\EditMessage\AdminManager\AddAdminViewModel.cs(121,16): warning CS8618: 鍦ㄩ€€鍑烘瀯閫犲嚱鏁版椂锛屼笉鍙负 null 鐨?瀛楁 "addAdmin" 蹇呴』鍖呭惈闈?null 鍊笺€傝鑰冭檻娣诲姞 "required" 淇グ绗︽垨灏嗚 瀛楁 澹版槑涓哄彲涓?null銆?[C:\Users\鏉庨暱鎭抃Desktop\姣曚笟璁捐涓湡妫€鏌SIAS2025\2025姣曚笟璁捐\2025姣曚笟璁捐.csproj]
C:\Users\鏉庨暱鎭抃Desktop\姣曚笟璁捐涓湡妫€鏌SIAS2025\2025姣曚笟璁捐\ViewModels\EditMessage\AdminManager\AddAdminViewModel.cs(121,16): warning CS8618: 鍦ㄩ€€鍑烘瀯閫犲嚱鏁版椂锛屼笉鍙负 null 鐨?瀛楁 "adminName" 蹇呴』鍖呭惈闈?null 鍊笺€傝鑰冭檻娣诲姞 "required" 淇グ绗︽垨灏嗚 瀛楁 澹版槑涓哄彲涓?null銆?[C:\Users\鏉庨暱鎭抃Desktop\姣曚笟璁捐涓湡妫€鏌SIAS2025\2025姣曚笟璁捐\2025姣曚笟璁捐.csproj]
C:\Users\鏉庨暱鎭抃Desktop\姣曚笟璁捐涓湡妫€鏌SIAS2025\2025姣曚笟璁捐\ViewModels\Pages\DepartmentManagerViewModel.cs(35,16): warning CS8618: 鍦ㄩ€€鍑烘瀯閫犲嚱鏁版椂锛屼笉鍙负 null 鐨?瀛楁 "searchBackground" 蹇呴』鍖呭惈闈?null 鍊笺€傝鑰冭檻娣诲姞 "required" 淇グ绗︽垨灏嗚 瀛楁 澹版槑涓哄彲涓?null銆?[C:\Users\鏉庨暱鎭抃Desktop\姣曚笟璁捐涓湡妫€鏌SIAS2025\2025姣曚笟璁捐\2025姣曚笟璁捐.csproj]
C:\Users\鏉庨暱鎭抃Desktop\姣曚笟璁捐涓湡妫€鏌SIAS2025\2025姣曚笟璁捐\ViewModels\Pages\DepartmentManagerViewModel.cs(35,16): warning CS8618: 鍦ㄩ€€鍑烘瀯閫犲嚱鏁版椂锛屼笉鍙负 null 鐨?瀛楁 "departments" 蹇呴』鍖呭惈闈?null 鍊笺€傝鑰冭檻娣诲姞 "required" 淇グ绗︽垨灏嗚 瀛楁 澹版槑涓哄彲涓?null銆?[C:\Users\鏉庨暱鎭抃Desktop\姣曚笟璁捐涓湡妫€鏌SIAS2025\2025姣曚笟璁捐\2025姣曚笟璁捐.csproj]
C:\Users\鏉庨暱鎭抃Desktop\姣曚笟璁捐涓湡妫€鏌SIAS2025\2025姣曚笟璁捐\ViewModels\Pages\DepartmentManagerViewModel.cs(35,16): warning CS8618: 鍦ㄩ€€鍑烘瀯閫犲嚱鏁版椂锛屼笉鍙负 null 鐨?瀛楁 "tempDepartments" 蹇呴』鍖呭惈闈?null 鍊笺€傝鑰冭檻娣诲姞 "required" 淇グ绗︽垨灏嗚 瀛楁 澹版槑涓哄彲涓?null銆?[C:\Users\鏉庨暱鎭抃Desktop\姣曚笟璁捐涓湡妫€鏌SIAS2025\2025姣曚笟璁捐\2025姣曚笟璁捐.csproj]
C:\Users\鏉庨暱鎭抃Desktop\姣曚笟璁捐涓湡妫€鏌SIAS2025\2025姣曚笟璁捐\ViewModels\Pages\DepartmentManagerViewModel.cs(35,16): warning CS8618: 鍦ㄩ€€鍑烘瀯閫犲嚱鏁版椂锛屼笉鍙负 null 鐨?瀛楁 "listViewDepartments" 蹇呴』鍖呭惈闈?null 鍊笺€傝鑰冭檻娣诲姞 "required" 淇グ绗︽垨灏嗚 瀛楁 澹版槑涓哄彲涓?null銆?[C:\Users\鏉庨暱鎭抃Desktop\姣曚笟璁捐涓湡妫€鏌SIAS2025\2025姣曚笟璁捐\2025姣曚笟璁捐.csproj]
C:\Users\鏉庨暱鎭抃Desktop\姣曚笟璁捐涓湡妫€鏌SIAS2025\2025姣曚笟璁捐\ViewModels\Pages\DepartmentManagerViewModel.cs(35,16): warning CS8618: 鍦ㄩ€€鍑烘瀯閫犲嚱鏁版椂锛屼笉鍙负 null 鐨?瀛楁 "selectedDepartment" 蹇呴』鍖呭惈闈?null 鍊笺€傝鑰冭檻娣诲姞 "required" 淇グ绗︽垨灏嗚 瀛楁 澹版槑涓哄彲涓?null銆?[C:\Users\鏉庨暱鎭抃Desktop\姣曚笟璁捐涓湡妫€鏌SIAS2025\2025姣曚笟璁捐\2025姣曚笟璁捐.csproj]
C:\Users\鏉庨暱鎭抃Desktop\姣曚笟璁捐涓湡妫€鏌SIAS2025\2025姣曚笟璁捐\ViewModels\Pages\DepartmentManagerViewModel.cs(35,16): warning CS8618: 鍦ㄩ€€鍑烘瀯閫犲嚱鏁版椂锛屼笉鍙负 null 鐨?瀛楁 "searchKeyword" 蹇呴』鍖呭惈闈?null 鍊笺€傝鑰冭檻娣诲姞 "required" 淇グ绗︽垨灏嗚 瀛楁 澹版槑涓哄彲涓?null銆?[C:\Users\鏉庨暱鎭抃Desktop\姣曚笟璁捐涓湡妫€鏌SIAS2025\2025姣曚笟璁捐\2025姣曚笟璁捐.csproj]
C:\Users\鏉庨暱鎭抃Desktop\姣曚笟璁捐涓湡妫€鏌SIAS2025\2025姣曚笟璁捐\ViewModels\Pages\DepartmentManagerViewModel.cs(35,16): warning CS8618: 鍦ㄩ€€鍑烘瀯閫犲嚱鏁版椂锛屼笉鍙负 null 鐨?瀛楁 "pageSizeOptions" 蹇呴』鍖呭惈闈?null 鍊笺€傝鑰冭檻娣诲姞 "required" 淇グ绗︽垨灏嗚 瀛楁 澹版槑涓哄彲涓?null銆?[C:\Users\鏉庨暱鎭抃Desktop\姣曚笟璁捐涓湡妫€鏌SIAS2025\2025姣曚笟璁捐\2025姣曚笟璁捐.csproj]
C:\Users\鏉庨暱鎭抃Desktop\姣曚笟璁捐涓湡妫€鏌SIAS2025\2025姣曚笟璁捐\ViewModels\Pages\DepartmentManagerViewModel.cs(35,16): warning CS8618: 鍦ㄩ€€鍑烘瀯閫犲嚱鏁版椂锛屼笉鍙负 null 鐨?瀛楁 "searchText" 蹇呴』鍖呭惈闈?null 鍊笺€傝鑰冭檻娣诲姞 "required" 淇グ绗︽垨灏嗚 瀛楁 澹版槑涓哄彲涓?null銆?[C:\Users\鏉庨暱鎭抃Desktop\姣曚笟璁捐涓湡妫€鏌SIAS2025\2025姣曚笟璁捐\2025姣曚笟璁捐.csproj]
C:\Users\鏉庨暱鎭抃Desktop\姣曚笟璁捐涓湡妫€鏌SIAS2025\2025姣曚笟璁捐\ViewModels\Pages\DepartmentManagerViewModel.cs(35,16): warning CS8618: 鍦ㄩ€€鍑烘瀯閫犲嚱鏁版椂锛屼笉鍙负 null 鐨?瀛楁 "pageSizeChangedCommand" 蹇呴』鍖呭惈闈?null 鍊笺€傝鑰冭檻娣诲姞 "required" 淇グ绗︽垨灏嗚 瀛楁 澹版槑涓哄彲涓?null銆?[C:\Users\鏉庨暱鎭抃Desktop\姣曚笟璁捐涓湡妫€鏌SIAS2025\2025姣曚笟璁捐\2025姣曚笟璁捐.csproj]
C:\Users\鏉庨暱鎭抃Desktop\姣曚笟璁捐涓湡妫€鏌SIAS2025\2025姣曚笟璁捐\ViewModels\Pages\DepartmentManagerViewModel.cs(35,16): warning CS8618: 鍦ㄩ€€鍑烘瀯閫犲嚱鏁版椂锛屼笉鍙负 null 鐨?瀛楁 "previousPageCommand" 蹇呴』鍖呭惈闈?null 鍊笺€傝鑰冭檻娣诲姞 "required" 淇グ绗︽垨灏嗚 瀛楁 澹版槑涓哄彲涓?null銆?[C:\Users\鏉庨暱鎭抃Desktop\姣曚笟璁捐涓湡妫€鏌SIAS2025\2025姣曚笟璁捐\2025姣曚笟璁捐.csproj]
C:\Users\鏉庨暱鎭抃Desktop\姣曚笟璁捐涓湡妫€鏌SIAS2025\2025姣曚笟璁捐\ViewModels\Pages\DepartmentManagerViewModel.cs(35,16): warning CS8618: 鍦ㄩ€€鍑烘瀯閫犲嚱鏁版椂锛屼笉鍙负 null 鐨?瀛楁 "nextPageCommand" 蹇呴』鍖呭惈闈?null 鍊笺€傝鑰冭檻娣诲姞 "required" 淇グ绗︽垨灏嗚 瀛楁 澹版槑涓哄彲涓?null銆?[C:\Users\鏉庨暱鎭抃Desktop\姣曚笟璁捐涓湡妫€鏌SIAS2025\2025姣曚笟璁捐\2025姣曚笟璁捐.csproj]
C:\Users\鏉庨暱鎭抃Desktop\姣曚笟璁捐涓湡妫€鏌SIAS2025\2025姣曚笟璁捐\ViewModels\Pages\DepartmentManagerViewModel.cs(35,16): warning CS8618: 鍦ㄩ€€鍑烘瀯閫犲嚱鏁版椂锛屼笉鍙负 null 鐨?瀛楁 "jumpPageCommand" 蹇呴』鍖呭惈闈?null 鍊笺€傝鑰冭檻娣诲姞 "required" 淇グ绗︽垨灏嗚 瀛楁 澹版槑涓哄彲涓?null銆?[C:\Users\鏉庨暱鎭抃Desktop\姣曚笟璁捐涓湡妫€鏌SIAS2025\2025姣曚笟璁捐\2025姣曚笟璁捐.csproj]
C:\Users\鏉庨暱鎭抃Desktop\姣曚笟璁捐涓湡妫€鏌SIAS2025\2025姣曚笟璁捐\ViewModels\LoginViewModel.cs(148,53): warning CS8604: 鈥渧oid ParametersBase.Add(string key, object value)鈥濅腑鐨勫舰鍙傗€渧alue鈥濆彲鑳戒紶鍏?null 寮曠敤瀹炲弬銆?[C:\Users\鏉庨暱鎭抃Desktop\姣曚笟璁捐涓湡妫€鏌SIAS2025\2025姣曚笟璁捐\2025姣曚笟璁捐.csproj]
C:\Users\鏉庨暱鎭抃Desktop\姣曚笟璁捐涓湡妫€鏌SIAS2025\2025姣曚笟璁捐\ViewModels\LoginViewModel.cs(154,53): warning CS8604: 鈥渧oid ParametersBase.Add(string key, object value)鈥濅腑鐨勫舰鍙傗€渧alue鈥濆彲鑳戒紶鍏?null 寮曠敤瀹炲弬銆?[C:\Users\鏉庨暱鎭抃Desktop\姣曚笟璁捐涓湡妫€鏌SIAS2025\2025姣曚笟璁捐\2025姣曚笟璁捐.csproj]
C:\Users\鏉庨暱鎭抃Desktop\姣曚笟璁捐涓湡妫€鏌SIAS2025\2025姣曚笟璁捐\ViewModels\LoginViewModel.cs(160,53): warning CS8604: 鈥渧oid ParametersBase.Add(string key, object value)鈥濅腑鐨勫舰鍙傗€渧alue鈥濆彲鑳戒紶鍏?null 寮曠敤瀹炲弬銆?[C:\Users\鏉庨暱鎭抃Desktop\姣曚笟璁捐涓湡妫€鏌SIAS2025\2025姣曚笟璁捐\2025姣曚笟璁捐.csproj]
C:\Users\鏉庨暱鎭抃Desktop\姣曚笟璁捐涓湡妫€鏌SIAS2025\2025姣曚笟璁捐\ViewModels\Pages\VoteEntranceViewModel.cs(55,21): warning CS4014: 鐢变簬姝よ皟鐢ㄤ笉浼氱瓑寰咃紝鍥犳鍦ㄦ璋冪敤瀹屾垚涔嬪墠灏嗕細缁х画鎵ц褰撳墠鏂规硶銆傝鑰冭檻灏?"await" 杩愮畻绗﹀簲鐢ㄤ簬璋冪敤缁撴灉銆?[C:\Users\鏉庨暱鎭抃Desktop\姣曚笟璁捐涓湡妫€鏌SIAS2025\2025姣曚笟璁捐\2025姣曚笟璁捐.csproj]
C:\Users\鏉庨暱鎭抃Desktop\姣曚笟璁捐涓湡妫€鏌SIAS2025\2025姣曚笟璁捐\ViewModels\Pages\VoteEntranceViewModel.cs(58,21): warning CS4014: 鐢变簬姝よ皟鐢ㄤ笉浼氱瓑寰咃紝鍥犳鍦ㄦ璋冪敤瀹屾垚涔嬪墠灏嗕細缁х画鎵ц褰撳墠鏂规硶銆傝鑰冭檻灏?"await" 杩愮畻绗﹀簲鐢ㄤ簬璋冪敤缁撴灉銆?[C:\Users\鏉庨暱鎭抃Desktop\姣曚笟璁捐涓湡妫€鏌SIAS2025\2025姣曚笟璁捐\2025姣曚笟璁捐.csproj]
C:\Users\鏉庨暱鎭抃Desktop\姣曚笟璁捐涓湡妫€鏌SIAS2025\2025姣曚笟璁捐\ViewModels\Pages\EmployeeManagerViewModel.cs(38,16): warning CS8618: 鍦ㄩ€€鍑烘瀯閫犲嚱鏁版椂锛屼笉鍙负 null 鐨?瀛楁 "status" 蹇呴』鍖呭惈闈?null 鍊笺€傝鑰冭檻娣诲姞 "required" 淇グ绗︽垨灏嗚 瀛楁 澹版槑涓哄彲涓?null銆?[C:\Users\鏉庨暱鎭抃Desktop\姣曚笟璁捐涓湡妫€鏌SIAS2025\2025姣曚笟璁捐\2025姣曚笟璁捐.csproj]
C:\Users\鏉庨暱鎭抃Desktop\姣曚笟璁捐涓湡妫€鏌SIAS2025\2025姣曚笟璁捐\ViewModels\Pages\EmployeeManagerViewModel.cs(38,16): warning CS8618: 鍦ㄩ€€鍑烘瀯閫犲嚱鏁版椂锛屼笉鍙负 null 鐨?瀛楁 "searchBackground" 蹇呴』鍖呭惈闈?null 鍊笺€傝鑰冭檻娣诲姞 "required" 淇グ绗︽垨灏嗚 瀛楁 澹版槑涓哄彲涓?null銆?[C:\Users\鏉庨暱鎭抃Desktop\姣曚笟璁捐涓湡妫€鏌SIAS2025\2025姣曚笟璁捐\2025姣曚笟璁捐.csproj]
C:\Users\鏉庨暱鎭抃Desktop\姣曚笟璁捐涓湡妫€鏌SIAS2025\2025姣曚笟璁捐\ViewModels\Pages\EmployeeManagerViewModel.cs(38,16): warning CS8618: 鍦ㄩ€€鍑烘瀯閫犲嚱鏁版椂锛屼笉鍙负 null 鐨?瀛楁 "employees" 蹇呴』鍖呭惈闈?null 鍊笺€傝鑰冭檻娣诲姞 "required" 淇グ绗︽垨灏嗚 瀛楁 澹版槑涓哄彲涓?null銆?[C:\Users\鏉庨暱鎭抃Desktop\姣曚笟璁捐涓湡妫€鏌SIAS2025\2025姣曚笟璁捐\2025姣曚笟璁捐.csproj]
C:\Users\鏉庨暱鎭抃Desktop\姣曚笟璁捐涓湡妫€鏌SIAS2025\2025姣曚笟璁捐\ViewModels\Pages\EmployeeManagerViewModel.cs(38,16): warning CS8618: 鍦ㄩ€€鍑烘瀯閫犲嚱鏁版椂锛屼笉鍙负 null 鐨?瀛楁 "tempEmployees" 蹇呴』鍖呭惈闈?null 鍊笺€傝鑰冭檻娣诲姞 "required" 淇グ绗︽垨灏嗚 瀛楁 澹版槑涓哄彲涓?null銆?[C:\Users\鏉庨暱鎭抃Desktop\姣曚笟璁捐涓湡妫€鏌SIAS2025\2025姣曚笟璁捐\2025姣曚笟璁捐.csproj]
C:\Users\鏉庨暱鎭抃Desktop\姣曚笟璁捐涓湡妫€鏌SIAS2025\2025姣曚笟璁捐\ViewModels\Pages\EmployeeManagerViewModel.cs(38,16): warning CS8618: 鍦ㄩ€€鍑烘瀯閫犲嚱鏁版椂锛屼笉鍙负 null 鐨?瀛楁 "listViewEmployees" 蹇呴』鍖呭惈闈?null 鍊笺€傝鑰冭檻娣诲姞 "required" 淇グ绗︽垨灏嗚 瀛楁 澹版槑涓哄彲涓?null銆?[C:\Users\鏉庨暱鎭抃Desktop\姣曚笟璁捐涓湡妫€鏌SIAS2025\2025姣曚笟璁捐\2025姣曚笟璁捐.csproj]
C:\Users\鏉庨暱鎭抃Desktop\姣曚笟璁捐涓湡妫€鏌SIAS2025\2025姣曚笟璁捐\ViewModels\Pages\EmployeeManagerViewModel.cs(38,16): warning CS8618: 鍦ㄩ€€鍑烘瀯閫犲嚱鏁版椂锛屼笉鍙负 null 鐨?瀛楁 "selectedEmployee" 蹇呴』鍖呭惈闈?null 鍊笺€傝鑰冭檻娣诲姞 "required" 淇グ绗︽垨灏嗚 瀛楁 澹版槑涓哄彲涓?null銆?[C:\Users\鏉庨暱鎭抃Desktop\姣曚笟璁捐涓湡妫€鏌SIAS2025\2025姣曚笟璁捐\2025姣曚笟璁捐.csproj]
C:\Users\鏉庨暱鎭抃Desktop\姣曚笟璁捐涓湡妫€鏌SIAS2025\2025姣曚笟璁捐\ViewModels\Pages\EmployeeManagerViewModel.cs(38,16): warning CS8618: 鍦ㄩ€€鍑烘瀯閫犲嚱鏁版椂锛屼笉鍙负 null 鐨?瀛楁 "searchKeyword" 蹇呴』鍖呭惈闈?null 鍊笺€傝鑰冭檻娣诲姞 "required" 淇グ绗︽垨灏嗚 瀛楁 澹版槑涓哄彲涓?null銆?[C:\Users\鏉庨暱鎭抃Desktop\姣曚笟璁捐涓湡妫€鏌SIAS2025\2025姣曚笟璁捐\2025姣曚笟璁捐.csproj]
C:\Users\鏉庨暱鎭抃Desktop\姣曚笟璁捐涓湡妫€鏌SIAS2025\2025姣曚笟璁捐\ViewModels\Pages\EmployeeManagerViewModel.cs(38,16): warning CS8618: 鍦ㄩ€€鍑烘瀯閫犲嚱鏁版椂锛屼笉鍙负 null 鐨?瀛楁 "departments" 蹇呴』鍖呭惈闈?null 鍊笺€傝鑰冭檻娣诲姞 "required" 淇グ绗︽垨灏嗚 瀛楁 澹版槑涓哄彲涓?null銆?[C:\Users\鏉庨暱鎭抃Desktop\姣曚笟璁捐涓湡妫€鏌SIAS2025\2025姣曚笟璁捐\2025姣曚笟璁捐.csproj]
C:\Users\鏉庨暱鎭抃Desktop\姣曚笟璁捐涓湡妫€鏌SIAS2025\2025姣曚笟璁捐\ViewModels\Pages\EmployeeManagerViewModel.cs(38,16): warning CS8618: 鍦ㄩ€€鍑烘瀯閫犲嚱鏁版椂锛屼笉鍙负 null 鐨?瀛楁 "pageSizeOptions" 蹇呴』鍖呭惈闈?null 鍊笺€傝鑰冭檻娣诲姞 "required" 淇グ绗︽垨灏嗚 瀛楁 澹版槑涓哄彲涓?null銆?[C:\Users\鏉庨暱鎭抃Desktop\姣曚笟璁捐涓湡妫€鏌SIAS2025\2025姣曚笟璁捐\2025姣曚笟璁捐.csproj]
C:\Users\鏉庨暱鎭抃Desktop\姣曚笟璁捐涓湡妫€鏌SIAS2025\2025姣曚笟璁捐\ViewModels\Pages\EmployeeManagerViewModel.cs(38,16): warning CS8618: 鍦ㄩ€€鍑烘瀯閫犲嚱鏁版椂锛屼笉鍙负 null 鐨?瀛楁 "searchText" 蹇呴』鍖呭惈闈?null 鍊笺€傝鑰冭檻娣诲姞 "required" 淇グ绗︽垨灏嗚 瀛楁 澹版槑涓哄彲涓?null銆?[C:\Users\鏉庨暱鎭抃Desktop\姣曚笟璁捐涓湡妫€鏌SIAS2025\2025姣曚笟璁捐\2025姣曚笟璁捐.csproj]
C:\Users\鏉庨暱鎭抃Desktop\姣曚笟璁捐涓湡妫€鏌SIAS2025\2025姣曚笟璁捐\ViewModels\Pages\EmployeeManagerViewModel.cs(38,16): warning CS8618: 鍦ㄩ€€鍑烘瀯閫犲嚱鏁版椂锛屼笉鍙负 null 鐨?瀛楁 "pageSizeChangedCommand" 蹇呴』鍖呭惈闈?null 鍊笺€傝鑰冭檻娣诲姞 "required" 淇グ绗︽垨灏嗚 瀛楁 澹版槑涓哄彲涓?null銆?[C:\Users\鏉庨暱鎭抃Desktop\姣曚笟璁捐涓湡妫€鏌SIAS2025\2025姣曚笟璁捐\2025姣曚笟璁捐.csproj]
C:\Users\鏉庨暱鎭抃Desktop\姣曚笟璁捐涓湡妫€鏌SIAS2025\2025姣曚笟璁捐\ViewModels\Pages\EmployeeManagerViewModel.cs(38,16): warning CS8618: 鍦ㄩ€€鍑烘瀯閫犲嚱鏁版椂锛屼笉鍙负 null 鐨?瀛楁 "previousPageCommand" 蹇呴』鍖呭惈闈?null 鍊笺€傝鑰冭檻娣诲姞 "required" 淇グ绗︽垨灏嗚 瀛楁 澹版槑涓哄彲涓?null銆?[C:\Users\鏉庨暱鎭抃Desktop\姣曚笟璁捐涓湡妫€鏌SIAS2025\2025姣曚笟璁捐\2025姣曚笟璁捐.csproj]
C:\Users\鏉庨暱鎭抃Desktop\姣曚笟璁捐涓湡妫€鏌SIAS2025\2025姣曚笟璁捐\ViewModels\Pages\EmployeeManagerViewModel.cs(38,16): warning CS8618: 鍦ㄩ€€鍑烘瀯閫犲嚱鏁版椂锛屼笉鍙负 null 鐨?瀛楁 "nextPageCommand" 蹇呴』鍖呭惈闈?null 鍊笺€傝鑰冭檻娣诲姞 "required" 淇グ绗︽垨灏嗚 瀛楁 澹版槑涓哄彲涓?null銆?[C:\Users\鏉庨暱鎭抃Desktop\姣曚笟璁捐涓湡妫€鏌SIAS2025\2025姣曚笟璁捐\2025姣曚笟璁捐.csproj]
C:\Users\鏉庨暱鎭抃Desktop\姣曚笟璁捐涓湡妫€鏌SIAS2025\2025姣曚笟璁捐\ViewModels\Pages\EmployeeManagerViewModel.cs(38,16): warning CS8618: 鍦ㄩ€€鍑烘瀯閫犲嚱鏁版椂锛屼笉鍙负 null 鐨?瀛楁 "jumpPageCommand" 蹇呴』鍖呭惈闈?null 鍊笺€傝鑰冭檻娣诲姞 "required" 淇グ绗︽垨灏嗚 瀛楁 澹版槑涓哄彲涓?null銆?[C:\Users\鏉庨暱鎭抃Desktop\姣曚笟璁捐涓湡妫€鏌SIAS2025\2025姣曚笟璁捐\2025姣曚笟璁捐.csproj]
C:\Users\鏉庨暱鎭抃Desktop\姣曚笟璁捐涓湡妫€鏌SIAS2025\2025姣曚笟璁捐\ViewModels\EditMessage\AdminManager\EditAdminViewModel.cs(169,16): warning CS8618: 鍦ㄩ€€鍑烘瀯閫犲嚱鏁版椂锛屼笉鍙负 null 鐨?瀛楁 "departmentNames" 蹇呴』鍖呭惈闈?null 鍊笺€傝鑰冭檻娣诲姞 "required" 淇グ绗︽垨灏嗚 瀛楁 澹版槑涓哄彲涓?null銆?[C:\Users\鏉庨暱鎭抃Desktop\姣曚笟璁捐涓湡妫€鏌SIAS2025\2025姣曚笟璁捐\2025姣曚笟璁捐.csproj]
C:\Users\鏉庨暱鎭抃Desktop\姣曚笟璁捐涓湡妫€鏌SIAS2025\2025姣曚笟璁捐\ViewModels\EditMessage\AdminManager\EditAdminViewModel.cs(169,16): warning CS8618: 鍦ㄩ€€鍑烘瀯閫犲嚱鏁版椂锛屼笉鍙负 null 鐨?瀛楁 "departmentName" 蹇呴』鍖呭惈闈?null 鍊笺€傝鑰冭檻娣诲姞 "required" 淇グ绗︽垨灏嗚 瀛楁 澹版槑涓哄彲涓?null銆?[C:\Users\鏉庨暱鎭抃Desktop\姣曚笟璁捐涓湡妫€鏌SIAS2025\2025姣曚笟璁捐\2025姣曚笟璁捐.csproj]
C:\Users\鏉庨暱鎭抃Desktop\姣曚笟璁捐涓湡妫€鏌SIAS2025\2025姣曚笟璁捐\ViewModels\EditMessage\AdminManager\EditAdminViewModel.cs(169,16): warning CS8618: 鍦ㄩ€€鍑烘瀯閫犲嚱鏁版椂锛屼笉鍙负 null 鐨?瀛楁 "baseName" 蹇呴』鍖呭惈闈?null 鍊笺€傝鑰冭檻娣诲姞 "required" 淇グ绗︽垨灏嗚 瀛楁 澹版槑涓哄彲涓?null銆?[C:\Users\鏉庨暱鎭抃Desktop\姣曚笟璁捐涓湡妫€鏌SIAS2025\2025姣曚笟璁捐\2025姣曚笟璁捐.csproj]
C:\Users\鏉庨暱鎭抃Desktop\姣曚笟璁捐涓湡妫€鏌SIAS2025\2025姣曚笟璁捐\ViewModels\EditMessage\AdminManager\EditAdminViewModel.cs(169,16): warning CS8618: 鍦ㄩ€€鍑烘瀯閫犲嚱鏁版椂锛屼笉鍙负 null 鐨?瀛楁 "updateAdmin" 蹇呴』鍖呭惈闈?null 鍊笺€傝鑰冭檻娣诲姞 "required" 淇グ绗︽垨灏嗚 瀛楁 澹版槑涓哄彲涓?null銆?[C:\Users\鏉庨暱鎭抃Desktop\姣曚笟璁捐涓湡妫€鏌SIAS2025\2025姣曚笟璁捐\2025姣曚笟璁捐.csproj]
C:\Users\鏉庨暱鎭抃Desktop\姣曚笟璁捐涓湡妫€鏌SIAS2025\2025姣曚笟璁捐\ViewModels\EditMessage\AdminManager\EditAdminViewModel.cs(169,16): warning CS8618: 鍦ㄩ€€鍑烘瀯閫犲嚱鏁版椂锛屼笉鍙负 null 鐨?瀛楁 "adminName" 蹇呴』鍖呭惈闈?null 鍊笺€傝鑰冭檻娣诲姞 "required" 淇グ绗︽垨灏嗚 瀛楁 澹版槑涓哄彲涓?null銆?[C:\Users\鏉庨暱鎭抃Desktop\姣曚笟璁捐涓湡妫€鏌SIAS2025\2025姣曚笟璁捐\2025姣曚笟璁捐.csproj]
C:\Users\鏉庨暱鎭抃Desktop\姣曚笟璁捐涓湡妫€鏌SIAS2025\2025姣曚笟璁捐\ViewModels\EditMessage\AdminManager\EditAdminViewModel.cs(169,16): warning CS8618: 鍦ㄩ€€鍑烘瀯閫犲嚱鏁版椂锛屼笉鍙负 null 鐨?瀛楁 "adminPassword" 蹇呴』鍖呭惈闈?null 鍊笺€傝鑰冭檻娣诲姞 "required" 淇グ绗︽垨灏嗚 瀛楁 澹版槑涓哄彲涓?null銆?[C:\Users\鏉庨暱鎭抃Desktop\姣曚笟璁捐涓湡妫€鏌SIAS2025\2025姣曚笟璁捐\2025姣曚笟璁捐.csproj]
C:\Users\鏉庨暱鎭抃Desktop\姣曚笟璁捐涓湡妫€鏌SIAS2025\2025姣曚笟璁捐\Converter\DateFormatConverter.cs(32,20): warning CS8603: 鍙兘杩斿洖 null 寮曠敤銆?[C:\Users\鏉庨暱鎭抃Desktop\姣曚笟璁捐涓湡妫€鏌SIAS2025\2025姣曚笟璁捐\2025姣曚笟璁捐.csproj]
C:\Users\鏉庨暱鎭抃Desktop\姣曚笟璁捐涓湡妫€鏌SIAS2025\2025姣曚笟璁捐\ViewModels\Pages\AwardNominateViewModel.cs(37,16): warning CS8618: 鍦ㄩ€€鍑烘瀯閫犲嚱鏁版椂锛屼笉鍙负 null 鐨?瀛楁 "searchKeyword" 蹇呴』鍖呭惈闈?null 鍊笺€傝鑰冭檻娣诲姞 "required" 淇グ绗︽垨灏嗚 瀛楁 澹版槑涓哄彲涓?null銆?[C:\Users\鏉庨暱鎭抃Desktop\姣曚笟璁捐涓湡妫€鏌SIAS2025\2025姣曚笟璁捐\2025姣曚笟璁捐.csproj]
C:\Users\鏉庨暱鎭抃Desktop\姣曚笟璁捐涓湡妫€鏌SIAS2025\2025姣曚笟璁捐\ViewModels\Pages\AwardNominateViewModel.cs(37,16): warning CS8618: 鍦ㄩ€€鍑烘瀯閫犲嚱鏁版椂锛屼笉鍙负 null 鐨?瀛楁 "nominates" 蹇呴』鍖呭惈闈?null 鍊笺€傝鑰冭檻娣诲姞 "required" 淇グ绗︽垨灏嗚 瀛楁 澹版槑涓哄彲涓?null銆?[C:\Users\鏉庨暱鎭抃Desktop\姣曚笟璁捐涓湡妫€鏌SIAS2025\2025姣曚笟璁捐\2025姣曚笟璁捐.csproj]
C:\Users\鏉庨暱鎭抃Desktop\姣曚笟璁捐涓湡妫€鏌SIAS2025\2025姣曚笟璁捐\ViewModels\Pages\AwardNominateViewModel.cs(37,16): warning CS8618: 鍦ㄩ€€鍑烘瀯閫犲嚱鏁版椂锛屼笉鍙负 null 鐨?瀛楁 "tempViewNominates" 蹇呴』鍖呭惈闈?null 鍊笺€傝鑰冭檻娣诲姞 "required" 淇グ绗︽垨灏嗚 瀛楁 澹版槑涓哄彲涓?null銆?[C:\Users\鏉庨暱鎭抃Desktop\姣曚笟璁捐涓湡妫€鏌SIAS2025\2025姣曚笟璁捐\2025姣曚笟璁捐.csproj]
C:\Users\鏉庨暱鎭抃Desktop\姣曚笟璁捐涓湡妫€鏌SIAS2025\2025姣曚笟璁捐\ViewModels\Pages\AwardNominateViewModel.cs(37,16): warning CS8618: 鍦ㄩ€€鍑烘瀯閫犲嚱鏁版椂锛屼笉鍙负 null 鐨?瀛楁 "listViewNominates" 蹇呴』鍖呭惈闈?null 鍊笺€傝鑰冭檻娣诲姞 "required" 淇グ绗︽垨灏嗚 瀛楁 澹版槑涓哄彲涓?null銆?[C:\Users\鏉庨暱鎭抃Desktop\姣曚笟璁捐涓湡妫€鏌SIAS2025\2025姣曚笟璁捐\2025姣曚笟璁捐.csproj]
C:\Users\鏉庨暱鎭抃Desktop\姣曚笟璁捐涓湡妫€鏌SIAS2025\2025姣曚笟璁捐\ViewModels\Pages\AwardNominateViewModel.cs(37,16): warning CS8618: 鍦ㄩ€€鍑烘瀯閫犲嚱鏁版椂锛屼笉鍙负 null 鐨?瀛楁 "selectedNominate" 蹇呴』鍖呭惈闈?null 鍊笺€傝鑰冭檻娣诲姞 "required" 淇グ绗︽垨灏嗚 瀛楁 澹版槑涓哄彲涓?null銆?[C:\Users\鏉庨暱鎭抃Desktop\姣曚笟璁捐涓湡妫€鏌SIAS2025\2025姣曚笟璁捐\2025姣曚笟璁捐.csproj]
C:\Users\鏉庨暱鎭抃Desktop\姣曚笟璁捐涓湡妫€鏌SIAS2025\2025姣曚笟璁捐\ViewModels\Pages\AwardNominateViewModel.cs(37,16): warning CS8618: 鍦ㄩ€€鍑烘瀯閫犲嚱鏁版椂锛屼笉鍙负 null 鐨?瀛楁 "searchBackground" 蹇呴』鍖呭惈闈?null 鍊笺€傝鑰冭檻娣诲姞 "required" 淇グ绗︽垨灏嗚 瀛楁 澹版槑涓哄彲涓?null銆?[C:\Users\鏉庨暱鎭抃Desktop\姣曚笟璁捐涓湡妫€鏌SIAS2025\2025姣曚笟璁捐\2025姣曚笟璁捐.csproj]
C:\Users\鏉庨暱鎭抃Desktop\姣曚笟璁捐涓湡妫€鏌SIAS2025\2025姣曚笟璁捐\ViewModels\Pages\AwardNominateViewModel.cs(37,16): warning CS8618: 鍦ㄩ€€鍑烘瀯閫犲嚱鏁版椂锛屼笉鍙负 null 鐨?瀛楁 "exportDataCommand" 蹇呴』鍖呭惈闈?null 鍊笺€傝鑰冭檻娣诲姞 "required" 淇グ绗︽垨灏嗚 瀛楁 澹版槑涓哄彲涓?null銆?[C:\Users\鏉庨暱鎭抃Desktop\姣曚笟璁捐涓湡妫€鏌SIAS2025\2025姣曚笟璁捐\2025姣曚笟璁捐.csproj]
C:\Users\鏉庨暱鎭抃Desktop\姣曚笟璁捐涓湡妫€鏌SIAS2025\2025姣曚笟璁捐\ViewModels\Pages\AwardNominateViewModel.cs(37,16): warning CS8618: 鍦ㄩ€€鍑烘瀯閫犲嚱鏁版椂锛屼笉鍙负 null 鐨?瀛楁 "pageSizeOptions" 蹇呴』鍖呭惈闈?null 鍊笺€傝鑰冭檻娣诲姞 "required" 淇グ绗︽垨灏嗚 瀛楁 澹版槑涓哄彲涓?null銆?[C:\Users\鏉庨暱鎭抃Desktop\姣曚笟璁捐涓湡妫€鏌SIAS2025\2025姣曚笟璁捐\2025姣曚笟璁捐.csproj]
C:\Users\鏉庨暱鎭抃Desktop\姣曚笟璁捐涓湡妫€鏌SIAS2025\2025姣曚笟璁捐\ViewModels\Pages\AwardNominateViewModel.cs(37,16): warning CS8618: 鍦ㄩ€€鍑烘瀯閫犲嚱鏁版椂锛屼笉鍙负 null 鐨?瀛楁 "searchText" 蹇呴』鍖呭惈闈?null 鍊笺€傝鑰冭檻娣诲姞 "required" 淇グ绗︽垨灏嗚 瀛楁 澹版槑涓哄彲涓?null銆?[C:\Users\鏉庨暱鎭抃Desktop\姣曚笟璁捐涓湡妫€鏌SIAS2025\2025姣曚笟璁捐\2025姣曚笟璁捐.csproj]
C:\Users\鏉庨暱鎭抃Desktop\姣曚笟璁捐涓湡妫€鏌SIAS2025\2025姣曚笟璁捐\ViewModels\Pages\AwardNominateViewModel.cs(37,16): warning CS8618: 鍦ㄩ€€鍑烘瀯閫犲嚱鏁版椂锛屼笉鍙负 null 鐨?瀛楁 "previousPageCommand" 蹇呴』鍖呭惈闈?null 鍊笺€傝鑰冭檻娣诲姞 "required" 淇グ绗︽垨灏嗚 瀛楁 澹版槑涓哄彲涓?null銆?[C:\Users\鏉庨暱鎭抃Desktop\姣曚笟璁捐涓湡妫€鏌SIAS2025\2025姣曚笟璁捐\2025姣曚笟璁捐.csproj]
C:\Users\鏉庨暱鎭抃Desktop\姣曚笟璁捐涓湡妫€鏌SIAS2025\2025姣曚笟璁捐\ViewModels\Pages\AwardNominateViewModel.cs(37,16): warning CS8618: 鍦ㄩ€€鍑烘瀯閫犲嚱鏁版椂锛屼笉鍙负 null 鐨?瀛楁 "nextPageCommand" 蹇呴』鍖呭惈闈?null 鍊笺€傝鑰冭檻娣诲姞 "required" 淇グ绗︽垨灏嗚 瀛楁 澹版槑涓哄彲涓?null銆?[C:\Users\鏉庨暱鎭抃Desktop\姣曚笟璁捐涓湡妫€鏌SIAS2025\2025姣曚笟璁捐\2025姣曚笟璁捐.csproj]
C:\Users\鏉庨暱鎭抃Desktop\姣曚笟璁捐涓湡妫€鏌SIAS2025\2025姣曚笟璁捐\ViewModels\Pages\AwardNominateViewModel.cs(37,16): warning CS8618: 鍦ㄩ€€鍑烘瀯閫犲嚱鏁版椂锛屼笉鍙负 null 鐨?瀛楁 "jumpPageCommand" 蹇呴』鍖呭惈闈?null 鍊笺€傝鑰冭檻娣诲姞 "required" 淇グ绗︽垨灏嗚 瀛楁 澹版槑涓哄彲涓?null銆?[C:\Users\鏉庨暱鎭抃Desktop\姣曚笟璁捐涓湡妫€鏌SIAS2025\2025姣曚笟璁捐\2025姣曚笟璁捐.csproj]
C:\Users\鏉庨暱鎭抃Desktop\姣曚笟璁捐涓湡妫€鏌SIAS2025\2025姣曚笟璁捐\ViewModels\Pages\AwardNominateViewModel.cs(37,16): warning CS8618: 鍦ㄩ€€鍑烘瀯閫犲嚱鏁版椂锛屼笉鍙负 null 鐨?瀛楁 "pageSizeChangedCommand" 蹇呴』鍖呭惈闈?null 鍊笺€傝鑰冭檻娣诲姞 "required" 淇グ绗︽垨灏嗚 瀛楁 澹版槑涓哄彲涓?null銆?[C:\Users\鏉庨暱鎭抃Desktop\姣曚笟璁捐涓湡妫€鏌SIAS2025\2025姣曚笟璁捐\2025姣曚笟璁捐.csproj]
C:\Users\鏉庨暱鎭抃Desktop\姣曚笟璁捐涓湡妫€鏌SIAS2025\2025姣曚笟璁捐\ViewModels\EditMessage\EmployeeManager\EditEmployeeViewModel.cs(170,16): warning CS8618: 鍦ㄩ€€鍑烘瀯閫犲嚱鏁版椂锛屼笉鍙负 null 鐨?瀛楁 "baseName" 蹇呴』鍖呭惈闈?null 鍊笺€傝鑰冭檻娣诲姞 "required" 淇グ绗︽垨灏嗚 瀛楁 澹版槑涓哄彲涓?null銆?[C:\Users\鏉庨暱鎭抃Desktop\姣曚笟璁捐涓湡妫€鏌SIAS2025\2025姣曚笟璁捐\2025姣曚笟璁捐.csproj]
C:\Users\鏉庨暱鎭抃Desktop\姣曚笟璁捐涓湡妫€鏌SIAS2025\2025姣曚笟璁捐\ViewModels\EditMessage\EmployeeManager\EditEmployeeViewModel.cs(170,16): warning CS8618: 鍦ㄩ€€鍑烘瀯閫犲嚱鏁版椂锛屼笉鍙负 null 鐨?瀛楁 "departmentNames" 蹇呴』鍖呭惈闈?null 鍊笺€傝鑰冭檻娣诲姞 "required" 淇グ绗︽垨灏嗚 瀛楁 澹版槑涓哄彲涓?null銆?[C:\Users\鏉庨暱鎭抃Desktop\姣曚笟璁捐涓湡妫€鏌SIAS2025\2025姣曚笟璁捐\2025姣曚笟璁捐.csproj]
C:\Users\鏉庨暱鎭抃Desktop\姣曚笟璁捐涓湡妫€鏌SIAS2025\2025姣曚笟璁捐\ViewModels\EditMessage\EmployeeManager\EditEmployeeViewModel.cs(170,16): warning CS8618: 鍦ㄩ€€鍑烘瀯閫犲嚱鏁版椂锛屼笉鍙负 null 鐨?瀛楁 "departmentName" 蹇呴』鍖呭惈闈?null 鍊笺€傝鑰冭檻娣诲姞 "required" 淇グ绗︽垨灏嗚 瀛楁 澹版槑涓哄彲涓?null銆?[C:\Users\鏉庨暱鎭抃Desktop\姣曚笟璁捐涓湡妫€鏌SIAS2025\2025姣曚笟璁捐\2025姣曚笟璁捐.csproj]
C:\Users\鏉庨暱鎭抃Desktop\姣曚笟璁捐涓湡妫€鏌SIAS2025\2025姣曚笟璁捐\ViewModels\EditMessage\EmployeeManager\EditEmployeeViewModel.cs(170,16): warning CS8618: 鍦ㄩ€€鍑烘瀯閫犲嚱鏁版椂锛屼笉鍙负 null 鐨?瀛楁 "updateEmployee" 蹇呴』鍖呭惈闈?null 鍊笺€傝鑰冭檻娣诲姞 "required" 淇グ绗︽垨灏嗚 瀛楁 澹版槑涓哄彲涓?null銆?[C:\Users\鏉庨暱鎭抃Desktop\姣曚笟璁捐涓湡妫€鏌SIAS2025\2025姣曚笟璁捐\2025姣曚笟璁捐.csproj]
C:\Users\鏉庨暱鎭抃Desktop\姣曚笟璁捐涓湡妫€鏌SIAS2025\2025姣曚笟璁捐\ViewModels\EditMessage\EmployeeManager\EditEmployeeViewModel.cs(170,16): warning CS8618: 鍦ㄩ€€鍑烘瀯閫犲嚱鏁版椂锛屼笉鍙负 null 鐨?瀛楁 "employeeName" 蹇呴』鍖呭惈闈?null 鍊笺€傝鑰冭檻娣诲姞 "required" 淇グ绗︽垨灏嗚 瀛楁 澹版槑涓哄彲涓?null銆?[C:\Users\鏉庨暱鎭抃Desktop\姣曚笟璁捐涓湡妫€鏌SIAS2025\2025姣曚笟璁捐\2025姣曚笟璁捐.csproj]
C:\Users\鏉庨暱鎭抃Desktop\姣曚笟璁捐涓湡妫€鏌SIAS2025\2025姣曚笟璁捐\ViewModels\EditMessage\EmployeeManager\EditEmployeeViewModel.cs(170,16): warning CS8618: 鍦ㄩ€€鍑烘瀯閫犲嚱鏁版椂锛屼笉鍙负 null 鐨?瀛楁 "employeePassword" 蹇呴』鍖呭惈闈?null 鍊笺€傝鑰冭檻娣诲姞 "required" 淇グ绗︽垨灏嗚 瀛楁 澹版槑涓哄彲涓?null銆?[C:\Users\鏉庨暱鎭抃Desktop\姣曚笟璁捐涓湡妫€鏌SIAS2025\2025姣曚笟璁捐\2025姣曚笟璁捐.csproj]
C:\Users\鏉庨暱鎭抃Desktop\姣曚笟璁捐涓湡妫€鏌SIAS2025\2025姣曚笟璁捐\Services\EmployeeService.cs(79,24): warning CS8603: 鍙兘杩斿洖 null 寮曠敤銆?[C:\Users\鏉庨暱鎭抃Desktop\姣曚笟璁捐涓湡妫€鏌SIAS2025\2025姣曚笟璁捐\2025姣曚笟璁捐.csproj]
C:\Users\鏉庨暱鎭抃Desktop\姣曚笟璁捐涓湡妫€鏌SIAS2025\2025姣曚笟璁捐\Services\EmployeeService.cs(89,24): warning CS8603: 鍙兘杩斿洖 null 寮曠敤銆?[C:\Users\鏉庨暱鎭抃Desktop\姣曚笟璁捐涓湡妫€鏌SIAS2025\2025姣曚笟璁捐\2025姣曚笟璁捐.csproj]
C:\Users\鏉庨暱鎭抃Desktop\姣曚笟璁捐涓湡妫€鏌SIAS2025\2025姣曚笟璁捐\ViewModels\EditMessage\AdminManager\EditAdminViewModel.cs(227,38): warning CS8601: 鍙兘鐨?null 寮曠敤璧嬪€笺€?[C:\Users\鏉庨暱鎭抃Desktop\姣曚笟璁捐涓湡妫€鏌SIAS2025\2025姣曚笟璁捐\2025姣曚笟璁捐.csproj]
C:\Users\鏉庨暱鎭抃Desktop\姣曚笟璁捐涓湡妫€鏌SIAS2025\2025姣曚笟璁捐\Common\DbConnectionManager.cs(19,31): warning CS8618: 鍦ㄩ€€鍑烘瀯閫犲嚱鏁版椂锛屼笉鍙负 null 鐨?瀛楁 "_cachedOriginalPassword" 蹇呴』鍖呭惈闈?null 鍊笺€傝鑰冭檻娣诲姞 "required" 淇グ绗︽垨灏嗚 瀛楁 澹版槑涓哄彲涓?null銆?[C:\Users\鏉庨暱鎭抃Desktop\姣曚笟璁捐涓湡妫€鏌SIAS2025\2025姣曚笟璁捐\2025姣曚笟璁捐.csproj]
C:\Users\鏉庨暱鎭抃Desktop\姣曚笟璁捐涓湡妫€鏌SIAS2025\2025姣曚笟璁捐\Common\DbConnectionManager.cs(20,31): warning CS8618: 鍦ㄩ€€鍑烘瀯閫犲嚱鏁版椂锛屼笉鍙负 null 鐨?瀛楁 "_cachedConnectionString" 蹇呴』鍖呭惈闈?null 鍊笺€傝鑰冭檻娣诲姞 "required" 淇グ绗︽垨灏嗚 瀛楁 澹版槑涓哄彲涓?null銆?[C:\Users\鏉庨暱鎭抃Desktop\姣曚笟璁捐涓湡妫€鏌SIAS2025\2025姣曚笟璁捐\2025姣曚笟璁捐.csproj]
C:\Users\鏉庨暱鎭抃Desktop\姣曚笟璁捐涓湡妫€鏌SIAS2025\2025姣曚笟璁捐\Common\DbConnectionManager.cs(21,31): warning CS8618: 鍦ㄩ€€鍑烘瀯閫犲嚱鏁版椂锛屼笉鍙负 null 鐨?瀛楁 "_cachedEncryptedPassword" 蹇呴』鍖呭惈闈?null 鍊笺€傝鑰冭檻娣诲姞 "required" 淇グ绗︽垨灏嗚 瀛楁 澹版槑涓哄彲涓?null銆?[C:\Users\鏉庨暱鎭抃Desktop\姣曚笟璁捐涓湡妫€鏌SIAS2025\2025姣曚笟璁捐\2025姣曚笟璁捐.csproj]
C:\Users\鏉庨暱鎭抃Desktop\姣曚笟璁捐涓湡妫€鏌SIAS2025\2025姣曚笟璁捐\ViewModels\Pages\AdminManagerViewModel.cs(343,25): warning CS8602: 瑙ｅ紩鐢ㄥ彲鑳藉嚭鐜扮┖寮曠敤銆?[C:\Users\鏉庨暱鎭抃Desktop\姣曚笟璁捐涓湡妫€鏌SIAS2025\2025姣曚笟璁捐\2025姣曚笟璁捐.csproj]
C:\Users\鏉庨暱鎭抃Desktop\姣曚笟璁捐涓湡妫€鏌SIAS2025\2025姣曚笟璁捐\ViewModels\Pages\AdminManagerViewModel.cs(284,27): warning CS1998: 姝ゅ紓姝ユ柟娉曠己灏?"await" 杩愮畻绗︼紝灏嗕互鍚屾鏂瑰紡杩愯銆傝鑰冭檻浣跨敤 "await" 杩愮畻绗︾瓑寰呴潪闃绘鐨?API 璋冪敤锛屾垨鑰呬娇鐢?"await Task.Run(...)" 鍦ㄥ悗鍙扮嚎绋嬩笂鎵ц鍗犵敤澶ч噺 CPU 鐨勫伐浣溿€?[C:\Users\鏉庨暱鎭抃Desktop\姣曚笟璁捐涓湡妫€鏌SIAS2025\2025姣曚笟璁捐\2025姣曚笟璁捐.csproj]
C:\Users\鏉庨暱鎭抃Desktop\姣曚笟璁捐涓湡妫€鏌SIAS2025\2025姣曚笟璁捐\Converter\ByteArrayToImageConverter.cs(15,32): warning CS8600: 灏?null 鏂囨湰鎴栧彲鑳界殑 null 鍊艰浆鎹负涓嶅彲涓?null 绫诲瀷銆?[C:\Users\鏉庨暱鎭抃Desktop\姣曚笟璁捐涓湡妫€鏌SIAS2025\2025姣曚笟璁捐\2025姣曚笟璁捐.csproj]
C:\Users\鏉庨暱鎭抃Desktop\姣曚笟璁捐涓湡妫€鏌SIAS2025\2025姣曚笟璁捐\Converter\ByteArrayToImageConverter.cs(28,24): warning CS8603: 鍙兘杩斿洖 null 寮曠敤銆?[C:\Users\鏉庨暱鎭抃Desktop\姣曚笟璁捐涓湡妫€鏌SIAS2025\2025姣曚笟璁捐\2025姣曚笟璁捐.csproj]
C:\Users\鏉庨暱鎭抃Desktop\姣曚笟璁捐涓湡妫€鏌SIAS2025\2025姣曚笟璁捐\Converter\ByteArrayToImageConverter.cs(34,24): warning CS8603: 鍙兘杩斿洖 null 寮曠敤銆?[C:\Users\鏉庨暱鎭抃Desktop\姣曚笟璁捐涓湡妫€鏌SIAS2025\2025姣曚笟璁捐\2025姣曚笟璁捐.csproj]
C:\Users\鏉庨暱鎭抃Desktop\姣曚笟璁捐涓湡妫€鏌SIAS2025\2025姣曚笟璁捐\Converter\ByteArrayToImageConverter.cs(42,24): warning CS8603: 鍙兘杩斿洖 null 寮曠敤銆?[C:\Users\鏉庨暱鎭抃Desktop\姣曚笟璁捐涓湡妫€鏌SIAS2025\2025姣曚笟璁捐\2025姣曚笟璁捐.csproj]
C:\Users\鏉庨暱鎭抃Desktop\姣曚笟璁捐涓湡妫€鏌SIAS2025\2025姣曚笟璁捐\Converter\ByteArrayToImageConverter.cs(53,25): warning CS8602: 瑙ｅ紩鐢ㄥ彲鑳藉嚭鐜扮┖寮曠敤銆?[C:\Users\鏉庨暱鎭抃Desktop\姣曚笟璁捐涓湡妫€鏌SIAS2025\2025姣曚笟璁捐\2025姣曚笟璁捐.csproj]
C:\Users\鏉庨暱鎭抃Desktop\姣曚笟璁捐涓湡妫€鏌SIAS2025\2025姣曚笟璁捐\Converter\ByteArrayToImageConverter.cs(58,28): warning CS8603: 鍙兘杩斿洖 null 寮曠敤銆?[C:\Users\鏉庨暱鎭抃Desktop\姣曚笟璁捐涓湡妫€鏌SIAS2025\2025姣曚笟璁捐\2025姣曚笟璁捐.csproj]
C:\Users\鏉庨暱鎭抃Desktop\姣曚笟璁捐涓湡妫€鏌SIAS2025\2025姣曚笟璁捐\Converter\ByteArrayToImageConverter.cs(77,32): warning CS8603: 鍙兘杩斿洖 null 寮曠敤銆?[C:\Users\鏉庨暱鎭抃Desktop\姣曚笟璁捐涓湡妫€鏌SIAS2025\2025姣曚笟璁捐\2025姣曚笟璁捐.csproj]
C:\Users\鏉庨暱鎭抃Desktop\姣曚笟璁捐涓湡妫€鏌SIAS2025\2025姣曚笟璁捐\Converter\ByteArrayToImageConverter.cs(90,28): warning CS8603: 鍙兘杩斿洖 null 寮曠敤銆?[C:\Users\鏉庨暱鎭抃Desktop\姣曚笟璁捐涓湡妫€鏌SIAS2025\2025姣曚笟璁捐\2025姣曚笟璁捐.csproj]
C:\Users\鏉庨暱鎭抃Desktop\姣曚笟璁捐涓湡妫€鏌SIAS2025\2025姣曚笟璁捐\Converter\ByteArrayToImageConverter.cs(95,21): warning CS8602: 瑙ｅ紩鐢ㄥ彲鑳藉嚭鐜扮┖寮曠敤銆?[C:\Users\鏉庨暱鎭抃Desktop\姣曚笟璁捐涓湡妫€鏌SIAS2025\2025姣曚笟璁捐\2025姣曚笟璁捐.csproj]
C:\Users\鏉庨暱鎭抃Desktop\姣曚笟璁捐涓湡妫€鏌SIAS2025\2025姣曚笟璁捐\Converter\ByteArrayToImageConverter.cs(110,24): warning CS8603: 鍙兘杩斿洖 null 寮曠敤銆?[C:\Users\鏉庨暱鎭抃Desktop\姣曚笟璁捐涓湡妫€鏌SIAS2025\2025姣曚笟璁捐\2025姣曚笟璁捐.csproj]
C:\Users\鏉庨暱鎭抃Desktop\姣曚笟璁捐涓湡妫€鏌SIAS2025\2025姣曚笟璁捐\ViewModels\Pages\AdminManagerViewModel.cs(432,22): warning CS8625: 鏃犳硶灏?null 瀛楅潰閲忚浆鎹负闈?null 鐨勫紩鐢ㄧ被鍨嬨€?[C:\Users\鏉庨暱鎭抃Desktop\姣曚笟璁捐涓湡妫€鏌SIAS2025\2025姣曚笟璁捐\2025姣曚笟璁捐.csproj]
C:\Users\鏉庨暱鎭抃Desktop\姣曚笟璁捐涓湡妫€鏌SIAS2025\2025姣曚笟璁捐\ViewModels\Pages\VoteEntranceViewModel.cs(395,16): warning CS8618: 鍦ㄩ€€鍑烘瀯閫犲嚱鏁版椂锛屼笉鍙负 null 鐨?瀛楁 "_allAwards" 蹇呴』鍖呭惈闈?null 鍊笺€傝鑰冭檻娣诲姞 "required" 淇グ绗︽垨灏嗚 瀛楁 澹版槑涓哄彲涓?null銆?[C:\Users\鏉庨暱鎭抃Desktop\姣曚笟璁捐涓湡妫€鏌SIAS2025\2025姣曚笟璁捐\2025姣曚笟璁捐.csproj]
C:\Users\鏉庨暱鎭抃Desktop\姣曚笟璁捐涓湡妫€鏌SIAS2025\2025姣曚笟璁捐\ViewModels\Pages\VoteEntranceViewModel.cs(395,16): warning CS8618: 鍦ㄩ€€鍑烘瀯閫犲嚱鏁版椂锛屼笉鍙负 null 鐨?瀛楁 "_awards" 蹇呴』鍖呭惈闈?null 鍊笺€傝鑰冭檻娣诲姞 "required" 淇グ绗︽垨灏嗚 瀛楁 澹版槑涓哄彲涓?null銆?[C:\Users\鏉庨暱鎭抃Desktop\姣曚笟璁捐涓湡妫€鏌SIAS2025\2025姣曚笟璁捐\2025姣曚笟璁捐.csproj]
C:\Users\鏉庨暱鎭抃Desktop\姣曚笟璁捐涓湡妫€鏌SIAS2025\2025姣曚笟璁捐\ViewModels\Pages\VoteEntranceViewModel.cs(395,16): warning CS8618: 鍦ㄩ€€鍑烘瀯閫犲嚱鏁版椂锛屼笉鍙负 null 鐨?瀛楁 "_selectedAward" 蹇呴』鍖呭惈闈?null 鍊笺€傝鑰冭檻娣诲姞 "required" 淇グ绗︽垨灏嗚 瀛楁 澹版槑涓哄彲涓?null銆?[C:\Users\鏉庨暱鎭抃Desktop\姣曚笟璁捐涓湡妫€鏌SIAS2025\2025姣曚笟璁捐\2025姣曚笟璁捐.csproj]
C:\Users\鏉庨暱鎭抃Desktop\姣曚笟璁捐涓湡妫€鏌SIAS2025\2025姣曚笟璁捐\ViewModels\Pages\VoteEntranceViewModel.cs(395,16): warning CS8618: 鍦ㄩ€€鍑烘瀯閫犲嚱鏁版椂锛屼笉鍙负 null 鐨?瀛楁 "_nominations" 蹇呴』鍖呭惈闈?null 鍊笺€傝鑰冭檻娣诲姞 "required" 淇グ绗︽垨灏嗚 瀛楁 澹版槑涓哄彲涓?null銆?[C:\Users\鏉庨暱鎭抃Desktop\姣曚笟璁捐涓湡妫€鏌SIAS2025\2025姣曚笟璁捐\2025姣曚笟璁捐.csproj]
C:\Users\鏉庨暱鎭抃Desktop\姣曚笟璁捐涓湡妫€鏌SIAS2025\2025姣曚笟璁捐\ViewModels\Pages\VoteEntranceViewModel.cs(395,16): warning CS8618: 鍦ㄩ€€鍑烘瀯閫犲嚱鏁版椂锛屼笉鍙负 null 鐨?瀛楁 "_pagedNominations" 蹇呴』鍖呭惈闈?null 鍊笺€傝鑰冭檻娣诲姞 "required" 淇グ绗︽垨灏嗚 瀛楁 澹版槑涓哄彲涓?null銆?[C:\Users\鏉庨暱鎭抃Desktop\姣曚笟璁捐涓湡妫€鏌SIAS2025\2025姣曚笟璁捐\2025姣曚笟璁捐.csproj]
C:\Users\鏉庨暱鎭抃Desktop\姣曚笟璁捐涓湡妫€鏌SIAS2025\2025姣曚笟璁捐\ViewModels\Pages\VoteEntranceViewModel.cs(395,16): warning CS8618: 鍦ㄩ€€鍑烘瀯閫犲嚱鏁版椂锛屼笉鍙负 null 鐨?瀛楁 "_selectedNomination" 蹇呴』鍖呭惈闈?null 鍊笺€傝鑰冭檻娣诲姞 "required" 淇グ绗︽垨灏嗚 瀛楁 澹版槑涓哄彲涓?null銆?[C:\Users\鏉庨暱鎭抃Desktop\姣曚笟璁捐涓湡妫€鏌SIAS2025\2025姣曚笟璁捐\2025姣曚笟璁捐.csproj]
C:\Users\鏉庨暱鎭抃Desktop\姣曚笟璁捐涓湡妫€鏌SIAS2025\2025姣曚笟璁捐\ViewModels\Pages\VoteEntranceViewModel.cs(395,16): warning CS8618: 鍦ㄩ€€鍑烘瀯閫犲嚱鏁版椂锛屼笉鍙负 null 鐨?瀛楁 "_statusMessage" 蹇呴』鍖呭惈闈?null 鍊笺€傝鑰冭檻娣诲姞 "required" 淇グ绗︽垨灏嗚 瀛楁 澹版槑涓哄彲涓?null銆?[C:\Users\鏉庨暱鎭抃Desktop\姣曚笟璁捐涓湡妫€鏌SIAS2025\2025姣曚笟璁捐\2025姣曚笟璁捐.csproj]
C:\Users\鏉庨暱鎭抃Desktop\姣曚笟璁捐涓湡妫€鏌SIAS2025\2025姣曚笟璁捐\ViewModels\Pages\VoteEntranceViewModel.cs(395,16): warning CS8618: 鍦ㄩ€€鍑烘瀯閫犲嚱鏁版椂锛屼笉鍙负 null 鐨?瀛楁 "_votedAwardIds" 蹇呴』鍖呭惈闈?null 鍊笺€傝鑰冭檻娣诲姞 "required" 淇グ绗︽垨灏嗚 瀛楁 澹版槑涓哄彲涓?null銆?[C:\Users\鏉庨暱鎭抃Desktop\姣曚笟璁捐涓湡妫€鏌SIAS2025\2025姣曚笟璁捐\2025姣曚笟璁捐.csproj]
C:\Users\鏉庨暱鎭抃Desktop\姣曚笟璁捐涓湡妫€鏌SIAS2025\2025姣曚笟璁捐\ViewModels\Pages\VoteEntranceViewModel.cs(395,16): warning CS8618: 鍦ㄩ€€鍑烘瀯閫犲嚱鏁版椂锛屼笉鍙负 null 鐨?瀛楁 "_searchKeyword" 蹇呴』鍖呭惈闈?null 鍊笺€傝鑰冭檻娣诲姞 "required" 淇グ绗︽垨灏嗚 瀛楁 澹版槑涓哄彲涓?null銆?[C:\Users\鏉庨暱鎭抃Desktop\姣曚笟璁捐涓湡妫€鏌SIAS2025\2025姣曚笟璁捐\2025姣曚笟璁捐.csproj]
C:\Users\鏉庨暱鎭抃Desktop\姣曚笟璁捐涓湡妫€鏌SIAS2025\2025姣曚笟璁捐\ViewModels\Pages\VoteEntranceViewModel.cs(395,16): warning CS8618: 鍦ㄩ€€鍑烘瀯閫犲嚱鏁版椂锛屼笉鍙负 null 鐨?瀛楁 "_searchedAwardName" 蹇呴』鍖呭惈闈?null 鍊笺€傝鑰冭檻娣诲姞 "required" 淇グ绗︽垨灏嗚 瀛楁 澹版槑涓哄彲涓?null銆?[C:\Users\鏉庨暱鎭抃Desktop\姣曚笟璁捐涓湡妫€鏌SIAS2025\2025姣曚笟璁捐\2025姣曚笟璁捐.csproj]
C:\Users\鏉庨暱鎭抃Desktop\姣曚笟璁捐涓湡妫€鏌SIAS2025\2025姣曚笟璁捐\ViewModels\Pages\VoteEntranceViewModel.cs(395,16): warning CS8618: 鍦ㄩ€€鍑烘瀯閫犲嚱鏁版椂锛屼笉鍙负 null 鐨?瀛楁 "_pageSizeOptions" 蹇呴』鍖呭惈闈?null 鍊笺€傝鑰冭檻娣诲姞 "required" 淇グ绗︽垨灏嗚 瀛楁 澹版槑涓哄彲涓?null銆?[C:\Users\鏉庨暱鎭抃Desktop\姣曚笟璁捐涓湡妫€鏌SIAS2025\2025姣曚笟璁捐\2025姣曚笟璁捐.csproj]
C:\Users\鏉庨暱鎭抃Desktop\姣曚笟璁捐涓湡妫€鏌SIAS2025\2025姣曚笟璁捐\ViewModels\Pages\VoteEntranceViewModel.cs(395,16): warning CS8618: 鍦ㄩ€€鍑烘瀯閫犲嚱鏁版椂锛屼笉鍙负 null 鐨?瀛楁 "_searchText" 蹇呴』鍖呭惈闈?null 鍊笺€傝鑰冭檻娣诲姞 "required" 淇グ绗︽垨灏嗚 瀛楁 澹版槑涓哄彲涓?null銆?[C:\Users\鏉庨暱鎭抃Desktop\姣曚笟璁捐涓湡妫€鏌SIAS2025\2025姣曚笟璁捐\2025姣曚笟璁捐.csproj]
C:\Users\鏉庨暱鎭抃Desktop\姣曚笟璁捐涓湡妫€鏌SIAS2025\2025姣曚笟璁捐\ViewModels\Pages\VoteEntranceViewModel.cs(395,16): warning CS8618: 鍦ㄩ€€鍑烘瀯閫犲嚱鏁版椂锛屼笉鍙负 null 鐨?灞炴€?"HandlePreviewKeyDownCommand" 蹇呴』鍖呭惈闈?null 鍊笺€傝鑰冭檻娣诲姞 "required" 淇グ绗︽垨灏嗚 灞炴€?澹版槑涓哄彲涓?null銆?[C:\Users\鏉庨暱鎭抃Desktop\姣曚笟璁捐涓湡妫€鏌SIAS2025\2025姣曚笟璁捐\2025姣曚笟璁捐.csproj]
C:\Users\鏉庨暱鎭抃Desktop\姣曚笟璁捐涓湡妫€鏌SIAS2025\2025姣曚笟璁捐\ViewModels\Pages\EmployeeManagerViewModel.cs(376,25): warning CS8602: 瑙ｅ紩鐢ㄥ彲鑳藉嚭鐜扮┖寮曠敤銆?[C:\Users\鏉庨暱鎭抃Desktop\姣曚笟璁捐涓湡妫€鏌SIAS2025\2025姣曚笟璁捐\2025姣曚笟璁捐.csproj]
C:\Users\鏉庨暱鎭抃Desktop\姣曚笟璁捐涓湡妫€鏌SIAS2025\2025姣曚笟璁捐\ViewModels\EditMessage\AwardNominateManager\EditAwardNominateViewModel.cs(422,37): warning CS8601: 鍙兘鐨?null 寮曠敤璧嬪€笺€?[C:\Users\鏉庨暱鎭抃Desktop\姣曚笟璁捐涓湡妫€鏌SIAS2025\2025姣曚笟璁捐\2025姣曚笟璁捐.csproj]
C:\Users\鏉庨暱鎭抃Desktop\姣曚笟璁捐涓湡妫€鏌SIAS2025\2025姣曚笟璁捐\ViewModels\EditMessage\AwardNominateManager\EditAwardNominateViewModel.cs(423,36): warning CS8601: 鍙兘鐨?null 寮曠敤璧嬪€笺€?[C:\Users\鏉庨暱鎭抃Desktop\姣曚笟璁捐涓湡妫€鏌SIAS2025\2025姣曚笟璁捐\2025姣曚笟璁捐.csproj]
C:\Users\鏉庨暱鎭抃Desktop\姣曚笟璁捐涓湡妫€鏌SIAS2025\2025姣曚笟璁捐\ViewModels\EditMessage\AwardNominateManager\EditAwardNominateViewModel.cs(424,38): warning CS8601: 鍙兘鐨?null 寮曠敤璧嬪€笺€?[C:\Users\鏉庨暱鎭抃Desktop\姣曚笟璁捐涓湡妫€鏌SIAS2025\2025姣曚笟璁捐\2025姣曚笟璁捐.csproj]
C:\Users\鏉庨暱鎭抃Desktop\姣曚笟璁捐涓湡妫€鏌SIAS2025\2025姣曚笟璁捐\ViewModels\EditMessage\AwardNominateManager\EditAwardNominateViewModel.cs(425,34): warning CS8601: 鍙兘鐨?null 寮曠敤璧嬪€笺€?[C:\Users\鏉庨暱鎭抃Desktop\姣曚笟璁捐涓湡妫€鏌SIAS2025\2025姣曚笟璁捐\2025姣曚笟璁捐.csproj]
C:\Users\鏉庨暱鎭抃Desktop\姣曚笟璁捐涓湡妫€鏌SIAS2025\2025姣曚笟璁捐\ViewModels\EditMessage\AwardNominateManager\EditAwardNominateViewModel.cs(455,51): warning CS8601: 鍙兘鐨?null 寮曠敤璧嬪€笺€?[C:\Users\鏉庨暱鎭抃Desktop\姣曚笟璁捐涓湡妫€鏌SIAS2025\2025姣曚笟璁捐\2025姣曚笟璁捐.csproj]
C:\Users\鏉庨暱鎭抃Desktop\姣曚笟璁捐涓湡妫€鏌SIAS2025\2025姣曚笟璁捐\ViewModels\EditMessage\AwardNominateManager\EditAwardNominateViewModel.cs(479,51): warning CS8601: 鍙兘鐨?null 寮曠敤璧嬪€笺€?[C:\Users\鏉庨暱鎭抃Desktop\姣曚笟璁捐涓湡妫€鏌SIAS2025\2025姣曚笟璁捐\2025姣曚笟璁捐.csproj]
C:\Users\鏉庨暱鎭抃Desktop\姣曚笟璁捐涓湡妫€鏌SIAS2025\2025姣曚笟璁捐\ViewModels\HomeViewModel.cs(560,39): warning CS8602: 瑙ｅ紩鐢ㄥ彲鑳藉嚭鐜扮┖寮曠敤銆?[C:\Users\鏉庨暱鎭抃Desktop\姣曚笟璁捐涓湡妫€鏌SIAS2025\2025姣曚笟璁捐\2025姣曚笟璁捐.csproj]
C:\Users\鏉庨暱鎭抃Desktop\姣曚笟璁捐涓湡妫€鏌SIAS2025\2025姣曚笟璁捐\ViewModels\HomeViewModel.cs(819,76): warning CS8625: 鏃犳硶灏?null 瀛楅潰閲忚浆鎹负闈?null 鐨勫紩鐢ㄧ被鍨嬨€?[C:\Users\鏉庨暱鎭抃Desktop\姣曚笟璁捐涓湡妫€鏌SIAS2025\2025姣曚笟璁捐\2025姣曚笟璁捐.csproj]
C:\Users\鏉庨暱鎭抃Desktop\姣曚笟璁捐涓湡妫€鏌SIAS2025\2025姣曚笟璁捐\ViewModels\Pages\VoteEntranceViewModel.cs(695,45): warning CS8602: 瑙ｅ紩鐢ㄥ彲鑳藉嚭鐜扮┖寮曠敤銆?[C:\Users\鏉庨暱鎭抃Desktop\姣曚笟璁捐涓湡妫€鏌SIAS2025\2025姣曚笟璁捐\2025姣曚笟璁捐.csproj]
C:\Users\鏉庨暱鎭抃Desktop\姣曚笟璁捐涓湡妫€鏌SIAS2025\2025姣曚笟璁捐\ViewModels\Pages\VoteEntranceViewModel.cs(747,52): warning CS8601: 鍙兘鐨?null 寮曠敤璧嬪€笺€?[C:\Users\鏉庨暱鎭抃Desktop\姣曚笟璁捐涓湡妫€鏌SIAS2025\2025姣曚笟璁捐\2025姣曚笟璁捐.csproj]
C:\Users\鏉庨暱鎭抃Desktop\姣曚笟璁捐涓湡妫€鏌SIAS2025\2025姣曚笟璁捐\ViewModels\Pages\VoteEntranceViewModel.cs(754,49): warning CS8601: 鍙兘鐨?null 寮曠敤璧嬪€笺€?[C:\Users\鏉庨暱鎭抃Desktop\姣曚笟璁捐涓湡妫€鏌SIAS2025\2025姣曚笟璁捐\2025姣曚笟璁捐.csproj]
C:\Users\鏉庨暱鎭抃Desktop\姣曚笟璁捐涓湡妫€鏌SIAS2025\2025姣曚笟璁捐\ViewModels\Pages\VoteEntranceViewModel.cs(966,29): warning CS4014: 鐢变簬姝よ皟鐢ㄤ笉浼氱瓑寰咃紝鍥犳鍦ㄦ璋冪敤瀹屾垚涔嬪墠灏嗕細缁х画鎵ц褰撳墠鏂规硶銆傝鑰冭檻灏?"await" 杩愮畻绗﹀簲鐢ㄤ簬璋冪敤缁撴灉銆?[C:\Users\鏉庨暱鎭抃Desktop\姣曚笟璁捐涓湡妫€鏌SIAS2025\2025姣曚笟璁捐\2025姣曚笟璁捐.csproj]
C:\Users\鏉庨暱鎭抃Desktop\姣曚笟璁捐涓湡妫€鏌SIAS2025\2025姣曚笟璁捐\ViewModels\Pages\VoteEntranceViewModel.cs(1162,13): warning CS4014: 鐢变簬姝よ皟鐢ㄤ笉浼氱瓑寰咃紝鍥犳鍦ㄦ璋冪敤瀹屾垚涔嬪墠灏嗕細缁х画鎵ц褰撳墠鏂规硶銆傝鑰冭檻灏?"await" 杩愮畻绗﹀簲鐢ㄤ簬璋冪敤缁撴灉銆?[C:\Users\鏉庨暱鎭抃Desktop\姣曚笟璁捐涓湡妫€鏌SIAS2025\2025姣曚笟璁捐\2025姣曚笟璁捐.csproj]
C:\Users\鏉庨暱鎭抃Desktop\姣曚笟璁捐涓湡妫€鏌SIAS2025\2025姣曚笟璁捐\ViewModels\Pages\VoteEntranceViewModel.cs(1163,13): warning CS4014: 鐢变簬姝よ皟鐢ㄤ笉浼氱瓑寰咃紝鍥犳鍦ㄦ璋冪敤瀹屾垚涔嬪墠灏嗕細缁х画鎵ц褰撳墠鏂规硶銆傝鑰冭檻灏?"await" 杩愮畻绗﹀簲鐢ㄤ簬璋冪敤缁撴灉銆?[C:\Users\鏉庨暱鎭抃Desktop\姣曚笟璁捐涓湡妫€鏌SIAS2025\2025姣曚笟璁捐\2025姣曚笟璁捐.csproj]
C:\Users\鏉庨暱鎭抃Desktop\姣曚笟璁捐涓湡妫€鏌SIAS2025\2025姣曚笟璁捐\ViewModels\Pages\VoteEntranceViewModel.cs(1164,13): warning CS4014: 鐢变簬姝よ皟鐢ㄤ笉浼氱瓑寰咃紝鍥犳鍦ㄦ璋冪敤瀹屾垚涔嬪墠灏嗕細缁х画鎵ц褰撳墠鏂规硶銆傝鑰冭檻灏?"await" 杩愮畻绗﹀簲鐢ㄤ簬璋冪敤缁撴灉銆?[C:\Users\鏉庨暱鎭抃Desktop\姣曚笟璁捐涓湡妫€鏌SIAS2025\2025姣曚笟璁捐\2025姣曚笟璁捐.csproj]
C:\Users\鏉庨暱鎭抃Desktop\姣曚笟璁捐涓湡妫€鏌SIAS2025\2025姣曚笟璁捐\ViewModels\Pages\VoteEntranceViewModel.cs(1235,21): warning CS4014: 鐢变簬姝よ皟鐢ㄤ笉浼氱瓑寰咃紝鍥犳鍦ㄦ璋冪敤瀹屾垚涔嬪墠灏嗕細缁х画鎵ц褰撳墠鏂规硶銆傝鑰冭檻灏?"await" 杩愮畻绗﹀簲鐢ㄤ簬璋冪敤缁撴灉銆?[C:\Users\鏉庨暱鎭抃Desktop\姣曚笟璁捐涓湡妫€鏌SIAS2025\2025姣曚笟璁捐\2025姣曚笟璁捐.csproj]
C:\Users\鏉庨暱鎭抃Desktop\姣曚笟璁捐涓湡妫€鏌SIAS2025\2025姣曚笟璁捐\ViewModels\Pages\VoteEntranceViewModel.cs(1780,41): warning CS4014: 鐢变簬姝よ皟鐢ㄤ笉浼氱瓑寰咃紝鍥犳鍦ㄦ璋冪敤瀹屾垚涔嬪墠灏嗕細缁х画鎵ц褰撳墠鏂规硶銆傝鑰冭檻灏?"await" 杩愮畻绗﹀簲鐢ㄤ簬璋冪敤缁撴灉銆?[C:\Users\鏉庨暱鎭抃Desktop\姣曚笟璁捐涓湡妫€鏌SIAS2025\2025姣曚笟璁捐\2025姣曚笟璁捐.csproj]
C:\Users\鏉庨暱鎭抃Desktop\姣曚笟璁捐涓湡妫€鏌SIAS2025\2025姣曚笟璁捐\ViewModels\Pages\VoteEntranceViewModel.cs(1652,41): warning CS8600: 灏?null 鏂囨湰鎴栧彲鑳界殑 null 鍊艰浆鎹负涓嶅彲涓?null 绫诲瀷銆?[C:\Users\鏉庨暱鎭抃Desktop\姣曚笟璁捐涓湡妫€鏌SIAS2025\2025姣曚笟璁捐\2025姣曚笟璁捐.csproj]
C:\Users\鏉庨暱鎭抃Desktop\姣曚笟璁捐涓湡妫€鏌SIAS2025\2025姣曚笟璁捐\ViewModels\Pages\VoteEntranceViewModel.cs(1654,34): warning CS8600: 灏?null 鏂囨湰鎴栧彲鑳界殑 null 鍊艰浆鎹负涓嶅彲涓?null 绫诲瀷銆?[C:\Users\鏉庨暱鎭抃Desktop\姣曚笟璁捐涓湡妫€鏌SIAS2025\2025姣曚笟璁捐\2025姣曚笟璁捐.csproj]
    503 涓鍛?
    0 涓敊璇?

宸茬敤鏃堕棿 00:00:03.50
